[2025-01-20T14:24:08.698-0600][gc,init] CardTable entry size: 512
[2025-01-20T14:24:08.698-0600][gc     ] Using G1
[2025-01-20T14:24:08.700-0600][gc,init] Version: 23+37-2369 (release)
[2025-01-20T14:24:08.700-0600][gc,init] CPUs: 11 total, 11 available
[2025-01-20T14:24:08.700-0600][gc,init] Memory: 18432M
[2025-01-20T14:24:08.700-0600][gc,init] Large Page Support: Disabled
[2025-01-20T14:24:08.700-0600][gc,init] NUMA Support: Disabled
[2025-01-20T14:24:08.700-0600][gc,init] Compressed Oops: Enabled (Zero based)
[2025-01-20T14:24:08.700-0600][gc,init] Heap Region Size: 1M
[2025-01-20T14:24:08.700-0600][gc,init] Heap Min Capacity: 1G
[2025-01-20T14:24:08.700-0600][gc,init] Heap Initial Capacity: 1G
[2025-01-20T14:24:08.700-0600][gc,init] Heap Max Capacity: 1G
[2025-01-20T14:24:08.700-0600][gc,init] Pre-touch: Disabled
[2025-01-20T14:24:08.700-0600][gc,init] Parallel Workers: 9
[2025-01-20T14:24:08.700-0600][gc,init] Concurrent Workers: 2
[2025-01-20T14:24:08.700-0600][gc,init] Concurrent Refinement Workers: 9
[2025-01-20T14:24:08.700-0600][gc,init] Periodic GC: Disabled
[2025-01-20T14:24:08.704-0600][gc,metaspace] CDS archive(s) mapped at: [0x000001f800000000-0x000001f800d94000-0x000001f800d94000), size 14237696, SharedBaseAddress: 0x000001f800000000, ArchiveRelocationMode: 1.
[2025-01-20T14:24:08.704-0600][gc,metaspace] Compressed class space mapped at: 0x000001f801000000-0x000001f841000000, reserved size: 1073741824
[2025-01-20T14:24:08.704-0600][gc,metaspace] Narrow klass base: 0x000001f800000000, Narrow klass shift: 0, Narrow klass range: 0x100000000
[2025-01-20T14:24:09.221-0600][gc,start    ] GC(0) Pause Young (Normal) (G1 Evacuation Pause)
[2025-01-20T14:24:09.221-0600][gc,task     ] GC(0) Using 9 workers of 9 for evacuation
[2025-01-20T14:24:09.223-0600][gc,phases   ] GC(0)   Pre Evacuate Collection Set: 0.12ms
[2025-01-20T14:24:09.223-0600][gc,phases   ] GC(0)   Merge Heap Roots: 0.04ms
[2025-01-20T14:24:09.223-0600][gc,phases   ] GC(0)   Evacuate Collection Set: 1.76ms
[2025-01-20T14:24:09.223-0600][gc,phases   ] GC(0)   Post Evacuate Collection Set: 0.17ms
[2025-01-20T14:24:09.223-0600][gc,phases   ] GC(0)   Other: 0.24ms
[2025-01-20T14:24:09.223-0600][gc,heap     ] GC(0) Eden regions: 51->0(44)
[2025-01-20T14:24:09.223-0600][gc,heap     ] GC(0) Survivor regions: 0->7(7)
[2025-01-20T14:24:09.223-0600][gc,heap     ] GC(0) Old regions: 2->3
[2025-01-20T14:24:09.223-0600][gc,heap     ] GC(0) Humongous regions: 0->0
[2025-01-20T14:24:09.223-0600][gc,metaspace] GC(0) Metaspace: 16675K(16960K)->16675K(16960K) NonClass: 14644K(14784K)->14644K(14784K) Class: 2031K(2176K)->2031K(2176K)
[2025-01-20T14:24:09.223-0600][gc          ] GC(0) Pause Young (Normal) (G1 Evacuation Pause) 52M->9M(1024M) 2.505ms
[2025-01-20T14:24:09.224-0600][gc,cpu      ] GC(0) User=0.01s Sys=0.00s Real=0.00s
[2025-01-20T14:24:09.349-0600][gc,start    ] GC(1) Pause Young (Concurrent Start) (Metadata GC Threshold)
[2025-01-20T14:24:09.349-0600][gc,task     ] GC(1) Using 9 workers of 9 for evacuation
[2025-01-20T14:24:09.351-0600][gc,phases   ] GC(1)   Pre Evacuate Collection Set: 0.10ms
[2025-01-20T14:24:09.351-0600][gc,phases   ] GC(1)   Merge Heap Roots: 0.04ms
[2025-01-20T14:24:09.351-0600][gc,phases   ] GC(1)   Evacuate Collection Set: 1.49ms
[2025-01-20T14:24:09.351-0600][gc,phases   ] GC(1)   Post Evacuate Collection Set: 0.16ms
[2025-01-20T14:24:09.351-0600][gc,phases   ] GC(1)   Other: 0.04ms
[2025-01-20T14:24:09.351-0600][gc,heap     ] GC(1) Eden regions: 20->0(49)
[2025-01-20T14:24:09.351-0600][gc,heap     ] GC(1) Survivor regions: 7->2(7)
[2025-01-20T14:24:09.351-0600][gc,heap     ] GC(1) Old regions: 3->11
[2025-01-20T14:24:09.351-0600][gc,heap     ] GC(1) Humongous regions: 0->0
[2025-01-20T14:24:09.351-0600][gc,metaspace] GC(1) Metaspace: 21324K(21504K)->21324K(21504K) NonClass: 18723K(18816K)->18723K(18816K) Class: 2601K(2688K)->2601K(2688K)
[2025-01-20T14:24:09.351-0600][gc          ] GC(1) Pause Young (Concurrent Start) (Metadata GC Threshold) 28M->11M(1024M) 1.994ms
[2025-01-20T14:24:09.351-0600][gc          ] GC(2) Concurrent Mark Cycle
[2025-01-20T14:24:09.351-0600][gc,cpu      ] GC(1) User=0.01s Sys=0.00s Real=0.01s
[2025-01-20T14:24:09.351-0600][gc,marking  ] GC(2) Concurrent Scan Root Regions
[2025-01-20T14:24:09.352-0600][gc,marking  ] GC(2) Concurrent Scan Root Regions 0.989ms
[2025-01-20T14:24:09.352-0600][gc,marking  ] GC(2) Concurrent Mark
[2025-01-20T14:24:09.352-0600][gc,marking  ] GC(2) Concurrent Mark From Roots
[2025-01-20T14:24:09.352-0600][gc,task     ] GC(2) Using 2 workers of 2 for marking
[2025-01-20T14:24:09.352-0600][gc,marking  ] GC(2) Concurrent Mark From Roots 0.545ms
[2025-01-20T14:24:09.352-0600][gc,marking  ] GC(2) Concurrent Preclean
[2025-01-20T14:24:09.352-0600][gc,marking  ] GC(2) Concurrent Preclean 0.014ms
[2025-01-20T14:24:09.352-0600][gc,start    ] GC(2) Pause Remark
[2025-01-20T14:24:09.353-0600][gc          ] GC(2) Pause Remark 11M->11M(1024M) 0.770ms
[2025-01-20T14:24:09.353-0600][gc,cpu      ] GC(2) User=0.01s Sys=0.01s Real=0.00s
[2025-01-20T14:24:09.353-0600][gc,marking  ] GC(2) Concurrent Mark 1.415ms
[2025-01-20T14:24:09.353-0600][gc,marking  ] GC(2) Concurrent Rebuild Remembered Sets and Scrub Regions
[2025-01-20T14:24:09.354-0600][gc,marking  ] GC(2) Concurrent Rebuild Remembered Sets and Scrub Regions 0.918ms
[2025-01-20T14:24:09.354-0600][gc,start    ] GC(2) Pause Cleanup
[2025-01-20T14:24:09.354-0600][gc          ] GC(2) Pause Cleanup 11M->11M(1024M) 0.017ms
[2025-01-20T14:24:09.354-0600][gc,cpu      ] GC(2) User=0.00s Sys=0.00s Real=0.00s
[2025-01-20T14:24:09.354-0600][gc,marking  ] GC(2) Concurrent Clear Claimed Marks
[2025-01-20T14:24:09.354-0600][gc,marking  ] GC(2) Concurrent Clear Claimed Marks 0.010ms
[2025-01-20T14:24:09.354-0600][gc,marking  ] GC(2) Concurrent Cleanup for Next Mark
[2025-01-20T14:24:09.355-0600][gc,marking  ] GC(2) Concurrent Cleanup for Next Mark 0.804ms
[2025-01-20T14:24:09.355-0600][gc          ] GC(2) Concurrent Mark Cycle 4.318ms
[2025-01-20T14:24:09.595-0600][gc,start    ] GC(3) Pause Young (Prepare Mixed) (G1 Evacuation Pause)
[2025-01-20T14:24:09.595-0600][gc,task     ] GC(3) Using 9 workers of 9 for evacuation
[2025-01-20T14:24:09.596-0600][gc,phases   ] GC(3)   Pre Evacuate Collection Set: 0.11ms
[2025-01-20T14:24:09.597-0600][gc,phases   ] GC(3)   Merge Heap Roots: 0.04ms
[2025-01-20T14:24:09.597-0600][gc,phases   ] GC(3)   Evacuate Collection Set: 1.57ms
[2025-01-20T14:24:09.597-0600][gc,phases   ] GC(3)   Post Evacuate Collection Set: 0.18ms
[2025-01-20T14:24:09.597-0600][gc,phases   ] GC(3)   Other: 0.04ms
[2025-01-20T14:24:09.597-0600][gc,heap     ] GC(3) Eden regions: 49->0(44)
[2025-01-20T14:24:09.597-0600][gc,heap     ] GC(3) Survivor regions: 2->7(7)
[2025-01-20T14:24:09.597-0600][gc,heap     ] GC(3) Old regions: 11->12
[2025-01-20T14:24:09.597-0600][gc,heap     ] GC(3) Humongous regions: 129->129
[2025-01-20T14:24:09.597-0600][gc,metaspace] GC(3) Metaspace: 32541K(32768K)->32541K(32768K) NonClass: 28905K(29056K)->28905K(29056K) Class: 3636K(3712K)->3636K(3712K)
[2025-01-20T14:24:09.597-0600][gc          ] GC(3) Pause Young (Prepare Mixed) (G1 Evacuation Pause) (Evacuation Failure: Pinned) 189M->145M(1024M) 2.102ms
[2025-01-20T14:24:09.597-0600][gc,cpu      ] GC(3) User=0.01s Sys=0.00s Real=0.00s
[2025-01-20T14:24:09.740-0600][gc,start    ] GC(4) Pause Young (Mixed) (Metadata GC Threshold)
[2025-01-20T14:24:09.740-0600][gc,task     ] GC(4) Using 9 workers of 9 for evacuation
[2025-01-20T14:24:09.742-0600][gc,phases   ] GC(4)   Pre Evacuate Collection Set: 0.19ms
[2025-01-20T14:24:09.742-0600][gc,phases   ] GC(4)   Merge Heap Roots: 0.05ms
[2025-01-20T14:24:09.742-0600][gc,phases   ] GC(4)   Evacuate Collection Set: 1.68ms
[2025-01-20T14:24:09.742-0600][gc,phases   ] GC(4)   Post Evacuate Collection Set: 0.20ms
[2025-01-20T14:24:09.742-0600][gc,phases   ] GC(4)   Other: 0.05ms
[2025-01-20T14:24:09.742-0600][gc,heap     ] GC(4) Eden regions: 14->0(49)
[2025-01-20T14:24:09.742-0600][gc,heap     ] GC(4) Survivor regions: 7->2(7)
[2025-01-20T14:24:09.742-0600][gc,heap     ] GC(4) Old regions: 12->16
[2025-01-20T14:24:09.742-0600][gc,heap     ] GC(4) Humongous regions: 129->129
[2025-01-20T14:24:09.742-0600][gc,metaspace] GC(4) Metaspace: 35689K(35968K)->35689K(35968K) NonClass: 31627K(31744K)->31627K(31744K) Class: 4061K(4224K)->4061K(4224K)
[2025-01-20T14:24:09.742-0600][gc          ] GC(4) Pause Young (Mixed) (Metadata GC Threshold) 158M->145M(1024M) 2.363ms
[2025-01-20T14:24:09.742-0600][gc,cpu      ] GC(4) User=0.01s Sys=0.00s Real=0.00s
[2025-01-20T14:24:09.750-0600][gc,start    ] GC(5) Pause Young (Concurrent Start) (Metadata GC Threshold)
[2025-01-20T14:24:09.750-0600][gc,task     ] GC(5) Using 9 workers of 9 for evacuation
[2025-01-20T14:24:09.751-0600][gc,phases   ] GC(5)   Pre Evacuate Collection Set: 0.11ms
[2025-01-20T14:24:09.751-0600][gc,phases   ] GC(5)   Merge Heap Roots: 0.03ms
[2025-01-20T14:24:09.751-0600][gc,phases   ] GC(5)   Evacuate Collection Set: 0.39ms
[2025-01-20T14:24:09.751-0600][gc,phases   ] GC(5)   Post Evacuate Collection Set: 0.13ms
[2025-01-20T14:24:09.751-0600][gc,phases   ] GC(5)   Other: 0.05ms
[2025-01-20T14:24:09.751-0600][gc,heap     ] GC(5) Eden regions: 2->0(50)
[2025-01-20T14:24:09.751-0600][gc,heap     ] GC(5) Survivor regions: 2->1(7)
[2025-01-20T14:24:09.751-0600][gc,heap     ] GC(5) Old regions: 16->16
[2025-01-20T14:24:09.751-0600][gc,heap     ] GC(5) Humongous regions: 129->129
[2025-01-20T14:24:09.751-0600][gc,metaspace] GC(5) Metaspace: 36006K(36288K)->36006K(36288K) NonClass: 31898K(32064K)->31898K(32064K) Class: 4107K(4224K)->4107K(4224K)
[2025-01-20T14:24:09.751-0600][gc          ] GC(5) Pause Young (Concurrent Start) (Metadata GC Threshold) 147M->145M(1024M) 0.887ms
[2025-01-20T14:24:09.751-0600][gc          ] GC(6) Concurrent Mark Cycle
[2025-01-20T14:24:09.751-0600][gc,cpu      ] GC(5) User=0.00s Sys=0.00s Real=0.00s
[2025-01-20T14:24:09.751-0600][gc,marking  ] GC(6) Concurrent Scan Root Regions
[2025-01-20T14:24:09.751-0600][gc,marking  ] GC(6) Concurrent Scan Root Regions 0.618ms
[2025-01-20T14:24:09.751-0600][gc,marking  ] GC(6) Concurrent Mark
[2025-01-20T14:24:09.751-0600][gc,marking  ] GC(6) Concurrent Mark From Roots
[2025-01-20T14:24:09.751-0600][gc,task     ] GC(6) Using 2 workers of 2 for marking
[2025-01-20T14:24:09.756-0600][gc,marking  ] GC(6) Concurrent Mark From Roots 4.881ms
[2025-01-20T14:24:09.756-0600][gc,marking  ] GC(6) Concurrent Preclean
[2025-01-20T14:24:09.756-0600][gc,marking  ] GC(6) Concurrent Preclean 0.027ms
[2025-01-20T14:24:09.756-0600][gc,start    ] GC(6) Pause Remark
[2025-01-20T14:24:09.757-0600][gc          ] GC(6) Pause Remark 146M->146M(1024M) 0.944ms
[2025-01-20T14:24:09.757-0600][gc,cpu      ] GC(6) User=0.00s Sys=0.00s Real=0.00s
[2025-01-20T14:24:09.757-0600][gc,marking  ] GC(6) Concurrent Mark 6.031ms
[2025-01-20T14:24:09.757-0600][gc,marking  ] GC(6) Concurrent Rebuild Remembered Sets and Scrub Regions
[2025-01-20T14:24:09.760-0600][gc,marking  ] GC(6) Concurrent Rebuild Remembered Sets and Scrub Regions 2.358ms
[2025-01-20T14:24:09.760-0600][gc,start    ] GC(6) Pause Cleanup
[2025-01-20T14:24:09.760-0600][gc          ] GC(6) Pause Cleanup 147M->147M(1024M) 0.022ms
[2025-01-20T14:24:09.760-0600][gc,cpu      ] GC(6) User=0.00s Sys=0.00s Real=0.00s
[2025-01-20T14:24:09.760-0600][gc,marking  ] GC(6) Concurrent Clear Claimed Marks
[2025-01-20T14:24:09.760-0600][gc,marking  ] GC(6) Concurrent Clear Claimed Marks 0.025ms
[2025-01-20T14:24:09.760-0600][gc,marking  ] GC(6) Concurrent Cleanup for Next Mark
[2025-01-20T14:24:09.761-0600][gc,marking  ] GC(6) Concurrent Cleanup for Next Mark 0.783ms
[2025-01-20T14:24:09.761-0600][gc          ] GC(6) Concurrent Mark Cycle 10.006ms
[2025-01-20T14:24:28.455-0600][gc,start    ] GC(7) Pause Young (Prepare Mixed) (G1 Evacuation Pause)
[2025-01-20T14:24:28.456-0600][gc,task     ] GC(7) Using 9 workers of 9 for evacuation
[2025-01-20T14:24:28.458-0600][gc,phases   ] GC(7)   Pre Evacuate Collection Set: 0.50ms
[2025-01-20T14:24:28.458-0600][gc,phases   ] GC(7)   Merge Heap Roots: 0.17ms
[2025-01-20T14:24:28.458-0600][gc,phases   ] GC(7)   Evacuate Collection Set: 1.58ms
[2025-01-20T14:24:28.458-0600][gc,phases   ] GC(7)   Post Evacuate Collection Set: 0.30ms
[2025-01-20T14:24:28.458-0600][gc,phases   ] GC(7)   Other: 0.05ms
[2025-01-20T14:24:28.458-0600][gc,heap     ] GC(7) Eden regions: 50->0(46)
[2025-01-20T14:24:28.458-0600][gc,heap     ] GC(7) Survivor regions: 1->5(7)
[2025-01-20T14:24:28.458-0600][gc,heap     ] GC(7) Old regions: 16->16
[2025-01-20T14:24:28.458-0600][gc,heap     ] GC(7) Humongous regions: 129->129
[2025-01-20T14:24:28.458-0600][gc,metaspace] GC(7) Metaspace: 42161K(42752K)->42161K(42752K) NonClass: 37047K(37440K)->37047K(37440K) Class: 5113K(5312K)->5113K(5312K)
[2025-01-20T14:24:28.458-0600][gc          ] GC(7) Pause Young (Prepare Mixed) (G1 Evacuation Pause) 195M->149M(1024M) 2.800ms
[2025-01-20T14:24:28.458-0600][gc,cpu      ] GC(7) User=0.01s Sys=0.00s Real=0.00s
[2025-01-20T14:26:29.192-0600][gc,start    ] GC(8) Pause Young (Mixed) (G1 Evacuation Pause)
[2025-01-20T14:26:29.192-0600][gc,task     ] GC(8) Using 9 workers of 9 for evacuation
[2025-01-20T14:26:29.203-0600][gc,phases   ] GC(8)   Pre Evacuate Collection Set: 0.61ms
[2025-01-20T14:26:29.203-0600][gc,phases   ] GC(8)   Merge Heap Roots: 0.25ms
[2025-01-20T14:26:29.203-0600][gc,phases   ] GC(8)   Evacuate Collection Set: 8.65ms
[2025-01-20T14:26:29.203-0600][gc,phases   ] GC(8)   Post Evacuate Collection Set: 0.92ms
[2025-01-20T14:26:29.203-0600][gc,phases   ] GC(8)   Other: 0.16ms
[2025-01-20T14:26:29.203-0600][gc,heap     ] GC(8) Eden regions: 46->0(48)
[2025-01-20T14:26:29.203-0600][gc,heap     ] GC(8) Survivor regions: 5->3(7)
[2025-01-20T14:26:29.203-0600][gc,heap     ] GC(8) Old regions: 16->20
[2025-01-20T14:26:29.203-0600][gc,heap     ] GC(8) Humongous regions: 129->129
[2025-01-20T14:26:29.203-0600][gc,metaspace] GC(8) Metaspace: 43404K(44032K)->43404K(44032K) NonClass: 38179K(38528K)->38179K(38528K) Class: 5225K(5504K)->5225K(5504K)
[2025-01-20T14:26:29.203-0600][gc          ] GC(8) Pause Young (Mixed) (G1 Evacuation Pause) 195M->151M(1024M) 11.346ms
[2025-01-20T14:26:29.204-0600][gc,cpu      ] GC(8) User=0.03s Sys=0.02s Real=0.01s
[2025-01-20T14:29:16.906-0600][gc,start    ] GC(9) Pause Young (Normal) (G1 Evacuation Pause)
[2025-01-20T14:29:16.907-0600][gc,task     ] GC(9) Using 9 workers of 9 for evacuation
[2025-01-20T14:29:16.917-0600][gc,phases   ] GC(9)   Pre Evacuate Collection Set: 1.51ms
[2025-01-20T14:29:16.917-0600][gc,phases   ] GC(9)   Merge Heap Roots: 0.44ms
[2025-01-20T14:29:16.917-0600][gc,phases   ] GC(9)   Evacuate Collection Set: 7.08ms
[2025-01-20T14:29:16.917-0600][gc,phases   ] GC(9)   Post Evacuate Collection Set: 0.58ms
[2025-01-20T14:29:16.917-0600][gc,phases   ] GC(9)   Other: 0.41ms
[2025-01-20T14:29:16.917-0600][gc,heap     ] GC(9) Eden regions: 48->0(45)
[2025-01-20T14:29:16.917-0600][gc,heap     ] GC(9) Survivor regions: 3->6(7)
[2025-01-20T14:29:16.917-0600][gc,heap     ] GC(9) Old regions: 20->20
[2025-01-20T14:29:16.917-0600][gc,heap     ] GC(9) Humongous regions: 129->129
[2025-01-20T14:29:16.917-0600][gc,metaspace] GC(9) Metaspace: 43458K(44096K)->43458K(44096K) NonClass: 38226K(38592K)->38226K(38592K) Class: 5231K(5504K)->5231K(5504K)
[2025-01-20T14:29:16.917-0600][gc          ] GC(9) Pause Young (Normal) (G1 Evacuation Pause) 199M->154M(1024M) 10.958ms
[2025-01-20T14:29:16.917-0600][gc,cpu      ] GC(9) User=0.03s Sys=0.02s Real=0.01s
[2025-01-20T14:32:04.112-0600][gc,start    ] GC(10) Pause Young (Normal) (G1 Evacuation Pause)
[2025-01-20T14:32:04.112-0600][gc,task     ] GC(10) Using 9 workers of 9 for evacuation
[2025-01-20T14:32:04.126-0600][gc,phases   ] GC(10)   Pre Evacuate Collection Set: 0.73ms
[2025-01-20T14:32:04.127-0600][gc,phases   ] GC(10)   Merge Heap Roots: 0.13ms
[2025-01-20T14:32:04.127-0600][gc,phases   ] GC(10)   Evacuate Collection Set: 12.61ms
[2025-01-20T14:32:04.127-0600][gc,phases   ] GC(10)   Post Evacuate Collection Set: 0.66ms
[2025-01-20T14:32:04.127-0600][gc,phases   ] GC(10)   Other: 0.19ms
[2025-01-20T14:32:04.128-0600][gc,heap     ] GC(10) Eden regions: 45->0(44)
[2025-01-20T14:32:04.128-0600][gc,heap     ] GC(10) Survivor regions: 6->7(7)
[2025-01-20T14:32:04.128-0600][gc,heap     ] GC(10) Old regions: 20->22
[2025-01-20T14:32:04.128-0600][gc,heap     ] GC(10) Humongous regions: 129->129
[2025-01-20T14:32:04.128-0600][gc,metaspace] GC(10) Metaspace: 43522K(44160K)->43522K(44160K) NonClass: 38290K(38656K)->38290K(38656K) Class: 5231K(5504K)->5231K(5504K)
[2025-01-20T14:32:04.128-0600][gc          ] GC(10) Pause Young (Normal) (G1 Evacuation Pause) 199M->157M(1024M) 16.199ms
[2025-01-20T14:32:04.128-0600][gc,cpu      ] GC(10) User=0.05s Sys=0.03s Real=0.01s
[2025-01-20T14:34:49.828-0600][gc,start    ] GC(11) Pause Young (Normal) (G1 Evacuation Pause)
[2025-01-20T14:34:49.828-0600][gc,task     ] GC(11) Using 9 workers of 9 for evacuation
[2025-01-20T14:34:49.842-0600][gc,phases   ] GC(11)   Pre Evacuate Collection Set: 0.61ms
[2025-01-20T14:34:49.842-0600][gc,phases   ] GC(11)   Merge Heap Roots: 0.20ms
[2025-01-20T14:34:49.842-0600][gc,phases   ] GC(11)   Evacuate Collection Set: 12.43ms
[2025-01-20T14:34:49.842-0600][gc,phases   ] GC(11)   Post Evacuate Collection Set: 0.42ms
[2025-01-20T14:34:49.842-0600][gc,phases   ] GC(11)   Other: 0.43ms
[2025-01-20T14:34:49.842-0600][gc,heap     ] GC(11) Eden regions: 44->0(45)
[2025-01-20T14:34:49.842-0600][gc,heap     ] GC(11) Survivor regions: 7->6(7)
[2025-01-20T14:34:49.842-0600][gc,heap     ] GC(11) Old regions: 22->26
[2025-01-20T14:34:49.842-0600][gc,heap     ] GC(11) Humongous regions: 129->129
[2025-01-20T14:34:49.842-0600][gc,metaspace] GC(11) Metaspace: 43606K(44288K)->43606K(44288K) NonClass: 38357K(38720K)->38357K(38720K) Class: 5248K(5568K)->5248K(5568K)
[2025-01-20T14:34:49.842-0600][gc          ] GC(11) Pause Young (Normal) (G1 Evacuation Pause) 201M->160M(1024M) 14.724ms
[2025-01-20T14:34:49.843-0600][gc,cpu      ] GC(11) User=0.06s Sys=0.01s Real=0.02s
[2025-01-20T14:37:48.213-0600][gc,start    ] GC(12) Pause Young (Normal) (G1 Evacuation Pause)
[2025-01-20T14:37:48.213-0600][gc,task     ] GC(12) Using 9 workers of 9 for evacuation
[2025-01-20T14:37:48.226-0600][gc,phases   ] GC(12)   Pre Evacuate Collection Set: 1.89ms
[2025-01-20T14:37:48.227-0600][gc,phases   ] GC(12)   Merge Heap Roots: 0.29ms
[2025-01-20T14:37:48.227-0600][gc,phases   ] GC(12)   Evacuate Collection Set: 9.95ms
[2025-01-20T14:37:48.227-0600][gc,phases   ] GC(12)   Post Evacuate Collection Set: 0.55ms
[2025-01-20T14:37:48.227-0600][gc,phases   ] GC(12)   Other: 0.34ms
[2025-01-20T14:37:48.227-0600][gc,heap     ] GC(12) Eden regions: 45->0(47)
[2025-01-20T14:37:48.227-0600][gc,heap     ] GC(12) Survivor regions: 6->4(7)
[2025-01-20T14:37:48.227-0600][gc,heap     ] GC(12) Old regions: 26->29
[2025-01-20T14:37:48.227-0600][gc,heap     ] GC(12) Humongous regions: 129->129
[2025-01-20T14:37:48.227-0600][gc,metaspace] GC(12) Metaspace: 43621K(44288K)->43621K(44288K) NonClass: 38372K(38720K)->38372K(38720K) Class: 5248K(5568K)->5248K(5568K)
[2025-01-20T14:37:48.227-0600][gc          ] GC(12) Pause Young (Normal) (G1 Evacuation Pause) 205M->161M(1024M) 14.160ms
[2025-01-20T14:37:48.227-0600][gc,cpu      ] GC(12) User=0.04s Sys=0.02s Real=0.01s
[2025-01-20T14:40:55.495-0600][gc,start    ] GC(13) Pause Young (Normal) (G1 Evacuation Pause)
[2025-01-20T14:40:55.495-0600][gc,task     ] GC(13) Using 9 workers of 9 for evacuation
[2025-01-20T14:40:55.507-0600][gc,phases   ] GC(13)   Pre Evacuate Collection Set: 0.43ms
[2025-01-20T14:40:55.507-0600][gc,phases   ] GC(13)   Merge Heap Roots: 0.08ms
[2025-01-20T14:40:55.507-0600][gc,phases   ] GC(13)   Evacuate Collection Set: 10.66ms
[2025-01-20T14:40:55.507-0600][gc,phases   ] GC(13)   Post Evacuate Collection Set: 0.49ms
[2025-01-20T14:40:55.507-0600][gc,phases   ] GC(13)   Other: 0.31ms
[2025-01-20T14:40:55.507-0600][gc,heap     ] GC(13) Eden regions: 47->0(44)
[2025-01-20T14:40:55.507-0600][gc,heap     ] GC(13) Survivor regions: 4->7(7)
[2025-01-20T14:40:55.507-0600][gc,heap     ] GC(13) Old regions: 29->29
[2025-01-20T14:40:55.507-0600][gc,heap     ] GC(13) Humongous regions: 129->129
[2025-01-20T14:40:55.507-0600][gc,metaspace] GC(13) Metaspace: 43652K(44352K)->43652K(44352K) NonClass: 38403K(38784K)->38403K(38784K) Class: 5248K(5568K)->5248K(5568K)
[2025-01-20T14:40:55.507-0600][gc          ] GC(13) Pause Young (Normal) (G1 Evacuation Pause) 208M->164M(1024M) 12.976ms
[2025-01-20T14:40:55.508-0600][gc,cpu      ] GC(13) User=0.05s Sys=0.01s Real=0.01s
[2025-01-20T14:43:51.752-0600][gc,start    ] GC(14) Pause Young (Normal) (G1 Evacuation Pause)
[2025-01-20T14:43:51.753-0600][gc,task     ] GC(14) Using 9 workers of 9 for evacuation
[2025-01-20T14:43:51.766-0600][gc,phases   ] GC(14)   Pre Evacuate Collection Set: 1.59ms
[2025-01-20T14:43:51.766-0600][gc,phases   ] GC(14)   Merge Heap Roots: 0.46ms
[2025-01-20T14:43:51.766-0600][gc,phases   ] GC(14)   Evacuate Collection Set: 10.64ms
[2025-01-20T14:43:51.766-0600][gc,phases   ] GC(14)   Post Evacuate Collection Set: 0.61ms
[2025-01-20T14:43:51.766-0600][gc,phases   ] GC(14)   Other: 0.30ms
[2025-01-20T14:43:51.766-0600][gc,heap     ] GC(14) Eden regions: 44->0(47)
[2025-01-20T14:43:51.766-0600][gc,heap     ] GC(14) Survivor regions: 7->4(7)
[2025-01-20T14:43:51.766-0600][gc,heap     ] GC(14) Old regions: 29->34
[2025-01-20T14:43:51.766-0600][gc,heap     ] GC(14) Humongous regions: 129->129
[2025-01-20T14:43:51.766-0600][gc,metaspace] GC(14) Metaspace: 43663K(44352K)->43663K(44352K) NonClass: 38414K(38784K)->38414K(38784K) Class: 5248K(5568K)->5248K(5568K)
[2025-01-20T14:43:51.767-0600][gc          ] GC(14) Pause Young (Normal) (G1 Evacuation Pause) 208M->165M(1024M) 14.499ms
[2025-01-20T14:43:51.767-0600][gc,cpu      ] GC(14) User=0.05s Sys=0.02s Real=0.01s
[2025-01-20T14:47:00.307-0600][gc,start    ] GC(15) Pause Young (Normal) (G1 Evacuation Pause)
[2025-01-20T14:47:00.307-0600][gc,task     ] GC(15) Using 9 workers of 9 for evacuation
[2025-01-20T14:47:00.319-0600][gc,phases   ] GC(15)   Pre Evacuate Collection Set: 0.79ms
[2025-01-20T14:47:00.319-0600][gc,phases   ] GC(15)   Merge Heap Roots: 0.15ms
[2025-01-20T14:47:00.319-0600][gc,phases   ] GC(15)   Evacuate Collection Set: 10.06ms
[2025-01-20T14:47:00.319-0600][gc,phases   ] GC(15)   Post Evacuate Collection Set: 0.52ms
[2025-01-20T14:47:00.319-0600][gc,phases   ] GC(15)   Other: 0.48ms
[2025-01-20T14:47:00.319-0600][gc,heap     ] GC(15) Eden regions: 47->0(44)
[2025-01-20T14:47:00.319-0600][gc,heap     ] GC(15) Survivor regions: 4->7(7)
[2025-01-20T14:47:00.319-0600][gc,heap     ] GC(15) Old regions: 34->34
[2025-01-20T14:47:00.319-0600][gc,heap     ] GC(15) Humongous regions: 129->129
[2025-01-20T14:47:00.319-0600][gc,metaspace] GC(15) Metaspace: 43688K(44416K)->43688K(44416K) NonClass: 38439K(38848K)->38439K(38848K) Class: 5248K(5568K)->5248K(5568K)
[2025-01-20T14:47:00.319-0600][gc          ] GC(15) Pause Young (Normal) (G1 Evacuation Pause) 212M->169M(1024M) 12.922ms
[2025-01-20T14:47:00.320-0600][gc,cpu      ] GC(15) User=0.04s Sys=0.02s Real=0.02s
[2025-01-20T14:49:55.038-0600][gc,start    ] GC(16) Pause Young (Normal) (G1 Evacuation Pause)
[2025-01-20T14:49:55.038-0600][gc,task     ] GC(16) Using 9 workers of 9 for evacuation
[2025-01-20T14:49:55.050-0600][gc,phases   ] GC(16)   Pre Evacuate Collection Set: 0.73ms
[2025-01-20T14:49:55.050-0600][gc,phases   ] GC(16)   Merge Heap Roots: 0.13ms
[2025-01-20T14:49:55.050-0600][gc,phases   ] GC(16)   Evacuate Collection Set: 10.12ms
[2025-01-20T14:49:55.050-0600][gc,phases   ] GC(16)   Post Evacuate Collection Set: 0.56ms
[2025-01-20T14:49:55.050-0600][gc,phases   ] GC(16)   Other: 0.29ms
[2025-01-20T14:49:55.050-0600][gc,heap     ] GC(16) Eden regions: 44->0(73)
[2025-01-20T14:49:55.050-0600][gc,heap     ] GC(16) Survivor regions: 7->4(7)
[2025-01-20T14:49:55.050-0600][gc,heap     ] GC(16) Old regions: 34->38
[2025-01-20T14:49:55.050-0600][gc,heap     ] GC(16) Humongous regions: 129->129
[2025-01-20T14:49:55.051-0600][gc,metaspace] GC(16) Metaspace: 43701K(44416K)->43701K(44416K) NonClass: 38452K(38848K)->38452K(38848K) Class: 5248K(5568K)->5248K(5568K)
[2025-01-20T14:49:55.051-0600][gc          ] GC(16) Pause Young (Normal) (G1 Evacuation Pause) 213M->169M(1024M) 12.799ms
[2025-01-20T14:49:55.051-0600][gc,cpu      ] GC(16) User=0.05s Sys=0.01s Real=0.02s
[2025-01-20T14:55:04.240-0600][gc,start    ] GC(17) Pause Young (Normal) (G1 Evacuation Pause)
[2025-01-20T14:55:04.240-0600][gc,task     ] GC(17) Using 9 workers of 9 for evacuation
[2025-01-20T14:55:04.254-0600][gc,phases   ] GC(17)   Pre Evacuate Collection Set: 0.24ms
[2025-01-20T14:55:04.254-0600][gc,phases   ] GC(17)   Merge Heap Roots: 0.09ms
[2025-01-20T14:55:04.254-0600][gc,phases   ] GC(17)   Evacuate Collection Set: 12.64ms
[2025-01-20T14:55:04.254-0600][gc,phases   ] GC(17)   Post Evacuate Collection Set: 0.42ms
[2025-01-20T14:55:04.254-0600][gc,phases   ] GC(17)   Other: 0.17ms
[2025-01-20T14:55:04.254-0600][gc,heap     ] GC(17) Eden regions: 77->0(43)
[2025-01-20T14:55:04.254-0600][gc,heap     ] GC(17) Survivor regions: 4->8(11)
[2025-01-20T14:55:04.254-0600][gc,heap     ] GC(17) Old regions: 38->38
[2025-01-20T14:55:04.254-0600][gc,heap     ] GC(17) Humongous regions: 129->129
[2025-01-20T14:55:04.254-0600][gc,metaspace] GC(17) Metaspace: 43722K(44416K)->43722K(44416K) NonClass: 38473K(38848K)->38473K(38848K) Class: 5248K(5568K)->5248K(5568K)
[2025-01-20T14:55:04.254-0600][gc          ] GC(17) Pause Young (Normal) (G1 Evacuation Pause) 246M->174M(1024M) 14.292ms
[2025-01-20T14:55:04.254-0600][gc,cpu      ] GC(17) User=0.05s Sys=0.01s Real=0.01s
[2025-01-20T14:57:57.804-0600][gc,start    ] GC(18) Pause Young (Normal) (G1 Evacuation Pause)
[2025-01-20T14:57:57.805-0600][gc,task     ] GC(18) Using 9 workers of 9 for evacuation
[2025-01-20T14:57:57.820-0600][gc,phases   ] GC(18)   Pre Evacuate Collection Set: 0.45ms
[2025-01-20T14:57:57.821-0600][gc,phases   ] GC(18)   Merge Heap Roots: 0.16ms
[2025-01-20T14:57:57.821-0600][gc,phases   ] GC(18)   Evacuate Collection Set: 14.44ms
[2025-01-20T14:57:57.821-0600][gc,phases   ] GC(18)   Post Evacuate Collection Set: 0.44ms
[2025-01-20T14:57:57.821-0600][gc,phases   ] GC(18)   Other: 0.24ms
[2025-01-20T14:57:57.821-0600][gc,heap     ] GC(18) Eden regions: 43->0(53)
[2025-01-20T14:57:57.821-0600][gc,heap     ] GC(18) Survivor regions: 8->6(7)
[2025-01-20T14:57:57.821-0600][gc,heap     ] GC(18) Old regions: 38->44
[2025-01-20T14:57:57.821-0600][gc,heap     ] GC(18) Humongous regions: 129->129
[2025-01-20T14:57:57.821-0600][gc,metaspace] GC(18) Metaspace: 43747K(44416K)->43747K(44416K) NonClass: 38498K(38848K)->38498K(38848K) Class: 5248K(5568K)->5248K(5568K)
[2025-01-20T14:57:57.821-0600][gc          ] GC(18) Pause Young (Normal) (G1 Evacuation Pause) 217M->178M(1024M) 16.547ms
[2025-01-20T14:57:57.821-0600][gc,cpu      ] GC(18) User=0.06s Sys=0.02s Real=0.02s
[2025-01-20T15:01:34.639-0600][gc,start    ] GC(19) Pause Young (Normal) (G1 Evacuation Pause)
[2025-01-20T15:01:34.640-0600][gc,task     ] GC(19) Using 9 workers of 9 for evacuation
[2025-01-20T15:01:34.654-0600][gc,phases   ] GC(19)   Pre Evacuate Collection Set: 0.51ms
[2025-01-20T15:01:34.654-0600][gc,phases   ] GC(19)   Merge Heap Roots: 0.17ms
[2025-01-20T15:01:34.654-0600][gc,phases   ] GC(19)   Evacuate Collection Set: 12.32ms
[2025-01-20T15:01:34.654-0600][gc,phases   ] GC(19)   Post Evacuate Collection Set: 0.54ms
[2025-01-20T15:01:34.654-0600][gc,phases   ] GC(19)   Other: 0.24ms
[2025-01-20T15:01:34.654-0600][gc,heap     ] GC(19) Eden regions: 54->0(59)
[2025-01-20T15:01:34.654-0600][gc,heap     ] GC(19) Survivor regions: 6->5(8)
[2025-01-20T15:01:34.654-0600][gc,heap     ] GC(19) Old regions: 44->47
[2025-01-20T15:01:34.654-0600][gc,heap     ] GC(19) Humongous regions: 129->129
[2025-01-20T15:01:34.654-0600][gc,metaspace] GC(19) Metaspace: 43779K(44480K)->43779K(44480K) NonClass: 38531K(38912K)->38531K(38912K) Class: 5248K(5568K)->5248K(5568K)
[2025-01-20T15:01:34.654-0600][gc          ] GC(19) Pause Young (Normal) (G1 Evacuation Pause) 232M->180M(1024M) 14.512ms
[2025-01-20T15:01:34.654-0600][gc,cpu      ] GC(19) User=0.04s Sys=0.01s Real=0.02s
[2025-01-20T15:12:15.687-0600][gc,start    ] GC(20) Pause Young (Normal) (G1 Evacuation Pause)
[2025-01-20T15:12:15.688-0600][gc,task     ] GC(20) Using 9 workers of 9 for evacuation
[2025-01-20T15:12:15.701-0600][gc,phases   ] GC(20)   Pre Evacuate Collection Set: 1.99ms
[2025-01-20T15:12:15.701-0600][gc,phases   ] GC(20)   Merge Heap Roots: 0.47ms
[2025-01-20T15:12:15.701-0600][gc,phases   ] GC(20)   Evacuate Collection Set: 9.72ms
[2025-01-20T15:12:15.701-0600][gc,phases   ] GC(20)   Post Evacuate Collection Set: 0.52ms
[2025-01-20T15:12:15.701-0600][gc,phases   ] GC(20)   Other: 0.47ms
[2025-01-20T15:12:15.701-0600][gc,heap     ] GC(20) Eden regions: 55->0(62)
[2025-01-20T15:12:15.701-0600][gc,heap     ] GC(20) Survivor regions: 5->5(8)
[2025-01-20T15:12:15.701-0600][gc,heap     ] GC(20) Old regions: 47->50
[2025-01-20T15:12:15.701-0600][gc,heap     ] GC(20) Humongous regions: 129->129
[2025-01-20T15:12:15.701-0600][gc,metaspace] GC(20) Metaspace: 43815K(44480K)->43815K(44480K) NonClass: 38567K(38912K)->38567K(38912K) Class: 5248K(5568K)->5248K(5568K)
[2025-01-20T15:12:15.701-0600][gc          ] GC(20) Pause Young (Normal) (G1 Evacuation Pause) 235M->182M(1024M) 14.113ms
[2025-01-20T15:12:15.701-0600][gc,cpu      ] GC(20) User=0.03s Sys=0.03s Real=0.02s
[2025-01-20T15:16:21.508-0600][gc,start    ] GC(21) Pause Young (Normal) (G1 Evacuation Pause)
[2025-01-20T15:16:21.509-0600][gc,task     ] GC(21) Using 9 workers of 9 for evacuation
[2025-01-20T15:16:21.520-0600][gc,phases   ] GC(21)   Pre Evacuate Collection Set: 0.96ms
[2025-01-20T15:16:21.520-0600][gc,phases   ] GC(21)   Merge Heap Roots: 0.25ms
[2025-01-20T15:16:21.520-0600][gc,phases   ] GC(21)   Evacuate Collection Set: 8.62ms
[2025-01-20T15:16:21.520-0600][gc,phases   ] GC(21)   Post Evacuate Collection Set: 0.60ms
[2025-01-20T15:16:21.520-0600][gc,phases   ] GC(21)   Other: 0.33ms
[2025-01-20T15:16:21.520-0600][gc,heap     ] GC(21) Eden regions: 62->0(59)
[2025-01-20T15:16:21.520-0600][gc,heap     ] GC(21) Survivor regions: 5->8(9)
[2025-01-20T15:16:21.520-0600][gc,heap     ] GC(21) Old regions: 50->50
[2025-01-20T15:16:21.520-0600][gc,heap     ] GC(21) Humongous regions: 129->129
[2025-01-20T15:16:21.520-0600][gc,metaspace] GC(21) Metaspace: 43826K(44480K)->43826K(44480K) NonClass: 38577K(38912K)->38577K(38912K) Class: 5248K(5568K)->5248K(5568K)
[2025-01-20T15:16:21.520-0600][gc          ] GC(21) Pause Young (Normal) (G1 Evacuation Pause) 244M->185M(1024M) 12.148ms
[2025-01-20T15:16:21.521-0600][gc,cpu      ] GC(21) User=0.03s Sys=0.02s Real=0.02s
[2025-01-20T15:20:09.187-0600][gc,start    ] GC(22) Pause Young (Normal) (G1 Evacuation Pause)
[2025-01-20T15:20:09.187-0600][gc,task     ] GC(22) Using 9 workers of 9 for evacuation
[2025-01-20T15:20:09.208-0600][gc,phases   ] GC(22)   Pre Evacuate Collection Set: 1.18ms
[2025-01-20T15:20:09.208-0600][gc,phases   ] GC(22)   Merge Heap Roots: 0.15ms
[2025-01-20T15:20:09.208-0600][gc,phases   ] GC(22)   Evacuate Collection Set: 17.85ms
[2025-01-20T15:20:09.208-0600][gc,phases   ] GC(22)   Post Evacuate Collection Set: 0.55ms
[2025-01-20T15:20:09.208-0600][gc,phases   ] GC(22)   Other: 0.38ms
[2025-01-20T15:20:09.208-0600][gc,heap     ] GC(22) Eden regions: 61->0(53)
[2025-01-20T15:20:09.208-0600][gc,heap     ] GC(22) Survivor regions: 8->8(9)
[2025-01-20T15:20:09.208-0600][gc,heap     ] GC(22) Old regions: 50->52
[2025-01-20T15:20:09.208-0600][gc,heap     ] GC(22) Humongous regions: 129->129
[2025-01-20T15:20:09.208-0600][gc,metaspace] GC(22) Metaspace: 43892K(44608K)->43892K(44608K) NonClass: 38642K(39040K)->38642K(39040K) Class: 5250K(5568K)->5250K(5568K)
[2025-01-20T15:20:09.208-0600][gc          ] GC(22) Pause Young (Normal) (G1 Evacuation Pause) 246M->188M(1024M) 20.984ms
[2025-01-20T15:20:09.208-0600][gc,cpu      ] GC(22) User=0.05s Sys=0.02s Real=0.02s
[2025-01-20T15:23:29.786-0600][gc,start    ] GC(23) Pause Young (Normal) (G1 Evacuation Pause)
[2025-01-20T15:23:29.786-0600][gc,task     ] GC(23) Using 9 workers of 9 for evacuation
[2025-01-20T15:23:29.795-0600][gc,phases   ] GC(23)   Pre Evacuate Collection Set: 0.63ms
[2025-01-20T15:23:29.795-0600][gc,phases   ] GC(23)   Merge Heap Roots: 0.16ms
[2025-01-20T15:23:29.795-0600][gc,phases   ] GC(23)   Evacuate Collection Set: 7.30ms
[2025-01-20T15:23:29.795-0600][gc,phases   ] GC(23)   Post Evacuate Collection Set: 0.34ms
[2025-01-20T15:23:29.795-0600][gc,phases   ] GC(23)   Other: 0.15ms
[2025-01-20T15:23:29.795-0600][gc,heap     ] GC(23) Eden regions: 54->0(63)
[2025-01-20T15:23:29.795-0600][gc,heap     ] GC(23) Survivor regions: 8->8(8)
[2025-01-20T15:23:29.795-0600][gc,heap     ] GC(23) Old regions: 52->56
[2025-01-20T15:23:29.795-0600][gc,heap     ] GC(23) Humongous regions: 129->129
[2025-01-20T15:23:29.795-0600][gc,metaspace] GC(23) Metaspace: 43933K(44672K)->43933K(44672K) NonClass: 38682K(39104K)->38682K(39104K) Class: 5250K(5568K)->5250K(5568K)
[2025-01-20T15:23:29.795-0600][gc          ] GC(23) Pause Young (Normal) (G1 Evacuation Pause) 242M->192M(1024M) 9.114ms
[2025-01-20T15:23:29.795-0600][gc,cpu      ] GC(23) User=0.02s Sys=0.01s Real=0.01s
[2025-01-20T15:27:12.865-0600][gc,start    ] GC(24) Pause Young (Normal) (G1 Evacuation Pause)
[2025-01-20T15:27:12.866-0600][gc,task     ] GC(24) Using 9 workers of 9 for evacuation
[2025-01-20T15:27:12.880-0600][gc,phases   ] GC(24)   Pre Evacuate Collection Set: 0.91ms
[2025-01-20T15:27:12.880-0600][gc,phases   ] GC(24)   Merge Heap Roots: 0.22ms
[2025-01-20T15:27:12.880-0600][gc,phases   ] GC(24)   Evacuate Collection Set: 11.75ms
[2025-01-20T15:27:12.880-0600][gc,phases   ] GC(24)   Post Evacuate Collection Set: 0.50ms
[2025-01-20T15:27:12.880-0600][gc,phases   ] GC(24)   Other: 0.43ms
[2025-01-20T15:27:12.880-0600][gc,heap     ] GC(24) Eden regions: 61->0(90)
[2025-01-20T15:27:12.880-0600][gc,heap     ] GC(24) Survivor regions: 8->5(9)
[2025-01-20T15:27:12.880-0600][gc,heap     ] GC(24) Old regions: 56->61
[2025-01-20T15:27:12.880-0600][gc,heap     ] GC(24) Humongous regions: 129->129
[2025-01-20T15:27:12.881-0600][gc,metaspace] GC(24) Metaspace: 43955K(44672K)->43955K(44672K) NonClass: 38705K(39104K)->38705K(39104K) Class: 5250K(5568K)->5250K(5568K)
[2025-01-20T15:27:12.881-0600][gc          ] GC(24) Pause Young (Normal) (G1 Evacuation Pause) 253M->194M(1024M) 15.330ms
[2025-01-20T15:27:12.881-0600][gc,cpu      ] GC(24) User=0.04s Sys=0.03s Real=0.02s
[2025-01-20T15:32:31.849-0600][gc,start    ] GC(25) Pause Young (Normal) (G1 Evacuation Pause)
[2025-01-20T15:32:31.850-0600][gc,task     ] GC(25) Using 9 workers of 9 for evacuation
[2025-01-20T15:32:31.866-0600][gc,phases   ] GC(25)   Pre Evacuate Collection Set: 1.35ms
[2025-01-20T15:32:31.866-0600][gc,phases   ] GC(25)   Merge Heap Roots: 0.32ms
[2025-01-20T15:32:31.866-0600][gc,phases   ] GC(25)   Evacuate Collection Set: 12.19ms
[2025-01-20T15:32:31.866-0600][gc,phases   ] GC(25)   Post Evacuate Collection Set: 0.76ms
[2025-01-20T15:32:31.866-0600][gc,phases   ] GC(25)   Other: 0.65ms
[2025-01-20T15:32:31.866-0600][gc,heap     ] GC(25) Eden regions: 90->0(58)
[2025-01-20T15:32:31.866-0600][gc,heap     ] GC(25) Survivor regions: 5->10(12)
[2025-01-20T15:32:31.866-0600][gc,heap     ] GC(25) Old regions: 61->61
[2025-01-20T15:32:31.866-0600][gc,heap     ] GC(25) Humongous regions: 129->129
[2025-01-20T15:32:31.866-0600][gc,metaspace] GC(25) Metaspace: 43973K(44672K)->43973K(44672K) NonClass: 38718K(39104K)->38718K(39104K) Class: 5254K(5568K)->5254K(5568K)
[2025-01-20T15:32:31.866-0600][gc          ] GC(25) Pause Young (Normal) (G1 Evacuation Pause) 284M->199M(1024M) 16.748ms
[2025-01-20T15:32:31.866-0600][gc,cpu      ] GC(25) User=0.04s Sys=0.03s Real=0.02s
[2025-01-20T15:36:04.432-0600][gc,start    ] GC(26) Pause Young (Normal) (G1 Evacuation Pause)
[2025-01-20T15:36:04.432-0600][gc,task     ] GC(26) Using 9 workers of 9 for evacuation
[2025-01-20T15:36:04.448-0600][gc,phases   ] GC(26)   Pre Evacuate Collection Set: 2.07ms
[2025-01-20T15:36:04.448-0600][gc,phases   ] GC(26)   Merge Heap Roots: 0.50ms
[2025-01-20T15:36:04.448-0600][gc,phases   ] GC(26)   Evacuate Collection Set: 12.06ms
[2025-01-20T15:36:04.448-0600][gc,phases   ] GC(26)   Post Evacuate Collection Set: 0.71ms
[2025-01-20T15:36:04.448-0600][gc,phases   ] GC(26)   Other: 0.32ms
[2025-01-20T15:36:04.448-0600][gc,heap     ] GC(26) Eden regions: 57->0(86)
[2025-01-20T15:36:04.449-0600][gc,heap     ] GC(26) Survivor regions: 10->5(9)
[2025-01-20T15:36:04.449-0600][gc,heap     ] GC(26) Old regions: 61->69
[2025-01-20T15:36:04.449-0600][gc,heap     ] GC(26) Humongous regions: 129->129
[2025-01-20T15:36:04.449-0600][gc,metaspace] GC(26) Metaspace: 43995K(44672K)->43995K(44672K) NonClass: 38741K(39104K)->38741K(39104K) Class: 5254K(5568K)->5254K(5568K)
[2025-01-20T15:36:04.449-0600][gc          ] GC(26) Pause Young (Normal) (G1 Evacuation Pause) 256M->201M(1024M) 16.788ms
[2025-01-20T15:36:04.449-0600][gc,cpu      ] GC(26) User=0.03s Sys=0.04s Real=0.01s
[2025-01-20T15:41:35.291-0600][gc,start    ] GC(27) Pause Young (Normal) (G1 Evacuation Pause)
[2025-01-20T15:41:35.291-0600][gc,task     ] GC(27) Using 9 workers of 9 for evacuation
[2025-01-20T15:41:35.300-0600][gc,phases   ] GC(27)   Pre Evacuate Collection Set: 0.63ms
[2025-01-20T15:41:35.300-0600][gc,phases   ] GC(27)   Merge Heap Roots: 0.13ms
[2025-01-20T15:41:35.300-0600][gc,phases   ] GC(27)   Evacuate Collection Set: 7.11ms
[2025-01-20T15:41:35.300-0600][gc,phases   ] GC(27)   Post Evacuate Collection Set: 0.52ms
[2025-01-20T15:41:35.300-0600][gc,phases   ] GC(27)   Other: 0.24ms
[2025-01-20T15:41:35.300-0600][gc,heap     ] GC(27) Eden regions: 90->0(88)
[2025-01-20T15:41:35.300-0600][gc,heap     ] GC(27) Survivor regions: 5->7(12)
[2025-01-20T15:41:35.300-0600][gc,heap     ] GC(27) Old regions: 69->69
[2025-01-20T15:41:35.300-0600][gc,heap     ] GC(27) Humongous regions: 129->129
[2025-01-20T15:41:35.300-0600][gc,metaspace] GC(27) Metaspace: 44010K(44672K)->44010K(44672K) NonClass: 38756K(39104K)->38756K(39104K) Class: 5254K(5568K)->5254K(5568K)
[2025-01-20T15:41:35.300-0600][gc          ] GC(27) Pause Young (Normal) (G1 Evacuation Pause) 291M->204M(1024M) 9.588ms
[2025-01-20T15:41:35.300-0600][gc,cpu      ] GC(27) User=0.03s Sys=0.01s Real=0.01s
[2025-01-20T15:47:08.174-0600][gc,start    ] GC(28) Pause Young (Normal) (G1 Evacuation Pause)
[2025-01-20T15:47:08.175-0600][gc,task     ] GC(28) Using 9 workers of 9 for evacuation
[2025-01-20T15:47:08.187-0600][gc,phases   ] GC(28)   Pre Evacuate Collection Set: 0.72ms
[2025-01-20T15:47:08.187-0600][gc,phases   ] GC(28)   Merge Heap Roots: 0.16ms
[2025-01-20T15:47:08.187-0600][gc,phases   ] GC(28)   Evacuate Collection Set: 10.15ms
[2025-01-20T15:47:08.187-0600][gc,phases   ] GC(28)   Post Evacuate Collection Set: 0.49ms
[2025-01-20T15:47:08.187-0600][gc,phases   ] GC(28)   Other: 0.31ms
[2025-01-20T15:47:08.187-0600][gc,heap     ] GC(28) Eden regions: 93->0(85)
[2025-01-20T15:47:08.187-0600][gc,heap     ] GC(28) Survivor regions: 7->11(13)
[2025-01-20T15:47:08.187-0600][gc,heap     ] GC(28) Old regions: 69->69
[2025-01-20T15:47:08.187-0600][gc,heap     ] GC(28) Humongous regions: 129->129
[2025-01-20T15:47:08.187-0600][gc,metaspace] GC(28) Metaspace: 44024K(44736K)->44024K(44736K) NonClass: 38770K(39168K)->38770K(39168K) Class: 5254K(5568K)->5254K(5568K)
[2025-01-20T15:47:08.187-0600][gc          ] GC(28) Pause Young (Normal) (G1 Evacuation Pause) 297M->207M(1024M) 13.761ms
[2025-01-20T15:47:08.187-0600][gc,cpu      ] GC(28) User=0.04s Sys=0.02s Real=0.01s
[2025-01-20T15:52:25.435-0600][gc,start    ] GC(29) Pause Young (Normal) (G1 Evacuation Pause)
[2025-01-20T15:52:25.436-0600][gc,task     ] GC(29) Using 9 workers of 9 for evacuation
[2025-01-20T15:52:25.459-0600][gc,mmu      ] GC(29) MMU target violated: 21.0ms (20.0ms/21.0ms)
[2025-01-20T15:52:25.459-0600][gc,phases   ] GC(29)   Pre Evacuate Collection Set: 0.80ms
[2025-01-20T15:52:25.459-0600][gc,phases   ] GC(29)   Merge Heap Roots: 0.12ms
[2025-01-20T15:52:25.459-0600][gc,phases   ] GC(29)   Evacuate Collection Set: 20.24ms
[2025-01-20T15:52:25.459-0600][gc,phases   ] GC(29)   Post Evacuate Collection Set: 0.66ms
[2025-01-20T15:52:25.459-0600][gc,phases   ] GC(29)   Other: 0.45ms
[2025-01-20T15:52:25.459-0600][gc,heap     ] GC(29) Eden regions: 88->0(70)
[2025-01-20T15:52:25.459-0600][gc,heap     ] GC(29) Survivor regions: 11->11(13)
[2025-01-20T15:52:25.459-0600][gc,heap     ] GC(29) Old regions: 69->74
[2025-01-20T15:52:25.459-0600][gc,heap     ] GC(29) Humongous regions: 129->129
[2025-01-20T15:52:25.459-0600][gc,metaspace] GC(29) Metaspace: 44052K(44736K)->44052K(44736K) NonClass: 38798K(39168K)->38798K(39168K) Class: 5254K(5568K)->5254K(5568K)
[2025-01-20T15:52:25.459-0600][gc          ] GC(29) Pause Young (Normal) (G1 Evacuation Pause) 295M->212M(1024M) 23.731ms
[2025-01-20T15:52:25.459-0600][gc,cpu      ] GC(29) User=0.06s Sys=0.04s Real=0.02s
[2025-01-20T15:56:23.556-0600][gc,start    ] GC(30) Pause Young (Normal) (G1 Evacuation Pause)
[2025-01-20T15:56:23.557-0600][gc,task     ] GC(30) Using 9 workers of 9 for evacuation
[2025-01-20T15:56:23.575-0600][gc,phases   ] GC(30)   Pre Evacuate Collection Set: 1.11ms
[2025-01-20T15:56:23.575-0600][gc,phases   ] GC(30)   Merge Heap Roots: 0.24ms
[2025-01-20T15:56:23.575-0600][gc,phases   ] GC(30)   Evacuate Collection Set: 14.95ms
[2025-01-20T15:56:23.575-0600][gc,phases   ] GC(30)   Post Evacuate Collection Set: 1.21ms
[2025-01-20T15:56:23.575-0600][gc,phases   ] GC(30)   Other: 0.53ms
[2025-01-20T15:56:23.575-0600][gc,heap     ] GC(30) Eden regions: 67->0(96)
[2025-01-20T15:56:23.575-0600][gc,heap     ] GC(30) Survivor regions: 11->6(10)
[2025-01-20T15:56:23.575-0600][gc,heap     ] GC(30) Old regions: 74->82
[2025-01-20T15:56:23.575-0600][gc,heap     ] GC(30) Humongous regions: 129->129
[2025-01-20T15:56:23.575-0600][gc,metaspace] GC(30) Metaspace: 44077K(44736K)->44077K(44736K) NonClass: 38823K(39168K)->38823K(39168K) Class: 5254K(5568K)->5254K(5568K)
[2025-01-20T15:56:23.575-0600][gc          ] GC(30) Pause Young (Normal) (G1 Evacuation Pause) 279M->216M(1024M) 19.139ms
[2025-01-20T15:56:23.575-0600][gc,cpu      ] GC(30) User=0.05s Sys=0.03s Real=0.02s
[2025-01-20T16:02:05.904-0600][gc,start    ] GC(31) Pause Young (Normal) (G1 Evacuation Pause)
[2025-01-20T16:02:05.904-0600][gc,task     ] GC(31) Using 9 workers of 9 for evacuation
[2025-01-20T16:02:05.920-0600][gc,phases   ] GC(31)   Pre Evacuate Collection Set: 0.95ms
[2025-01-20T16:02:05.920-0600][gc,phases   ] GC(31)   Merge Heap Roots: 0.22ms
[2025-01-20T16:02:05.920-0600][gc,phases   ] GC(31)   Evacuate Collection Set: 13.34ms
[2025-01-20T16:02:05.920-0600][gc,phases   ] GC(31)   Post Evacuate Collection Set: 1.18ms
[2025-01-20T16:02:05.920-0600][gc,phases   ] GC(31)   Other: 0.36ms
[2025-01-20T16:02:05.921-0600][gc,heap     ] GC(31) Eden regions: 96->0(79)
[2025-01-20T16:02:05.921-0600][gc,heap     ] GC(31) Survivor regions: 6->9(13)
[2025-01-20T16:02:05.921-0600][gc,heap     ] GC(31) Old regions: 82->82
[2025-01-20T16:02:05.921-0600][gc,heap     ] GC(31) Humongous regions: 129->129
[2025-01-20T16:02:05.921-0600][gc,metaspace] GC(31) Metaspace: 44098K(44800K)->44098K(44800K) NonClass: 38844K(39232K)->38844K(39232K) Class: 5254K(5568K)->5254K(5568K)
[2025-01-20T16:02:05.921-0600][gc          ] GC(31) Pause Young (Normal) (G1 Evacuation Pause) 312M->219M(1024M) 16.871ms
[2025-01-20T16:02:05.921-0600][gc,cpu      ] GC(31) User=0.04s Sys=0.02s Real=0.02s
[2025-01-20T16:06:48.088-0600][gc,start    ] GC(32) Pause Young (Normal) (G1 Evacuation Pause)
[2025-01-20T16:06:48.089-0600][gc,task     ] GC(32) Using 9 workers of 9 for evacuation
[2025-01-20T16:06:48.106-0600][gc,phases   ] GC(32)   Pre Evacuate Collection Set: 1.10ms
[2025-01-20T16:06:48.106-0600][gc,phases   ] GC(32)   Merge Heap Roots: 0.14ms
[2025-01-20T16:06:48.106-0600][gc,phases   ] GC(32)   Evacuate Collection Set: 15.35ms
[2025-01-20T16:06:48.106-0600][gc,phases   ] GC(32)   Post Evacuate Collection Set: 0.61ms
[2025-01-20T16:06:48.106-0600][gc,phases   ] GC(32)   Other: 0.42ms
[2025-01-20T16:06:48.106-0600][gc,heap     ] GC(32) Eden regions: 78->0(65)
[2025-01-20T16:06:48.106-0600][gc,heap     ] GC(32) Survivor regions: 9->10(11)
[2025-01-20T16:06:48.106-0600][gc,heap     ] GC(32) Old regions: 82->85
[2025-01-20T16:06:48.106-0600][gc,heap     ] GC(32) Humongous regions: 129->129
[2025-01-20T16:06:48.106-0600][gc,metaspace] GC(32) Metaspace: 44122K(44800K)->44122K(44800K) NonClass: 38868K(39232K)->38868K(39232K) Class: 5254K(5568K)->5254K(5568K)
[2025-01-20T16:06:48.106-0600][gc          ] GC(32) Pause Young (Normal) (G1 Evacuation Pause) 297M->223M(1024M) 18.512ms
[2025-01-20T16:06:48.107-0600][gc,cpu      ] GC(32) User=0.06s Sys=0.03s Real=0.02s
[2025-01-20T16:10:15.281-0600][gc,start    ] GC(33) Pause Young (Normal) (G1 Evacuation Pause)
[2025-01-20T16:10:15.281-0600][gc,task     ] GC(33) Using 9 workers of 9 for evacuation
[2025-01-20T16:10:15.297-0600][gc,phases   ] GC(33)   Pre Evacuate Collection Set: 1.55ms
[2025-01-20T16:10:15.297-0600][gc,phases   ] GC(33)   Merge Heap Roots: 0.23ms
[2025-01-20T16:10:15.297-0600][gc,phases   ] GC(33)   Evacuate Collection Set: 12.53ms
[2025-01-20T16:10:15.297-0600][gc,phases   ] GC(33)   Post Evacuate Collection Set: 0.87ms
[2025-01-20T16:10:15.297-0600][gc,phases   ] GC(33)   Other: 0.41ms
[2025-01-20T16:10:15.297-0600][gc,heap     ] GC(33) Eden regions: 58->0(104)
[2025-01-20T16:10:15.297-0600][gc,heap     ] GC(33) Survivor regions: 10->4(9)
[2025-01-20T16:10:15.297-0600][gc,heap     ] GC(33) Old regions: 85->93
[2025-01-20T16:10:15.297-0600][gc,heap     ] GC(33) Humongous regions: 129->129
[2025-01-20T16:10:15.297-0600][gc,metaspace] GC(33) Metaspace: 44143K(44800K)->44143K(44800K) NonClass: 38888K(39232K)->38888K(39232K) Class: 5254K(5568K)->5254K(5568K)
[2025-01-20T16:10:15.297-0600][gc          ] GC(33) Pause Young (Normal) (G1 Evacuation Pause) 281M->225M(1024M) 16.529ms
[2025-01-20T16:10:15.297-0600][gc,cpu      ] GC(33) User=0.04s Sys=0.03s Real=0.01s
[2025-01-20T16:16:31.179-0600][gc,start    ] GC(34) Pause Young (Normal) (G1 Evacuation Pause)
[2025-01-20T16:16:31.179-0600][gc,task     ] GC(34) Using 9 workers of 9 for evacuation
[2025-01-20T16:16:31.194-0600][gc,phases   ] GC(34)   Pre Evacuate Collection Set: 0.85ms
[2025-01-20T16:16:31.194-0600][gc,phases   ] GC(34)   Merge Heap Roots: 0.17ms
[2025-01-20T16:16:31.194-0600][gc,phases   ] GC(34)   Evacuate Collection Set: 12.50ms
[2025-01-20T16:16:31.194-0600][gc,phases   ] GC(34)   Post Evacuate Collection Set: 0.65ms
[2025-01-20T16:16:31.194-0600][gc,phases   ] GC(34)   Other: 0.47ms
[2025-01-20T16:16:31.194-0600][gc,heap     ] GC(34) Eden regions: 105->0(77)
[2025-01-20T16:16:31.194-0600][gc,heap     ] GC(34) Survivor regions: 4->9(14)
[2025-01-20T16:16:31.194-0600][gc,heap     ] GC(34) Old regions: 93->93
[2025-01-20T16:16:31.194-0600][gc,heap     ] GC(34) Humongous regions: 129->129
[2025-01-20T16:16:31.194-0600][gc,metaspace] GC(34) Metaspace: 44165K(44864K)->44165K(44864K) NonClass: 38911K(39296K)->38911K(39296K) Class: 5254K(5568K)->5254K(5568K)
[2025-01-20T16:16:31.194-0600][gc          ] GC(34) Pause Young (Normal) (G1 Evacuation Pause) 330M->229M(1024M) 15.639ms
[2025-01-20T16:16:31.194-0600][gc,cpu      ] GC(34) User=0.04s Sys=0.02s Real=0.02s
[2025-01-20T16:21:08.934-0600][gc,start    ] GC(35) Pause Young (Normal) (G1 Evacuation Pause)
[2025-01-20T16:21:08.934-0600][gc,task     ] GC(35) Using 9 workers of 9 for evacuation
[2025-01-20T16:21:08.953-0600][gc,phases   ] GC(35)   Pre Evacuate Collection Set: 1.20ms
[2025-01-20T16:21:08.953-0600][gc,phases   ] GC(35)   Merge Heap Roots: 0.19ms
[2025-01-20T16:21:08.953-0600][gc,phases   ] GC(35)   Evacuate Collection Set: 16.01ms
[2025-01-20T16:21:08.953-0600][gc,phases   ] GC(35)   Post Evacuate Collection Set: 0.73ms
[2025-01-20T16:21:08.953-0600][gc,phases   ] GC(35)   Other: 0.44ms
[2025-01-20T16:21:08.953-0600][gc,heap     ] GC(35) Eden regions: 78->0(62)
[2025-01-20T16:21:08.953-0600][gc,heap     ] GC(35) Survivor regions: 9->10(11)
[2025-01-20T16:21:08.953-0600][gc,heap     ] GC(35) Old regions: 93->96
[2025-01-20T16:21:08.953-0600][gc,heap     ] GC(35) Humongous regions: 129->129
[2025-01-20T16:21:08.953-0600][gc,metaspace] GC(35) Metaspace: 44219K(44864K)->44219K(44864K) NonClass: 38965K(39296K)->38965K(39296K) Class: 5254K(5568K)->5254K(5568K)
[2025-01-20T16:21:08.953-0600][gc          ] GC(35) Pause Young (Normal) (G1 Evacuation Pause) 307M->234M(1024M) 19.226ms
[2025-01-20T16:21:08.953-0600][gc,cpu      ] GC(35) User=0.06s Sys=0.03s Real=0.02s
[2025-01-20T16:24:20.139-0600][gc,start    ] GC(36) Pause Young (Normal) (G1 Evacuation Pause)
[2025-01-20T16:24:20.140-0600][gc,task     ] GC(36) Using 9 workers of 9 for evacuation
[2025-01-20T16:24:20.160-0600][gc,phases   ] GC(36)   Pre Evacuate Collection Set: 1.51ms
[2025-01-20T16:24:20.160-0600][gc,phases   ] GC(36)   Merge Heap Roots: 0.21ms
[2025-01-20T16:24:20.160-0600][gc,phases   ] GC(36)   Evacuate Collection Set: 14.60ms
[2025-01-20T16:24:20.160-0600][gc,phases   ] GC(36)   Post Evacuate Collection Set: 3.09ms
[2025-01-20T16:24:20.161-0600][gc,phases   ] GC(36)   Other: 0.69ms
[2025-01-20T16:24:20.161-0600][gc,heap     ] GC(36) Eden regions: 54->0(91)
[2025-01-20T16:24:20.161-0600][gc,heap     ] GC(36) Survivor regions: 10->6(8)
[2025-01-20T16:24:20.161-0600][gc,heap     ] GC(36) Old regions: 96->104
[2025-01-20T16:24:20.161-0600][gc,heap     ] GC(36) Humongous regions: 129->129
[2025-01-20T16:24:20.161-0600][gc,metaspace] GC(36) Metaspace: 44272K(44928K)->44272K(44928K) NonClass: 39018K(39360K)->39018K(39360K) Class: 5254K(5568K)->5254K(5568K)
[2025-01-20T16:24:20.161-0600][gc          ] GC(36) Pause Young (Normal) (G1 Evacuation Pause) 288M->238M(1024M) 23.105ms
[2025-01-20T16:24:20.161-0600][gc,cpu      ] GC(36) User=0.04s Sys=0.04s Real=0.03s
[2025-01-20T16:29:58.829-0600][gc,start    ] GC(37) Pause Young (Normal) (G1 Evacuation Pause)
[2025-01-20T16:29:58.830-0600][gc,task     ] GC(37) Using 9 workers of 9 for evacuation
[2025-01-20T16:29:58.852-0600][gc,mmu      ] GC(37) MMU target violated: 21.0ms (20.0ms/21.0ms)
[2025-01-20T16:29:58.852-0600][gc,phases   ] GC(37)   Pre Evacuate Collection Set: 1.22ms
[2025-01-20T16:29:58.852-0600][gc,phases   ] GC(37)   Merge Heap Roots: 0.25ms
[2025-01-20T16:29:58.852-0600][gc,phases   ] GC(37)   Evacuate Collection Set: 19.67ms
[2025-01-20T16:29:58.852-0600][gc,phases   ] GC(37)   Post Evacuate Collection Set: 0.73ms
[2025-01-20T16:29:58.852-0600][gc,phases   ] GC(37)   Other: 0.54ms
[2025-01-20T16:29:58.852-0600][gc,heap     ] GC(37) Eden regions: 94->0(42)
[2025-01-20T16:29:58.852-0600][gc,heap     ] GC(37) Survivor regions: 6->9(13)
[2025-01-20T16:29:58.852-0600][gc,heap     ] GC(37) Old regions: 104->104
[2025-01-20T16:29:58.852-0600][gc,heap     ] GC(37) Humongous regions: 129->129
[2025-01-20T16:29:58.852-0600][gc,metaspace] GC(37) Metaspace: 44272K(44928K)->44272K(44928K) NonClass: 39018K(39360K)->39018K(39360K) Class: 5254K(5568K)->5254K(5568K)
[2025-01-20T16:29:58.853-0600][gc          ] GC(37) Pause Young (Normal) (G1 Evacuation Pause) 332M->241M(1024M) 24.019ms
[2025-01-20T16:29:58.853-0600][gc,cpu      ] GC(37) User=0.05s Sys=0.05s Real=0.03s
[2025-01-20T16:32:18.641-0600][gc,start    ] GC(38) Pause Young (Normal) (G1 Evacuation Pause)
[2025-01-20T16:32:18.643-0600][gc,task     ] GC(38) Using 9 workers of 9 for evacuation
[2025-01-20T16:32:18.683-0600][gc,mmu      ] GC(38) MMU target violated: 21.0ms (20.0ms/21.0ms)
[2025-01-20T16:32:18.683-0600][gc,phases   ] GC(38)   Pre Evacuate Collection Set: 1.99ms
[2025-01-20T16:32:18.683-0600][gc,phases   ] GC(38)   Merge Heap Roots: 0.25ms
[2025-01-20T16:32:18.683-0600][gc,phases   ] GC(38)   Evacuate Collection Set: 36.49ms
[2025-01-20T16:32:18.683-0600][gc,phases   ] GC(38)   Post Evacuate Collection Set: 0.88ms
[2025-01-20T16:32:18.683-0600][gc,phases   ] GC(38)   Other: 0.88ms
[2025-01-20T16:32:18.683-0600][gc,heap     ] GC(38) Eden regions: 42->0(45)
[2025-01-20T16:32:18.683-0600][gc,heap     ] GC(38) Survivor regions: 9->6(7)
[2025-01-20T16:32:18.683-0600][gc,heap     ] GC(38) Old regions: 104->111
[2025-01-20T16:32:18.683-0600][gc,heap     ] GC(38) Humongous regions: 129->129
[2025-01-20T16:32:18.683-0600][gc,metaspace] GC(38) Metaspace: 44273K(44928K)->44273K(44928K) NonClass: 39019K(39360K)->39019K(39360K) Class: 5254K(5568K)->5254K(5568K)
[2025-01-20T16:32:18.684-0600][gc          ] GC(38) Pause Young (Normal) (G1 Evacuation Pause) 283M->245M(1024M) 42.251ms
[2025-01-20T16:32:18.684-0600][gc,cpu      ] GC(38) User=0.04s Sys=0.08s Real=0.04s
[2025-01-20T16:35:00.466-0600][gc,start    ] GC(39) Pause Young (Normal) (G1 Evacuation Pause)
[2025-01-20T16:35:00.467-0600][gc,task     ] GC(39) Using 9 workers of 9 for evacuation
[2025-01-20T16:35:00.480-0600][gc,phases   ] GC(39)   Pre Evacuate Collection Set: 0.90ms
[2025-01-20T16:35:00.480-0600][gc,phases   ] GC(39)   Merge Heap Roots: 0.18ms
[2025-01-20T16:35:00.480-0600][gc,phases   ] GC(39)   Evacuate Collection Set: 10.28ms
[2025-01-20T16:35:00.480-0600][gc,phases   ] GC(39)   Post Evacuate Collection Set: 0.74ms
[2025-01-20T16:35:00.480-0600][gc,phases   ] GC(39)   Other: 0.53ms
[2025-01-20T16:35:00.480-0600][gc,heap     ] GC(39) Eden regions: 45->0(46)
[2025-01-20T16:35:00.480-0600][gc,heap     ] GC(39) Survivor regions: 6->5(7)
[2025-01-20T16:35:00.480-0600][gc,heap     ] GC(39) Old regions: 111->114
[2025-01-20T16:35:00.480-0600][gc,heap     ] GC(39) Humongous regions: 129->129
[2025-01-20T16:35:00.480-0600][gc,metaspace] GC(39) Metaspace: 44273K(44928K)->44273K(44928K) NonClass: 39019K(39360K)->39019K(39360K) Class: 5254K(5568K)->5254K(5568K)
[2025-01-20T16:35:00.480-0600][gc          ] GC(39) Pause Young (Normal) (G1 Evacuation Pause) 290M->246M(1024M) 14.144ms
[2025-01-20T16:35:00.480-0600][gc,cpu      ] GC(39) User=0.02s Sys=0.02s Real=0.02s
[2025-01-20T16:37:45.403-0600][gc,start    ] GC(40) Pause Young (Normal) (G1 Evacuation Pause)
[2025-01-20T16:37:45.405-0600][gc,task     ] GC(40) Using 9 workers of 9 for evacuation
[2025-01-20T16:37:45.412-0600][gc,phases   ] GC(40)   Pre Evacuate Collection Set: 1.01ms
[2025-01-20T16:37:45.412-0600][gc,phases   ] GC(40)   Merge Heap Roots: 0.16ms
[2025-01-20T16:37:45.412-0600][gc,phases   ] GC(40)   Evacuate Collection Set: 4.85ms
[2025-01-20T16:37:45.412-0600][gc,phases   ] GC(40)   Post Evacuate Collection Set: 1.04ms
[2025-01-20T16:37:45.412-0600][gc,phases   ] GC(40)   Other: 0.47ms
[2025-01-20T16:37:45.412-0600][gc,heap     ] GC(40) Eden regions: 46->0(86)
[2025-01-20T16:37:45.412-0600][gc,heap     ] GC(40) Survivor regions: 5->4(7)
[2025-01-20T16:37:45.412-0600][gc,heap     ] GC(40) Old regions: 114->115
[2025-01-20T16:37:45.412-0600][gc,heap     ] GC(40) Humongous regions: 129->129
[2025-01-20T16:37:45.412-0600][gc,metaspace] GC(40) Metaspace: 44280K(44928K)->44280K(44928K) NonClass: 39026K(39360K)->39026K(39360K) Class: 5254K(5568K)->5254K(5568K)
[2025-01-20T16:37:45.413-0600][gc          ] GC(40) Pause Young (Normal) (G1 Evacuation Pause) 292M->246M(1024M) 9.556ms
[2025-01-20T16:37:45.413-0600][gc,cpu      ] GC(40) User=0.01s Sys=0.01s Real=0.01s
[2025-01-20T16:42:29.349-0600][gc,start    ] GC(41) Pause Young (Normal) (G1 Evacuation Pause)
[2025-01-20T16:42:29.350-0600][gc,task     ] GC(41) Using 9 workers of 9 for evacuation
[2025-01-20T16:42:29.360-0600][gc,phases   ] GC(41)   Pre Evacuate Collection Set: 0.77ms
[2025-01-20T16:42:29.360-0600][gc,phases   ] GC(41)   Merge Heap Roots: 0.17ms
[2025-01-20T16:42:29.360-0600][gc,phases   ] GC(41)   Evacuate Collection Set: 8.29ms
[2025-01-20T16:42:29.360-0600][gc,phases   ] GC(41)   Post Evacuate Collection Set: 0.82ms
[2025-01-20T16:42:29.360-0600][gc,phases   ] GC(41)   Other: 0.35ms
[2025-01-20T16:42:29.360-0600][gc,heap     ] GC(41) Eden regions: 79->0(43)
[2025-01-20T16:42:29.360-0600][gc,heap     ] GC(41) Survivor regions: 4->8(11)
[2025-01-20T16:42:29.360-0600][gc,heap     ] GC(41) Old regions: 115->115
[2025-01-20T16:42:29.360-0600][gc,heap     ] GC(41) Humongous regions: 129->129
[2025-01-20T16:42:29.360-0600][gc,metaspace] GC(41) Metaspace: 44296K(44928K)->44296K(44928K) NonClass: 39042K(39360K)->39042K(39360K) Class: 5254K(5568K)->5254K(5568K)
[2025-01-20T16:42:29.361-0600][gc          ] GC(41) Pause Young (Normal) (G1 Evacuation Pause) 325M->251M(1024M) 11.948ms
[2025-01-20T16:42:29.361-0600][gc,cpu      ] GC(41) User=0.03s Sys=0.01s Real=0.02s
[2025-01-20T16:45:02.324-0600][gc,start    ] GC(42) Pause Young (Normal) (G1 Evacuation Pause)
[2025-01-20T16:45:02.326-0600][gc,task     ] GC(42) Using 9 workers of 9 for evacuation
[2025-01-20T16:45:02.339-0600][gc,phases   ] GC(42)   Pre Evacuate Collection Set: 1.01ms
[2025-01-20T16:45:02.339-0600][gc,phases   ] GC(42)   Merge Heap Roots: 0.20ms
[2025-01-20T16:45:02.339-0600][gc,phases   ] GC(42)   Evacuate Collection Set: 10.77ms
[2025-01-20T16:45:02.339-0600][gc,phases   ] GC(42)   Post Evacuate Collection Set: 0.45ms
[2025-01-20T16:45:02.339-0600][gc,phases   ] GC(42)   Other: 0.65ms
[2025-01-20T16:45:02.339-0600][gc,heap     ] GC(42) Eden regions: 43->0(97)
[2025-01-20T16:45:02.339-0600][gc,heap     ] GC(42) Survivor regions: 8->5(7)
[2025-01-20T16:45:02.339-0600][gc,heap     ] GC(42) Old regions: 115->121
[2025-01-20T16:45:02.339-0600][gc,heap     ] GC(42) Humongous regions: 129->129
[2025-01-20T16:45:02.339-0600][gc,metaspace] GC(42) Metaspace: 44296K(44928K)->44296K(44928K) NonClass: 39042K(39360K)->39042K(39360K) Class: 5254K(5568K)->5254K(5568K)
[2025-01-20T16:45:02.339-0600][gc          ] GC(42) Pause Young (Normal) (G1 Evacuation Pause) 294M->254M(1024M) 15.053ms
[2025-01-20T16:45:02.340-0600][gc,cpu      ] GC(42) User=0.03s Sys=0.02s Real=0.02s
[2025-01-20T16:51:01.554-0600][gc,start    ] GC(43) Pause Young (Normal) (G1 Evacuation Pause)
[2025-01-20T16:51:01.556-0600][gc,task     ] GC(43) Using 9 workers of 9 for evacuation
[2025-01-20T16:51:01.573-0600][gc,phases   ] GC(43)   Pre Evacuate Collection Set: 1.52ms
[2025-01-20T16:51:01.573-0600][gc,phases   ] GC(43)   Merge Heap Roots: 0.41ms
[2025-01-20T16:51:01.573-0600][gc,phases   ] GC(43)   Evacuate Collection Set: 13.77ms
[2025-01-20T16:51:01.573-0600][gc,phases   ] GC(43)   Post Evacuate Collection Set: 0.88ms
[2025-01-20T16:51:01.573-0600][gc,phases   ] GC(43)   Other: 0.37ms
[2025-01-20T16:51:01.573-0600][gc,heap     ] GC(43) Eden regions: 100->0(42)
[2025-01-20T16:51:01.573-0600][gc,heap     ] GC(43) Survivor regions: 5->9(14)
[2025-01-20T16:51:01.573-0600][gc,heap     ] GC(43) Old regions: 121->121
[2025-01-20T16:51:01.573-0600][gc,heap     ] GC(43) Humongous regions: 129->129
[2025-01-20T16:51:01.573-0600][gc,metaspace] GC(43) Metaspace: 44306K(44992K)->44306K(44992K) NonClass: 39052K(39424K)->39052K(39424K) Class: 5254K(5568K)->5254K(5568K)
[2025-01-20T16:51:01.573-0600][gc          ] GC(43) Pause Young (Normal) (G1 Evacuation Pause) 354M->258M(1024M) 18.878ms
[2025-01-20T16:51:01.573-0600][gc,cpu      ] GC(43) User=0.04s Sys=0.03s Real=0.02s
[2025-01-20T16:53:40.609-0600][gc,start    ] GC(44) Pause Young (Normal) (G1 Evacuation Pause)
[2025-01-20T16:53:40.611-0600][gc,task     ] GC(44) Using 9 workers of 9 for evacuation
[2025-01-20T16:53:40.629-0600][gc,phases   ] GC(44)   Pre Evacuate Collection Set: 1.59ms
[2025-01-20T16:53:40.629-0600][gc,phases   ] GC(44)   Merge Heap Roots: 0.21ms
[2025-01-20T16:53:40.629-0600][gc,phases   ] GC(44)   Evacuate Collection Set: 15.51ms
[2025-01-20T16:53:40.630-0600][gc,phases   ] GC(44)   Post Evacuate Collection Set: 0.63ms
[2025-01-20T16:53:40.630-0600][gc,phases   ] GC(44)   Other: 0.63ms
[2025-01-20T16:53:40.630-0600][gc,heap     ] GC(44) Eden regions: 44->0(96)
[2025-01-20T16:53:40.630-0600][gc,heap     ] GC(44) Survivor regions: 9->5(7)
[2025-01-20T16:53:40.630-0600][gc,heap     ] GC(44) Old regions: 121->127
[2025-01-20T16:53:40.630-0600][gc,heap     ] GC(44) Humongous regions: 129->129
[2025-01-20T16:53:40.630-0600][gc,metaspace] GC(44) Metaspace: 44306K(44992K)->44306K(44992K) NonClass: 39052K(39424K)->39052K(39424K) Class: 5254K(5568K)->5254K(5568K)
[2025-01-20T16:53:40.630-0600][gc          ] GC(44) Pause Young (Normal) (G1 Evacuation Pause) 302M->260M(1024M) 20.249ms
[2025-01-20T16:53:40.630-0600][gc,cpu      ] GC(44) User=0.04s Sys=0.04s Real=0.03s
[2025-01-20T16:59:39.404-0600][gc,start    ] GC(45) Pause Young (Normal) (G1 Evacuation Pause)
[2025-01-20T16:59:39.405-0600][gc,task     ] GC(45) Using 9 workers of 9 for evacuation
[2025-01-20T16:59:39.422-0600][gc,phases   ] GC(45)   Pre Evacuate Collection Set: 0.82ms
[2025-01-20T16:59:39.422-0600][gc,phases   ] GC(45)   Merge Heap Roots: 0.15ms
[2025-01-20T16:59:39.422-0600][gc,phases   ] GC(45)   Evacuate Collection Set: 14.58ms
[2025-01-20T16:59:39.422-0600][gc,phases   ] GC(45)   Post Evacuate Collection Set: 0.93ms
[2025-01-20T16:59:39.422-0600][gc,phases   ] GC(45)   Other: 0.43ms
[2025-01-20T16:59:39.422-0600][gc,heap     ] GC(45) Eden regions: 100->0(42)
[2025-01-20T16:59:39.422-0600][gc,heap     ] GC(45) Survivor regions: 5->9(14)
[2025-01-20T16:59:39.422-0600][gc,heap     ] GC(45) Old regions: 127->127
[2025-01-20T16:59:39.422-0600][gc,heap     ] GC(45) Humongous regions: 129->129
[2025-01-20T16:59:39.422-0600][gc,metaspace] GC(45) Metaspace: 44310K(44992K)->44310K(44992K) NonClass: 39056K(39424K)->39056K(39424K) Class: 5254K(5568K)->5254K(5568K)
[2025-01-20T16:59:39.423-0600][gc          ] GC(45) Pause Young (Normal) (G1 Evacuation Pause) 360M->264M(1024M) 18.454ms
[2025-01-20T16:59:39.423-0600][gc,cpu      ] GC(45) User=0.05s Sys=0.03s Real=0.02s
[2025-01-20T17:02:12.208-0600][gc,start    ] GC(46) Pause Young (Normal) (G1 Evacuation Pause)
[2025-01-20T17:02:12.208-0600][gc,task     ] GC(46) Using 9 workers of 9 for evacuation
[2025-01-20T17:02:12.223-0600][gc,phases   ] GC(46)   Pre Evacuate Collection Set: 0.73ms
[2025-01-20T17:02:12.224-0600][gc,phases   ] GC(46)   Merge Heap Roots: 0.18ms
[2025-01-20T17:02:12.224-0600][gc,phases   ] GC(46)   Evacuate Collection Set: 13.29ms
[2025-01-20T17:02:12.224-0600][gc,phases   ] GC(46)   Post Evacuate Collection Set: 0.66ms
[2025-01-20T17:02:12.224-0600][gc,phases   ] GC(46)   Other: 0.22ms
[2025-01-20T17:02:12.224-0600][gc,heap     ] GC(46) Eden regions: 43->0(87)
[2025-01-20T17:02:12.224-0600][gc,heap     ] GC(46) Survivor regions: 9->6(7)
[2025-01-20T17:02:12.224-0600][gc,heap     ] GC(46) Old regions: 127->134
[2025-01-20T17:02:12.224-0600][gc,heap     ] GC(46) Humongous regions: 129->129
[2025-01-20T17:02:12.224-0600][gc,metaspace] GC(46) Metaspace: 44313K(44992K)->44313K(44992K) NonClass: 39059K(39424K)->39059K(39424K) Class: 5254K(5568K)->5254K(5568K)
[2025-01-20T17:02:12.224-0600][gc          ] GC(46) Pause Young (Normal) (G1 Evacuation Pause) 307M->267M(1024M) 15.769ms
[2025-01-20T17:02:12.224-0600][gc,cpu      ] GC(46) User=0.04s Sys=0.02s Real=0.02s
[2025-01-20T17:07:22.462-0600][gc,start    ] GC(47) Pause Young (Normal) (G1 Evacuation Pause)
[2025-01-20T17:07:22.463-0600][gc,task     ] GC(47) Using 9 workers of 9 for evacuation
[2025-01-20T17:07:22.478-0600][gc,phases   ] GC(47)   Pre Evacuate Collection Set: 1.14ms
[2025-01-20T17:07:22.478-0600][gc,phases   ] GC(47)   Merge Heap Roots: 0.20ms
[2025-01-20T17:07:22.478-0600][gc,phases   ] GC(47)   Evacuate Collection Set: 12.49ms
[2025-01-20T17:07:22.478-0600][gc,phases   ] GC(47)   Post Evacuate Collection Set: 0.72ms
[2025-01-20T17:07:22.478-0600][gc,phases   ] GC(47)   Other: 0.32ms
[2025-01-20T17:07:22.478-0600][gc,heap     ] GC(47) Eden regions: 87->0(64)
[2025-01-20T17:07:22.478-0600][gc,heap     ] GC(47) Survivor regions: 6->8(12)
[2025-01-20T17:07:22.478-0600][gc,heap     ] GC(47) Old regions: 134->134
[2025-01-20T17:07:22.478-0600][gc,heap     ] GC(47) Humongous regions: 129->129
[2025-01-20T17:07:22.478-0600][gc,metaspace] GC(47) Metaspace: 44333K(44992K)->44333K(44992K) NonClass: 39079K(39424K)->39079K(39424K) Class: 5254K(5568K)->5254K(5568K)
[2025-01-20T17:07:22.478-0600][gc          ] GC(47) Pause Young (Normal) (G1 Evacuation Pause) 354M->270M(1024M) 15.542ms
[2025-01-20T17:07:22.478-0600][gc,cpu      ] GC(47) User=0.03s Sys=0.03s Real=0.01s
[2025-01-20T17:11:13.020-0600][gc,start    ] GC(48) Pause Young (Normal) (G1 Evacuation Pause)
[2025-01-20T17:11:13.021-0600][gc,task     ] GC(48) Using 9 workers of 9 for evacuation
[2025-01-20T17:11:13.042-0600][gc,mmu      ] GC(48) MMU target violated: 20.9ms (20.0ms/21.0ms)
[2025-01-20T17:11:13.042-0600][gc,phases   ] GC(48)   Pre Evacuate Collection Set: 1.59ms
[2025-01-20T17:11:13.042-0600][gc,phases   ] GC(48)   Merge Heap Roots: 0.18ms
[2025-01-20T17:11:13.042-0600][gc,phases   ] GC(48)   Evacuate Collection Set: 17.61ms
[2025-01-20T17:11:13.042-0600][gc,phases   ] GC(48)   Post Evacuate Collection Set: 1.09ms
[2025-01-20T17:11:13.042-0600][gc,phases   ] GC(48)   Other: 0.90ms
[2025-01-20T17:11:13.042-0600][gc,heap     ] GC(48) Eden regions: 64->0(105)
[2025-01-20T17:11:13.042-0600][gc,heap     ] GC(48) Survivor regions: 8->4(9)
[2025-01-20T17:11:13.042-0600][gc,heap     ] GC(48) Old regions: 134->140
[2025-01-20T17:11:13.042-0600][gc,heap     ] GC(48) Humongous regions: 129->129
[2025-01-20T17:11:13.042-0600][gc,metaspace] GC(48) Metaspace: 44338K(44992K)->44338K(44992K) NonClass: 39084K(39424K)->39084K(39424K) Class: 5254K(5568K)->5254K(5568K)
[2025-01-20T17:11:13.043-0600][gc          ] GC(48) Pause Young (Normal) (G1 Evacuation Pause) 334M->272M(1024M) 22.595ms
[2025-01-20T17:11:13.043-0600][gc,cpu      ] GC(48) User=0.04s Sys=0.02s Real=0.02s
[2025-01-20T17:17:42.939-0600][gc,start    ] GC(49) Pause Young (Normal) (G1 Evacuation Pause)
[2025-01-20T17:17:42.941-0600][gc,task     ] GC(49) Using 9 workers of 9 for evacuation
[2025-01-20T17:17:42.958-0600][gc,phases   ] GC(49)   Pre Evacuate Collection Set: 1.29ms
[2025-01-20T17:17:42.958-0600][gc,phases   ] GC(49)   Merge Heap Roots: 0.28ms
[2025-01-20T17:17:42.958-0600][gc,phases   ] GC(49)   Evacuate Collection Set: 13.62ms
[2025-01-20T17:17:42.958-0600][gc,phases   ] GC(49)   Post Evacuate Collection Set: 0.73ms
[2025-01-20T17:17:42.958-0600][gc,phases   ] GC(49)   Other: 0.71ms
[2025-01-20T17:17:42.958-0600][gc,heap     ] GC(49) Eden regions: 108->0(41)
[2025-01-20T17:17:42.958-0600][gc,heap     ] GC(49) Survivor regions: 4->10(14)
[2025-01-20T17:17:42.958-0600][gc,heap     ] GC(49) Old regions: 140->140
[2025-01-20T17:17:42.958-0600][gc,heap     ] GC(49) Humongous regions: 129->129
[2025-01-20T17:17:42.958-0600][gc,metaspace] GC(49) Metaspace: 44343K(44992K)->44343K(44992K) NonClass: 39089K(39424K)->39089K(39424K) Class: 5254K(5568K)->5254K(5568K)
[2025-01-20T17:17:42.958-0600][gc          ] GC(49) Pause Young (Normal) (G1 Evacuation Pause) 380M->277M(1024M) 18.763ms
[2025-01-20T17:17:42.958-0600][gc,cpu      ] GC(49) User=0.04s Sys=0.03s Real=0.02s
[2025-01-20T17:20:08.590-0600][gc,start    ] GC(50) Pause Young (Normal) (G1 Evacuation Pause)
[2025-01-20T17:20:08.591-0600][gc,task     ] GC(50) Using 9 workers of 9 for evacuation
[2025-01-20T17:20:08.611-0600][gc,mmu      ] GC(50) MMU target violated: 20.2ms (20.0ms/21.0ms)
[2025-01-20T17:20:08.612-0600][gc,phases   ] GC(50)   Pre Evacuate Collection Set: 0.64ms
[2025-01-20T17:20:08.612-0600][gc,phases   ] GC(50)   Merge Heap Roots: 0.73ms
[2025-01-20T17:20:08.612-0600][gc,phases   ] GC(50)   Evacuate Collection Set: 18.12ms
[2025-01-20T17:20:08.612-0600][gc,phases   ] GC(50)   Post Evacuate Collection Set: 0.59ms
[2025-01-20T17:20:08.612-0600][gc,phases   ] GC(50)   Other: 0.39ms
[2025-01-20T17:20:08.612-0600][gc,heap     ] GC(50) Eden regions: 41->0(107)
[2025-01-20T17:20:08.612-0600][gc,heap     ] GC(50) Survivor regions: 10->4(7)
[2025-01-20T17:20:08.612-0600][gc,heap     ] GC(50) Old regions: 140->148
[2025-01-20T17:20:08.612-0600][gc,heap     ] GC(50) Humongous regions: 129->129
[2025-01-20T17:20:08.612-0600][gc,metaspace] GC(50) Metaspace: 44347K(44992K)->44347K(44992K) NonClass: 39093K(39424K)->39093K(39424K) Class: 5254K(5568K)->5254K(5568K)
[2025-01-20T17:20:08.612-0600][gc          ] GC(50) Pause Young (Normal) (G1 Evacuation Pause) 318M->279M(1024M) 21.786ms
[2025-01-20T17:20:08.612-0600][gc,cpu      ] GC(50) User=0.04s Sys=0.03s Real=0.02s
[2025-01-20T17:26:33.848-0600][gc,start    ] GC(51) Pause Young (Normal) (G1 Evacuation Pause)
[2025-01-20T17:26:33.850-0600][gc,task     ] GC(51) Using 9 workers of 9 for evacuation
[2025-01-20T17:26:33.880-0600][gc,mmu      ] GC(51) MMU target violated: 21.0ms (20.0ms/21.0ms)
[2025-01-20T17:26:33.880-0600][gc,phases   ] GC(51)   Pre Evacuate Collection Set: 6.26ms
[2025-01-20T17:26:33.880-0600][gc,phases   ] GC(51)   Merge Heap Roots: 0.38ms
[2025-01-20T17:26:33.880-0600][gc,phases   ] GC(51)   Evacuate Collection Set: 17.15ms
[2025-01-20T17:26:33.880-0600][gc,phases   ] GC(51)   Post Evacuate Collection Set: 1.64ms
[2025-01-20T17:26:33.880-0600][gc,phases   ] GC(51)   Other: 4.73ms
[2025-01-20T17:26:33.880-0600][gc,heap     ] GC(51) Eden regions: 108->0(42)
[2025-01-20T17:26:33.880-0600][gc,heap     ] GC(51) Survivor regions: 4->9(14)
[2025-01-20T17:26:33.880-0600][gc,heap     ] GC(51) Old regions: 148->148
[2025-01-20T17:26:33.880-0600][gc,heap     ] GC(51) Humongous regions: 129->129
[2025-01-20T17:26:33.880-0600][gc,metaspace] GC(51) Metaspace: 44347K(44992K)->44347K(44992K) NonClass: 39093K(39424K)->39093K(39424K) Class: 5254K(5568K)->5254K(5568K)
[2025-01-20T17:26:33.880-0600][gc          ] GC(51) Pause Young (Normal) (G1 Evacuation Pause) 387M->285M(1024M) 32.487ms
[2025-01-20T17:26:33.880-0600][gc,cpu      ] GC(51) User=0.02s Sys=0.03s Real=0.04s
[2025-01-20T17:29:02.336-0600][gc,start    ] GC(52) Pause Young (Normal) (G1 Evacuation Pause)
[2025-01-20T17:29:02.337-0600][gc,task     ] GC(52) Using 9 workers of 9 for evacuation
[2025-01-20T17:29:02.350-0600][gc,phases   ] GC(52)   Pre Evacuate Collection Set: 0.77ms
[2025-01-20T17:29:02.350-0600][gc,phases   ] GC(52)   Merge Heap Roots: 0.13ms
[2025-01-20T17:29:02.350-0600][gc,phases   ] GC(52)   Evacuate Collection Set: 9.83ms
[2025-01-20T17:29:02.350-0600][gc,phases   ] GC(52)   Post Evacuate Collection Set: 0.76ms
[2025-01-20T17:29:02.350-0600][gc,phases   ] GC(52)   Other: 1.06ms
[2025-01-20T17:29:02.350-0600][gc,heap     ] GC(52) Eden regions: 42->0(56)
[2025-01-20T17:29:02.350-0600][gc,heap     ] GC(52) Survivor regions: 9->5(7)
[2025-01-20T17:29:02.350-0600][gc,heap     ] GC(52) Old regions: 148->155
[2025-01-20T17:29:02.350-0600][gc,heap     ] GC(52) Humongous regions: 129->129
[2025-01-20T17:29:02.350-0600][gc,metaspace] GC(52) Metaspace: 44353K(44992K)->44353K(44992K) NonClass: 39099K(39424K)->39099K(39424K) Class: 5254K(5568K)->5254K(5568K)
[2025-01-20T17:29:02.350-0600][gc          ] GC(52) Pause Young (Normal) (G1 Evacuation Pause) 327M->287M(1024M) 13.459ms
[2025-01-20T17:29:02.350-0600][gc,cpu      ] GC(52) User=0.03s Sys=0.03s Real=0.02s
[2025-01-20T17:31:53.234-0600][gc,start    ] GC(53) Pause Young (Normal) (G1 Evacuation Pause)
[2025-01-20T17:31:53.235-0600][gc,task     ] GC(53) Using 9 workers of 9 for evacuation
[2025-01-20T17:31:53.246-0600][gc,phases   ] GC(53)   Pre Evacuate Collection Set: 0.76ms
[2025-01-20T17:31:53.246-0600][gc,phases   ] GC(53)   Merge Heap Roots: 0.16ms
[2025-01-20T17:31:53.246-0600][gc,phases   ] GC(53)   Evacuate Collection Set: 8.73ms
[2025-01-20T17:31:53.246-0600][gc,phases   ] GC(53)   Post Evacuate Collection Set: 0.90ms
[2025-01-20T17:31:53.246-0600][gc,phases   ] GC(53)   Other: 0.43ms
[2025-01-20T17:31:53.246-0600][gc,heap     ] GC(53) Eden regions: 51->0(72)
[2025-01-20T17:31:53.246-0600][gc,heap     ] GC(53) Survivor regions: 5->5(7)
[2025-01-20T17:31:53.246-0600][gc,heap     ] GC(53) Old regions: 155->157
[2025-01-20T17:31:53.246-0600][gc,heap     ] GC(53) Humongous regions: 129->129
[2025-01-20T17:31:53.246-0600][gc,metaspace] GC(53) Metaspace: 44361K(45056K)->44361K(45056K) NonClass: 39107K(39488K)->39107K(39488K) Class: 5254K(5568K)->5254K(5568K)
[2025-01-20T17:31:53.247-0600][gc          ] GC(53) Pause Young (Normal) (G1 Evacuation Pause) 338M->290M(1024M) 12.937ms
[2025-01-20T17:31:53.247-0600][gc,cpu      ] GC(53) User=0.03s Sys=0.01s Real=0.01s
[2025-01-20T17:35:30.423-0600][gc,start    ] GC(54) Pause Young (Normal) (G1 Evacuation Pause)
[2025-01-20T17:35:30.424-0600][gc,task     ] GC(54) Using 9 workers of 9 for evacuation
[2025-01-20T17:35:30.439-0600][gc,phases   ] GC(54)   Pre Evacuate Collection Set: 0.99ms
[2025-01-20T17:35:30.439-0600][gc,phases   ] GC(54)   Merge Heap Roots: 0.20ms
[2025-01-20T17:35:30.439-0600][gc,phases   ] GC(54)   Evacuate Collection Set: 12.62ms
[2025-01-20T17:35:30.439-0600][gc,phases   ] GC(54)   Post Evacuate Collection Set: 0.78ms
[2025-01-20T17:35:30.439-0600][gc,phases   ] GC(54)   Other: 0.25ms
[2025-01-20T17:35:30.439-0600][gc,heap     ] GC(54) Eden regions: 60->0(43)
[2025-01-20T17:35:30.439-0600][gc,heap     ] GC(54) Survivor regions: 5->8(9)
[2025-01-20T17:35:30.439-0600][gc,heap     ] GC(54) Old regions: 157->157
[2025-01-20T17:35:30.440-0600][gc,heap     ] GC(54) Humongous regions: 129->129
[2025-01-20T17:35:30.440-0600][gc,metaspace] GC(54) Metaspace: 44362K(45056K)->44362K(45056K) NonClass: 39108K(39488K)->39108K(39488K) Class: 5254K(5568K)->5254K(5568K)
[2025-01-20T17:35:30.440-0600][gc          ] GC(54) Pause Young (Normal) (G1 Evacuation Pause) 350M->292M(1024M) 16.130ms
[2025-01-20T17:35:30.440-0600][gc,cpu      ] GC(54) User=0.04s Sys=0.03s Real=0.02s
[2025-01-20T17:38:02.773-0600][gc,start    ] GC(55) Pause Young (Normal) (G1 Evacuation Pause)
[2025-01-20T17:38:02.773-0600][gc,task     ] GC(55) Using 9 workers of 9 for evacuation
[2025-01-20T17:38:02.784-0600][gc,phases   ] GC(55)   Pre Evacuate Collection Set: 0.37ms
[2025-01-20T17:38:02.784-0600][gc,phases   ] GC(55)   Merge Heap Roots: 0.09ms
[2025-01-20T17:38:02.784-0600][gc,phases   ] GC(55)   Evacuate Collection Set: 8.94ms
[2025-01-20T17:38:02.784-0600][gc,phases   ] GC(55)   Post Evacuate Collection Set: 0.66ms
[2025-01-20T17:38:02.784-0600][gc,phases   ] GC(55)   Other: 0.19ms
[2025-01-20T17:38:02.784-0600][gc,heap     ] GC(55) Eden regions: 43->0(110)
[2025-01-20T17:38:02.784-0600][gc,heap     ] GC(55) Survivor regions: 8->5(7)
[2025-01-20T17:38:02.784-0600][gc,heap     ] GC(55) Old regions: 157->160
[2025-01-20T17:38:02.784-0600][gc,heap     ] GC(55) Humongous regions: 129->129
[2025-01-20T17:38:02.784-0600][gc,metaspace] GC(55) Metaspace: 44363K(45056K)->44363K(45056K) NonClass: 39109K(39488K)->39109K(39488K) Class: 5254K(5568K)->5254K(5568K)
[2025-01-20T17:38:02.784-0600][gc          ] GC(55) Pause Young (Normal) (G1 Evacuation Pause) 335M->293M(1024M) 11.137ms
[2025-01-20T17:38:02.784-0600][gc,cpu      ] GC(55) User=0.03s Sys=0.01s Real=0.01s
[2025-01-20T17:45:21.063-0600][gc,start    ] GC(56) Pause Young (Normal) (G1 Evacuation Pause)
[2025-01-20T17:45:21.064-0600][gc,task     ] GC(56) Using 9 workers of 9 for evacuation
[2025-01-20T17:45:21.079-0600][gc,phases   ] GC(56)   Pre Evacuate Collection Set: 0.98ms
[2025-01-20T17:45:21.080-0600][gc,phases   ] GC(56)   Merge Heap Roots: 0.16ms
[2025-01-20T17:45:21.080-0600][gc,phases   ] GC(56)   Evacuate Collection Set: 12.68ms
[2025-01-20T17:45:21.080-0600][gc,phases   ] GC(56)   Post Evacuate Collection Set: 0.99ms
[2025-01-20T17:45:21.080-0600][gc,phases   ] GC(56)   Other: 0.65ms
[2025-01-20T17:45:21.080-0600][gc,heap     ] GC(56) Eden regions: 122->0(90)
[2025-01-20T17:45:21.080-0600][gc,heap     ] GC(56) Survivor regions: 5->9(16)
[2025-01-20T17:45:21.080-0600][gc,heap     ] GC(56) Old regions: 160->160
[2025-01-20T17:45:21.080-0600][gc,heap     ] GC(56) Humongous regions: 129->129
[2025-01-20T17:45:21.080-0600][gc,metaspace] GC(56) Metaspace: 44366K(45056K)->44366K(45056K) NonClass: 39112K(39488K)->39112K(39488K) Class: 5254K(5568K)->5254K(5568K)
[2025-01-20T17:45:21.080-0600][gc          ] GC(56) Pause Young (Normal) (G1 Evacuation Pause) 415M->296M(1024M) 17.055ms
[2025-01-20T17:45:21.080-0600][gc,cpu      ] GC(56) User=0.04s Sys=0.01s Real=0.02s
[2025-01-20T17:51:53.701-0600][gc,start    ] GC(57) Pause Young (Normal) (G1 Evacuation Pause)
[2025-01-20T17:51:53.701-0600][gc,task     ] GC(57) Using 9 workers of 9 for evacuation
[2025-01-20T17:51:53.719-0600][gc,phases   ] GC(57)   Pre Evacuate Collection Set: 0.81ms
[2025-01-20T17:51:53.719-0600][gc,phases   ] GC(57)   Merge Heap Roots: 0.15ms
[2025-01-20T17:51:53.719-0600][gc,phases   ] GC(57)   Evacuate Collection Set: 15.49ms
[2025-01-20T17:51:53.719-0600][gc,phases   ] GC(57)   Post Evacuate Collection Set: 0.90ms
[2025-01-20T17:51:53.719-0600][gc,phases   ] GC(57)   Other: 0.35ms
[2025-01-20T17:51:53.719-0600][gc,heap     ] GC(57) Eden regions: 108->0(37)
[2025-01-20T17:51:53.719-0600][gc,heap     ] GC(57) Survivor regions: 9->14(15)
[2025-01-20T17:51:53.719-0600][gc,heap     ] GC(57) Old regions: 160->160
[2025-01-20T17:51:53.719-0600][gc,heap     ] GC(57) Humongous regions: 129->129
[2025-01-20T17:51:53.719-0600][gc,metaspace] GC(57) Metaspace: 44367K(45056K)->44367K(45056K) NonClass: 39113K(39488K)->39113K(39488K) Class: 5254K(5568K)->5254K(5568K)
[2025-01-20T17:51:53.719-0600][gc          ] GC(57) Pause Young (Normal) (G1 Evacuation Pause) 404M->302M(1024M) 18.786ms
[2025-01-20T17:51:53.720-0600][gc,cpu      ] GC(57) User=0.05s Sys=0.02s Real=0.02s
[2025-01-20T17:54:05.612-0600][gc,start    ] GC(58) Pause Young (Normal) (G1 Evacuation Pause)
[2025-01-20T17:54:05.613-0600][gc,task     ] GC(58) Using 9 workers of 9 for evacuation
[2025-01-20T17:54:05.622-0600][gc,phases   ] GC(58)   Pre Evacuate Collection Set: 0.87ms
[2025-01-20T17:54:05.622-0600][gc,phases   ] GC(58)   Merge Heap Roots: 0.15ms
[2025-01-20T17:54:05.622-0600][gc,phases   ] GC(58)   Evacuate Collection Set: 6.80ms
[2025-01-20T17:54:05.622-0600][gc,phases   ] GC(58)   Post Evacuate Collection Set: 0.51ms
[2025-01-20T17:54:05.622-0600][gc,phases   ] GC(58)   Other: 0.31ms
[2025-01-20T17:54:05.622-0600][gc,heap     ] GC(58) Eden regions: 37->0(121)
[2025-01-20T17:54:05.622-0600][gc,heap     ] GC(58) Survivor regions: 14->5(7)
[2025-01-20T17:54:05.622-0600][gc,heap     ] GC(58) Old regions: 160->171
[2025-01-20T17:54:05.622-0600][gc,heap     ] GC(58) Humongous regions: 129->129
[2025-01-20T17:54:05.622-0600][gc,metaspace] GC(58) Metaspace: 44367K(45056K)->44367K(45056K) NonClass: 39113K(39488K)->39113K(39488K) Class: 5254K(5568K)->5254K(5568K)
[2025-01-20T17:54:05.622-0600][gc          ] GC(58) Pause Young (Normal) (G1 Evacuation Pause) 339M->303M(1024M) 9.356ms
[2025-01-20T17:54:05.622-0600][gc,cpu      ] GC(58) User=0.02s Sys=0.03s Real=0.01s
[2025-01-20T18:01:21.068-0600][gc,start    ] GC(59) Pause Young (Normal) (G1 Evacuation Pause)
[2025-01-20T18:01:21.069-0600][gc,task     ] GC(59) Using 9 workers of 9 for evacuation
[2025-01-20T18:01:21.081-0600][gc,phases   ] GC(59)   Pre Evacuate Collection Set: 1.04ms
[2025-01-20T18:01:21.081-0600][gc,phases   ] GC(59)   Merge Heap Roots: 0.13ms
[2025-01-20T18:01:21.081-0600][gc,phases   ] GC(59)   Evacuate Collection Set: 9.80ms
[2025-01-20T18:01:21.082-0600][gc,phases   ] GC(59)   Post Evacuate Collection Set: 0.76ms
[2025-01-20T18:01:21.082-0600][gc,phases   ] GC(59)   Other: 0.41ms
[2025-01-20T18:01:21.082-0600][gc,heap     ] GC(59) Eden regions: 121->0(114)
[2025-01-20T18:01:21.082-0600][gc,heap     ] GC(59) Survivor regions: 5->8(16)
[2025-01-20T18:01:21.082-0600][gc,heap     ] GC(59) Old regions: 171->171
[2025-01-20T18:01:21.082-0600][gc,heap     ] GC(59) Humongous regions: 129->129
[2025-01-20T18:01:21.082-0600][gc,metaspace] GC(59) Metaspace: 44377K(45120K)->44377K(45120K) NonClass: 39123K(39552K)->39123K(39552K) Class: 5254K(5568K)->5254K(5568K)
[2025-01-20T18:01:21.082-0600][gc          ] GC(59) Pause Young (Normal) (G1 Evacuation Pause) 424M->307M(1024M) 14.121ms
[2025-01-20T18:01:21.082-0600][gc,cpu      ] GC(59) User=0.04s Sys=0.02s Real=0.02s
[2025-01-20T18:08:15.721-0600][gc,start    ] GC(60) Pause Young (Normal) (G1 Evacuation Pause)
[2025-01-20T18:08:15.722-0600][gc,task     ] GC(60) Using 9 workers of 9 for evacuation
[2025-01-20T18:08:15.743-0600][gc,mmu      ] GC(60) MMU target violated: 20.5ms (20.0ms/21.0ms)
[2025-01-20T18:08:15.743-0600][gc,phases   ] GC(60)   Pre Evacuate Collection Set: 1.03ms
[2025-01-20T18:08:15.743-0600][gc,phases   ] GC(60)   Merge Heap Roots: 0.20ms
[2025-01-20T18:08:15.743-0600][gc,phases   ] GC(60)   Evacuate Collection Set: 18.01ms
[2025-01-20T18:08:15.743-0600][gc,phases   ] GC(60)   Post Evacuate Collection Set: 1.05ms
[2025-01-20T18:08:15.743-0600][gc,phases   ] GC(60)   Other: 0.63ms
[2025-01-20T18:08:15.743-0600][gc,heap     ] GC(60) Eden regions: 114->0(36)
[2025-01-20T18:08:15.743-0600][gc,heap     ] GC(60) Survivor regions: 8->15(16)
[2025-01-20T18:08:15.743-0600][gc,heap     ] GC(60) Old regions: 171->171
[2025-01-20T18:08:15.744-0600][gc,heap     ] GC(60) Humongous regions: 129->129
[2025-01-20T18:08:15.744-0600][gc,metaspace] GC(60) Metaspace: 44382K(45120K)->44382K(45120K) NonClass: 39128K(39552K)->39128K(39552K) Class: 5254K(5568K)->5254K(5568K)
[2025-01-20T18:08:15.744-0600][gc          ] GC(60) Pause Young (Normal) (G1 Evacuation Pause) 421M->313M(1024M) 22.224ms
[2025-01-20T18:08:15.744-0600][gc,cpu      ] GC(60) User=0.06s Sys=0.03s Real=0.02s
[2025-01-20T18:10:23.695-0600][gc,start    ] GC(61) Pause Young (Normal) (G1 Evacuation Pause)
[2025-01-20T18:10:23.696-0600][gc,task     ] GC(61) Using 9 workers of 9 for evacuation
[2025-01-20T18:10:23.711-0600][gc,phases   ] GC(61)   Pre Evacuate Collection Set: 0.96ms
[2025-01-20T18:10:23.711-0600][gc,phases   ] GC(61)   Merge Heap Roots: 0.22ms
[2025-01-20T18:10:23.711-0600][gc,phases   ] GC(61)   Evacuate Collection Set: 12.49ms
[2025-01-20T18:10:23.711-0600][gc,phases   ] GC(61)   Post Evacuate Collection Set: 1.04ms
[2025-01-20T18:10:23.711-0600][gc,phases   ] GC(61)   Other: 0.50ms
[2025-01-20T18:10:23.711-0600][gc,heap     ] GC(61) Eden regions: 36->0(138)
[2025-01-20T18:10:23.711-0600][gc,heap     ] GC(61) Survivor regions: 15->4(7)
[2025-01-20T18:10:23.711-0600][gc,heap     ] GC(61) Old regions: 171->183
[2025-01-20T18:10:23.711-0600][gc,heap     ] GC(61) Humongous regions: 129->129
[2025-01-20T18:10:23.711-0600][gc,metaspace] GC(61) Metaspace: 44382K(45120K)->44382K(45120K) NonClass: 39128K(39552K)->39128K(39552K) Class: 5254K(5568K)->5254K(5568K)
[2025-01-20T18:10:23.711-0600][gc          ] GC(61) Pause Young (Normal) (G1 Evacuation Pause) 349M->315M(1024M) 16.473ms
[2025-01-20T18:10:23.711-0600][gc,cpu      ] GC(61) User=0.04s Sys=0.02s Real=0.02s
[2025-01-20T18:18:42.722-0600][gc,start    ] GC(62) Pause Young (Normal) (G1 Evacuation Pause)
[2025-01-20T18:18:42.723-0600][gc,task     ] GC(62) Using 9 workers of 9 for evacuation
[2025-01-20T18:18:42.754-0600][gc,mmu      ] GC(62) MMU target violated: 21.0ms (20.0ms/21.0ms)
[2025-01-20T18:18:42.754-0600][gc,phases   ] GC(62)   Pre Evacuate Collection Set: 0.97ms
[2025-01-20T18:18:42.754-0600][gc,phases   ] GC(62)   Merge Heap Roots: 0.22ms
[2025-01-20T18:18:42.754-0600][gc,phases   ] GC(62)   Evacuate Collection Set: 28.27ms
[2025-01-20T18:18:42.754-0600][gc,phases   ] GC(62)   Post Evacuate Collection Set: 0.95ms
[2025-01-20T18:18:42.754-0600][gc,phases   ] GC(62)   Other: 0.62ms
[2025-01-20T18:18:42.754-0600][gc,heap     ] GC(62) Eden regions: 139->0(41)
[2025-01-20T18:18:42.754-0600][gc,heap     ] GC(62) Survivor regions: 4->10(18)
[2025-01-20T18:18:42.754-0600][gc,heap     ] GC(62) Old regions: 183->183
[2025-01-20T18:18:42.754-0600][gc,heap     ] GC(62) Humongous regions: 129->129
[2025-01-20T18:18:42.754-0600][gc,metaspace] GC(62) Metaspace: 44383K(45120K)->44383K(45120K) NonClass: 39128K(39552K)->39128K(39552K) Class: 5254K(5568K)->5254K(5568K)
[2025-01-20T18:18:42.754-0600][gc          ] GC(62) Pause Young (Normal) (G1 Evacuation Pause) 454M->320M(1024M) 32.204ms
[2025-01-20T18:18:42.754-0600][gc,cpu      ] GC(62) User=0.04s Sys=0.02s Real=0.03s
[2025-01-20T18:21:09.066-0600][gc,start    ] GC(63) Pause Young (Normal) (G1 Evacuation Pause)
[2025-01-20T18:21:09.067-0600][gc,task     ] GC(63) Using 9 workers of 9 for evacuation
[2025-01-20T18:21:09.089-0600][gc,mmu      ] GC(63) MMU target violated: 21.0ms (20.0ms/21.0ms)
[2025-01-20T18:21:09.089-0600][gc,phases   ] GC(63)   Pre Evacuate Collection Set: 1.26ms
[2025-01-20T18:21:09.090-0600][gc,phases   ] GC(63)   Merge Heap Roots: 0.27ms
[2025-01-20T18:21:09.090-0600][gc,phases   ] GC(63)   Evacuate Collection Set: 13.48ms
[2025-01-20T18:21:09.090-0600][gc,phases   ] GC(63)   Post Evacuate Collection Set: 6.14ms
[2025-01-20T18:21:09.090-0600][gc,phases   ] GC(63)   Other: 0.81ms
[2025-01-20T18:21:09.090-0600][gc,heap     ] GC(63) Eden regions: 41->0(57)
[2025-01-20T18:21:09.090-0600][gc,heap     ] GC(63) Survivor regions: 10->4(7)
[2025-01-20T18:21:09.090-0600][gc,heap     ] GC(63) Old regions: 183->191
[2025-01-20T18:21:09.090-0600][gc,heap     ] GC(63) Humongous regions: 129->129
[2025-01-20T18:21:09.090-0600][gc,metaspace] GC(63) Metaspace: 44383K(45120K)->44383K(45120K) NonClass: 39128K(39552K)->39128K(39552K) Class: 5254K(5568K)->5254K(5568K)
[2025-01-20T18:21:09.090-0600][gc          ] GC(63) Pause Young (Normal) (G1 Evacuation Pause) 361M->323M(1024M) 23.598ms
[2025-01-20T18:21:09.090-0600][gc,cpu      ] GC(63) User=0.04s Sys=0.03s Real=0.03s
[2025-01-20T18:24:32.606-0600][gc,start    ] GC(64) Pause Young (Normal) (G1 Evacuation Pause)
[2025-01-20T18:24:32.606-0600][gc,task     ] GC(64) Using 9 workers of 9 for evacuation
[2025-01-20T18:24:32.618-0600][gc,phases   ] GC(64)   Pre Evacuate Collection Set: 0.75ms
[2025-01-20T18:24:32.618-0600][gc,phases   ] GC(64)   Merge Heap Roots: 0.19ms
[2025-01-20T18:24:32.618-0600][gc,phases   ] GC(64)   Evacuate Collection Set: 9.02ms
[2025-01-20T18:24:32.618-0600][gc,phases   ] GC(64)   Post Evacuate Collection Set: 0.85ms
[2025-01-20T18:24:32.618-0600][gc,phases   ] GC(64)   Other: 0.59ms
[2025-01-20T18:24:32.618-0600][gc,heap     ] GC(64) Eden regions: 57->0(51)
[2025-01-20T18:24:32.618-0600][gc,heap     ] GC(64) Survivor regions: 4->6(8)
[2025-01-20T18:24:32.618-0600][gc,heap     ] GC(64) Old regions: 191->191
[2025-01-20T18:24:32.618-0600][gc,heap     ] GC(64) Humongous regions: 129->129
[2025-01-20T18:24:32.618-0600][gc,metaspace] GC(64) Metaspace: 44384K(45120K)->44384K(45120K) NonClass: 39130K(39552K)->39130K(39552K) Class: 5254K(5568K)->5254K(5568K)
[2025-01-20T18:24:32.618-0600][gc          ] GC(64) Pause Young (Normal) (G1 Evacuation Pause) 380M->324M(1024M) 12.267ms
[2025-01-20T18:24:32.618-0600][gc,cpu      ] GC(64) User=0.03s Sys=0.01s Real=0.01s
[2025-01-20T18:27:30.823-0600][gc,start    ] GC(65) Pause Young (Normal) (G1 Evacuation Pause)
[2025-01-20T18:27:30.824-0600][gc,task     ] GC(65) Using 9 workers of 9 for evacuation
[2025-01-20T18:27:30.859-0600][gc,mmu      ] GC(65) MMU target violated: 21.0ms (20.0ms/21.0ms)
[2025-01-20T18:27:30.859-0600][gc,phases   ] GC(65)   Pre Evacuate Collection Set: 2.63ms
[2025-01-20T18:27:30.859-0600][gc,phases   ] GC(65)   Merge Heap Roots: 0.57ms
[2025-01-20T18:27:30.859-0600][gc,phases   ] GC(65)   Evacuate Collection Set: 27.33ms
[2025-01-20T18:27:30.859-0600][gc,phases   ] GC(65)   Post Evacuate Collection Set: 4.14ms
[2025-01-20T18:27:30.859-0600][gc,phases   ] GC(65)   Other: 1.00ms
[2025-01-20T18:27:30.859-0600][gc,heap     ] GC(65) Eden regions: 50->0(44)
[2025-01-20T18:27:30.859-0600][gc,heap     ] GC(65) Survivor regions: 6->7(7)
[2025-01-20T18:27:30.859-0600][gc,heap     ] GC(65) Old regions: 191->193
[2025-01-20T18:27:30.859-0600][gc,heap     ] GC(65) Humongous regions: 129->129
[2025-01-20T18:27:30.859-0600][gc,metaspace] GC(65) Metaspace: 44384K(45120K)->44384K(45120K) NonClass: 39130K(39552K)->39130K(39552K) Class: 5254K(5568K)->5254K(5568K)
[2025-01-20T18:27:30.860-0600][gc          ] GC(65) Pause Young (Normal) (G1 Evacuation Pause) 374M->328M(1024M) 37.026ms
[2025-01-20T18:27:30.860-0600][gc,cpu      ] GC(65) User=0.03s Sys=0.06s Real=0.04s
[2025-01-20T18:30:08.849-0600][gc,start    ] GC(66) Pause Young (Normal) (G1 Evacuation Pause)
[2025-01-20T18:30:08.851-0600][gc,task     ] GC(66) Using 9 workers of 9 for evacuation
[2025-01-20T18:30:08.870-0600][gc,phases   ] GC(66)   Pre Evacuate Collection Set: 1.41ms
[2025-01-20T18:30:08.870-0600][gc,phases   ] GC(66)   Merge Heap Roots: 0.22ms
[2025-01-20T18:30:08.871-0600][gc,phases   ] GC(66)   Evacuate Collection Set: 16.18ms
[2025-01-20T18:30:08.871-0600][gc,phases   ] GC(66)   Post Evacuate Collection Set: 0.81ms
[2025-01-20T18:30:08.871-0600][gc,phases   ] GC(66)   Other: 0.51ms
[2025-01-20T18:30:08.871-0600][gc,heap     ] GC(66) Eden regions: 44->0(46)
[2025-01-20T18:30:08.871-0600][gc,heap     ] GC(66) Survivor regions: 7->5(7)
[2025-01-20T18:30:08.871-0600][gc,heap     ] GC(66) Old regions: 193->198
[2025-01-20T18:30:08.871-0600][gc,heap     ] GC(66) Humongous regions: 129->129
[2025-01-20T18:30:08.871-0600][gc,metaspace] GC(66) Metaspace: 44384K(45120K)->44384K(45120K) NonClass: 39130K(39552K)->39130K(39552K) Class: 5254K(5568K)->5254K(5568K)
[2025-01-20T18:30:08.871-0600][gc          ] GC(66) Pause Young (Normal) (G1 Evacuation Pause) 372M->331M(1024M) 21.455ms
[2025-01-20T18:30:08.871-0600][gc,cpu      ] GC(66) User=0.04s Sys=0.05s Real=0.03s
[2025-01-20T18:32:42.212-0600][gc,start    ] GC(67) Pause Young (Normal) (G1 Evacuation Pause)
[2025-01-20T18:32:42.213-0600][gc,task     ] GC(67) Using 9 workers of 9 for evacuation
[2025-01-20T18:32:42.226-0600][gc,phases   ] GC(67)   Pre Evacuate Collection Set: 1.14ms
[2025-01-20T18:32:42.226-0600][gc,phases   ] GC(67)   Merge Heap Roots: 0.21ms
[2025-01-20T18:32:42.226-0600][gc,phases   ] GC(67)   Evacuate Collection Set: 9.03ms
[2025-01-20T18:32:42.226-0600][gc,phases   ] GC(67)   Post Evacuate Collection Set: 0.91ms
[2025-01-20T18:32:42.226-0600][gc,phases   ] GC(67)   Other: 0.92ms
[2025-01-20T18:32:42.226-0600][gc,heap     ] GC(67) Eden regions: 46->0(49)
[2025-01-20T18:32:42.226-0600][gc,heap     ] GC(67) Survivor regions: 5->4(7)
[2025-01-20T18:32:42.226-0600][gc,heap     ] GC(67) Old regions: 198->200
[2025-01-20T18:32:42.226-0600][gc,heap     ] GC(67) Humongous regions: 129->129
[2025-01-20T18:32:42.226-0600][gc,metaspace] GC(67) Metaspace: 44392K(45120K)->44392K(45120K) NonClass: 39137K(39552K)->39137K(39552K) Class: 5254K(5568K)->5254K(5568K)
[2025-01-20T18:32:42.226-0600][gc          ] GC(67) Pause Young (Normal) (G1 Evacuation Pause) 377M->333M(1024M) 14.532ms
[2025-01-20T18:32:42.226-0600][gc,cpu      ] GC(67) User=0.03s Sys=0.03s Real=0.01s
[2025-01-20T18:35:31.311-0600][gc,start    ] GC(68) Pause Young (Normal) (G1 Evacuation Pause)
[2025-01-20T18:35:31.312-0600][gc,task     ] GC(68) Using 9 workers of 9 for evacuation
[2025-01-20T18:35:31.326-0600][gc,phases   ] GC(68)   Pre Evacuate Collection Set: 0.99ms
[2025-01-20T18:35:31.326-0600][gc,phases   ] GC(68)   Merge Heap Roots: 0.32ms
[2025-01-20T18:35:31.326-0600][gc,phases   ] GC(68)   Evacuate Collection Set: 10.57ms
[2025-01-20T18:35:31.326-0600][gc,phases   ] GC(68)   Post Evacuate Collection Set: 0.83ms
[2025-01-20T18:35:31.326-0600][gc,phases   ] GC(68)   Other: 0.52ms
[2025-01-20T18:35:31.326-0600][gc,heap     ] GC(68) Eden regions: 47->0(83)
[2025-01-20T18:35:31.326-0600][gc,heap     ] GC(68) Survivor regions: 4->3(7)
[2025-01-20T18:35:31.326-0600][gc,heap     ] GC(68) Old regions: 200->203
[2025-01-20T18:35:31.326-0600][gc,heap     ] GC(68) Humongous regions: 129->129
[2025-01-20T18:35:31.326-0600][gc,metaspace] GC(68) Metaspace: 44392K(45120K)->44392K(45120K) NonClass: 39137K(39552K)->39137K(39552K) Class: 5254K(5568K)->5254K(5568K)
[2025-01-20T18:35:31.326-0600][gc          ] GC(68) Pause Young (Normal) (G1 Evacuation Pause) 380M->334M(1024M) 15.433ms
[2025-01-20T18:35:31.326-0600][gc,cpu      ] GC(68) User=0.03s Sys=0.03s Real=0.01s
[2025-01-20T18:41:52.022-0600][gc,start    ] GC(69) Pause Young (Normal) (G1 Evacuation Pause)
[2025-01-20T18:41:52.023-0600][gc,task     ] GC(69) Using 9 workers of 9 for evacuation
[2025-01-20T18:41:52.045-0600][gc,mmu      ] GC(69) MMU target violated: 21.0ms (20.0ms/21.0ms)
[2025-01-20T18:41:52.045-0600][gc,phases   ] GC(69)   Pre Evacuate Collection Set: 1.34ms
[2025-01-20T18:41:52.045-0600][gc,phases   ] GC(69)   Merge Heap Roots: 0.14ms
[2025-01-20T18:41:52.045-0600][gc,phases   ] GC(69)   Evacuate Collection Set: 18.82ms
[2025-01-20T18:41:52.046-0600][gc,phases   ] GC(69)   Post Evacuate Collection Set: 1.33ms
[2025-01-20T18:41:52.046-0600][gc,phases   ] GC(69)   Other: 0.80ms
[2025-01-20T18:41:52.046-0600][gc,heap     ] GC(69) Eden regions: 106->0(43)
[2025-01-20T18:41:52.046-0600][gc,heap     ] GC(69) Survivor regions: 3->8(14)
[2025-01-20T18:41:52.046-0600][gc,heap     ] GC(69) Old regions: 203->203
[2025-01-20T18:41:52.046-0600][gc,heap     ] GC(69) Humongous regions: 129->129
[2025-01-20T18:41:52.046-0600][gc,metaspace] GC(69) Metaspace: 44400K(45120K)->44400K(45120K) NonClass: 39145K(39552K)->39145K(39552K) Class: 5254K(5568K)->5254K(5568K)
[2025-01-20T18:41:52.046-0600][gc          ] GC(69) Pause Young (Normal) (G1 Evacuation Pause) 440M->338M(1024M) 23.923ms
[2025-01-20T18:41:52.046-0600][gc,cpu      ] GC(69) User=0.04s Sys=0.05s Real=0.02s
[2025-01-20T18:44:26.931-0600][gc,start    ] GC(70) Pause Young (Normal) (G1 Evacuation Pause)
[2025-01-20T18:44:26.932-0600][gc,task     ] GC(70) Using 9 workers of 9 for evacuation
[2025-01-20T18:44:26.946-0600][gc,phases   ] GC(70)   Pre Evacuate Collection Set: 1.02ms
[2025-01-20T18:44:26.946-0600][gc,phases   ] GC(70)   Merge Heap Roots: 0.17ms
[2025-01-20T18:44:26.946-0600][gc,phases   ] GC(70)   Evacuate Collection Set: 11.57ms
[2025-01-20T18:44:26.946-0600][gc,phases   ] GC(70)   Post Evacuate Collection Set: 0.79ms
[2025-01-20T18:44:26.946-0600][gc,phases   ] GC(70)   Other: 0.37ms
[2025-01-20T18:44:26.946-0600][gc,heap     ] GC(70) Eden regions: 43->0(56)
[2025-01-20T18:44:26.946-0600][gc,heap     ] GC(70) Survivor regions: 8->5(7)
[2025-01-20T18:44:26.946-0600][gc,heap     ] GC(70) Old regions: 203->209
[2025-01-20T18:44:26.946-0600][gc,heap     ] GC(70) Humongous regions: 129->129
[2025-01-20T18:44:26.946-0600][gc,metaspace] GC(70) Metaspace: 44400K(45120K)->44400K(45120K) NonClass: 39145K(39552K)->39145K(39552K) Class: 5254K(5568K)->5254K(5568K)
[2025-01-20T18:44:26.946-0600][gc          ] GC(70) Pause Young (Normal) (G1 Evacuation Pause) 381M->341M(1024M) 14.866ms
[2025-01-20T18:44:26.946-0600][gc,cpu      ] GC(70) User=0.04s Sys=0.02s Real=0.01s
[2025-01-20T18:48:01.380-0600][gc,start    ] GC(71) Pause Young (Normal) (G1 Evacuation Pause)
[2025-01-20T18:48:01.381-0600][gc,task     ] GC(71) Using 9 workers of 9 for evacuation
[2025-01-20T18:48:01.393-0600][gc,phases   ] GC(71)   Pre Evacuate Collection Set: 1.51ms
[2025-01-20T18:48:01.394-0600][gc,phases   ] GC(71)   Merge Heap Roots: 0.33ms
[2025-01-20T18:48:01.394-0600][gc,phases   ] GC(71)   Evacuate Collection Set: 8.75ms
[2025-01-20T18:48:01.394-0600][gc,phases   ] GC(71)   Post Evacuate Collection Set: 1.16ms
[2025-01-20T18:48:01.394-0600][gc,phases   ] GC(71)   Other: 0.54ms
[2025-01-20T18:48:01.394-0600][gc,heap     ] GC(71) Eden regions: 60->0(63)
[2025-01-20T18:48:01.394-0600][gc,heap     ] GC(71) Survivor regions: 5->6(9)
[2025-01-20T18:48:01.394-0600][gc,heap     ] GC(71) Old regions: 209->209
[2025-01-20T18:48:01.394-0600][gc,heap     ] GC(71) Humongous regions: 129->129
[2025-01-20T18:48:01.394-0600][gc,metaspace] GC(71) Metaspace: 44408K(45120K)->44408K(45120K) NonClass: 39154K(39552K)->39154K(39552K) Class: 5254K(5568K)->5254K(5568K)
[2025-01-20T18:48:01.394-0600][gc          ] GC(71) Pause Young (Normal) (G1 Evacuation Pause) 401M->343M(1024M) 14.380ms
[2025-01-20T18:48:01.394-0600][gc,cpu      ] GC(71) User=0.03s Sys=0.02s Real=0.01s
[2025-01-20T18:51:54.558-0600][gc,start    ] GC(72) Pause Young (Normal) (G1 Evacuation Pause)
[2025-01-20T18:51:54.559-0600][gc,task     ] GC(72) Using 9 workers of 9 for evacuation
[2025-01-20T18:51:54.577-0600][gc,phases   ] GC(72)   Pre Evacuate Collection Set: 1.63ms
[2025-01-20T18:51:54.577-0600][gc,phases   ] GC(72)   Merge Heap Roots: 0.37ms
[2025-01-20T18:51:54.577-0600][gc,phases   ] GC(72)   Evacuate Collection Set: 14.58ms
[2025-01-20T18:51:54.577-0600][gc,phases   ] GC(72)   Post Evacuate Collection Set: 0.86ms
[2025-01-20T18:51:54.577-0600][gc,phases   ] GC(72)   Other: 0.40ms
[2025-01-20T18:51:54.577-0600][gc,heap     ] GC(72) Eden regions: 65->0(53)
[2025-01-20T18:51:54.577-0600][gc,heap     ] GC(72) Survivor regions: 6->7(9)
[2025-01-20T18:51:54.577-0600][gc,heap     ] GC(72) Old regions: 209->211
[2025-01-20T18:51:54.577-0600][gc,heap     ] GC(72) Humongous regions: 129->129
[2025-01-20T18:51:54.577-0600][gc,metaspace] GC(72) Metaspace: 44413K(45120K)->44413K(45120K) NonClass: 39159K(39552K)->39159K(39552K) Class: 5254K(5568K)->5254K(5568K)
[2025-01-20T18:51:54.577-0600][gc          ] GC(72) Pause Young (Normal) (G1 Evacuation Pause) 408M->346M(1024M) 19.217ms
[2025-01-20T18:51:54.578-0600][gc,cpu      ] GC(72) User=0.04s Sys=0.04s Real=0.02s
[2025-01-20T18:54:40.664-0600][gc,start    ] GC(73) Pause Young (Normal) (G1 Evacuation Pause)
[2025-01-20T18:54:40.665-0600][gc,task     ] GC(73) Using 9 workers of 9 for evacuation
[2025-01-20T18:54:40.682-0600][gc,phases   ] GC(73)   Pre Evacuate Collection Set: 0.78ms
[2025-01-20T18:54:40.683-0600][gc,phases   ] GC(73)   Merge Heap Roots: 0.39ms
[2025-01-20T18:54:40.683-0600][gc,phases   ] GC(73)   Evacuate Collection Set: 15.02ms
[2025-01-20T18:54:40.683-0600][gc,phases   ] GC(73)   Post Evacuate Collection Set: 0.92ms
[2025-01-20T18:54:40.683-0600][gc,phases   ] GC(73)   Other: 0.42ms
[2025-01-20T18:54:40.683-0600][gc,heap     ] GC(73) Eden regions: 46->0(53)
[2025-01-20T18:54:40.683-0600][gc,heap     ] GC(73) Survivor regions: 7->7(7)
[2025-01-20T18:54:40.683-0600][gc,heap     ] GC(73) Old regions: 211->214
[2025-01-20T18:54:40.683-0600][gc,heap     ] GC(73) Humongous regions: 129->129
[2025-01-20T18:54:40.683-0600][gc,metaspace] GC(73) Metaspace: 44413K(45120K)->44413K(45120K) NonClass: 39159K(39552K)->39159K(39552K) Class: 5254K(5568K)->5254K(5568K)
[2025-01-20T18:54:40.683-0600][gc          ] GC(73) Pause Young (Normal) (G1 Evacuation Pause) 392M->349M(1024M) 18.641ms
[2025-01-20T18:54:40.683-0600][gc,cpu      ] GC(73) User=0.04s Sys=0.04s Real=0.02s
[2025-01-20T18:57:25.337-0600][gc,start    ] GC(74) Pause Young (Normal) (G1 Evacuation Pause)
[2025-01-20T18:57:25.338-0600][gc,task     ] GC(74) Using 9 workers of 9 for evacuation
[2025-01-20T18:57:25.353-0600][gc,phases   ] GC(74)   Pre Evacuate Collection Set: 0.80ms
[2025-01-20T18:57:25.353-0600][gc,phases   ] GC(74)   Merge Heap Roots: 0.23ms
[2025-01-20T18:57:25.353-0600][gc,phases   ] GC(74)   Evacuate Collection Set: 12.40ms
[2025-01-20T18:57:25.353-0600][gc,phases   ] GC(74)   Post Evacuate Collection Set: 0.83ms
[2025-01-20T18:57:25.353-0600][gc,phases   ] GC(74)   Other: 0.27ms
[2025-01-20T18:57:25.353-0600][gc,heap     ] GC(74) Eden regions: 46->0(83)
[2025-01-20T18:57:25.353-0600][gc,heap     ] GC(74) Survivor regions: 7->6(7)
[2025-01-20T18:57:25.353-0600][gc,heap     ] GC(74) Old regions: 214->219
[2025-01-20T18:57:25.353-0600][gc,heap     ] GC(74) Humongous regions: 129->129
[2025-01-20T18:57:25.353-0600][gc,metaspace] GC(74) Metaspace: 44424K(45120K)->44424K(45120K) NonClass: 39170K(39552K)->39170K(39552K) Class: 5254K(5568K)->5254K(5568K)
[2025-01-20T18:57:25.354-0600][gc          ] GC(74) Pause Young (Normal) (G1 Evacuation Pause) 395M->352M(1024M) 16.411ms
[2025-01-20T18:57:25.354-0600][gc,cpu      ] GC(74) User=0.04s Sys=0.03s Real=0.02s
[2025-01-20T19:02:53.930-0600][gc,start    ] GC(75) Pause Young (Normal) (G1 Evacuation Pause)
[2025-01-20T19:02:53.931-0600][gc,task     ] GC(75) Using 9 workers of 9 for evacuation
[2025-01-20T19:02:53.947-0600][gc,phases   ] GC(75)   Pre Evacuate Collection Set: 1.07ms
[2025-01-20T19:02:53.947-0600][gc,phases   ] GC(75)   Merge Heap Roots: 0.36ms
[2025-01-20T19:02:53.947-0600][gc,phases   ] GC(75)   Evacuate Collection Set: 12.73ms
[2025-01-20T19:02:53.947-0600][gc,phases   ] GC(75)   Post Evacuate Collection Set: 0.88ms
[2025-01-20T19:02:53.947-0600][gc,phases   ] GC(75)   Other: 0.34ms
[2025-01-20T19:02:53.947-0600][gc,heap     ] GC(75) Eden regions: 91->0(60)
[2025-01-20T19:02:53.947-0600][gc,heap     ] GC(75) Survivor regions: 6->8(13)
[2025-01-20T19:02:53.947-0600][gc,heap     ] GC(75) Old regions: 219->219
[2025-01-20T19:02:53.947-0600][gc,heap     ] GC(75) Humongous regions: 129->129
[2025-01-20T19:02:53.947-0600][gc,metaspace] GC(75) Metaspace: 44425K(45120K)->44425K(45120K) NonClass: 39170K(39552K)->39170K(39552K) Class: 5254K(5568K)->5254K(5568K)
[2025-01-20T19:02:53.947-0600][gc          ] GC(75) Pause Young (Normal) (G1 Evacuation Pause) 443M->355M(1024M) 17.306ms
[2025-01-20T19:02:53.947-0600][gc,cpu      ] GC(75) User=0.05s Sys=0.02s Real=0.01s
[2025-01-20T19:06:48.509-0600][gc,start    ] GC(76) Pause Young (Normal) (G1 Evacuation Pause)
[2025-01-20T19:06:48.510-0600][gc,task     ] GC(76) Using 9 workers of 9 for evacuation
[2025-01-20T19:06:48.529-0600][gc,phases   ] GC(76)   Pre Evacuate Collection Set: 1.90ms
[2025-01-20T19:06:48.530-0600][gc,phases   ] GC(76)   Merge Heap Roots: 0.56ms
[2025-01-20T19:06:48.530-0600][gc,phases   ] GC(76)   Evacuate Collection Set: 15.61ms
[2025-01-20T19:06:48.530-0600][gc,phases   ] GC(76)   Post Evacuate Collection Set: 0.62ms
[2025-01-20T19:06:48.530-0600][gc,phases   ] GC(76)   Other: 0.35ms
[2025-01-20T19:06:48.530-0600][gc,heap     ] GC(76) Eden regions: 65->0(114)
[2025-01-20T19:06:48.530-0600][gc,heap     ] GC(76) Survivor regions: 8->5(10)
[2025-01-20T19:06:48.530-0600][gc,heap     ] GC(76) Old regions: 219->225
[2025-01-20T19:06:48.530-0600][gc,heap     ] GC(76) Humongous regions: 129->129
[2025-01-20T19:06:48.530-0600][gc,metaspace] GC(76) Metaspace: 44425K(45120K)->44425K(45120K) NonClass: 39170K(39552K)->39170K(39552K) Class: 5254K(5568K)->5254K(5568K)
[2025-01-20T19:06:48.530-0600][gc          ] GC(76) Pause Young (Normal) (G1 Evacuation Pause) 420M->358M(1024M) 20.572ms
[2025-01-20T19:06:48.530-0600][gc,cpu      ] GC(76) User=0.05s Sys=0.03s Real=0.03s
[2025-01-20T19:14:08.053-0600][gc,start    ] GC(77) Pause Young (Normal) (G1 Evacuation Pause)
[2025-01-20T19:14:08.053-0600][gc,task     ] GC(77) Using 9 workers of 9 for evacuation
[2025-01-20T19:14:08.076-0600][gc,mmu      ] GC(77) MMU target violated: 21.0ms (20.0ms/21.0ms)
[2025-01-20T19:14:08.076-0600][gc,phases   ] GC(77)   Pre Evacuate Collection Set: 0.94ms
[2025-01-20T19:14:08.076-0600][gc,phases   ] GC(77)   Merge Heap Roots: 0.20ms
[2025-01-20T19:14:08.076-0600][gc,phases   ] GC(77)   Evacuate Collection Set: 20.91ms
[2025-01-20T19:14:08.076-0600][gc,phases   ] GC(77)   Post Evacuate Collection Set: 0.78ms
[2025-01-20T19:14:08.076-0600][gc,phases   ] GC(77)   Other: 0.52ms
[2025-01-20T19:14:08.076-0600][gc,heap     ] GC(77) Eden regions: 121->0(40)
[2025-01-20T19:14:08.076-0600][gc,heap     ] GC(77) Survivor regions: 5->11(16)
[2025-01-20T19:14:08.076-0600][gc,heap     ] GC(77) Old regions: 225->225
[2025-01-20T19:14:08.077-0600][gc,heap     ] GC(77) Humongous regions: 129->129
[2025-01-20T19:14:08.077-0600][gc,metaspace] GC(77) Metaspace: 44425K(45120K)->44425K(45120K) NonClass: 39170K(39552K)->39170K(39552K) Class: 5254K(5568K)->5254K(5568K)
[2025-01-20T19:14:08.077-0600][gc          ] GC(77) Pause Young (Normal) (G1 Evacuation Pause) 479M->364M(1024M) 23.987ms
[2025-01-20T19:14:08.077-0600][gc,cpu      ] GC(77) User=0.05s Sys=0.05s Real=0.02s
[2025-01-20T19:16:30.688-0600][gc,start    ] GC(78) Pause Young (Normal) (G1 Evacuation Pause)
[2025-01-20T19:16:30.690-0600][gc,task     ] GC(78) Using 9 workers of 9 for evacuation
[2025-01-20T19:16:30.711-0600][gc,mmu      ] GC(78) MMU target violated: 21.0ms (20.0ms/21.0ms)
[2025-01-20T19:16:30.712-0600][gc,phases   ] GC(78)   Pre Evacuate Collection Set: 1.21ms
[2025-01-20T19:16:30.712-0600][gc,phases   ] GC(78)   Merge Heap Roots: 0.48ms
[2025-01-20T19:16:30.712-0600][gc,phases   ] GC(78)   Evacuate Collection Set: 18.42ms
[2025-01-20T19:16:30.712-0600][gc,phases   ] GC(78)   Post Evacuate Collection Set: 0.69ms
[2025-01-20T19:16:30.712-0600][gc,phases   ] GC(78)   Other: 0.81ms
[2025-01-20T19:16:30.712-0600][gc,heap     ] GC(78) Eden regions: 40->0(61)
[2025-01-20T19:16:30.712-0600][gc,heap     ] GC(78) Survivor regions: 11->6(7)
[2025-01-20T19:16:30.712-0600][gc,heap     ] GC(78) Old regions: 225->234
[2025-01-20T19:16:30.712-0600][gc,heap     ] GC(78) Humongous regions: 129->129
[2025-01-20T19:16:30.712-0600][gc,metaspace] GC(78) Metaspace: 44425K(45120K)->44425K(45120K) NonClass: 39170K(39552K)->39170K(39552K) Class: 5254K(5568K)->5254K(5568K)
[2025-01-20T19:16:30.712-0600][gc          ] GC(78) Pause Young (Normal) (G1 Evacuation Pause) 404M->367M(1024M) 24.359ms
[2025-01-20T19:16:30.712-0600][gc,cpu      ] GC(78) User=0.05s Sys=0.05s Real=0.03s
[2025-01-20T19:20:19.596-0600][gc,start    ] GC(79) Pause Young (Concurrent Start) (G1 Evacuation Pause)
[2025-01-20T19:20:19.597-0600][gc,task     ] GC(79) Using 9 workers of 9 for evacuation
[2025-01-20T19:20:19.615-0600][gc,phases   ] GC(79)   Pre Evacuate Collection Set: 2.03ms
[2025-01-20T19:20:19.615-0600][gc,phases   ] GC(79)   Merge Heap Roots: 0.21ms
[2025-01-20T19:20:19.615-0600][gc,phases   ] GC(79)   Evacuate Collection Set: 14.68ms
[2025-01-20T19:20:19.615-0600][gc,phases   ] GC(79)   Post Evacuate Collection Set: 0.51ms
[2025-01-20T19:20:19.615-0600][gc,phases   ] GC(79)   Other: 0.53ms
[2025-01-20T19:20:19.615-0600][gc,heap     ] GC(79) Eden regions: 64->0(44)
[2025-01-20T19:20:19.615-0600][gc,heap     ] GC(79) Survivor regions: 6->8(9)
[2025-01-20T19:20:19.615-0600][gc,heap     ] GC(79) Old regions: 234->234
[2025-01-20T19:20:19.615-0600][gc,heap     ] GC(79) Humongous regions: 129->129
[2025-01-20T19:20:19.615-0600][gc,metaspace] GC(79) Metaspace: 44425K(45120K)->44425K(45120K) NonClass: 39170K(39552K)->39170K(39552K) Class: 5254K(5568K)->5254K(5568K)
[2025-01-20T19:20:19.615-0600][gc          ] GC(79) Pause Young (Concurrent Start) (G1 Evacuation Pause) 431M->369M(1024M) 21.525ms
[2025-01-20T19:20:19.615-0600][gc          ] GC(80) Concurrent Mark Cycle
[2025-01-20T19:20:19.615-0600][gc,cpu      ] GC(79) User=0.03s Sys=0.04s Real=0.02s
[2025-01-20T19:20:19.615-0600][gc,marking  ] GC(80) Concurrent Scan Root Regions
[2025-01-20T19:20:19.621-0600][gc,marking  ] GC(80) Concurrent Scan Root Regions 5.852ms
[2025-01-20T19:20:19.621-0600][gc,marking  ] GC(80) Concurrent Mark
[2025-01-20T19:20:19.621-0600][gc,marking  ] GC(80) Concurrent Mark From Roots
[2025-01-20T19:20:19.621-0600][gc,task     ] GC(80) Using 2 workers of 2 for marking
[2025-01-20T19:20:19.653-0600][gc,marking  ] GC(80) Concurrent Mark From Roots 31.475ms
[2025-01-20T19:20:19.653-0600][gc,marking  ] GC(80) Concurrent Preclean
[2025-01-20T19:20:19.653-0600][gc,marking  ] GC(80) Concurrent Preclean 0.167ms
[2025-01-20T19:20:19.653-0600][gc,start    ] GC(80) Pause Remark
[2025-01-20T19:20:19.704-0600][gc,mmu      ] GC(80) MMU target violated: 21.0ms (20.0ms/21.0ms)
[2025-01-20T19:20:19.704-0600][gc          ] GC(80) Pause Remark 370M->295M(1024M) 50.833ms
[2025-01-20T19:20:19.704-0600][gc,cpu      ] GC(80) User=0.03s Sys=0.09s Real=0.05s
[2025-01-20T19:20:19.704-0600][gc,marking  ] GC(80) Concurrent Mark 82.717ms
[2025-01-20T19:20:19.704-0600][gc,marking  ] GC(80) Concurrent Rebuild Remembered Sets and Scrub Regions
[2025-01-20T19:20:19.713-0600][gc,marking  ] GC(80) Concurrent Rebuild Remembered Sets and Scrub Regions 9.093ms
[2025-01-20T19:20:19.713-0600][gc,start    ] GC(80) Pause Cleanup
[2025-01-20T19:20:19.713-0600][gc          ] GC(80) Pause Cleanup 295M->295M(1024M) 0.084ms
[2025-01-20T19:20:19.713-0600][gc,cpu      ] GC(80) User=0.00s Sys=0.00s Real=0.00s
[2025-01-20T19:20:19.713-0600][gc,marking  ] GC(80) Concurrent Clear Claimed Marks
[2025-01-20T19:20:19.713-0600][gc,marking  ] GC(80) Concurrent Clear Claimed Marks 0.055ms
[2025-01-20T19:20:19.713-0600][gc,marking  ] GC(80) Concurrent Cleanup for Next Mark
[2025-01-20T19:20:19.715-0600][gc,marking  ] GC(80) Concurrent Cleanup for Next Mark 1.941ms
[2025-01-20T19:20:19.715-0600][gc          ] GC(80) Concurrent Mark Cycle 100.227ms
[2025-01-20T19:22:53.240-0600][gc,start    ] GC(81) Pause Young (Prepare Mixed) (G1 Evacuation Pause)
[2025-01-20T19:22:53.240-0600][gc,task     ] GC(81) Using 9 workers of 9 for evacuation
[2025-01-20T19:22:53.281-0600][gc,mmu      ] GC(81) MMU target violated: 21.0ms (20.0ms/21.0ms)
[2025-01-20T19:22:53.281-0600][gc,phases   ] GC(81)   Pre Evacuate Collection Set: 1.44ms
[2025-01-20T19:22:53.281-0600][gc,phases   ] GC(81)   Merge Heap Roots: 0.33ms
[2025-01-20T19:22:53.281-0600][gc,phases   ] GC(81)   Evacuate Collection Set: 31.59ms
[2025-01-20T19:22:53.281-0600][gc,phases   ] GC(81)   Post Evacuate Collection Set: 6.93ms
[2025-01-20T19:22:53.281-0600][gc,phases   ] GC(81)   Other: 0.61ms
[2025-01-20T19:22:53.281-0600][gc,heap     ] GC(81) Eden regions: 43->0(45)
[2025-01-20T19:22:53.281-0600][gc,heap     ] GC(81) Survivor regions: 8->6(7)
[2025-01-20T19:22:53.281-0600][gc,heap     ] GC(81) Old regions: 159->164
[2025-01-20T19:22:53.281-0600][gc,heap     ] GC(81) Humongous regions: 129->129
[2025-01-20T19:22:53.281-0600][gc,metaspace] GC(81) Metaspace: 44367K(45120K)->44367K(45120K) NonClass: 39130K(39552K)->39130K(39552K) Class: 5237K(5568K)->5237K(5568K)
[2025-01-20T19:22:53.281-0600][gc          ] GC(81) Pause Young (Prepare Mixed) (G1 Evacuation Pause) 337M->297M(1024M) 41.901ms
[2025-01-20T19:22:53.282-0600][gc,cpu      ] GC(81) User=0.04s Sys=0.06s Real=0.04s
[2025-01-20T19:25:33.722-0600][gc,start    ] GC(82) Pause Young (Mixed) (G1 Evacuation Pause)
[2025-01-20T19:25:33.722-0600][gc,task     ] GC(82) Using 9 workers of 9 for evacuation
[2025-01-20T19:25:33.733-0600][gc,phases   ] GC(82)   Pre Evacuate Collection Set: 0.82ms
[2025-01-20T19:25:33.734-0600][gc,phases   ] GC(82)   Merge Heap Roots: 0.22ms
[2025-01-20T19:25:33.734-0600][gc,phases   ] GC(82)   Evacuate Collection Set: 9.21ms
[2025-01-20T19:25:33.734-0600][gc,phases   ] GC(82)   Post Evacuate Collection Set: 0.76ms
[2025-01-20T19:25:33.734-0600][gc,phases   ] GC(82)   Other: 0.28ms
[2025-01-20T19:25:33.734-0600][gc,heap     ] GC(82) Eden regions: 45->0(130)
[2025-01-20T19:25:33.734-0600][gc,heap     ] GC(82) Survivor regions: 6->4(7)
[2025-01-20T19:25:33.734-0600][gc,heap     ] GC(82) Old regions: 164->155
[2025-01-20T19:25:33.734-0600][gc,heap     ] GC(82) Humongous regions: 129->129
[2025-01-20T19:25:33.734-0600][gc,metaspace] GC(82) Metaspace: 44367K(45120K)->44367K(45120K) NonClass: 39130K(39552K)->39130K(39552K) Class: 5237K(5568K)->5237K(5568K)
[2025-01-20T19:25:33.734-0600][gc          ] GC(82) Pause Young (Mixed) (G1 Evacuation Pause) 342M->286M(1024M) 11.909ms
[2025-01-20T19:25:33.734-0600][gc,cpu      ] GC(82) User=0.02s Sys=0.02s Real=0.01s
[2025-01-20T19:32:21.822-0600][gc,start    ] GC(83) Pause Young (Mixed) (G1 Evacuation Pause)
[2025-01-20T19:32:21.823-0600][gc,task     ] GC(83) Using 9 workers of 9 for evacuation
[2025-01-20T19:32:21.846-0600][gc,mmu      ] GC(83) MMU target violated: 21.0ms (20.0ms/21.0ms)
[2025-01-20T19:32:21.846-0600][gc,phases   ] GC(83)   Pre Evacuate Collection Set: 1.28ms
[2025-01-20T19:32:21.846-0600][gc,phases   ] GC(83)   Merge Heap Roots: 0.19ms
[2025-01-20T19:32:21.846-0600][gc,phases   ] GC(83)   Evacuate Collection Set: 20.96ms
[2025-01-20T19:32:21.846-0600][gc,phases   ] GC(83)   Post Evacuate Collection Set: 0.56ms
[2025-01-20T19:32:21.846-0600][gc,phases   ] GC(83)   Other: 0.51ms
[2025-01-20T19:32:21.846-0600][gc,heap     ] GC(83) Eden regions: 117->0(40)
[2025-01-20T19:32:21.846-0600][gc,heap     ] GC(83) Survivor regions: 4->11(16)
[2025-01-20T19:32:21.846-0600][gc,heap     ] GC(83) Old regions: 155->144
[2025-01-20T19:32:21.846-0600][gc,heap     ] GC(83) Humongous regions: 129->129
[2025-01-20T19:32:21.846-0600][gc,metaspace] GC(83) Metaspace: 44367K(45120K)->44367K(45120K) NonClass: 39130K(39552K)->39130K(39552K) Class: 5237K(5568K)->5237K(5568K)
[2025-01-20T19:32:21.846-0600][gc          ] GC(83) Pause Young (Mixed) (G1 Evacuation Pause) 403M->283M(1024M) 24.119ms
[2025-01-20T19:32:21.846-0600][gc,cpu      ] GC(83) User=0.07s Sys=0.04s Real=0.02s
[2025-01-20T19:34:46.341-0600][gc,start    ] GC(84) Pause Young (Mixed) (G1 Evacuation Pause)
[2025-01-20T19:34:46.343-0600][gc,task     ] GC(84) Using 9 workers of 9 for evacuation
[2025-01-20T19:34:46.364-0600][gc,mmu      ] GC(84) MMU target violated: 20.8ms (20.0ms/21.0ms)
[2025-01-20T19:34:46.364-0600][gc,phases   ] GC(84)   Pre Evacuate Collection Set: 1.38ms
[2025-01-20T19:34:46.364-0600][gc,phases   ] GC(84)   Merge Heap Roots: 0.59ms
[2025-01-20T19:34:46.364-0600][gc,phases   ] GC(84)   Evacuate Collection Set: 18.04ms
[2025-01-20T19:34:46.364-0600][gc,phases   ] GC(84)   Post Evacuate Collection Set: 0.64ms
[2025-01-20T19:34:46.364-0600][gc,phases   ] GC(84)   Other: 0.66ms
[2025-01-20T19:34:46.364-0600][gc,heap     ] GC(84) Eden regions: 40->0(83)
[2025-01-20T19:34:46.364-0600][gc,heap     ] GC(84) Survivor regions: 11->4(7)
[2025-01-20T19:34:46.364-0600][gc,heap     ] GC(84) Old regions: 144->141
[2025-01-20T19:34:46.364-0600][gc,heap     ] GC(84) Humongous regions: 129->129
[2025-01-20T19:34:46.364-0600][gc,metaspace] GC(84) Metaspace: 44367K(45120K)->44367K(45120K) NonClass: 39130K(39552K)->39130K(39552K) Class: 5237K(5568K)->5237K(5568K)
[2025-01-20T19:34:46.365-0600][gc          ] GC(84) Pause Young (Mixed) (G1 Evacuation Pause) 323M->273M(1024M) 23.283ms
[2025-01-20T19:34:46.365-0600][gc,cpu      ] GC(84) User=0.04s Sys=0.05s Real=0.02s
[2025-01-20T19:40:50.003-0600][gc,start    ] GC(85) Pause Young (Mixed) (G1 Evacuation Pause)
[2025-01-20T19:40:50.004-0600][gc,task     ] GC(85) Using 9 workers of 9 for evacuation
[2025-01-20T19:40:50.021-0600][gc,phases   ] GC(85)   Pre Evacuate Collection Set: 2.56ms
[2025-01-20T19:40:50.021-0600][gc,phases   ] GC(85)   Merge Heap Roots: 0.40ms
[2025-01-20T19:40:50.021-0600][gc,phases   ] GC(85)   Evacuate Collection Set: 12.21ms
[2025-01-20T19:40:50.021-0600][gc,phases   ] GC(85)   Post Evacuate Collection Set: 0.81ms
[2025-01-20T19:40:50.021-0600][gc,phases   ] GC(85)   Other: 1.18ms
[2025-01-20T19:40:50.021-0600][gc,heap     ] GC(85) Eden regions: 101->0(43)
[2025-01-20T19:40:50.021-0600][gc,heap     ] GC(85) Survivor regions: 4->8(14)
[2025-01-20T19:40:50.021-0600][gc,heap     ] GC(85) Old regions: 141->131
[2025-01-20T19:40:50.021-0600][gc,heap     ] GC(85) Humongous regions: 129->129
[2025-01-20T19:40:50.021-0600][gc,metaspace] GC(85) Metaspace: 44367K(45120K)->44367K(45120K) NonClass: 39130K(39552K)->39130K(39552K) Class: 5237K(5568K)->5237K(5568K)
[2025-01-20T19:40:50.022-0600][gc          ] GC(85) Pause Young (Mixed) (G1 Evacuation Pause) 374M->267M(1024M) 18.379ms
[2025-01-20T19:40:50.022-0600][gc,cpu      ] GC(85) User=0.05s Sys=0.03s Real=0.02s
[2025-01-20T19:44:00.707-0600][gc,start    ] GC(86) Pause Young (Mixed) (G1 Evacuation Pause)
[2025-01-20T19:44:00.708-0600][gc,task     ] GC(86) Using 9 workers of 9 for evacuation
[2025-01-20T19:44:00.733-0600][gc,mmu      ] GC(86) MMU target violated: 21.0ms (20.0ms/21.0ms)
[2025-01-20T19:44:00.735-0600][gc,phases   ] GC(86)   Pre Evacuate Collection Set: 1.27ms
[2025-01-20T19:44:00.735-0600][gc,phases   ] GC(86)   Merge Heap Roots: 0.21ms
[2025-01-20T19:44:00.735-0600][gc,phases   ] GC(86)   Evacuate Collection Set: 21.23ms
[2025-01-20T19:44:00.735-0600][gc,phases   ] GC(86)   Post Evacuate Collection Set: 2.45ms
[2025-01-20T19:44:00.735-0600][gc,phases   ] GC(86)   Other: 2.20ms
[2025-01-20T19:44:00.735-0600][gc,heap     ] GC(86) Eden regions: 53->0(45)
[2025-01-20T19:44:00.735-0600][gc,heap     ] GC(86) Survivor regions: 8->6(8)
[2025-01-20T19:44:00.735-0600][gc,heap     ] GC(86) Old regions: 131->126
[2025-01-20T19:44:00.736-0600][gc,heap     ] GC(86) Humongous regions: 129->129
[2025-01-20T19:44:00.736-0600][gc,metaspace] GC(86) Metaspace: 44367K(45120K)->44367K(45120K) NonClass: 39130K(39552K)->39130K(39552K) Class: 5237K(5568K)->5237K(5568K)
[2025-01-20T19:44:00.736-0600][gc          ] GC(86) Pause Young (Mixed) (G1 Evacuation Pause) 320M->260M(1024M) 28.880ms
[2025-01-20T19:44:00.736-0600][gc,cpu      ] GC(86) User=0.05s Sys=0.06s Real=0.03s
[2025-01-20T19:46:40.726-0600][gc,start    ] GC(87) Pause Young (Mixed) (G1 Evacuation Pause)
[2025-01-20T19:46:40.727-0600][gc,task     ] GC(87) Using 9 workers of 9 for evacuation
[2025-01-20T19:46:40.740-0600][gc,phases   ] GC(87)   Pre Evacuate Collection Set: 2.19ms
[2025-01-20T19:46:40.740-0600][gc,phases   ] GC(87)   Merge Heap Roots: 0.63ms
[2025-01-20T19:46:40.740-0600][gc,phases   ] GC(87)   Evacuate Collection Set: 9.36ms
[2025-01-20T19:46:40.740-0600][gc,phases   ] GC(87)   Post Evacuate Collection Set: 0.52ms
[2025-01-20T19:46:40.740-0600][gc,phases   ] GC(87)   Other: 0.37ms
[2025-01-20T19:46:40.740-0600][gc,heap     ] GC(87) Eden regions: 45->0(89)
[2025-01-20T19:46:40.740-0600][gc,heap     ] GC(87) Survivor regions: 6->4(7)
[2025-01-20T19:46:40.740-0600][gc,heap     ] GC(87) Old regions: 126->118
[2025-01-20T19:46:40.740-0600][gc,heap     ] GC(87) Humongous regions: 129->129
[2025-01-20T19:46:40.740-0600][gc,metaspace] GC(87) Metaspace: 44367K(45120K)->44367K(45120K) NonClass: 39130K(39552K)->39130K(39552K) Class: 5237K(5568K)->5237K(5568K)
[2025-01-20T19:46:40.740-0600][gc          ] GC(87) Pause Young (Mixed) (G1 Evacuation Pause) 305M->249M(1024M) 13.979ms
[2025-01-20T19:46:40.740-0600][gc,cpu      ] GC(87) User=0.03s Sys=0.03s Real=0.02s
[2025-01-20T19:51:39.876-0600][gc,start    ] GC(88) Pause Young (Mixed) (G1 Evacuation Pause)
[2025-01-20T19:51:39.877-0600][gc,task     ] GC(88) Using 9 workers of 9 for evacuation
[2025-01-20T19:51:39.894-0600][gc,phases   ] GC(88)   Pre Evacuate Collection Set: 1.81ms
[2025-01-20T19:51:39.894-0600][gc,phases   ] GC(88)   Merge Heap Roots: 0.44ms
[2025-01-20T19:51:39.894-0600][gc,phases   ] GC(88)   Evacuate Collection Set: 13.54ms
[2025-01-20T19:51:39.894-0600][gc,phases   ] GC(88)   Post Evacuate Collection Set: 0.61ms
[2025-01-20T19:51:39.894-0600][gc,phases   ] GC(88)   Other: 0.58ms
[2025-01-20T19:51:39.894-0600][gc,heap     ] GC(88) Eden regions: 83->0(42)
[2025-01-20T19:51:39.894-0600][gc,heap     ] GC(88) Survivor regions: 4->9(11)
[2025-01-20T19:51:39.894-0600][gc,heap     ] GC(88) Old regions: 118->107
[2025-01-20T19:51:39.894-0600][gc,heap     ] GC(88) Humongous regions: 129->129
[2025-01-20T19:51:39.894-0600][gc,metaspace] GC(88) Metaspace: 44367K(45120K)->44367K(45120K) NonClass: 39130K(39552K)->39130K(39552K) Class: 5237K(5568K)->5237K(5568K)
[2025-01-20T19:51:39.894-0600][gc          ] GC(88) Pause Young (Mixed) (G1 Evacuation Pause) 332M->243M(1024M) 18.195ms
[2025-01-20T19:51:39.894-0600][gc,cpu      ] GC(88) User=0.04s Sys=0.02s Real=0.02s
[2025-01-20T19:54:10.738-0600][gc,start    ] GC(89) Pause Young (Mixed) (G1 Evacuation Pause)
[2025-01-20T19:54:10.740-0600][gc,task     ] GC(89) Using 9 workers of 9 for evacuation
[2025-01-20T19:54:10.761-0600][gc,mmu      ] GC(89) MMU target violated: 20.6ms (20.0ms/21.0ms)
[2025-01-20T19:54:10.761-0600][gc,phases   ] GC(89)   Pre Evacuate Collection Set: 1.60ms
[2025-01-20T19:54:10.761-0600][gc,phases   ] GC(89)   Merge Heap Roots: 0.33ms
[2025-01-20T19:54:10.761-0600][gc,phases   ] GC(89)   Evacuate Collection Set: 17.49ms
[2025-01-20T19:54:10.761-0600][gc,phases   ] GC(89)   Post Evacuate Collection Set: 0.91ms
[2025-01-20T19:54:10.761-0600][gc,phases   ] GC(89)   Other: 0.91ms
[2025-01-20T19:54:10.761-0600][gc,heap     ] GC(89) Eden regions: 42->0(46)
[2025-01-20T19:54:10.761-0600][gc,heap     ] GC(89) Survivor regions: 9->5(7)
[2025-01-20T19:54:10.761-0600][gc,heap     ] GC(89) Old regions: 107->103
[2025-01-20T19:54:10.761-0600][gc,heap     ] GC(89) Humongous regions: 129->129
[2025-01-20T19:54:10.761-0600][gc,metaspace] GC(89) Metaspace: 44367K(45120K)->44367K(45120K) NonClass: 39130K(39552K)->39130K(39552K) Class: 5237K(5568K)->5237K(5568K)
[2025-01-20T19:54:10.761-0600][gc          ] GC(89) Pause Young (Mixed) (G1 Evacuation Pause) 285M->236M(1024M) 23.107ms
[2025-01-20T19:54:10.761-0600][gc,cpu      ] GC(89) User=0.04s Sys=0.05s Real=0.03s
[2025-01-20T19:56:54.210-0600][gc,start    ] GC(90) Pause Young (Normal) (G1 Evacuation Pause)
[2025-01-20T19:56:54.211-0600][gc,task     ] GC(90) Using 9 workers of 9 for evacuation
[2025-01-20T19:56:54.227-0600][gc,phases   ] GC(90)   Pre Evacuate Collection Set: 1.40ms
[2025-01-20T19:56:54.227-0600][gc,phases   ] GC(90)   Merge Heap Roots: 0.19ms
[2025-01-20T19:56:54.227-0600][gc,phases   ] GC(90)   Evacuate Collection Set: 12.62ms
[2025-01-20T19:56:54.227-0600][gc,phases   ] GC(90)   Post Evacuate Collection Set: 1.16ms
[2025-01-20T19:56:54.227-0600][gc,phases   ] GC(90)   Other: 0.56ms
[2025-01-20T19:56:54.227-0600][gc,heap     ] GC(90) Eden regions: 46->0(70)
[2025-01-20T19:56:54.227-0600][gc,heap     ] GC(90) Survivor regions: 5->3(7)
[2025-01-20T19:56:54.227-0600][gc,heap     ] GC(90) Old regions: 103->105
[2025-01-20T19:56:54.227-0600][gc,heap     ] GC(90) Humongous regions: 129->129
[2025-01-20T19:56:54.227-0600][gc,metaspace] GC(90) Metaspace: 44367K(45120K)->44367K(45120K) NonClass: 39130K(39552K)->39130K(39552K) Class: 5237K(5568K)->5237K(5568K)
[2025-01-20T19:56:54.227-0600][gc          ] GC(90) Pause Young (Normal) (G1 Evacuation Pause) 282M->236M(1024M) 17.748ms
[2025-01-20T19:56:54.227-0600][gc,cpu      ] GC(90) User=0.03s Sys=0.02s Real=0.01s
[2025-01-20T20:00:45.028-0600][gc,start    ] GC(91) Pause Young (Normal) (G1 Evacuation Pause)
[2025-01-20T20:00:45.030-0600][gc,task     ] GC(91) Using 9 workers of 9 for evacuation
[2025-01-20T20:00:45.049-0600][gc,phases   ] GC(91)   Pre Evacuate Collection Set: 1.59ms
[2025-01-20T20:00:45.049-0600][gc,phases   ] GC(91)   Merge Heap Roots: 0.29ms
[2025-01-20T20:00:45.049-0600][gc,phases   ] GC(91)   Evacuate Collection Set: 15.30ms
[2025-01-20T20:00:45.049-0600][gc,phases   ] GC(91)   Post Evacuate Collection Set: 1.16ms
[2025-01-20T20:00:45.049-0600][gc,phases   ] GC(91)   Other: 0.64ms
[2025-01-20T20:00:45.049-0600][gc,heap     ] GC(91) Eden regions: 64->0(42)
[2025-01-20T20:00:45.049-0600][gc,heap     ] GC(91) Survivor regions: 3->9(9)
[2025-01-20T20:00:45.049-0600][gc,heap     ] GC(91) Old regions: 105->105
[2025-01-20T20:00:45.049-0600][gc,heap     ] GC(91) Humongous regions: 129->129
[2025-01-20T20:00:45.049-0600][gc,metaspace] GC(91) Metaspace: 44367K(45120K)->44367K(45120K) NonClass: 39130K(39552K)->39130K(39552K) Class: 5237K(5568K)->5237K(5568K)
[2025-01-20T20:00:45.050-0600][gc          ] GC(91) Pause Young (Normal) (G1 Evacuation Pause) 300M->242M(1024M) 21.321ms
[2025-01-20T20:00:45.050-0600][gc,cpu      ] GC(91) User=0.04s Sys=0.05s Real=0.03s
[2025-01-20T20:03:14.315-0600][gc,start    ] GC(92) Pause Young (Normal) (G1 Evacuation Pause)
[2025-01-20T20:03:14.315-0600][gc,task     ] GC(92) Using 9 workers of 9 for evacuation
[2025-01-20T20:03:14.332-0600][gc,phases   ] GC(92)   Pre Evacuate Collection Set: 2.72ms
[2025-01-20T20:03:14.332-0600][gc,phases   ] GC(92)   Merge Heap Roots: 0.27ms
[2025-01-20T20:03:14.332-0600][gc,phases   ] GC(92)   Evacuate Collection Set: 11.98ms
[2025-01-20T20:03:14.332-0600][gc,phases   ] GC(92)   Post Evacuate Collection Set: 0.89ms
[2025-01-20T20:03:14.332-0600][gc,phases   ] GC(92)   Other: 0.73ms
[2025-01-20T20:03:14.332-0600][gc,heap     ] GC(92) Eden regions: 42->0(83)
[2025-01-20T20:03:14.332-0600][gc,heap     ] GC(92) Survivor regions: 9->3(7)
[2025-01-20T20:03:14.332-0600][gc,heap     ] GC(92) Old regions: 105->110
[2025-01-20T20:03:14.332-0600][gc,heap     ] GC(92) Humongous regions: 129->129
[2025-01-20T20:03:14.332-0600][gc,metaspace] GC(92) Metaspace: 44367K(45120K)->44367K(45120K) NonClass: 39130K(39552K)->39130K(39552K) Class: 5237K(5568K)->5237K(5568K)
[2025-01-20T20:03:14.332-0600][gc          ] GC(92) Pause Young (Normal) (G1 Evacuation Pause) 284M->241M(1024M) 17.480ms
[2025-01-20T20:03:14.332-0600][gc,cpu      ] GC(92) User=0.03s Sys=0.03s Real=0.02s
[2025-01-20T20:08:35.341-0600][gc,start    ] GC(93) Pause Young (Normal) (G1 Evacuation Pause)
[2025-01-20T20:08:35.342-0600][gc,task     ] GC(93) Using 9 workers of 9 for evacuation
[2025-01-20T20:08:35.359-0600][gc,phases   ] GC(93)   Pre Evacuate Collection Set: 1.04ms
[2025-01-20T20:08:35.359-0600][gc,phases   ] GC(93)   Merge Heap Roots: 0.44ms
[2025-01-20T20:08:35.359-0600][gc,phases   ] GC(93)   Evacuate Collection Set: 14.15ms
[2025-01-20T20:08:35.359-0600][gc,phases   ] GC(93)   Post Evacuate Collection Set: 1.12ms
[2025-01-20T20:08:35.359-0600][gc,phases   ] GC(93)   Other: 0.46ms
[2025-01-20T20:08:35.359-0600][gc,heap     ] GC(93) Eden regions: 89->0(42)
[2025-01-20T20:08:35.359-0600][gc,heap     ] GC(93) Survivor regions: 3->9(12)
[2025-01-20T20:08:35.360-0600][gc,heap     ] GC(93) Old regions: 110->110
[2025-01-20T20:08:35.360-0600][gc,heap     ] GC(93) Humongous regions: 129->129
[2025-01-20T20:08:35.360-0600][gc,metaspace] GC(93) Metaspace: 44367K(45120K)->44367K(45120K) NonClass: 39130K(39552K)->39130K(39552K) Class: 5237K(5568K)->5237K(5568K)
[2025-01-20T20:08:35.360-0600][gc          ] GC(93) Pause Young (Normal) (G1 Evacuation Pause) 330M->247M(1024M) 18.219ms
[2025-01-20T20:08:35.360-0600][gc,cpu      ] GC(93) User=0.04s Sys=0.04s Real=0.02s
[2025-01-20T20:11:05.333-0600][gc,start    ] GC(94) Pause Young (Normal) (G1 Evacuation Pause)
[2025-01-20T20:11:05.334-0600][gc,task     ] GC(94) Using 9 workers of 9 for evacuation
[2025-01-20T20:11:05.353-0600][gc,phases   ] GC(94)   Pre Evacuate Collection Set: 0.87ms
[2025-01-20T20:11:05.353-0600][gc,phases   ] GC(94)   Merge Heap Roots: 0.24ms
[2025-01-20T20:11:05.353-0600][gc,phases   ] GC(94)   Evacuate Collection Set: 15.64ms
[2025-01-20T20:11:05.353-0600][gc,phases   ] GC(94)   Post Evacuate Collection Set: 0.76ms
[2025-01-20T20:11:05.354-0600][gc,phases   ] GC(94)   Other: 1.70ms
[2025-01-20T20:11:05.354-0600][gc,heap     ] GC(94) Eden regions: 42->0(53)
[2025-01-20T20:11:05.354-0600][gc,heap     ] GC(94) Survivor regions: 9->6(7)
[2025-01-20T20:11:05.354-0600][gc,heap     ] GC(94) Old regions: 110->116
[2025-01-20T20:11:05.354-0600][gc,heap     ] GC(94) Humongous regions: 129->129
[2025-01-20T20:11:05.354-0600][gc,metaspace] GC(94) Metaspace: 44367K(45120K)->44367K(45120K) NonClass: 39130K(39552K)->39130K(39552K) Class: 5237K(5568K)->5237K(5568K)
[2025-01-20T20:11:05.354-0600][gc          ] GC(94) Pause Young (Normal) (G1 Evacuation Pause) 289M->250M(1024M) 20.841ms
[2025-01-20T20:11:05.354-0600][gc,cpu      ] GC(94) User=0.04s Sys=0.04s Real=0.02s
[2025-01-20T20:14:29.248-0600][gc,start    ] GC(95) Pause Young (Normal) (G1 Evacuation Pause)
[2025-01-20T20:14:29.248-0600][gc,task     ] GC(95) Using 9 workers of 9 for evacuation
[2025-01-20T20:14:29.266-0600][gc,phases   ] GC(95)   Pre Evacuate Collection Set: 1.20ms
[2025-01-20T20:14:29.266-0600][gc,phases   ] GC(95)   Merge Heap Roots: 0.24ms
[2025-01-20T20:14:29.267-0600][gc,phases   ] GC(95)   Evacuate Collection Set: 14.90ms
[2025-01-20T20:14:29.267-0600][gc,phases   ] GC(95)   Post Evacuate Collection Set: 0.87ms
[2025-01-20T20:14:29.267-0600][gc,phases   ] GC(95)   Other: 0.83ms
[2025-01-20T20:14:29.267-0600][gc,heap     ] GC(95) Eden regions: 57->0(90)
[2025-01-20T20:14:29.267-0600][gc,heap     ] GC(95) Survivor regions: 6->5(8)
[2025-01-20T20:14:29.267-0600][gc,heap     ] GC(95) Old regions: 116->119
[2025-01-20T20:14:29.267-0600][gc,heap     ] GC(95) Humongous regions: 129->129
[2025-01-20T20:14:29.267-0600][gc,metaspace] GC(95) Metaspace: 44374K(45120K)->44374K(45120K) NonClass: 39136K(39552K)->39136K(39552K) Class: 5237K(5568K)->5237K(5568K)
[2025-01-20T20:14:29.267-0600][gc          ] GC(95) Pause Young (Normal) (G1 Evacuation Pause) 307M->251M(1024M) 19.189ms
[2025-01-20T20:14:29.267-0600][gc,cpu      ] GC(95) User=0.03s Sys=0.02s Real=0.02s
[2025-01-20T20:19:05.923-0600][gc,start    ] GC(96) Pause Young (Normal) (G1 Evacuation Pause)
[2025-01-20T20:19:05.923-0600][gc,task     ] GC(96) Using 9 workers of 9 for evacuation
[2025-01-20T20:19:05.941-0600][gc,phases   ] GC(96)   Pre Evacuate Collection Set: 1.23ms
[2025-01-20T20:19:05.941-0600][gc,phases   ] GC(96)   Merge Heap Roots: 0.54ms
[2025-01-20T20:19:05.941-0600][gc,phases   ] GC(96)   Evacuate Collection Set: 15.54ms
[2025-01-20T20:19:05.941-0600][gc,phases   ] GC(96)   Post Evacuate Collection Set: 0.69ms
[2025-01-20T20:19:05.941-0600][gc,phases   ] GC(96)   Other: 0.32ms
[2025-01-20T20:19:05.942-0600][gc,heap     ] GC(96) Eden regions: 77->0(42)
[2025-01-20T20:19:05.942-0600][gc,heap     ] GC(96) Survivor regions: 5->9(11)
[2025-01-20T20:19:05.942-0600][gc,heap     ] GC(96) Old regions: 119->119
[2025-01-20T20:19:05.942-0600][gc,heap     ] GC(96) Humongous regions: 129->129
[2025-01-20T20:19:05.942-0600][gc,metaspace] GC(96) Metaspace: 44374K(45120K)->44374K(45120K) NonClass: 39136K(39552K)->39136K(39552K) Class: 5237K(5568K)->5237K(5568K)
[2025-01-20T20:19:05.942-0600][gc          ] GC(96) Pause Young (Normal) (G1 Evacuation Pause) 328M->256M(1024M) 19.116ms
[2025-01-20T20:19:05.942-0600][gc,cpu      ] GC(96) User=0.04s Sys=0.04s Real=0.02s
[2025-01-20T20:21:36.648-0600][gc,start    ] GC(97) Pause Young (Normal) (G1 Evacuation Pause)
[2025-01-20T20:21:36.648-0600][gc,task     ] GC(97) Using 9 workers of 9 for evacuation
[2025-01-20T20:21:36.678-0600][gc,mmu      ] GC(97) MMU target violated: 21.0ms (20.0ms/21.0ms)
[2025-01-20T20:21:36.678-0600][gc,phases   ] GC(97)   Pre Evacuate Collection Set: 1.46ms
[2025-01-20T20:21:36.678-0600][gc,phases   ] GC(97)   Merge Heap Roots: 0.42ms
[2025-01-20T20:21:36.678-0600][gc,phases   ] GC(97)   Evacuate Collection Set: 26.85ms
[2025-01-20T20:21:36.678-0600][gc,phases   ] GC(97)   Post Evacuate Collection Set: 0.67ms
[2025-01-20T20:21:36.678-0600][gc,phases   ] GC(97)   Other: 0.49ms
[2025-01-20T20:21:36.678-0600][gc,heap     ] GC(97) Eden regions: 42->0(46)
[2025-01-20T20:21:36.678-0600][gc,heap     ] GC(97) Survivor regions: 9->5(7)
[2025-01-20T20:21:36.678-0600][gc,heap     ] GC(97) Old regions: 119->125
[2025-01-20T20:21:36.678-0600][gc,heap     ] GC(97) Humongous regions: 129->129
[2025-01-20T20:21:36.678-0600][gc,metaspace] GC(97) Metaspace: 44374K(45120K)->44374K(45120K) NonClass: 39136K(39552K)->39136K(39552K) Class: 5237K(5568K)->5237K(5568K)
[2025-01-20T20:21:36.678-0600][gc          ] GC(97) Pause Young (Normal) (G1 Evacuation Pause) 298M->258M(1024M) 30.393ms
[2025-01-20T20:21:36.678-0600][gc,cpu      ] GC(97) User=0.05s Sys=0.05s Real=0.03s
[2025-01-20T20:24:40.297-0600][gc,start    ] GC(98) Pause Young (Normal) (G1 Evacuation Pause)
[2025-01-20T20:24:40.298-0600][gc,task     ] GC(98) Using 9 workers of 9 for evacuation
[2025-01-20T20:24:40.309-0600][gc,phases   ] GC(98)   Pre Evacuate Collection Set: 1.18ms
[2025-01-20T20:24:40.309-0600][gc,phases   ] GC(98)   Merge Heap Roots: 0.27ms
[2025-01-20T20:24:40.309-0600][gc,phases   ] GC(98)   Evacuate Collection Set: 7.90ms
[2025-01-20T20:24:40.309-0600][gc,phases   ] GC(98)   Post Evacuate Collection Set: 1.05ms
[2025-01-20T20:24:40.309-0600][gc,phases   ] GC(98)   Other: 0.46ms
[2025-01-20T20:24:40.309-0600][gc,heap     ] GC(98) Eden regions: 51->0(87)
[2025-01-20T20:24:40.309-0600][gc,heap     ] GC(98) Survivor regions: 5->4(7)
[2025-01-20T20:24:40.309-0600][gc,heap     ] GC(98) Old regions: 125->127
[2025-01-20T20:24:40.310-0600][gc,heap     ] GC(98) Humongous regions: 129->129
[2025-01-20T20:24:40.310-0600][gc,metaspace] GC(98) Metaspace: 44374K(45120K)->44374K(45120K) NonClass: 39136K(39552K)->39136K(39552K) Class: 5237K(5568K)->5237K(5568K)
[2025-01-20T20:24:40.310-0600][gc          ] GC(98) Pause Young (Normal) (G1 Evacuation Pause) 309M->259M(1024M) 12.436ms
[2025-01-20T20:24:40.310-0600][gc,cpu      ] GC(98) User=0.03s Sys=0.02s Real=0.02s
[2025-01-20T20:29:47.809-0600][gc,start    ] GC(99) Pause Young (Normal) (G1 Evacuation Pause)
[2025-01-20T20:29:47.809-0600][gc,task     ] GC(99) Using 9 workers of 9 for evacuation
[2025-01-20T20:29:47.824-0600][gc,phases   ] GC(99)   Pre Evacuate Collection Set: 1.19ms
[2025-01-20T20:29:47.825-0600][gc,phases   ] GC(99)   Merge Heap Roots: 0.28ms
[2025-01-20T20:29:47.825-0600][gc,phases   ] GC(99)   Evacuate Collection Set: 12.50ms
[2025-01-20T20:29:47.825-0600][gc,phases   ] GC(99)   Post Evacuate Collection Set: 0.99ms
[2025-01-20T20:29:47.825-0600][gc,phases   ] GC(99)   Other: 0.48ms
[2025-01-20T20:29:47.825-0600][gc,heap     ] GC(99) Eden regions: 85->0(42)
[2025-01-20T20:29:47.825-0600][gc,heap     ] GC(99) Survivor regions: 4->9(12)
[2025-01-20T20:29:47.825-0600][gc,heap     ] GC(99) Old regions: 127->127
[2025-01-20T20:29:47.825-0600][gc,heap     ] GC(99) Humongous regions: 129->129
[2025-01-20T20:29:47.825-0600][gc,metaspace] GC(99) Metaspace: 44374K(45120K)->44374K(45120K) NonClass: 39136K(39552K)->39136K(39552K) Class: 5237K(5568K)->5237K(5568K)
[2025-01-20T20:29:47.825-0600][gc          ] GC(99) Pause Young (Normal) (G1 Evacuation Pause) 344M->264M(1024M) 16.568ms
[2025-01-20T20:29:47.825-0600][gc,cpu      ] GC(99) User=0.04s Sys=0.04s Real=0.02s
[2025-01-20T20:32:06.005-0600][gc,start    ] GC(100) Pause Young (Normal) (G1 Evacuation Pause)
[2025-01-20T20:32:06.005-0600][gc,task     ] GC(100) Using 9 workers of 9 for evacuation
[2025-01-20T20:32:06.024-0600][gc,phases   ] GC(100)   Pre Evacuate Collection Set: 0.99ms
[2025-01-20T20:32:06.024-0600][gc,phases   ] GC(100)   Merge Heap Roots: 0.29ms
[2025-01-20T20:32:06.024-0600][gc,phases   ] GC(100)   Evacuate Collection Set: 17.14ms
[2025-01-20T20:32:06.024-0600][gc,phases   ] GC(100)   Post Evacuate Collection Set: 0.67ms
[2025-01-20T20:32:06.024-0600][gc,phases   ] GC(100)   Other: 0.21ms
[2025-01-20T20:32:06.024-0600][gc,heap     ] GC(100) Eden regions: 42->0(44)
[2025-01-20T20:32:06.024-0600][gc,heap     ] GC(100) Survivor regions: 9->7(7)
[2025-01-20T20:32:06.024-0600][gc,heap     ] GC(100) Old regions: 127->133
[2025-01-20T20:32:06.024-0600][gc,heap     ] GC(100) Humongous regions: 129->129
[2025-01-20T20:32:06.024-0600][gc,metaspace] GC(100) Metaspace: 44374K(45120K)->44374K(45120K) NonClass: 39136K(39552K)->39136K(39552K) Class: 5237K(5568K)->5237K(5568K)
[2025-01-20T20:32:06.024-0600][gc          ] GC(100) Pause Young (Normal) (G1 Evacuation Pause) 306M->268M(1024M) 19.798ms
[2025-01-20T20:32:06.024-0600][gc,cpu      ] GC(100) User=0.05s Sys=0.05s Real=0.02s
[2025-01-20T20:34:43.873-0600][gc,start    ] GC(101) Pause Young (Normal) (G1 Evacuation Pause)
[2025-01-20T20:34:43.875-0600][gc,task     ] GC(101) Using 9 workers of 9 for evacuation
[2025-01-20T20:34:43.884-0600][gc,phases   ] GC(101)   Pre Evacuate Collection Set: 0.87ms
[2025-01-20T20:34:43.884-0600][gc,phases   ] GC(101)   Merge Heap Roots: 0.30ms
[2025-01-20T20:34:43.884-0600][gc,phases   ] GC(101)   Evacuate Collection Set: 7.06ms
[2025-01-20T20:34:43.885-0600][gc,phases   ] GC(101)   Post Evacuate Collection Set: 0.76ms
[2025-01-20T20:34:43.885-0600][gc,phases   ] GC(101)   Other: 0.39ms
[2025-01-20T20:34:43.885-0600][gc,heap     ] GC(101) Eden regions: 44->0(142)
[2025-01-20T20:34:43.885-0600][gc,heap     ] GC(101) Survivor regions: 7->3(7)
[2025-01-20T20:34:43.885-0600][gc,heap     ] GC(101) Old regions: 133->136
[2025-01-20T20:34:43.885-0600][gc,heap     ] GC(101) Humongous regions: 129->129
[2025-01-20T20:34:43.885-0600][gc,metaspace] GC(101) Metaspace: 44374K(45120K)->44374K(45120K) NonClass: 39136K(39552K)->39136K(39552K) Class: 5237K(5568K)->5237K(5568K)
[2025-01-20T20:34:43.885-0600][gc          ] GC(101) Pause Young (Normal) (G1 Evacuation Pause) 312M->267M(1024M) 11.890ms
[2025-01-20T20:34:43.885-0600][gc,cpu      ] GC(101) User=0.02s Sys=0.02s Real=0.01s
[2025-01-20T20:45:06.032-0600][gc,start    ] GC(102) Pause Young (Normal) (G1 Evacuation Pause)
[2025-01-20T20:45:06.033-0600][gc,task     ] GC(102) Using 9 workers of 9 for evacuation
[2025-01-20T20:45:06.058-0600][gc,mmu      ] GC(102) MMU target violated: 21.0ms (20.0ms/21.0ms)
[2025-01-20T20:45:06.059-0600][gc,phases   ] GC(102)   Pre Evacuate Collection Set: 2.36ms
[2025-01-20T20:45:06.059-0600][gc,phases   ] GC(102)   Merge Heap Roots: 0.49ms
[2025-01-20T20:45:06.059-0600][gc,phases   ] GC(102)   Evacuate Collection Set: 21.13ms
[2025-01-20T20:45:06.059-0600][gc,phases   ] GC(102)   Post Evacuate Collection Set: 1.28ms
[2025-01-20T20:45:06.059-0600][gc,phases   ] GC(102)   Other: 0.91ms
[2025-01-20T20:45:06.059-0600][gc,heap     ] GC(102) Eden regions: 172->0(42)
[2025-01-20T20:45:06.059-0600][gc,heap     ] GC(102) Survivor regions: 3->9(22)
[2025-01-20T20:45:06.059-0600][gc,heap     ] GC(102) Old regions: 136->136
[2025-01-20T20:45:06.059-0600][gc,heap     ] GC(102) Humongous regions: 129->129
[2025-01-20T20:45:06.059-0600][gc,metaspace] GC(102) Metaspace: 44374K(45120K)->44374K(45120K) NonClass: 39136K(39552K)->39136K(39552K) Class: 5237K(5568K)->5237K(5568K)
[2025-01-20T20:45:06.059-0600][gc          ] GC(102) Pause Young (Normal) (G1 Evacuation Pause) 439M->273M(1024M) 26.966ms
[2025-01-20T20:45:06.059-0600][gc,cpu      ] GC(102) User=0.05s Sys=0.06s Real=0.02s
[2025-01-20T20:47:37.177-0600][gc,start    ] GC(103) Pause Young (Normal) (G1 Evacuation Pause)
[2025-01-20T20:47:37.178-0600][gc,task     ] GC(103) Using 9 workers of 9 for evacuation
[2025-01-20T20:47:37.193-0600][gc,phases   ] GC(103)   Pre Evacuate Collection Set: 1.37ms
[2025-01-20T20:47:37.193-0600][gc,phases   ] GC(103)   Merge Heap Roots: 0.25ms
[2025-01-20T20:47:37.193-0600][gc,phases   ] GC(103)   Evacuate Collection Set: 11.44ms
[2025-01-20T20:47:37.193-0600][gc,phases   ] GC(103)   Post Evacuate Collection Set: 1.29ms
[2025-01-20T20:47:37.194-0600][gc,phases   ] GC(103)   Other: 0.38ms
[2025-01-20T20:47:37.194-0600][gc,heap     ] GC(103) Eden regions: 42->0(90)
[2025-01-20T20:47:37.194-0600][gc,heap     ] GC(103) Survivor regions: 9->3(7)
[2025-01-20T20:47:37.194-0600][gc,heap     ] GC(103) Old regions: 136->145
[2025-01-20T20:47:37.194-0600][gc,heap     ] GC(103) Humongous regions: 129->129
[2025-01-20T20:47:37.194-0600][gc,metaspace] GC(103) Metaspace: 44374K(45120K)->44374K(45120K) NonClass: 39136K(39552K)->39136K(39552K) Class: 5237K(5568K)->5237K(5568K)
[2025-01-20T20:47:37.194-0600][gc          ] GC(103) Pause Young (Normal) (G1 Evacuation Pause) 315M->276M(1024M) 16.851ms
[2025-01-20T20:47:37.194-0600][gc,cpu      ] GC(103) User=0.04s Sys=0.04s Real=0.02s
[2025-01-20T20:53:12.357-0600][gc,start    ] GC(104) Pause Young (Normal) (G1 Evacuation Pause)
[2025-01-20T20:53:12.359-0600][gc,task     ] GC(104) Using 9 workers of 9 for evacuation
[2025-01-20T20:53:12.376-0600][gc,phases   ] GC(104)   Pre Evacuate Collection Set: 1.69ms
[2025-01-20T20:53:12.377-0600][gc,phases   ] GC(104)   Merge Heap Roots: 0.35ms
[2025-01-20T20:53:12.377-0600][gc,phases   ] GC(104)   Evacuate Collection Set: 14.06ms
[2025-01-20T20:53:12.377-0600][gc,phases   ] GC(104)   Post Evacuate Collection Set: 0.83ms
[2025-01-20T20:53:12.377-0600][gc,phases   ] GC(104)   Other: 0.51ms
[2025-01-20T20:53:12.377-0600][gc,heap     ] GC(104) Eden regions: 93->0(42)
[2025-01-20T20:53:12.377-0600][gc,heap     ] GC(104) Survivor regions: 3->9(12)
[2025-01-20T20:53:12.377-0600][gc,heap     ] GC(104) Old regions: 145->145
[2025-01-20T20:53:12.377-0600][gc,heap     ] GC(104) Humongous regions: 129->129
[2025-01-20T20:53:12.377-0600][gc,metaspace] GC(104) Metaspace: 44374K(45120K)->44374K(45120K) NonClass: 39136K(39552K)->39136K(39552K) Class: 5237K(5568K)->5237K(5568K)
[2025-01-20T20:53:12.377-0600][gc          ] GC(104) Pause Young (Normal) (G1 Evacuation Pause) 369M->282M(1024M) 19.595ms
[2025-01-20T20:53:12.377-0600][gc,cpu      ] GC(104) User=0.04s Sys=0.04s Real=0.02s
[2025-01-20T20:55:43.070-0600][gc,start    ] GC(105) Pause Young (Normal) (G1 Evacuation Pause)
[2025-01-20T20:55:43.071-0600][gc,task     ] GC(105) Using 9 workers of 9 for evacuation
[2025-01-20T20:55:43.082-0600][gc,phases   ] GC(105)   Pre Evacuate Collection Set: 0.95ms
[2025-01-20T20:55:43.082-0600][gc,phases   ] GC(105)   Merge Heap Roots: 0.18ms
[2025-01-20T20:55:43.082-0600][gc,phases   ] GC(105)   Evacuate Collection Set: 9.04ms
[2025-01-20T20:55:43.083-0600][gc,phases   ] GC(105)   Post Evacuate Collection Set: 0.91ms
[2025-01-20T20:55:43.083-0600][gc,phases   ] GC(105)   Other: 0.36ms
[2025-01-20T20:55:43.083-0600][gc,heap     ] GC(105) Eden regions: 42->0(122)
[2025-01-20T20:55:43.083-0600][gc,heap     ] GC(105) Survivor regions: 9->3(7)
[2025-01-20T20:55:43.083-0600][gc,heap     ] GC(105) Old regions: 145->151
[2025-01-20T20:55:43.083-0600][gc,heap     ] GC(105) Humongous regions: 129->129
[2025-01-20T20:55:43.083-0600][gc,metaspace] GC(105) Metaspace: 44380K(45120K)->44380K(45120K) NonClass: 39142K(39552K)->39142K(39552K) Class: 5237K(5568K)->5237K(5568K)
[2025-01-20T20:55:43.083-0600][gc          ] GC(105) Pause Young (Normal) (G1 Evacuation Pause) 324M->282M(1024M) 13.625ms
[2025-01-20T20:55:43.083-0600][gc,cpu      ] GC(105) User=0.03s Sys=0.03s Real=0.01s
[2025-01-20T21:03:11.971-0600][gc,start    ] GC(106) Pause Young (Normal) (G1 Evacuation Pause)
[2025-01-20T21:03:11.972-0600][gc,task     ] GC(106) Using 9 workers of 9 for evacuation
[2025-01-20T21:03:11.993-0600][gc,mmu      ] GC(106) MMU target violated: 20.6ms (20.0ms/21.0ms)
[2025-01-20T21:03:11.993-0600][gc,phases   ] GC(106)   Pre Evacuate Collection Set: 1.68ms
[2025-01-20T21:03:11.993-0600][gc,phases   ] GC(106)   Merge Heap Roots: 0.57ms
[2025-01-20T21:03:11.993-0600][gc,phases   ] GC(106)   Evacuate Collection Set: 16.97ms
[2025-01-20T21:03:11.993-0600][gc,phases   ] GC(106)   Post Evacuate Collection Set: 0.96ms
[2025-01-20T21:03:11.993-0600][gc,phases   ] GC(106)   Other: 0.69ms
[2025-01-20T21:03:11.993-0600][gc,heap     ] GC(106) Eden regions: 124->0(41)
[2025-01-20T21:03:11.993-0600][gc,heap     ] GC(106) Survivor regions: 3->10(16)
[2025-01-20T21:03:11.993-0600][gc,heap     ] GC(106) Old regions: 151->151
[2025-01-20T21:03:11.993-0600][gc,heap     ] GC(106) Humongous regions: 129->129
[2025-01-20T21:03:11.993-0600][gc,metaspace] GC(106) Metaspace: 44380K(45120K)->44380K(45120K) NonClass: 39142K(39552K)->39142K(39552K) Class: 5237K(5568K)->5237K(5568K)
[2025-01-20T21:03:11.993-0600][gc          ] GC(106) Pause Young (Normal) (G1 Evacuation Pause) 406M->289M(1024M) 21.904ms
[2025-01-20T21:03:11.993-0600][gc,cpu      ] GC(106) User=0.05s Sys=0.05s Real=0.02s
[2025-01-20T21:05:40.100-0600][gc,start    ] GC(107) Pause Young (Normal) (G1 Evacuation Pause)
[2025-01-20T21:05:40.101-0600][gc,task     ] GC(107) Using 9 workers of 9 for evacuation
[2025-01-20T21:05:40.140-0600][gc,mmu      ] GC(107) MMU target violated: 21.0ms (20.0ms/21.0ms)
[2025-01-20T21:05:40.140-0600][gc,phases   ] GC(107)   Pre Evacuate Collection Set: 1.24ms
[2025-01-20T21:05:40.140-0600][gc,phases   ] GC(107)   Merge Heap Roots: 0.22ms
[2025-01-20T21:05:40.140-0600][gc,phases   ] GC(107)   Evacuate Collection Set: 36.34ms
[2025-01-20T21:05:40.140-0600][gc,phases   ] GC(107)   Post Evacuate Collection Set: 0.73ms
[2025-01-20T21:05:40.140-0600][gc,phases   ] GC(107)   Other: 0.51ms
[2025-01-20T21:05:40.140-0600][gc,heap     ] GC(107) Eden regions: 41->0(46)
[2025-01-20T21:05:40.140-0600][gc,heap     ] GC(107) Survivor regions: 10->5(7)
[2025-01-20T21:05:40.140-0600][gc,heap     ] GC(107) Old regions: 151->159
[2025-01-20T21:05:40.140-0600][gc,heap     ] GC(107) Humongous regions: 129->129
[2025-01-20T21:05:40.140-0600][gc,metaspace] GC(107) Metaspace: 44380K(45120K)->44380K(45120K) NonClass: 39142K(39552K)->39142K(39552K) Class: 5237K(5568K)->5237K(5568K)
[2025-01-20T21:05:40.140-0600][gc          ] GC(107) Pause Young (Normal) (G1 Evacuation Pause) 330M->292M(1024M) 39.953ms
[2025-01-20T21:05:40.140-0600][gc,cpu      ] GC(107) User=0.05s Sys=0.05s Real=0.04s
[2025-01-20T21:08:24.479-0600][gc,start    ] GC(108) Pause Young (Normal) (G1 Evacuation Pause)
[2025-01-20T21:08:24.480-0600][gc,task     ] GC(108) Using 9 workers of 9 for evacuation
[2025-01-20T21:08:24.491-0600][gc,phases   ] GC(108)   Pre Evacuate Collection Set: 2.46ms
[2025-01-20T21:08:24.491-0600][gc,phases   ] GC(108)   Merge Heap Roots: 0.46ms
[2025-01-20T21:08:24.491-0600][gc,phases   ] GC(108)   Evacuate Collection Set: 7.00ms
[2025-01-20T21:08:24.492-0600][gc,phases   ] GC(108)   Post Evacuate Collection Set: 0.93ms
[2025-01-20T21:08:24.492-0600][gc,phases   ] GC(108)   Other: 0.70ms
[2025-01-20T21:08:24.492-0600][gc,heap     ] GC(108) Eden regions: 46->0(67)
[2025-01-20T21:08:24.492-0600][gc,heap     ] GC(108) Survivor regions: 5->3(7)
[2025-01-20T21:08:24.492-0600][gc,heap     ] GC(108) Old regions: 159->161
[2025-01-20T21:08:24.492-0600][gc,heap     ] GC(108) Humongous regions: 129->129
[2025-01-20T21:08:24.492-0600][gc,metaspace] GC(108) Metaspace: 44381K(45120K)->44381K(45120K) NonClass: 39143K(39552K)->39143K(39552K) Class: 5237K(5568K)->5237K(5568K)
[2025-01-20T21:08:24.493-0600][gc          ] GC(108) Pause Young (Normal) (G1 Evacuation Pause) 338M->292M(1024M) 14.015ms
[2025-01-20T21:08:24.493-0600][gc,cpu      ] GC(108) User=0.02s Sys=0.03s Real=0.02s
[2025-01-20T21:12:07.205-0600][gc,start    ] GC(109) Pause Young (Normal) (G1 Evacuation Pause)
[2025-01-20T21:12:07.206-0600][gc,task     ] GC(109) Using 9 workers of 9 for evacuation
[2025-01-20T21:12:07.226-0600][gc,phases   ] GC(109)   Pre Evacuate Collection Set: 2.31ms
[2025-01-20T21:12:07.227-0600][gc,phases   ] GC(109)   Merge Heap Roots: 0.23ms
[2025-01-20T21:12:07.227-0600][gc,phases   ] GC(109)   Evacuate Collection Set: 15.76ms
[2025-01-20T21:12:07.227-0600][gc,phases   ] GC(109)   Post Evacuate Collection Set: 0.72ms
[2025-01-20T21:12:07.227-0600][gc,phases   ] GC(109)   Other: 1.02ms
[2025-01-20T21:12:07.227-0600][gc,heap     ] GC(109) Eden regions: 62->0(43)
[2025-01-20T21:12:07.227-0600][gc,heap     ] GC(109) Survivor regions: 3->8(9)
[2025-01-20T21:12:07.227-0600][gc,heap     ] GC(109) Old regions: 161->161
[2025-01-20T21:12:07.227-0600][gc,heap     ] GC(109) Humongous regions: 129->129
[2025-01-20T21:12:07.227-0600][gc,metaspace] GC(109) Metaspace: 44381K(45120K)->44381K(45120K) NonClass: 39143K(39552K)->39143K(39552K) Class: 5237K(5568K)->5237K(5568K)
[2025-01-20T21:12:07.227-0600][gc          ] GC(109) Pause Young (Normal) (G1 Evacuation Pause) 354M->297M(1024M) 21.491ms
[2025-01-20T21:12:07.227-0600][gc,cpu      ] GC(109) User=0.04s Sys=0.04s Real=0.02s
[2025-01-20T21:14:40.581-0600][gc,start    ] GC(110) Pause Young (Normal) (G1 Evacuation Pause)
[2025-01-20T21:14:40.581-0600][gc,task     ] GC(110) Using 9 workers of 9 for evacuation
[2025-01-20T21:14:40.599-0600][gc,phases   ] GC(110)   Pre Evacuate Collection Set: 2.71ms
[2025-01-20T21:14:40.600-0600][gc,phases   ] GC(110)   Merge Heap Roots: 0.24ms
[2025-01-20T21:14:40.600-0600][gc,phases   ] GC(110)   Evacuate Collection Set: 12.44ms
[2025-01-20T21:14:40.600-0600][gc,phases   ] GC(110)   Post Evacuate Collection Set: 1.48ms
[2025-01-20T21:14:40.600-0600][gc,phases   ] GC(110)   Other: 1.30ms
[2025-01-20T21:14:40.600-0600][gc,heap     ] GC(110) Eden regions: 43->0(72)
[2025-01-20T21:14:40.600-0600][gc,heap     ] GC(110) Survivor regions: 8->3(7)
[2025-01-20T21:14:40.600-0600][gc,heap     ] GC(110) Old regions: 161->166
[2025-01-20T21:14:40.600-0600][gc,heap     ] GC(110) Humongous regions: 129->129
[2025-01-20T21:14:40.600-0600][gc,metaspace] GC(110) Metaspace: 44381K(45120K)->44381K(45120K) NonClass: 39143K(39552K)->39143K(39552K) Class: 5237K(5568K)->5237K(5568K)
[2025-01-20T21:14:40.600-0600][gc          ] GC(110) Pause Young (Normal) (G1 Evacuation Pause) 340M->297M(1024M) 19.231ms
[2025-01-20T21:14:40.600-0600][gc,cpu      ] GC(110) User=0.05s Sys=0.04s Real=0.02s
[2025-01-20T21:19:11.444-0600][gc,start    ] GC(111) Pause Young (Normal) (G1 Evacuation Pause)
[2025-01-20T21:19:11.446-0600][gc,task     ] GC(111) Using 9 workers of 9 for evacuation
[2025-01-20T21:19:11.460-0600][gc,phases   ] GC(111)   Pre Evacuate Collection Set: 2.52ms
[2025-01-20T21:19:11.461-0600][gc,phases   ] GC(111)   Merge Heap Roots: 0.26ms
[2025-01-20T21:19:11.461-0600][gc,phases   ] GC(111)   Evacuate Collection Set: 8.99ms
[2025-01-20T21:19:11.461-0600][gc,phases   ] GC(111)   Post Evacuate Collection Set: 1.14ms
[2025-01-20T21:19:11.461-0600][gc,phases   ] GC(111)   Other: 1.71ms
[2025-01-20T21:19:11.461-0600][gc,heap     ] GC(111) Eden regions: 75->0(44)
[2025-01-20T21:19:11.461-0600][gc,heap     ] GC(111) Survivor regions: 3->7(10)
[2025-01-20T21:19:11.461-0600][gc,heap     ] GC(111) Old regions: 166->166
[2025-01-20T21:19:11.461-0600][gc,heap     ] GC(111) Humongous regions: 129->129
[2025-01-20T21:19:11.461-0600][gc,metaspace] GC(111) Metaspace: 44381K(45120K)->44381K(45120K) NonClass: 39143K(39552K)->39143K(39552K) Class: 5237K(5568K)->5237K(5568K)
[2025-01-20T21:19:11.462-0600][gc          ] GC(111) Pause Young (Normal) (G1 Evacuation Pause) 372M->301M(1024M) 17.389ms
[2025-01-20T21:19:11.462-0600][gc,cpu      ] GC(111) User=0.03s Sys=0.03s Real=0.02s
[2025-01-20T21:21:49.839-0600][gc,start    ] GC(112) Pause Young (Normal) (G1 Evacuation Pause)
[2025-01-20T21:21:49.840-0600][gc,task     ] GC(112) Using 9 workers of 9 for evacuation
[2025-01-20T21:21:49.858-0600][gc,phases   ] GC(112)   Pre Evacuate Collection Set: 2.46ms
[2025-01-20T21:21:49.858-0600][gc,phases   ] GC(112)   Merge Heap Roots: 0.43ms
[2025-01-20T21:21:49.858-0600][gc,phases   ] GC(112)   Evacuate Collection Set: 13.98ms
[2025-01-20T21:21:49.858-0600][gc,phases   ] GC(112)   Post Evacuate Collection Set: 0.73ms
[2025-01-20T21:21:49.858-0600][gc,phases   ] GC(112)   Other: 0.60ms
[2025-01-20T21:21:49.858-0600][gc,heap     ] GC(112) Eden regions: 44->0(80)
[2025-01-20T21:21:49.858-0600][gc,heap     ] GC(112) Survivor regions: 7->4(7)
[2025-01-20T21:21:49.858-0600][gc,heap     ] GC(112) Old regions: 166->172
[2025-01-20T21:21:49.858-0600][gc,heap     ] GC(112) Humongous regions: 129->129
[2025-01-20T21:21:49.858-0600][gc,metaspace] GC(112) Metaspace: 44381K(45120K)->44381K(45120K) NonClass: 39143K(39552K)->39143K(39552K) Class: 5237K(5568K)->5237K(5568K)
[2025-01-20T21:21:49.859-0600][gc          ] GC(112) Pause Young (Normal) (G1 Evacuation Pause) 345M->303M(1024M) 19.461ms
[2025-01-20T21:21:49.859-0600][gc,cpu      ] GC(112) User=0.04s Sys=0.04s Real=0.02s
[2025-01-20T21:26:41.340-0600][gc,start    ] GC(113) Pause Young (Normal) (G1 Evacuation Pause)
[2025-01-20T21:26:41.342-0600][gc,task     ] GC(113) Using 9 workers of 9 for evacuation
[2025-01-20T21:26:41.358-0600][gc,phases   ] GC(113)   Pre Evacuate Collection Set: 2.50ms
[2025-01-20T21:26:41.359-0600][gc,phases   ] GC(113)   Merge Heap Roots: 0.34ms
[2025-01-20T21:26:41.359-0600][gc,phases   ] GC(113)   Evacuate Collection Set: 12.22ms
[2025-01-20T21:26:41.359-0600][gc,phases   ] GC(113)   Post Evacuate Collection Set: 0.89ms
[2025-01-20T21:26:41.359-0600][gc,phases   ] GC(113)   Other: 0.56ms
[2025-01-20T21:26:41.359-0600][gc,heap     ] GC(113) Eden regions: 81->0(42)
[2025-01-20T21:26:41.359-0600][gc,heap     ] GC(113) Survivor regions: 4->9(11)
[2025-01-20T21:26:41.359-0600][gc,heap     ] GC(113) Old regions: 172->172
[2025-01-20T21:26:41.359-0600][gc,heap     ] GC(113) Humongous regions: 129->129
[2025-01-20T21:26:41.359-0600][gc,metaspace] GC(113) Metaspace: 44386K(45120K)->44386K(45120K) NonClass: 39148K(39552K)->39148K(39552K) Class: 5237K(5568K)->5237K(5568K)
[2025-01-20T21:26:41.359-0600][gc          ] GC(113) Pause Young (Normal) (G1 Evacuation Pause) 384M->308M(1024M) 19.293ms
[2025-01-20T21:26:41.359-0600][gc,cpu      ] GC(113) User=0.04s Sys=0.04s Real=0.01s
[2025-01-20T21:29:12.586-0600][gc,start    ] GC(114) Pause Young (Normal) (G1 Evacuation Pause)
[2025-01-20T21:29:12.587-0600][gc,task     ] GC(114) Using 9 workers of 9 for evacuation
[2025-01-20T21:29:12.612-0600][gc,mmu      ] GC(114) MMU target violated: 21.0ms (20.0ms/21.0ms)
[2025-01-20T21:29:12.612-0600][gc,phases   ] GC(114)   Pre Evacuate Collection Set: 1.41ms
[2025-01-20T21:29:12.612-0600][gc,phases   ] GC(114)   Merge Heap Roots: 0.33ms
[2025-01-20T21:29:12.612-0600][gc,phases   ] GC(114)   Evacuate Collection Set: 21.40ms
[2025-01-20T21:29:12.612-0600][gc,phases   ] GC(114)   Post Evacuate Collection Set: 0.77ms
[2025-01-20T21:29:12.612-0600][gc,phases   ] GC(114)   Other: 0.96ms
[2025-01-20T21:29:12.612-0600][gc,heap     ] GC(114) Eden regions: 42->0(45)
[2025-01-20T21:29:12.612-0600][gc,heap     ] GC(114) Survivor regions: 9->6(7)
[2025-01-20T21:29:12.612-0600][gc,heap     ] GC(114) Old regions: 172->177
[2025-01-20T21:29:12.612-0600][gc,heap     ] GC(114) Humongous regions: 129->129
[2025-01-20T21:29:12.612-0600][gc,metaspace] GC(114) Metaspace: 44386K(45120K)->44386K(45120K) NonClass: 39148K(39552K)->39148K(39552K) Class: 5237K(5568K)->5237K(5568K)
[2025-01-20T21:29:12.612-0600][gc          ] GC(114) Pause Young (Normal) (G1 Evacuation Pause) 350M->311M(1024M) 25.912ms
[2025-01-20T21:29:12.612-0600][gc,cpu      ] GC(114) User=0.05s Sys=0.06s Real=0.03s
[2025-01-20T21:31:40.217-0600][gc,start    ] GC(115) Pause Young (Normal) (G1 Evacuation Pause)
[2025-01-20T21:31:40.218-0600][gc,task     ] GC(115) Using 9 workers of 9 for evacuation
[2025-01-20T21:31:40.232-0600][gc,phases   ] GC(115)   Pre Evacuate Collection Set: 0.65ms
[2025-01-20T21:31:40.232-0600][gc,phases   ] GC(115)   Merge Heap Roots: 0.14ms
[2025-01-20T21:31:40.232-0600][gc,phases   ] GC(115)   Evacuate Collection Set: 12.33ms
[2025-01-20T21:31:40.232-0600][gc,phases   ] GC(115)   Post Evacuate Collection Set: 0.71ms
[2025-01-20T21:31:40.232-0600][gc,phases   ] GC(115)   Other: 0.25ms
[2025-01-20T21:31:40.232-0600][gc,heap     ] GC(115) Eden regions: 45->0(45)
[2025-01-20T21:31:40.232-0600][gc,heap     ] GC(115) Survivor regions: 6->6(7)
[2025-01-20T21:31:40.233-0600][gc,heap     ] GC(115) Old regions: 177->180
[2025-01-20T21:31:40.233-0600][gc,heap     ] GC(115) Humongous regions: 129->129
[2025-01-20T21:31:40.233-0600][gc,metaspace] GC(115) Metaspace: 44386K(45120K)->44386K(45120K) NonClass: 39148K(39552K)->39148K(39552K) Class: 5237K(5568K)->5237K(5568K)
[2025-01-20T21:31:40.233-0600][gc          ] GC(115) Pause Young (Normal) (G1 Evacuation Pause) 356M->313M(1024M) 15.474ms
[2025-01-20T21:31:40.233-0600][gc,cpu      ] GC(115) User=0.04s Sys=0.03s Real=0.02s
[2025-01-20T21:34:22.893-0600][gc,start    ] GC(116) Pause Young (Normal) (G1 Evacuation Pause)
[2025-01-20T21:34:22.894-0600][gc,task     ] GC(116) Using 9 workers of 9 for evacuation
[2025-01-20T21:34:22.908-0600][gc,phases   ] GC(116)   Pre Evacuate Collection Set: 1.12ms
[2025-01-20T21:34:22.908-0600][gc,phases   ] GC(116)   Merge Heap Roots: 0.25ms
[2025-01-20T21:34:22.908-0600][gc,phases   ] GC(116)   Evacuate Collection Set: 10.54ms
[2025-01-20T21:34:22.908-0600][gc,phases   ] GC(116)   Post Evacuate Collection Set: 1.04ms
[2025-01-20T21:34:22.908-0600][gc,phases   ] GC(116)   Other: 0.88ms
[2025-01-20T21:34:22.908-0600][gc,heap     ] GC(116) Eden regions: 45->0(109)
[2025-01-20T21:34:22.908-0600][gc,heap     ] GC(116) Survivor regions: 6->3(7)
[2025-01-20T21:34:22.908-0600][gc,heap     ] GC(116) Old regions: 180->183
[2025-01-20T21:34:22.908-0600][gc,heap     ] GC(116) Humongous regions: 129->129
[2025-01-20T21:34:22.908-0600][gc,metaspace] GC(116) Metaspace: 44386K(45120K)->44386K(45120K) NonClass: 39148K(39552K)->39148K(39552K) Class: 5237K(5568K)->5237K(5568K)
[2025-01-20T21:34:22.908-0600][gc          ] GC(116) Pause Young (Normal) (G1 Evacuation Pause) 358M->314M(1024M) 14.901ms
[2025-01-20T21:34:22.908-0600][gc,cpu      ] GC(116) User=0.03s Sys=0.02s Real=0.01s
[2025-01-20T21:42:10.344-0600][gc,start    ] GC(117) Pause Young (Normal) (G1 Evacuation Pause)
[2025-01-20T21:42:10.344-0600][gc,task     ] GC(117) Using 9 workers of 9 for evacuation
[2025-01-20T21:42:10.363-0600][gc,phases   ] GC(117)   Pre Evacuate Collection Set: 0.91ms
[2025-01-20T21:42:10.363-0600][gc,phases   ] GC(117)   Merge Heap Roots: 0.27ms
[2025-01-20T21:42:10.363-0600][gc,phases   ] GC(117)   Evacuate Collection Set: 16.04ms
[2025-01-20T21:42:10.363-0600][gc,phases   ] GC(117)   Post Evacuate Collection Set: 0.83ms
[2025-01-20T21:42:10.363-0600][gc,phases   ] GC(117)   Other: 0.30ms
[2025-01-20T21:42:10.363-0600][gc,heap     ] GC(117) Eden regions: 130->0(43)
[2025-01-20T21:42:10.363-0600][gc,heap     ] GC(117) Survivor regions: 3->8(17)
[2025-01-20T21:42:10.363-0600][gc,heap     ] GC(117) Old regions: 183->183
[2025-01-20T21:42:10.363-0600][gc,heap     ] GC(117) Humongous regions: 129->129
[2025-01-20T21:42:10.363-0600][gc,metaspace] GC(117) Metaspace: 44393K(45120K)->44393K(45120K) NonClass: 39155K(39552K)->39155K(39552K) Class: 5237K(5568K)->5237K(5568K)
[2025-01-20T21:42:10.363-0600][gc          ] GC(117) Pause Young (Normal) (G1 Evacuation Pause) 444M->319M(1024M) 19.542ms
[2025-01-20T21:42:10.363-0600][gc,cpu      ] GC(117) User=0.04s Sys=0.04s Real=0.02s
[2025-01-20T22:02:18.808-0600][gc,start    ] GC(118) Pause Young (Normal) (G1 Evacuation Pause)
[2025-01-20T22:02:18.809-0600][gc,task     ] GC(118) Using 9 workers of 9 for evacuation
[2025-01-20T22:02:18.826-0600][gc,phases   ] GC(118)   Pre Evacuate Collection Set: 0.84ms
[2025-01-20T22:02:18.826-0600][gc,phases   ] GC(118)   Merge Heap Roots: 0.25ms
[2025-01-20T22:02:18.826-0600][gc,phases   ] GC(118)   Evacuate Collection Set: 14.65ms
[2025-01-20T22:02:18.826-0600][gc,phases   ] GC(118)   Post Evacuate Collection Set: 0.88ms
[2025-01-20T22:02:18.826-0600][gc,phases   ] GC(118)   Other: 0.51ms
[2025-01-20T22:02:18.826-0600][gc,heap     ] GC(118) Eden regions: 49->0(91)
[2025-01-20T22:02:18.826-0600][gc,heap     ] GC(118) Survivor regions: 8->5(8)
[2025-01-20T22:02:18.826-0600][gc,heap     ] GC(118) Old regions: 183->190
[2025-01-20T22:02:18.826-0600][gc,heap     ] GC(118) Humongous regions: 129->129
[2025-01-20T22:02:18.826-0600][gc,metaspace] GC(118) Metaspace: 44393K(45120K)->44393K(45120K) NonClass: 39155K(39552K)->39155K(39552K) Class: 5237K(5568K)->5237K(5568K)
[2025-01-20T22:02:18.826-0600][gc          ] GC(118) Pause Young (Normal) (G1 Evacuation Pause) 368M->323M(1024M) 17.820ms
[2025-01-20T22:02:18.826-0600][gc,cpu      ] GC(118) User=0.02s Sys=0.03s Real=0.02s
[2025-01-21T09:00:12.251-0600][gc,start    ] GC(119) Pause Young (Normal) (G1 Evacuation Pause)
[2025-01-21T09:00:12.251-0600][gc,task     ] GC(119) Using 9 workers of 9 for evacuation
[2025-01-21T09:00:12.276-0600][gc,mmu      ] GC(119) MMU target violated: 21.0ms (20.0ms/21.0ms)
[2025-01-21T09:00:12.276-0600][gc,phases   ] GC(119)   Pre Evacuate Collection Set: 1.95ms
[2025-01-21T09:00:12.276-0600][gc,phases   ] GC(119)   Merge Heap Roots: 0.23ms
[2025-01-21T09:00:12.276-0600][gc,phases   ] GC(119)   Evacuate Collection Set: 21.77ms
[2025-01-21T09:00:12.276-0600][gc,phases   ] GC(119)   Post Evacuate Collection Set: 0.49ms
[2025-01-21T09:00:12.276-0600][gc,phases   ] GC(119)   Other: 0.51ms
[2025-01-21T09:00:12.276-0600][gc,heap     ] GC(119) Eden regions: 92->0(41)
[2025-01-21T09:00:12.276-0600][gc,heap     ] GC(119) Survivor regions: 5->10(13)
[2025-01-21T09:00:12.276-0600][gc,heap     ] GC(119) Old regions: 190->190
[2025-01-21T09:00:12.276-0600][gc,heap     ] GC(119) Humongous regions: 129->129
[2025-01-21T09:00:12.276-0600][gc,metaspace] GC(119) Metaspace: 44550K(45184K)->44550K(45184K) NonClass: 39297K(39616K)->39297K(39616K) Class: 5253K(5568K)->5253K(5568K)
[2025-01-21T09:00:12.276-0600][gc          ] GC(119) Pause Young (Normal) (G1 Evacuation Pause) 415M->327M(1024M) 25.478ms
[2025-01-21T09:00:12.276-0600][gc,cpu      ] GC(119) User=0.05s Sys=0.07s Real=0.02s
[2025-01-21T09:02:37.212-0600][gc,start    ] GC(120) Pause Young (Normal) (G1 Evacuation Pause)
[2025-01-21T09:02:37.213-0600][gc,task     ] GC(120) Using 9 workers of 9 for evacuation
[2025-01-21T09:02:37.240-0600][gc,mmu      ] GC(120) MMU target violated: 21.0ms (20.0ms/21.0ms)
[2025-01-21T09:02:37.240-0600][gc,phases   ] GC(120)   Pre Evacuate Collection Set: 1.97ms
[2025-01-21T09:02:37.240-0600][gc,phases   ] GC(120)   Merge Heap Roots: 0.22ms
[2025-01-21T09:02:37.240-0600][gc,phases   ] GC(120)   Evacuate Collection Set: 23.78ms
[2025-01-21T09:02:37.240-0600][gc,phases   ] GC(120)   Post Evacuate Collection Set: 0.74ms
[2025-01-21T09:02:37.240-0600][gc,phases   ] GC(120)   Other: 0.50ms
[2025-01-21T09:02:37.240-0600][gc,heap     ] GC(120) Eden regions: 41->0(45)
[2025-01-21T09:02:37.240-0600][gc,heap     ] GC(120) Survivor regions: 10->6(7)
[2025-01-21T09:02:37.240-0600][gc,heap     ] GC(120) Old regions: 190->196
[2025-01-21T09:02:37.240-0600][gc,heap     ] GC(120) Humongous regions: 129->129
[2025-01-21T09:02:37.240-0600][gc,metaspace] GC(120) Metaspace: 44550K(45184K)->44550K(45184K) NonClass: 39297K(39616K)->39297K(39616K) Class: 5253K(5568K)->5253K(5568K)
[2025-01-21T09:02:37.240-0600][gc          ] GC(120) Pause Young (Normal) (G1 Evacuation Pause) 368M->330M(1024M) 27.963ms
[2025-01-21T09:02:37.240-0600][gc,cpu      ] GC(120) User=0.04s Sys=0.04s Real=0.03s
[2025-01-21T09:05:17.182-0600][gc,start    ] GC(121) Pause Young (Normal) (G1 Evacuation Pause)
[2025-01-21T09:05:17.182-0600][gc,task     ] GC(121) Using 9 workers of 9 for evacuation
[2025-01-21T09:05:17.187-0600][gc,phases   ] GC(121)   Pre Evacuate Collection Set: 0.54ms
[2025-01-21T09:05:17.187-0600][gc,phases   ] GC(121)   Merge Heap Roots: 0.12ms
[2025-01-21T09:05:17.187-0600][gc,phases   ] GC(121)   Evacuate Collection Set: 3.87ms
[2025-01-21T09:05:17.187-0600][gc,phases   ] GC(121)   Post Evacuate Collection Set: 0.51ms
[2025-01-21T09:05:17.187-0600][gc,phases   ] GC(121)   Other: 0.13ms
[2025-01-21T09:05:17.187-0600][gc,heap     ] GC(121) Eden regions: 45->0(110)
[2025-01-21T09:05:17.187-0600][gc,heap     ] GC(121) Survivor regions: 6->4(7)
[2025-01-21T09:05:17.187-0600][gc,heap     ] GC(121) Old regions: 196->199
[2025-01-21T09:05:17.187-0600][gc,heap     ] GC(121) Humongous regions: 129->129
[2025-01-21T09:05:17.187-0600][gc,metaspace] GC(121) Metaspace: 44550K(45184K)->44550K(45184K) NonClass: 39297K(39616K)->39297K(39616K) Class: 5253K(5568K)->5253K(5568K)
[2025-01-21T09:05:17.187-0600][gc          ] GC(121) Pause Young (Normal) (G1 Evacuation Pause) 375M->330M(1024M) 5.698ms
[2025-01-21T09:05:17.187-0600][gc,cpu      ] GC(121) User=0.01s Sys=0.01s Real=0.00s
[2025-01-21T09:11:12.513-0600][gc,start    ] GC(122) Pause Young (Normal) (G1 Evacuation Pause)
[2025-01-21T09:11:12.514-0600][gc,task     ] GC(122) Using 9 workers of 9 for evacuation
[2025-01-21T09:11:12.528-0600][gc,phases   ] GC(122)   Pre Evacuate Collection Set: 1.16ms
[2025-01-21T09:11:12.529-0600][gc,phases   ] GC(122)   Merge Heap Roots: 0.33ms
[2025-01-21T09:11:12.529-0600][gc,phases   ] GC(122)   Evacuate Collection Set: 12.14ms
[2025-01-21T09:11:12.529-0600][gc,phases   ] GC(122)   Post Evacuate Collection Set: 0.75ms
[2025-01-21T09:11:12.529-0600][gc,phases   ] GC(122)   Other: 0.31ms
[2025-01-21T09:11:12.529-0600][gc,heap     ] GC(122) Eden regions: 99->0(61)
[2025-01-21T09:11:12.529-0600][gc,heap     ] GC(122) Survivor regions: 4->8(13)
[2025-01-21T09:11:12.529-0600][gc,heap     ] GC(122) Old regions: 199->199
[2025-01-21T09:11:12.529-0600][gc,heap     ] GC(122) Humongous regions: 129->129
[2025-01-21T09:11:12.529-0600][gc,metaspace] GC(122) Metaspace: 44550K(45184K)->44550K(45184K) NonClass: 39297K(39616K)->39297K(39616K) Class: 5253K(5568K)->5253K(5568K)
[2025-01-21T09:11:12.529-0600][gc          ] GC(122) Pause Young (Normal) (G1 Evacuation Pause) 429M->334M(1024M) 15.665ms
[2025-01-21T09:11:12.529-0600][gc,cpu      ] GC(122) User=0.04s Sys=0.03s Real=0.01s
[2025-01-21T09:15:11.128-0600][gc,start    ] GC(123) Pause Young (Normal) (G1 Evacuation Pause)
[2025-01-21T09:15:11.129-0600][gc,task     ] GC(123) Using 9 workers of 9 for evacuation
[2025-01-21T09:15:11.145-0600][gc,phases   ] GC(123)   Pre Evacuate Collection Set: 0.68ms
[2025-01-21T09:15:11.145-0600][gc,phases   ] GC(123)   Merge Heap Roots: 0.16ms
[2025-01-21T09:15:11.145-0600][gc,phases   ] GC(123)   Evacuate Collection Set: 13.79ms
[2025-01-21T09:15:11.145-0600][gc,phases   ] GC(123)   Post Evacuate Collection Set: 0.55ms
[2025-01-21T09:15:11.145-0600][gc,phases   ] GC(123)   Other: 0.18ms
[2025-01-21T09:15:11.145-0600][gc,heap     ] GC(123) Eden regions: 66->0(41)
[2025-01-21T09:15:11.145-0600][gc,heap     ] GC(123) Survivor regions: 8->10(10)
[2025-01-21T09:15:11.145-0600][gc,heap     ] GC(123) Old regions: 199->201
[2025-01-21T09:15:11.145-0600][gc,heap     ] GC(123) Humongous regions: 129->129
[2025-01-21T09:15:11.145-0600][gc,metaspace] GC(123) Metaspace: 44550K(45184K)->44550K(45184K) NonClass: 39297K(39616K)->39297K(39616K) Class: 5253K(5568K)->5253K(5568K)
[2025-01-21T09:15:11.145-0600][gc          ] GC(123) Pause Young (Normal) (G1 Evacuation Pause) 400M->339M(1024M) 16.340ms
[2025-01-21T09:15:11.145-0600][gc,cpu      ] GC(123) User=0.06s Sys=0.02s Real=0.02s
[2025-01-21T09:17:36.963-0600][gc,start    ] GC(124) Pause Young (Normal) (G1 Evacuation Pause)
[2025-01-21T09:17:38.402-0600][gc,task     ] GC(124) Using 9 workers of 9 for evacuation
[2025-01-21T09:17:38.414-0600][gc,phases   ] GC(124)   Pre Evacuate Collection Set: 0.12ms
[2025-01-21T09:17:38.414-0600][gc,phases   ] GC(124)   Merge Heap Roots: 0.06ms
[2025-01-21T09:17:38.415-0600][gc,phases   ] GC(124)   Evacuate Collection Set: 11.44ms
[2025-01-21T09:17:38.415-0600][gc,phases   ] GC(124)   Post Evacuate Collection Set: 0.20ms
[2025-01-21T09:17:38.415-0600][gc,phases   ] GC(124)   Other: 0.15ms
[2025-01-21T09:17:38.415-0600][gc,heap     ] GC(124) Eden regions: 41->0(170)
[2025-01-21T09:17:38.415-0600][gc,heap     ] GC(124) Survivor regions: 10->4(7)
[2025-01-21T09:17:38.415-0600][gc,heap     ] GC(124) Old regions: 201->209
[2025-01-21T09:17:38.415-0600][gc,heap     ] GC(124) Humongous regions: 129->129
[2025-01-21T09:17:38.416-0600][gc,metaspace] GC(124) Metaspace: 44550K(45184K)->44550K(45184K) NonClass: 39297K(39616K)->39297K(39616K) Class: 5253K(5568K)->5253K(5568K)
[2025-01-21T09:17:38.416-0600][gc          ] GC(124) Pause Young (Normal) (G1 Evacuation Pause) 380M->340M(1024M) 1453.101ms
[2025-01-21T09:17:38.416-0600][gc,cpu      ] GC(124) User=0.02s Sys=0.01s Real=1.45s
