[2025-01-03T10:54:54.138-0600][gc,init] CardTable entry size: 512
[2025-01-03T10:54:54.138-0600][gc     ] Using G1
[2025-01-03T10:54:54.139-0600][gc,init] Version: 23+37-2369 (release)
[2025-01-03T10:54:54.139-0600][gc,init] CPUs: 11 total, 11 available
[2025-01-03T10:54:54.139-0600][gc,init] Memory: 18432M
[2025-01-03T10:54:54.139-0600][gc,init] Large Page Support: Disabled
[2025-01-03T10:54:54.139-0600][gc,init] NUMA Support: Disabled
[2025-01-03T10:54:54.139-0600][gc,init] Compressed Oops: Enabled (Zero based)
[2025-01-03T10:54:54.139-0600][gc,init] Heap Region Size: 1M
[2025-01-03T10:54:54.139-0600][gc,init] Heap Min Capacity: 1G
[2025-01-03T10:54:54.139-0600][gc,init] Heap Initial Capacity: 1G
[2025-01-03T10:54:54.139-0600][gc,init] Heap Max Capacity: 1G
[2025-01-03T10:54:54.139-0600][gc,init] Pre-touch: Disabled
[2025-01-03T10:54:54.139-0600][gc,init] Parallel Workers: 9
[2025-01-03T10:54:54.139-0600][gc,init] Concurrent Workers: 2
[2025-01-03T10:54:54.139-0600][gc,init] Concurrent Refinement Workers: 9
[2025-01-03T10:54:54.139-0600][gc,init] Periodic GC: Disabled
[2025-01-03T10:54:54.143-0600][gc,metaspace] CDS archive(s) mapped at: [0x000003fe00000000-0x000003fe00d94000-0x000003fe00d94000), size 14237696, SharedBaseAddress: 0x000003fe00000000, ArchiveRelocationMode: 1.
[2025-01-03T10:54:54.143-0600][gc,metaspace] Compressed class space mapped at: 0x000003fe01000000-0x000003fe41000000, reserved size: 1073741824
[2025-01-03T10:54:54.143-0600][gc,metaspace] Narrow klass base: 0x000003fe00000000, Narrow klass shift: 0, Narrow klass range: 0x100000000
[2025-01-03T10:54:54.746-0600][gc,start    ] GC(0) Pause Young (Normal) (G1 Evacuation Pause)
[2025-01-03T10:54:54.746-0600][gc,task     ] GC(0) Using 9 workers of 9 for evacuation
[2025-01-03T10:54:54.748-0600][gc,phases   ] GC(0)   Pre Evacuate Collection Set: 0.09ms
[2025-01-03T10:54:54.749-0600][gc,phases   ] GC(0)   Merge Heap Roots: 0.11ms
[2025-01-03T10:54:54.749-0600][gc,phases   ] GC(0)   Evacuate Collection Set: 1.89ms
[2025-01-03T10:54:54.749-0600][gc,phases   ] GC(0)   Post Evacuate Collection Set: 0.34ms
[2025-01-03T10:54:54.749-0600][gc,phases   ] GC(0)   Other: 0.36ms
[2025-01-03T10:54:54.749-0600][gc,heap     ] GC(0) Eden regions: 51->0(44)
[2025-01-03T10:54:54.749-0600][gc,heap     ] GC(0) Survivor regions: 0->7(7)
[2025-01-03T10:54:54.749-0600][gc,heap     ] GC(0) Old regions: 2->4
[2025-01-03T10:54:54.749-0600][gc,heap     ] GC(0) Humongous regions: 0->0
[2025-01-03T10:54:54.749-0600][gc,metaspace] GC(0) Metaspace: 16744K(17024K)->16744K(17024K) NonClass: 14706K(14848K)->14706K(14848K) Class: 2037K(2176K)->2037K(2176K)
[2025-01-03T10:54:54.749-0600][gc          ] GC(0) Pause Young (Normal) (G1 Evacuation Pause) 52M->9M(1024M) 3.164ms
[2025-01-03T10:54:54.749-0600][gc,cpu      ] GC(0) User=0.01s Sys=0.01s Real=0.00s
[2025-01-03T10:54:54.871-0600][gc,start    ] GC(1) Pause Young (Concurrent Start) (Metadata GC Threshold)
[2025-01-03T10:54:54.871-0600][gc,task     ] GC(1) Using 9 workers of 9 for evacuation
[2025-01-03T10:54:54.873-0600][gc,phases   ] GC(1)   Pre Evacuate Collection Set: 0.10ms
[2025-01-03T10:54:54.873-0600][gc,phases   ] GC(1)   Merge Heap Roots: 0.03ms
[2025-01-03T10:54:54.873-0600][gc,phases   ] GC(1)   Evacuate Collection Set: 1.45ms
[2025-01-03T10:54:54.873-0600][gc,phases   ] GC(1)   Post Evacuate Collection Set: 0.20ms
[2025-01-03T10:54:54.873-0600][gc,phases   ] GC(1)   Other: 0.06ms
[2025-01-03T10:54:54.873-0600][gc,heap     ] GC(1) Eden regions: 18->0(49)
[2025-01-03T10:54:54.873-0600][gc,heap     ] GC(1) Survivor regions: 7->2(7)
[2025-01-03T10:54:54.873-0600][gc,heap     ] GC(1) Old regions: 4->11
[2025-01-03T10:54:54.873-0600][gc,heap     ] GC(1) Humongous regions: 0->0
[2025-01-03T10:54:54.873-0600][gc,metaspace] GC(1) Metaspace: 21337K(21504K)->21337K(21504K) NonClass: 18735K(18816K)->18735K(18816K) Class: 2601K(2688K)->2601K(2688K)
[2025-01-03T10:54:54.873-0600][gc          ] GC(1) Pause Young (Concurrent Start) (Metadata GC Threshold) 27M->10M(1024M) 2.122ms
[2025-01-03T10:54:54.873-0600][gc,cpu      ] GC(1) User=0.01s Sys=0.00s Real=0.00s
[2025-01-03T10:54:54.873-0600][gc          ] GC(2) Concurrent Mark Cycle
[2025-01-03T10:54:54.874-0600][gc,marking  ] GC(2) Concurrent Scan Root Regions
[2025-01-03T10:54:54.875-0600][gc,marking  ] GC(2) Concurrent Scan Root Regions 1.400ms
[2025-01-03T10:54:54.875-0600][gc,marking  ] GC(2) Concurrent Mark
[2025-01-03T10:54:54.875-0600][gc,marking  ] GC(2) Concurrent Mark From Roots
[2025-01-03T10:54:54.875-0600][gc,task     ] GC(2) Using 2 workers of 2 for marking
[2025-01-03T10:54:54.876-0600][gc,marking  ] GC(2) Concurrent Mark From Roots 0.619ms
[2025-01-03T10:54:54.876-0600][gc,marking  ] GC(2) Concurrent Preclean
[2025-01-03T10:54:54.876-0600][gc,marking  ] GC(2) Concurrent Preclean 0.014ms
[2025-01-03T10:54:54.876-0600][gc,start    ] GC(2) Pause Remark
[2025-01-03T10:54:54.877-0600][gc          ] GC(2) Pause Remark 11M->11M(1024M) 0.988ms
[2025-01-03T10:54:54.877-0600][gc,cpu      ] GC(2) User=0.00s Sys=0.00s Real=0.00s
[2025-01-03T10:54:54.877-0600][gc,marking  ] GC(2) Concurrent Mark 1.820ms
[2025-01-03T10:54:54.877-0600][gc,marking  ] GC(2) Concurrent Rebuild Remembered Sets and Scrub Regions
[2025-01-03T10:54:54.878-0600][gc,marking  ] GC(2) Concurrent Rebuild Remembered Sets and Scrub Regions 1.398ms
[2025-01-03T10:54:54.878-0600][gc,start    ] GC(2) Pause Cleanup
[2025-01-03T10:54:54.878-0600][gc          ] GC(2) Pause Cleanup 11M->11M(1024M) 0.032ms
[2025-01-03T10:54:54.878-0600][gc,cpu      ] GC(2) User=0.00s Sys=0.00s Real=0.00s
[2025-01-03T10:54:54.878-0600][gc,marking  ] GC(2) Concurrent Clear Claimed Marks
[2025-01-03T10:54:54.879-0600][gc,marking  ] GC(2) Concurrent Clear Claimed Marks 0.025ms
[2025-01-03T10:54:54.879-0600][gc,marking  ] GC(2) Concurrent Cleanup for Next Mark
[2025-01-03T10:54:54.879-0600][gc,marking  ] GC(2) Concurrent Cleanup for Next Mark 0.970ms
[2025-01-03T10:54:54.880-0600][gc          ] GC(2) Concurrent Mark Cycle 6.036ms
[2025-01-03T10:54:55.167-0600][gc,start    ] GC(3) Pause Young (Prepare Mixed) (G1 Evacuation Pause)
[2025-01-03T10:54:55.167-0600][gc,task     ] GC(3) Using 9 workers of 9 for evacuation
[2025-01-03T10:54:55.169-0600][gc,phases   ] GC(3)   Pre Evacuate Collection Set: 0.14ms
[2025-01-03T10:54:55.169-0600][gc,phases   ] GC(3)   Merge Heap Roots: 0.03ms
[2025-01-03T10:54:55.169-0600][gc,phases   ] GC(3)   Evacuate Collection Set: 1.70ms
[2025-01-03T10:54:55.169-0600][gc,phases   ] GC(3)   Post Evacuate Collection Set: 0.43ms
[2025-01-03T10:54:55.169-0600][gc,phases   ] GC(3)   Other: 0.07ms
[2025-01-03T10:54:55.169-0600][gc,heap     ] GC(3) Eden regions: 49->0(44)
[2025-01-03T10:54:55.169-0600][gc,heap     ] GC(3) Survivor regions: 2->7(7)
[2025-01-03T10:54:55.169-0600][gc,heap     ] GC(3) Old regions: 11->12
[2025-01-03T10:54:55.169-0600][gc,heap     ] GC(3) Humongous regions: 129->129
[2025-01-03T10:54:55.169-0600][gc,metaspace] GC(3) Metaspace: 32526K(32768K)->32526K(32768K) NonClass: 28892K(29056K)->28892K(29056K) Class: 3634K(3712K)->3634K(3712K)
[2025-01-03T10:54:55.169-0600][gc          ] GC(3) Pause Young (Prepare Mixed) (G1 Evacuation Pause) (Evacuation Failure: Pinned) 188M->145M(1024M) 2.656ms
[2025-01-03T10:54:55.169-0600][gc,cpu      ] GC(3) User=0.01s Sys=0.00s Real=0.00s
[2025-01-03T10:54:55.321-0600][gc,start    ] GC(4) Pause Young (Mixed) (Metadata GC Threshold)
[2025-01-03T10:54:55.321-0600][gc,task     ] GC(4) Using 9 workers of 9 for evacuation
[2025-01-03T10:54:55.323-0600][gc,phases   ] GC(4)   Pre Evacuate Collection Set: 0.14ms
[2025-01-03T10:54:55.323-0600][gc,phases   ] GC(4)   Merge Heap Roots: 0.05ms
[2025-01-03T10:54:55.323-0600][gc,phases   ] GC(4)   Evacuate Collection Set: 1.63ms
[2025-01-03T10:54:55.323-0600][gc,phases   ] GC(4)   Post Evacuate Collection Set: 0.42ms
[2025-01-03T10:54:55.323-0600][gc,phases   ] GC(4)   Other: 0.07ms
[2025-01-03T10:54:55.323-0600][gc,heap     ] GC(4) Eden regions: 14->0(49)
[2025-01-03T10:54:55.323-0600][gc,heap     ] GC(4) Survivor regions: 7->2(7)
[2025-01-03T10:54:55.323-0600][gc,heap     ] GC(4) Old regions: 12->16
[2025-01-03T10:54:55.323-0600][gc,heap     ] GC(4) Humongous regions: 129->129
[2025-01-03T10:54:55.323-0600][gc,metaspace] GC(4) Metaspace: 35851K(36096K)->35851K(36096K) NonClass: 31757K(31872K)->31757K(31872K) Class: 4094K(4224K)->4094K(4224K)
[2025-01-03T10:54:55.323-0600][gc          ] GC(4) Pause Young (Mixed) (Metadata GC Threshold) 159M->145M(1024M) 2.604ms
[2025-01-03T10:54:55.323-0600][gc,cpu      ] GC(4) User=0.02s Sys=0.00s Real=0.00s
[2025-01-03T10:54:55.330-0600][gc,start    ] GC(5) Pause Young (Concurrent Start) (Metadata GC Threshold)
[2025-01-03T10:54:55.330-0600][gc,task     ] GC(5) Using 9 workers of 9 for evacuation
[2025-01-03T10:54:55.331-0600][gc,phases   ] GC(5)   Pre Evacuate Collection Set: 0.08ms
[2025-01-03T10:54:55.331-0600][gc,phases   ] GC(5)   Merge Heap Roots: 0.05ms
[2025-01-03T10:54:55.331-0600][gc,phases   ] GC(5)   Evacuate Collection Set: 0.45ms
[2025-01-03T10:54:55.331-0600][gc,phases   ] GC(5)   Post Evacuate Collection Set: 0.16ms
[2025-01-03T10:54:55.331-0600][gc,phases   ] GC(5)   Other: 0.05ms
[2025-01-03T10:54:55.331-0600][gc,heap     ] GC(5) Eden regions: 1->0(50)
[2025-01-03T10:54:55.331-0600][gc,heap     ] GC(5) Survivor regions: 2->1(7)
[2025-01-03T10:54:55.331-0600][gc,heap     ] GC(5) Old regions: 16->16
[2025-01-03T10:54:55.331-0600][gc,heap     ] GC(5) Humongous regions: 129->129
[2025-01-03T10:54:55.331-0600][gc,metaspace] GC(5) Metaspace: 36112K(36416K)->36112K(36416K) NonClass: 31985K(32128K)->31985K(32128K) Class: 4126K(4288K)->4126K(4288K)
[2025-01-03T10:54:55.331-0600][gc          ] GC(5) Pause Young (Concurrent Start) (Metadata GC Threshold) 146M->145M(1024M) 0.946ms
[2025-01-03T10:54:55.331-0600][gc          ] GC(6) Concurrent Mark Cycle
[2025-01-03T10:54:55.331-0600][gc,cpu      ] GC(5) User=0.01s Sys=0.00s Real=0.00s
[2025-01-03T10:54:55.331-0600][gc,marking  ] GC(6) Concurrent Scan Root Regions
[2025-01-03T10:54:55.332-0600][gc,marking  ] GC(6) Concurrent Scan Root Regions 0.612ms
[2025-01-03T10:54:55.332-0600][gc,marking  ] GC(6) Concurrent Mark
[2025-01-03T10:54:55.332-0600][gc,marking  ] GC(6) Concurrent Mark From Roots
[2025-01-03T10:54:55.332-0600][gc,task     ] GC(6) Using 2 workers of 2 for marking
[2025-01-03T10:54:55.337-0600][gc,marking  ] GC(6) Concurrent Mark From Roots 4.552ms
[2025-01-03T10:54:55.337-0600][gc,marking  ] GC(6) Concurrent Preclean
[2025-01-03T10:54:55.337-0600][gc,marking  ] GC(6) Concurrent Preclean 0.031ms
[2025-01-03T10:54:55.337-0600][gc,start    ] GC(6) Pause Remark
[2025-01-03T10:54:55.338-0600][gc          ] GC(6) Pause Remark 146M->146M(1024M) 0.912ms
[2025-01-03T10:54:55.338-0600][gc,cpu      ] GC(6) User=0.00s Sys=0.00s Real=0.00s
[2025-01-03T10:54:55.338-0600][gc,marking  ] GC(6) Concurrent Mark 5.662ms
[2025-01-03T10:54:55.338-0600][gc,marking  ] GC(6) Concurrent Rebuild Remembered Sets and Scrub Regions
[2025-01-03T10:54:55.340-0600][gc,marking  ] GC(6) Concurrent Rebuild Remembered Sets and Scrub Regions 2.312ms
[2025-01-03T10:54:55.340-0600][gc,start    ] GC(6) Pause Cleanup
[2025-01-03T10:54:55.340-0600][gc          ] GC(6) Pause Cleanup 147M->147M(1024M) 0.025ms
[2025-01-03T10:54:55.340-0600][gc,cpu      ] GC(6) User=0.00s Sys=0.00s Real=0.00s
[2025-01-03T10:54:55.340-0600][gc,marking  ] GC(6) Concurrent Clear Claimed Marks
[2025-01-03T10:54:55.340-0600][gc,marking  ] GC(6) Concurrent Clear Claimed Marks 0.019ms
[2025-01-03T10:54:55.340-0600][gc,marking  ] GC(6) Concurrent Cleanup for Next Mark
[2025-01-03T10:54:55.341-0600][gc,marking  ] GC(6) Concurrent Cleanup for Next Mark 0.820ms
[2025-01-03T10:54:55.341-0600][gc          ] GC(6) Concurrent Mark Cycle 9.669ms
[2025-01-03T10:55:51.536-0600][gc,start    ] GC(7) Pause Young (Prepare Mixed) (G1 Evacuation Pause)
[2025-01-03T10:55:51.536-0600][gc,task     ] GC(7) Using 9 workers of 9 for evacuation
[2025-01-03T10:55:51.538-0600][gc,phases   ] GC(7)   Pre Evacuate Collection Set: 0.17ms
[2025-01-03T10:55:51.538-0600][gc,phases   ] GC(7)   Merge Heap Roots: 0.07ms
[2025-01-03T10:55:51.538-0600][gc,phases   ] GC(7)   Evacuate Collection Set: 2.03ms
[2025-01-03T10:55:51.538-0600][gc,phases   ] GC(7)   Post Evacuate Collection Set: 0.23ms
[2025-01-03T10:55:51.538-0600][gc,phases   ] GC(7)   Other: 0.05ms
[2025-01-03T10:55:51.538-0600][gc,heap     ] GC(7) Eden regions: 50->0(46)
[2025-01-03T10:55:51.538-0600][gc,heap     ] GC(7) Survivor regions: 1->5(7)
[2025-01-03T10:55:51.538-0600][gc,heap     ] GC(7) Old regions: 16->16
[2025-01-03T10:55:51.538-0600][gc,heap     ] GC(7) Humongous regions: 129->129
[2025-01-03T10:55:51.538-0600][gc,metaspace] GC(7) Metaspace: 42346K(42944K)->42346K(42944K) NonClass: 37165K(37568K)->37165K(37568K) Class: 5180K(5376K)->5180K(5376K)
[2025-01-03T10:55:51.538-0600][gc          ] GC(7) Pause Young (Prepare Mixed) (G1 Evacuation Pause) 195M->149M(1024M) 2.955ms
[2025-01-03T10:55:51.538-0600][gc,cpu      ] GC(7) User=0.02s Sys=0.01s Real=0.00s
[2025-01-03T10:58:10.689-0600][gc,start    ] GC(8) Pause Young (Mixed) (G1 Evacuation Pause)
[2025-01-03T10:58:10.690-0600][gc,task     ] GC(8) Using 9 workers of 9 for evacuation
[2025-01-03T10:58:10.707-0600][gc,phases   ] GC(8)   Pre Evacuate Collection Set: 1.19ms
[2025-01-03T10:58:10.707-0600][gc,phases   ] GC(8)   Merge Heap Roots: 0.47ms
[2025-01-03T10:58:10.707-0600][gc,phases   ] GC(8)   Evacuate Collection Set: 14.66ms
[2025-01-03T10:58:10.707-0600][gc,phases   ] GC(8)   Post Evacuate Collection Set: 0.55ms
[2025-01-03T10:58:10.707-0600][gc,phases   ] GC(8)   Other: 0.27ms
[2025-01-03T10:58:10.707-0600][gc,heap     ] GC(8) Eden regions: 46->0(46)
[2025-01-03T10:58:10.708-0600][gc,heap     ] GC(8) Survivor regions: 5->5(7)
[2025-01-03T10:58:10.708-0600][gc,heap     ] GC(8) Old regions: 16->20
[2025-01-03T10:58:10.708-0600][gc,heap     ] GC(8) Humongous regions: 129->129
[2025-01-03T10:58:10.708-0600][gc,metaspace] GC(8) Metaspace: 43394K(44032K)->43394K(44032K) NonClass: 38178K(38528K)->38178K(38528K) Class: 5216K(5504K)->5216K(5504K)
[2025-01-03T10:58:10.708-0600][gc          ] GC(8) Pause Young (Mixed) (G1 Evacuation Pause) 195M->153M(1024M) 18.788ms
[2025-01-03T10:58:10.708-0600][gc,cpu      ] GC(8) User=0.05s Sys=0.03s Real=0.02s
[2025-01-03T11:01:29.723-0600][gc,start    ] GC(9) Pause Young (Normal) (G1 Evacuation Pause)
[2025-01-03T11:01:29.724-0600][gc,task     ] GC(9) Using 9 workers of 9 for evacuation
[2025-01-03T11:01:29.736-0600][gc,phases   ] GC(9)   Pre Evacuate Collection Set: 0.70ms
[2025-01-03T11:01:29.736-0600][gc,phases   ] GC(9)   Merge Heap Roots: 0.15ms
[2025-01-03T11:01:29.736-0600][gc,phases   ] GC(9)   Evacuate Collection Set: 10.68ms
[2025-01-03T11:01:29.736-0600][gc,phases   ] GC(9)   Post Evacuate Collection Set: 0.52ms
[2025-01-03T11:01:29.736-0600][gc,phases   ] GC(9)   Other: 0.17ms
[2025-01-03T11:01:29.736-0600][gc,heap     ] GC(9) Eden regions: 46->0(48)
[2025-01-03T11:01:29.736-0600][gc,heap     ] GC(9) Survivor regions: 5->3(7)
[2025-01-03T11:01:29.736-0600][gc,heap     ] GC(9) Old regions: 20->22
[2025-01-03T11:01:29.736-0600][gc,heap     ] GC(9) Humongous regions: 129->129
[2025-01-03T11:01:29.736-0600][gc,metaspace] GC(9) Metaspace: 43469K(44096K)->43469K(44096K) NonClass: 38250K(38592K)->38250K(38592K) Class: 5219K(5504K)->5219K(5504K)
[2025-01-03T11:01:29.736-0600][gc          ] GC(9) Pause Young (Normal) (G1 Evacuation Pause) 199M->153M(1024M) 13.010ms
[2025-01-03T11:01:29.736-0600][gc,cpu      ] GC(9) User=0.02s Sys=0.01s Real=0.01s
[2025-01-03T11:02:32.812-0600][gc,heap,exit] Heap
[2025-01-03T11:02:32.812-0600][gc,heap,exit]  garbage-first heap   total reserved 1048576K, committed 1048576K, used 180512K [0x00000007c0000000, 0x0000000800000000)
[2025-01-03T11:02:32.812-0600][gc,heap,exit]   region size 1024K, 26 young (26624K), 3 survivors (3072K)
[2025-01-03T11:02:32.812-0600][gc,heap,exit]  Metaspace       used 44513K, committed 45184K, reserved 1114112K
[2025-01-03T11:02:32.812-0600][gc,heap,exit]   class space    used 5418K, committed 5696K, reserved 1048576K
