[2025-01-03T11:41:01.409-0600][gc,init] CardTable entry size: 512
[2025-01-03T11:41:01.409-0600][gc     ] Using G1
[2025-01-03T11:41:01.410-0600][gc,init] Version: 23+37-2369 (release)
[2025-01-03T11:41:01.410-0600][gc,init] CPUs: 11 total, 11 available
[2025-01-03T11:41:01.410-0600][gc,init] Memory: 18432M
[2025-01-03T11:41:01.410-0600][gc,init] Large Page Support: Disabled
[2025-01-03T11:41:01.410-0600][gc,init] NUMA Support: Disabled
[2025-01-03T11:41:01.410-0600][gc,init] Compressed Oops: Enabled (Zero based)
[2025-01-03T11:41:01.410-0600][gc,init] Heap Region Size: 1M
[2025-01-03T11:41:01.410-0600][gc,init] Heap Min Capacity: 1G
[2025-01-03T11:41:01.410-0600][gc,init] Heap Initial Capacity: 1G
[2025-01-03T11:41:01.410-0600][gc,init] Heap Max Capacity: 1G
[2025-01-03T11:41:01.410-0600][gc,init] Pre-touch: Disabled
[2025-01-03T11:41:01.410-0600][gc,init] Parallel Workers: 9
[2025-01-03T11:41:01.410-0600][gc,init] Concurrent Workers: 2
[2025-01-03T11:41:01.410-0600][gc,init] Concurrent Refinement Workers: 9
[2025-01-03T11:41:01.410-0600][gc,init] Periodic GC: Disabled
[2025-01-03T11:41:01.415-0600][gc,metaspace] CDS archive(s) mapped at: [0x0000300000000000-0x0000300000d94000-0x0000300000d94000), size 14237696, SharedBaseAddress: 0x0000300000000000, ArchiveRelocationMode: 1.
[2025-01-03T11:41:01.415-0600][gc,metaspace] Compressed class space mapped at: 0x0000300001000000-0x0000300041000000, reserved size: 1073741824
[2025-01-03T11:41:01.415-0600][gc,metaspace] Narrow klass base: 0x0000300000000000, Narrow klass shift: 0, Narrow klass range: 0x100000000
[2025-01-03T11:41:01.906-0600][gc,start    ] GC(0) Pause Young (Normal) (G1 Evacuation Pause)
[2025-01-03T11:41:01.906-0600][gc,task     ] GC(0) Using 9 workers of 9 for evacuation
[2025-01-03T11:41:01.908-0600][gc,phases   ] GC(0)   Pre Evacuate Collection Set: 0.12ms
[2025-01-03T11:41:01.908-0600][gc,phases   ] GC(0)   Merge Heap Roots: 0.05ms
[2025-01-03T11:41:01.908-0600][gc,phases   ] GC(0)   Evacuate Collection Set: 1.65ms
[2025-01-03T11:41:01.908-0600][gc,phases   ] GC(0)   Post Evacuate Collection Set: 0.22ms
[2025-01-03T11:41:01.908-0600][gc,phases   ] GC(0)   Other: 0.25ms
[2025-01-03T11:41:01.908-0600][gc,heap     ] GC(0) Eden regions: 51->0(44)
[2025-01-03T11:41:01.908-0600][gc,heap     ] GC(0) Survivor regions: 0->7(7)
[2025-01-03T11:41:01.908-0600][gc,heap     ] GC(0) Old regions: 2->4
[2025-01-03T11:41:01.908-0600][gc,heap     ] GC(0) Humongous regions: 0->0
[2025-01-03T11:41:01.908-0600][gc,metaspace] GC(0) Metaspace: 16660K(16960K)->16660K(16960K) NonClass: 14631K(14784K)->14631K(14784K) Class: 2028K(2176K)->2028K(2176K)
[2025-01-03T11:41:01.908-0600][gc          ] GC(0) Pause Young (Normal) (G1 Evacuation Pause) 52M->9M(1024M) 2.480ms
[2025-01-03T11:41:01.908-0600][gc,cpu      ] GC(0) User=0.01s Sys=0.00s Real=0.00s
[2025-01-03T11:41:02.009-0600][gc,start    ] GC(1) Pause Young (Concurrent Start) (Metadata GC Threshold)
[2025-01-03T11:41:02.009-0600][gc,task     ] GC(1) Using 9 workers of 9 for evacuation
[2025-01-03T11:41:02.011-0600][gc,phases   ] GC(1)   Pre Evacuate Collection Set: 0.11ms
[2025-01-03T11:41:02.011-0600][gc,phases   ] GC(1)   Merge Heap Roots: 0.05ms
[2025-01-03T11:41:02.011-0600][gc,phases   ] GC(1)   Evacuate Collection Set: 1.44ms
[2025-01-03T11:41:02.011-0600][gc,phases   ] GC(1)   Post Evacuate Collection Set: 0.15ms
[2025-01-03T11:41:02.011-0600][gc,phases   ] GC(1)   Other: 0.05ms
[2025-01-03T11:41:02.011-0600][gc,heap     ] GC(1) Eden regions: 20->0(49)
[2025-01-03T11:41:02.011-0600][gc,heap     ] GC(1) Survivor regions: 7->2(7)
[2025-01-03T11:41:02.011-0600][gc,heap     ] GC(1) Old regions: 4->11
[2025-01-03T11:41:02.011-0600][gc,heap     ] GC(1) Humongous regions: 0->0
[2025-01-03T11:41:02.011-0600][gc,metaspace] GC(1) Metaspace: 21308K(21504K)->21308K(21504K) NonClass: 18707K(18816K)->18707K(18816K) Class: 2601K(2688K)->2601K(2688K)
[2025-01-03T11:41:02.011-0600][gc          ] GC(1) Pause Young (Concurrent Start) (Metadata GC Threshold) 28M->11M(1024M) 1.952ms
[2025-01-03T11:41:02.011-0600][gc,cpu      ] GC(1) User=0.01s Sys=0.00s Real=0.01s
[2025-01-03T11:41:02.011-0600][gc          ] GC(2) Concurrent Mark Cycle
[2025-01-03T11:41:02.011-0600][gc,marking  ] GC(2) Concurrent Scan Root Regions
[2025-01-03T11:41:02.012-0600][gc,marking  ] GC(2) Concurrent Scan Root Regions 0.949ms
[2025-01-03T11:41:02.012-0600][gc,marking  ] GC(2) Concurrent Mark
[2025-01-03T11:41:02.012-0600][gc,marking  ] GC(2) Concurrent Mark From Roots
[2025-01-03T11:41:02.012-0600][gc,task     ] GC(2) Using 2 workers of 2 for marking
[2025-01-03T11:41:02.013-0600][gc,marking  ] GC(2) Concurrent Mark From Roots 0.636ms
[2025-01-03T11:41:02.013-0600][gc,marking  ] GC(2) Concurrent Preclean
[2025-01-03T11:41:02.013-0600][gc,marking  ] GC(2) Concurrent Preclean 0.011ms
[2025-01-03T11:41:02.013-0600][gc,start    ] GC(2) Pause Remark
[2025-01-03T11:41:02.014-0600][gc          ] GC(2) Pause Remark 11M->11M(1024M) 0.835ms
[2025-01-03T11:41:02.014-0600][gc,cpu      ] GC(2) User=0.00s Sys=0.00s Real=0.00s
[2025-01-03T11:41:02.014-0600][gc,marking  ] GC(2) Concurrent Mark 1.870ms
[2025-01-03T11:41:02.014-0600][gc,marking  ] GC(2) Concurrent Rebuild Remembered Sets and Scrub Regions
[2025-01-03T11:41:02.015-0600][gc,marking  ] GC(2) Concurrent Rebuild Remembered Sets and Scrub Regions 0.990ms
[2025-01-03T11:41:02.015-0600][gc,start    ] GC(2) Pause Cleanup
[2025-01-03T11:41:02.015-0600][gc          ] GC(2) Pause Cleanup 11M->11M(1024M) 0.015ms
[2025-01-03T11:41:02.015-0600][gc,cpu      ] GC(2) User=0.00s Sys=0.00s Real=0.00s
[2025-01-03T11:41:02.015-0600][gc,marking  ] GC(2) Concurrent Clear Claimed Marks
[2025-01-03T11:41:02.015-0600][gc,marking  ] GC(2) Concurrent Clear Claimed Marks 0.019ms
[2025-01-03T11:41:02.015-0600][gc,marking  ] GC(2) Concurrent Cleanup for Next Mark
[2025-01-03T11:41:02.016-0600][gc,marking  ] GC(2) Concurrent Cleanup for Next Mark 0.812ms
[2025-01-03T11:41:02.016-0600][gc          ] GC(2) Concurrent Mark Cycle 4.832ms
[2025-01-03T11:41:02.248-0600][gc,start    ] GC(3) Pause Young (Prepare Mixed) (G1 Evacuation Pause)
[2025-01-03T11:41:02.248-0600][gc,task     ] GC(3) Using 9 workers of 9 for evacuation
[2025-01-03T11:41:02.250-0600][gc,phases   ] GC(3)   Pre Evacuate Collection Set: 0.08ms
[2025-01-03T11:41:02.250-0600][gc,phases   ] GC(3)   Merge Heap Roots: 0.03ms
[2025-01-03T11:41:02.250-0600][gc,phases   ] GC(3)   Evacuate Collection Set: 1.29ms
[2025-01-03T11:41:02.250-0600][gc,phases   ] GC(3)   Post Evacuate Collection Set: 0.19ms
[2025-01-03T11:41:02.250-0600][gc,phases   ] GC(3)   Other: 0.05ms
[2025-01-03T11:41:02.250-0600][gc,heap     ] GC(3) Eden regions: 49->0(44)
[2025-01-03T11:41:02.250-0600][gc,heap     ] GC(3) Survivor regions: 2->7(7)
[2025-01-03T11:41:02.250-0600][gc,heap     ] GC(3) Old regions: 11->11
[2025-01-03T11:41:02.250-0600][gc,heap     ] GC(3) Humongous regions: 129->129
[2025-01-03T11:41:02.250-0600][gc,metaspace] GC(3) Metaspace: 32578K(32832K)->32578K(32832K) NonClass: 28934K(29120K)->28934K(29120K) Class: 3643K(3712K)->3643K(3712K)
[2025-01-03T11:41:02.250-0600][gc          ] GC(3) Pause Young (Prepare Mixed) (G1 Evacuation Pause) 189M->145M(1024M) 1.793ms
[2025-01-03T11:41:02.250-0600][gc,cpu      ] GC(3) User=0.01s Sys=0.00s Real=0.01s
[2025-01-03T11:41:02.393-0600][gc,start    ] GC(4) Pause Young (Mixed) (Metadata GC Threshold)
[2025-01-03T11:41:02.393-0600][gc,task     ] GC(4) Using 9 workers of 9 for evacuation
[2025-01-03T11:41:02.396-0600][gc,phases   ] GC(4)   Pre Evacuate Collection Set: 0.14ms
[2025-01-03T11:41:02.396-0600][gc,phases   ] GC(4)   Merge Heap Roots: 0.03ms
[2025-01-03T11:41:02.396-0600][gc,phases   ] GC(4)   Evacuate Collection Set: 2.13ms
[2025-01-03T11:41:02.396-0600][gc,phases   ] GC(4)   Post Evacuate Collection Set: 0.29ms
[2025-01-03T11:41:02.396-0600][gc,phases   ] GC(4)   Other: 0.09ms
[2025-01-03T11:41:02.396-0600][gc,heap     ] GC(4) Eden regions: 14->0(49)
[2025-01-03T11:41:02.396-0600][gc,heap     ] GC(4) Survivor regions: 7->2(7)
[2025-01-03T11:41:02.396-0600][gc,heap     ] GC(4) Old regions: 11->16
[2025-01-03T11:41:02.396-0600][gc,heap     ] GC(4) Humongous regions: 129->129
[2025-01-03T11:41:02.396-0600][gc,metaspace] GC(4) Metaspace: 35689K(35968K)->35689K(35968K) NonClass: 31621K(31744K)->31621K(31744K) Class: 4067K(4224K)->4067K(4224K)
[2025-01-03T11:41:02.396-0600][gc          ] GC(4) Pause Young (Mixed) (Metadata GC Threshold) 158M->145M(1024M) 3.001ms
[2025-01-03T11:41:02.396-0600][gc,cpu      ] GC(4) User=0.01s Sys=0.01s Real=0.00s
[2025-01-03T11:41:02.403-0600][gc,start    ] GC(5) Pause Young (Concurrent Start) (Metadata GC Threshold)
[2025-01-03T11:41:02.403-0600][gc,task     ] GC(5) Using 9 workers of 9 for evacuation
[2025-01-03T11:41:02.404-0600][gc,phases   ] GC(5)   Pre Evacuate Collection Set: 0.14ms
[2025-01-03T11:41:02.404-0600][gc,phases   ] GC(5)   Merge Heap Roots: 0.03ms
[2025-01-03T11:41:02.404-0600][gc,phases   ] GC(5)   Evacuate Collection Set: 0.47ms
[2025-01-03T11:41:02.404-0600][gc,phases   ] GC(5)   Post Evacuate Collection Set: 0.14ms
[2025-01-03T11:41:02.404-0600][gc,phases   ] GC(5)   Other: 0.05ms
[2025-01-03T11:41:02.404-0600][gc,heap     ] GC(5) Eden regions: 2->0(50)
[2025-01-03T11:41:02.404-0600][gc,heap     ] GC(5) Survivor regions: 2->1(7)
[2025-01-03T11:41:02.404-0600][gc,heap     ] GC(5) Old regions: 16->16
[2025-01-03T11:41:02.404-0600][gc,heap     ] GC(5) Humongous regions: 129->129
[2025-01-03T11:41:02.404-0600][gc,metaspace] GC(5) Metaspace: 35978K(36288K)->35978K(36288K) NonClass: 31868K(32000K)->31868K(32000K) Class: 4109K(4288K)->4109K(4288K)
[2025-01-03T11:41:02.404-0600][gc          ] GC(5) Pause Young (Concurrent Start) (Metadata GC Threshold) 147M->145M(1024M) 0.988ms
[2025-01-03T11:41:02.404-0600][gc,cpu      ] GC(5) User=0.01s Sys=0.00s Real=0.00s
[2025-01-03T11:41:02.404-0600][gc          ] GC(6) Concurrent Mark Cycle
[2025-01-03T11:41:02.404-0600][gc,marking  ] GC(6) Concurrent Scan Root Regions
[2025-01-03T11:41:02.405-0600][gc,marking  ] GC(6) Concurrent Scan Root Regions 0.707ms
[2025-01-03T11:41:02.405-0600][gc,marking  ] GC(6) Concurrent Mark
[2025-01-03T11:41:02.405-0600][gc,marking  ] GC(6) Concurrent Mark From Roots
[2025-01-03T11:41:02.405-0600][gc,task     ] GC(6) Using 2 workers of 2 for marking
[2025-01-03T11:41:02.411-0600][gc,marking  ] GC(6) Concurrent Mark From Roots 6.225ms
[2025-01-03T11:41:02.411-0600][gc,marking  ] GC(6) Concurrent Preclean
[2025-01-03T11:41:02.412-0600][gc,marking  ] GC(6) Concurrent Preclean 0.080ms
[2025-01-03T11:41:02.412-0600][gc,start    ] GC(6) Pause Remark
[2025-01-03T11:41:02.413-0600][gc          ] GC(6) Pause Remark 146M->146M(1024M) 1.010ms
[2025-01-03T11:41:02.413-0600][gc,cpu      ] GC(6) User=0.01s Sys=0.00s Real=0.00s
[2025-01-03T11:41:02.413-0600][gc,marking  ] GC(6) Concurrent Mark 7.631ms
[2025-01-03T11:41:02.413-0600][gc,marking  ] GC(6) Concurrent Rebuild Remembered Sets and Scrub Regions
[2025-01-03T11:41:02.415-0600][gc,marking  ] GC(6) Concurrent Rebuild Remembered Sets and Scrub Regions 2.552ms
[2025-01-03T11:41:02.415-0600][gc,start    ] GC(6) Pause Cleanup
[2025-01-03T11:41:02.415-0600][gc          ] GC(6) Pause Cleanup 146M->146M(1024M) 0.023ms
[2025-01-03T11:41:02.415-0600][gc,cpu      ] GC(6) User=0.00s Sys=0.00s Real=0.00s
[2025-01-03T11:41:02.415-0600][gc,marking  ] GC(6) Concurrent Clear Claimed Marks
[2025-01-03T11:41:02.415-0600][gc,marking  ] GC(6) Concurrent Clear Claimed Marks 0.032ms
[2025-01-03T11:41:02.415-0600][gc,marking  ] GC(6) Concurrent Cleanup for Next Mark
[2025-01-03T11:41:02.416-0600][gc,marking  ] GC(6) Concurrent Cleanup for Next Mark 0.880ms
[2025-01-03T11:41:02.416-0600][gc          ] GC(6) Concurrent Mark Cycle 12.065ms
[2025-01-03T11:42:07.252-0600][gc,start    ] GC(7) Pause Young (Prepare Mixed) (G1 Evacuation Pause)
[2025-01-03T11:42:07.252-0600][gc,task     ] GC(7) Using 9 workers of 9 for evacuation
[2025-01-03T11:42:07.254-0600][gc,phases   ] GC(7)   Pre Evacuate Collection Set: 0.12ms
[2025-01-03T11:42:07.254-0600][gc,phases   ] GC(7)   Merge Heap Roots: 0.03ms
[2025-01-03T11:42:07.254-0600][gc,phases   ] GC(7)   Evacuate Collection Set: 1.53ms
[2025-01-03T11:42:07.254-0600][gc,phases   ] GC(7)   Post Evacuate Collection Set: 0.18ms
[2025-01-03T11:42:07.254-0600][gc,phases   ] GC(7)   Other: 0.04ms
[2025-01-03T11:42:07.254-0600][gc,heap     ] GC(7) Eden regions: 50->0(46)
[2025-01-03T11:42:07.254-0600][gc,heap     ] GC(7) Survivor regions: 1->5(7)
[2025-01-03T11:42:07.254-0600][gc,heap     ] GC(7) Old regions: 16->16
[2025-01-03T11:42:07.254-0600][gc,heap     ] GC(7) Humongous regions: 129->129
[2025-01-03T11:42:07.254-0600][gc,metaspace] GC(7) Metaspace: 42324K(42880K)->42324K(42880K) NonClass: 37142K(37504K)->37142K(37504K) Class: 5181K(5376K)->5181K(5376K)
[2025-01-03T11:42:07.254-0600][gc          ] GC(7) Pause Young (Prepare Mixed) (G1 Evacuation Pause) 195M->149M(1024M) 2.219ms
[2025-01-03T11:42:07.254-0600][gc,cpu      ] GC(7) User=0.01s Sys=0.00s Real=0.00s
[2025-01-03T11:44:02.170-0600][gc,start    ] GC(8) Pause Young (Mixed) (G1 Evacuation Pause)
[2025-01-03T11:44:02.172-0600][gc,task     ] GC(8) Using 9 workers of 9 for evacuation
[2025-01-03T11:44:02.190-0600][gc,phases   ] GC(8)   Pre Evacuate Collection Set: 1.06ms
[2025-01-03T11:44:02.190-0600][gc,phases   ] GC(8)   Merge Heap Roots: 0.21ms
[2025-01-03T11:44:02.190-0600][gc,phases   ] GC(8)   Evacuate Collection Set: 15.74ms
[2025-01-03T11:44:02.190-0600][gc,phases   ] GC(8)   Post Evacuate Collection Set: 0.92ms
[2025-01-03T11:44:02.191-0600][gc,phases   ] GC(8)   Other: 0.35ms
[2025-01-03T11:44:02.191-0600][gc,heap     ] GC(8) Eden regions: 46->0(46)
[2025-01-03T11:44:02.191-0600][gc,heap     ] GC(8) Survivor regions: 5->5(7)
[2025-01-03T11:44:02.191-0600][gc,heap     ] GC(8) Old regions: 16->21
[2025-01-03T11:44:02.191-0600][gc,heap     ] GC(8) Humongous regions: 129->129
[2025-01-03T11:44:02.191-0600][gc,metaspace] GC(8) Metaspace: 43583K(44288K)->43583K(44288K) NonClass: 38327K(38720K)->38327K(38720K) Class: 5256K(5568K)->5256K(5568K)
[2025-01-03T11:44:02.191-0600][gc          ] GC(8) Pause Young (Mixed) (G1 Evacuation Pause) 195M->153M(1024M) 20.625ms
[2025-01-03T11:44:02.191-0600][gc,cpu      ] GC(8) User=0.05s Sys=0.04s Real=0.02s
[2025-01-03T11:46:35.055-0600][gc,start    ] GC(9) Pause Young (Normal) (G1 Evacuation Pause)
[2025-01-03T11:46:35.057-0600][gc,task     ] GC(9) Using 9 workers of 9 for evacuation
[2025-01-03T11:46:35.067-0600][gc,phases   ] GC(9)   Pre Evacuate Collection Set: 1.33ms
[2025-01-03T11:46:35.067-0600][gc,phases   ] GC(9)   Merge Heap Roots: 0.43ms
[2025-01-03T11:46:35.067-0600][gc,phases   ] GC(9)   Evacuate Collection Set: 8.06ms
[2025-01-03T11:46:35.067-0600][gc,phases   ] GC(9)   Post Evacuate Collection Set: 0.34ms
[2025-01-03T11:46:35.067-0600][gc,phases   ] GC(9)   Other: 0.28ms
[2025-01-03T11:46:35.067-0600][gc,heap     ] GC(9) Eden regions: 46->0(47)
[2025-01-03T11:46:35.067-0600][gc,heap     ] GC(9) Survivor regions: 5->4(7)
[2025-01-03T11:46:35.067-0600][gc,heap     ] GC(9) Old regions: 21->23
[2025-01-03T11:46:35.068-0600][gc,heap     ] GC(9) Humongous regions: 129->129
[2025-01-03T11:46:35.068-0600][gc,metaspace] GC(9) Metaspace: 43679K(44352K)->43679K(44352K) NonClass: 38420K(38784K)->38420K(38784K) Class: 5259K(5568K)->5259K(5568K)
[2025-01-03T11:46:35.068-0600][gc          ] GC(9) Pause Young (Normal) (G1 Evacuation Pause) 199M->155M(1024M) 12.289ms
[2025-01-03T11:46:35.068-0600][gc,cpu      ] GC(9) User=0.03s Sys=0.01s Real=0.01s
[2025-01-03T11:49:24.867-0600][gc,start    ] GC(10) Pause Young (Normal) (G1 Evacuation Pause)
[2025-01-03T11:49:24.867-0600][gc,task     ] GC(10) Using 9 workers of 9 for evacuation
[2025-01-03T11:49:24.877-0600][gc,phases   ] GC(10)   Pre Evacuate Collection Set: 1.12ms
[2025-01-03T11:49:24.877-0600][gc,phases   ] GC(10)   Merge Heap Roots: 0.26ms
[2025-01-03T11:49:24.877-0600][gc,phases   ] GC(10)   Evacuate Collection Set: 7.98ms
[2025-01-03T11:49:24.877-0600][gc,phases   ] GC(10)   Post Evacuate Collection Set: 0.57ms
[2025-01-03T11:49:24.877-0600][gc,phases   ] GC(10)   Other: 0.24ms
[2025-01-03T11:49:24.877-0600][gc,heap     ] GC(10) Eden regions: 47->0(45)
[2025-01-03T11:49:24.877-0600][gc,heap     ] GC(10) Survivor regions: 4->6(7)
[2025-01-03T11:49:24.877-0600][gc,heap     ] GC(10) Old regions: 23->23
[2025-01-03T11:49:24.877-0600][gc,heap     ] GC(10) Humongous regions: 129->129
[2025-01-03T11:49:24.877-0600][gc,metaspace] GC(10) Metaspace: 43721K(44416K)->43721K(44416K) NonClass: 38462K(38848K)->38462K(38848K) Class: 5259K(5568K)->5259K(5568K)
[2025-01-03T11:49:24.878-0600][gc          ] GC(10) Pause Young (Normal) (G1 Evacuation Pause) 202M->156M(1024M) 11.004ms
[2025-01-03T11:49:24.878-0600][gc,cpu      ] GC(10) User=0.03s Sys=0.02s Real=0.01s
[2025-01-03T11:52:11.699-0600][gc,start    ] GC(11) Pause Young (Normal) (G1 Evacuation Pause)
[2025-01-03T11:52:11.700-0600][gc,task     ] GC(11) Using 9 workers of 9 for evacuation
[2025-01-03T11:52:11.717-0600][gc,phases   ] GC(11)   Pre Evacuate Collection Set: 1.37ms
[2025-01-03T11:52:11.717-0600][gc,phases   ] GC(11)   Merge Heap Roots: 0.39ms
[2025-01-03T11:52:11.717-0600][gc,phases   ] GC(11)   Evacuate Collection Set: 14.69ms
[2025-01-03T11:52:11.717-0600][gc,phases   ] GC(11)   Post Evacuate Collection Set: 0.40ms
[2025-01-03T11:52:11.717-0600][gc,phases   ] GC(11)   Other: 0.24ms
[2025-01-03T11:52:11.717-0600][gc,heap     ] GC(11) Eden regions: 45->0(44)
[2025-01-03T11:52:11.717-0600][gc,heap     ] GC(11) Survivor regions: 6->7(7)
[2025-01-03T11:52:11.717-0600][gc,heap     ] GC(11) Old regions: 23->25
[2025-01-03T11:52:11.717-0600][gc,heap     ] GC(11) Humongous regions: 129->129
[2025-01-03T11:52:11.717-0600][gc,metaspace] GC(11) Metaspace: 43820K(44480K)->43820K(44480K) NonClass: 38539K(38912K)->38539K(38912K) Class: 5280K(5568K)->5280K(5568K)
[2025-01-03T11:52:11.717-0600][gc          ] GC(11) Pause Young (Normal) (G1 Evacuation Pause) 201M->160M(1024M) 18.303ms
[2025-01-03T11:52:11.717-0600][gc,cpu      ] GC(11) User=0.05s Sys=0.03s Real=0.02s
[2025-01-03T11:55:02.126-0600][gc,start    ] GC(12) Pause Young (Normal) (G1 Evacuation Pause)
[2025-01-03T11:55:02.128-0600][gc,task     ] GC(12) Using 9 workers of 9 for evacuation
[2025-01-03T11:55:02.145-0600][gc,phases   ] GC(12)   Pre Evacuate Collection Set: 1.67ms
[2025-01-03T11:55:02.145-0600][gc,phases   ] GC(12)   Merge Heap Roots: 0.46ms
[2025-01-03T11:55:02.145-0600][gc,phases   ] GC(12)   Evacuate Collection Set: 13.61ms
[2025-01-03T11:55:02.145-0600][gc,phases   ] GC(12)   Post Evacuate Collection Set: 0.66ms
[2025-01-03T11:55:02.145-0600][gc,phases   ] GC(12)   Other: 0.47ms
[2025-01-03T11:55:02.145-0600][gc,heap     ] GC(12) Eden regions: 44->0(46)
[2025-01-03T11:55:02.145-0600][gc,heap     ] GC(12) Survivor regions: 7->5(7)
[2025-01-03T11:55:02.145-0600][gc,heap     ] GC(12) Old regions: 25->31
[2025-01-03T11:55:02.145-0600][gc,heap     ] GC(12) Humongous regions: 129->129
[2025-01-03T11:55:02.145-0600][gc,metaspace] GC(12) Metaspace: 43830K(44480K)->43830K(44480K) NonClass: 38549K(38912K)->38549K(38912K) Class: 5280K(5568K)->5280K(5568K)
[2025-01-03T11:55:02.145-0600][gc          ] GC(12) Pause Young (Normal) (G1 Evacuation Pause) 204M->163M(1024M) 19.048ms
[2025-01-03T11:55:02.145-0600][gc,cpu      ] GC(12) User=0.05s Sys=0.03s Real=0.02s
[2025-01-03T11:58:01.061-0600][gc,start    ] GC(13) Pause Young (Normal) (G1 Evacuation Pause)
[2025-01-03T11:58:01.062-0600][gc,task     ] GC(13) Using 9 workers of 9 for evacuation
[2025-01-03T11:58:01.077-0600][gc,phases   ] GC(13)   Pre Evacuate Collection Set: 1.65ms
[2025-01-03T11:58:01.077-0600][gc,phases   ] GC(13)   Merge Heap Roots: 0.44ms
[2025-01-03T11:58:01.077-0600][gc,phases   ] GC(13)   Evacuate Collection Set: 11.95ms
[2025-01-03T11:58:01.077-0600][gc,phases   ] GC(13)   Post Evacuate Collection Set: 0.66ms
[2025-01-03T11:58:01.077-0600][gc,phases   ] GC(13)   Other: 0.23ms
[2025-01-03T11:58:01.077-0600][gc,heap     ] GC(13) Eden regions: 46->0(47)
[2025-01-03T11:58:01.077-0600][gc,heap     ] GC(13) Survivor regions: 5->4(7)
[2025-01-03T11:58:01.077-0600][gc,heap     ] GC(13) Old regions: 31->34
[2025-01-03T11:58:01.077-0600][gc,heap     ] GC(13) Humongous regions: 129->129
[2025-01-03T11:58:01.077-0600][gc,metaspace] GC(13) Metaspace: 43849K(44544K)->43849K(44544K) NonClass: 38568K(38976K)->38568K(38976K) Class: 5280K(5568K)->5280K(5568K)
[2025-01-03T11:58:01.077-0600][gc          ] GC(13) Pause Young (Normal) (G1 Evacuation Pause) 209M->165M(1024M) 15.882ms
[2025-01-03T11:58:01.077-0600][gc,cpu      ] GC(13) User=0.04s Sys=0.03s Real=0.01s
[2025-01-03T12:01:03.616-0600][gc,start    ] GC(14) Pause Young (Normal) (G1 Evacuation Pause)
[2025-01-03T12:01:03.618-0600][gc,task     ] GC(14) Using 9 workers of 9 for evacuation
[2025-01-03T12:01:03.634-0600][gc,phases   ] GC(14)   Pre Evacuate Collection Set: 1.73ms
[2025-01-03T12:01:03.634-0600][gc,phases   ] GC(14)   Merge Heap Roots: 0.22ms
[2025-01-03T12:01:03.634-0600][gc,phases   ] GC(14)   Evacuate Collection Set: 11.25ms
[2025-01-03T12:01:03.634-0600][gc,phases   ] GC(14)   Post Evacuate Collection Set: 2.44ms
[2025-01-03T12:01:03.634-0600][gc,phases   ] GC(14)   Other: 0.37ms
[2025-01-03T12:01:03.634-0600][gc,heap     ] GC(14) Eden regions: 47->0(44)
[2025-01-03T12:01:03.634-0600][gc,heap     ] GC(14) Survivor regions: 4->7(7)
[2025-01-03T12:01:03.634-0600][gc,heap     ] GC(14) Old regions: 34->34
[2025-01-03T12:01:03.634-0600][gc,heap     ] GC(14) Humongous regions: 129->129
[2025-01-03T12:01:03.634-0600][gc,metaspace] GC(14) Metaspace: 43869K(44544K)->43869K(44544K) NonClass: 38588K(38976K)->38588K(38976K) Class: 5280K(5568K)->5280K(5568K)
[2025-01-03T12:01:03.634-0600][gc          ] GC(14) Pause Young (Normal) (G1 Evacuation Pause) 212M->168M(1024M) 17.980ms
[2025-01-03T12:01:03.635-0600][gc,cpu      ] GC(14) User=0.04s Sys=0.03s Real=0.02s
[2025-01-03T12:03:56.184-0600][gc,start    ] GC(15) Pause Young (Normal) (G1 Evacuation Pause)
[2025-01-03T12:03:56.185-0600][gc,task     ] GC(15) Using 9 workers of 9 for evacuation
[2025-01-03T12:03:56.202-0600][gc,phases   ] GC(15)   Pre Evacuate Collection Set: 0.99ms
[2025-01-03T12:03:56.202-0600][gc,phases   ] GC(15)   Merge Heap Roots: 0.26ms
[2025-01-03T12:03:56.202-0600][gc,phases   ] GC(15)   Evacuate Collection Set: 14.04ms
[2025-01-03T12:03:56.202-0600][gc,phases   ] GC(15)   Post Evacuate Collection Set: 1.02ms
[2025-01-03T12:03:56.202-0600][gc,phases   ] GC(15)   Other: 0.40ms
[2025-01-03T12:03:56.202-0600][gc,heap     ] GC(15) Eden regions: 44->0(44)
[2025-01-03T12:03:56.202-0600][gc,heap     ] GC(15) Survivor regions: 7->7(7)
[2025-01-03T12:03:56.202-0600][gc,heap     ] GC(15) Old regions: 34->37
[2025-01-03T12:03:56.202-0600][gc,heap     ] GC(15) Humongous regions: 129->129
[2025-01-03T12:03:56.202-0600][gc,metaspace] GC(15) Metaspace: 43882K(44544K)->43882K(44544K) NonClass: 38601K(38976K)->38601K(38976K) Class: 5280K(5568K)->5280K(5568K)
[2025-01-03T12:03:56.202-0600][gc          ] GC(15) Pause Young (Normal) (G1 Evacuation Pause) 212M->172M(1024M) 18.187ms
[2025-01-03T12:03:56.203-0600][gc,cpu      ] GC(15) User=0.04s Sys=0.02s Real=0.02s
[2025-01-03T12:06:47.676-0600][gc,start    ] GC(16) Pause Young (Normal) (G1 Evacuation Pause)
[2025-01-03T12:06:47.676-0600][gc,task     ] GC(16) Using 9 workers of 9 for evacuation
[2025-01-03T12:06:47.688-0600][gc,phases   ] GC(16)   Pre Evacuate Collection Set: 0.47ms
[2025-01-03T12:06:47.688-0600][gc,phases   ] GC(16)   Merge Heap Roots: 0.18ms
[2025-01-03T12:06:47.688-0600][gc,phases   ] GC(16)   Evacuate Collection Set: 10.52ms
[2025-01-03T12:06:47.688-0600][gc,phases   ] GC(16)   Post Evacuate Collection Set: 0.76ms
[2025-01-03T12:06:47.688-0600][gc,phases   ] GC(16)   Other: 0.15ms
[2025-01-03T12:06:47.688-0600][gc,heap     ] GC(16) Eden regions: 44->0(46)
[2025-01-03T12:06:47.688-0600][gc,heap     ] GC(16) Survivor regions: 7->5(7)
[2025-01-03T12:06:47.688-0600][gc,heap     ] GC(16) Old regions: 37->42
[2025-01-03T12:06:47.688-0600][gc,heap     ] GC(16) Humongous regions: 129->129
[2025-01-03T12:06:47.688-0600][gc,metaspace] GC(16) Metaspace: 43885K(44544K)->43885K(44544K) NonClass: 38604K(38976K)->38604K(38976K) Class: 5280K(5568K)->5280K(5568K)
[2025-01-03T12:06:47.688-0600][gc          ] GC(16) Pause Young (Normal) (G1 Evacuation Pause) 216M->175M(1024M) 12.894ms
[2025-01-03T12:06:47.688-0600][gc,cpu      ] GC(16) User=0.05s Sys=0.02s Real=0.01s
[2025-01-03T12:09:47.235-0600][gc,start    ] GC(17) Pause Young (Normal) (G1 Evacuation Pause)
[2025-01-03T12:09:47.237-0600][gc,task     ] GC(17) Using 9 workers of 9 for evacuation
[2025-01-03T12:09:47.251-0600][gc,phases   ] GC(17)   Pre Evacuate Collection Set: 1.64ms
[2025-01-03T12:09:47.251-0600][gc,phases   ] GC(17)   Merge Heap Roots: 0.40ms
[2025-01-03T12:09:47.251-0600][gc,phases   ] GC(17)   Evacuate Collection Set: 11.01ms
[2025-01-03T12:09:47.251-0600][gc,phases   ] GC(17)   Post Evacuate Collection Set: 0.69ms
[2025-01-03T12:09:47.251-0600][gc,phases   ] GC(17)   Other: 0.39ms
[2025-01-03T12:09:47.251-0600][gc,heap     ] GC(17) Eden regions: 46->0(52)
[2025-01-03T12:09:47.251-0600][gc,heap     ] GC(17) Survivor regions: 5->4(7)
[2025-01-03T12:09:47.251-0600][gc,heap     ] GC(17) Old regions: 42->45
[2025-01-03T12:09:47.251-0600][gc,heap     ] GC(17) Humongous regions: 129->129
[2025-01-03T12:09:47.252-0600][gc,metaspace] GC(17) Metaspace: 43898K(44544K)->43898K(44544K) NonClass: 38617K(38976K)->38617K(38976K) Class: 5280K(5568K)->5280K(5568K)
[2025-01-03T12:09:47.252-0600][gc          ] GC(17) Pause Young (Normal) (G1 Evacuation Pause) 221M->177M(1024M) 16.100ms
[2025-01-03T12:09:47.252-0600][gc,cpu      ] GC(17) User=0.04s Sys=0.02s Real=0.02s
[2025-01-03T12:12:48.832-0600][gc,start    ] GC(18) Pause Young (Normal) (G1 Evacuation Pause)
[2025-01-03T12:12:48.832-0600][gc,task     ] GC(18) Using 9 workers of 9 for evacuation
[2025-01-03T12:12:48.844-0600][gc,phases   ] GC(18)   Pre Evacuate Collection Set: 0.67ms
[2025-01-03T12:12:48.844-0600][gc,phases   ] GC(18)   Merge Heap Roots: 0.19ms
[2025-01-03T12:12:48.844-0600][gc,phases   ] GC(18)   Evacuate Collection Set: 9.44ms
[2025-01-03T12:12:48.844-0600][gc,phases   ] GC(18)   Post Evacuate Collection Set: 0.58ms
[2025-01-03T12:12:48.844-0600][gc,phases   ] GC(18)   Other: 0.27ms
[2025-01-03T12:12:48.844-0600][gc,heap     ] GC(18) Eden regions: 47->0(44)
[2025-01-03T12:12:48.844-0600][gc,heap     ] GC(18) Survivor regions: 4->7(7)
[2025-01-03T12:12:48.844-0600][gc,heap     ] GC(18) Old regions: 45->45
[2025-01-03T12:12:48.844-0600][gc,heap     ] GC(18) Humongous regions: 129->129
[2025-01-03T12:12:48.844-0600][gc,metaspace] GC(18) Metaspace: 43936K(44608K)->43936K(44608K) NonClass: 38655K(39040K)->38655K(39040K) Class: 5280K(5568K)->5280K(5568K)
[2025-01-03T12:12:48.844-0600][gc          ] GC(18) Pause Young (Normal) (G1 Evacuation Pause) 224M->180M(1024M) 12.464ms
[2025-01-03T12:12:48.844-0600][gc,cpu      ] GC(18) User=0.03s Sys=0.02s Real=0.01s
[2025-01-03T12:15:40.466-0600][gc,start    ] GC(19) Pause Young (Normal) (G1 Evacuation Pause)
[2025-01-03T12:15:40.467-0600][gc,task     ] GC(19) Using 9 workers of 9 for evacuation
[2025-01-03T12:15:40.483-0600][gc,phases   ] GC(19)   Pre Evacuate Collection Set: 1.15ms
[2025-01-03T12:15:40.483-0600][gc,phases   ] GC(19)   Merge Heap Roots: 0.24ms
[2025-01-03T12:15:40.483-0600][gc,phases   ] GC(19)   Evacuate Collection Set: 13.15ms
[2025-01-03T12:15:40.483-0600][gc,phases   ] GC(19)   Post Evacuate Collection Set: 0.79ms
[2025-01-03T12:15:40.483-0600][gc,phases   ] GC(19)   Other: 0.53ms
[2025-01-03T12:15:40.483-0600][gc,heap     ] GC(19) Eden regions: 44->0(44)
[2025-01-03T12:15:40.483-0600][gc,heap     ] GC(19) Survivor regions: 7->7(7)
[2025-01-03T12:15:40.483-0600][gc,heap     ] GC(19) Old regions: 45->49
[2025-01-03T12:15:40.483-0600][gc,heap     ] GC(19) Humongous regions: 129->129
[2025-01-03T12:15:40.483-0600][gc,metaspace] GC(19) Metaspace: 43954K(44608K)->43954K(44608K) NonClass: 38673K(39040K)->38673K(39040K) Class: 5280K(5568K)->5280K(5568K)
[2025-01-03T12:15:40.483-0600][gc          ] GC(19) Pause Young (Normal) (G1 Evacuation Pause) 224M->184M(1024M) 17.122ms
[2025-01-03T12:15:40.483-0600][gc,cpu      ] GC(19) User=0.04s Sys=0.04s Real=0.02s
[2025-01-03T12:18:30.620-0600][gc,start    ] GC(20) Pause Young (Normal) (G1 Evacuation Pause)
[2025-01-03T12:18:30.621-0600][gc,task     ] GC(20) Using 9 workers of 9 for evacuation
[2025-01-03T12:18:30.637-0600][gc,phases   ] GC(20)   Pre Evacuate Collection Set: 0.83ms
[2025-01-03T12:18:30.637-0600][gc,phases   ] GC(20)   Merge Heap Roots: 0.24ms
[2025-01-03T12:18:30.637-0600][gc,phases   ] GC(20)   Evacuate Collection Set: 13.62ms
[2025-01-03T12:18:30.637-0600][gc,phases   ] GC(20)   Post Evacuate Collection Set: 0.67ms
[2025-01-03T12:18:30.637-0600][gc,phases   ] GC(20)   Other: 0.34ms
[2025-01-03T12:18:30.637-0600][gc,heap     ] GC(20) Eden regions: 44->0(71)
[2025-01-03T12:18:30.637-0600][gc,heap     ] GC(20) Survivor regions: 7->5(7)
[2025-01-03T12:18:30.637-0600][gc,heap     ] GC(20) Old regions: 49->54
[2025-01-03T12:18:30.637-0600][gc,heap     ] GC(20) Humongous regions: 129->129
[2025-01-03T12:18:30.637-0600][gc,metaspace] GC(20) Metaspace: 43988K(44608K)->43988K(44608K) NonClass: 38707K(39040K)->38707K(39040K) Class: 5280K(5568K)->5280K(5568K)
[2025-01-03T12:18:30.637-0600][gc          ] GC(20) Pause Young (Normal) (G1 Evacuation Pause) 228M->186M(1024M) 17.202ms
[2025-01-03T12:18:30.637-0600][gc,cpu      ] GC(20) User=0.03s Sys=0.02s Real=0.01s
[2025-01-03T12:23:36.232-0600][gc,start    ] GC(21) Pause Young (Normal) (G1 Evacuation Pause)
[2025-01-03T12:23:36.233-0600][gc,task     ] GC(21) Using 9 workers of 9 for evacuation
[2025-01-03T12:23:36.246-0600][gc,phases   ] GC(21)   Pre Evacuate Collection Set: 0.70ms
[2025-01-03T12:23:36.246-0600][gc,phases   ] GC(21)   Merge Heap Roots: 0.16ms
[2025-01-03T12:23:36.246-0600][gc,phases   ] GC(21)   Evacuate Collection Set: 11.12ms
[2025-01-03T12:23:36.246-0600][gc,phases   ] GC(21)   Post Evacuate Collection Set: 0.77ms
[2025-01-03T12:23:36.246-0600][gc,phases   ] GC(21)   Other: 0.27ms
[2025-01-03T12:23:36.246-0600][gc,heap     ] GC(21) Eden regions: 79->0(41)
[2025-01-03T12:23:36.246-0600][gc,heap     ] GC(21) Survivor regions: 5->10(11)
[2025-01-03T12:23:36.246-0600][gc,heap     ] GC(21) Old regions: 54->54
[2025-01-03T12:23:36.246-0600][gc,heap     ] GC(21) Humongous regions: 129->129
[2025-01-03T12:23:36.246-0600][gc,metaspace] GC(21) Metaspace: 44003K(44672K)->44003K(44672K) NonClass: 38722K(39104K)->38722K(39104K) Class: 5280K(5568K)->5280K(5568K)
[2025-01-03T12:23:36.247-0600][gc          ] GC(21) Pause Young (Normal) (G1 Evacuation Pause) 265M->191M(1024M) 14.117ms
[2025-01-03T12:23:36.247-0600][gc,cpu      ] GC(21) User=0.05s Sys=0.02s Real=0.01s
[2025-01-03T12:26:15.036-0600][gc,start    ] GC(22) Pause Young (Normal) (G1 Evacuation Pause)
[2025-01-03T12:26:15.038-0600][gc,task     ] GC(22) Using 9 workers of 9 for evacuation
[2025-01-03T12:26:15.056-0600][gc,phases   ] GC(22)   Pre Evacuate Collection Set: 1.83ms
[2025-01-03T12:26:15.057-0600][gc,phases   ] GC(22)   Merge Heap Roots: 0.58ms
[2025-01-03T12:26:15.057-0600][gc,phases   ] GC(22)   Evacuate Collection Set: 15.41ms
[2025-01-03T12:26:15.057-0600][gc,phases   ] GC(22)   Post Evacuate Collection Set: 0.52ms
[2025-01-03T12:26:15.057-0600][gc,phases   ] GC(22)   Other: 0.33ms
[2025-01-03T12:26:15.057-0600][gc,heap     ] GC(22) Eden regions: 41->0(61)
[2025-01-03T12:26:15.057-0600][gc,heap     ] GC(22) Survivor regions: 10->4(7)
[2025-01-03T12:26:15.057-0600][gc,heap     ] GC(22) Old regions: 54->61
[2025-01-03T12:26:15.057-0600][gc,heap     ] GC(22) Humongous regions: 129->129
[2025-01-03T12:26:15.057-0600][gc,metaspace] GC(22) Metaspace: 44008K(44672K)->44008K(44672K) NonClass: 38728K(39104K)->38728K(39104K) Class: 5280K(5568K)->5280K(5568K)
[2025-01-03T12:26:15.057-0600][gc          ] GC(22) Pause Young (Normal) (G1 Evacuation Pause) 232M->193M(1024M) 21.227ms
[2025-01-03T12:26:15.057-0600][gc,cpu      ] GC(22) User=0.03s Sys=0.03s Real=0.02s
[2025-01-03T12:30:15.428-0600][gc,start    ] GC(23) Pause Young (Normal) (G1 Evacuation Pause)
[2025-01-03T12:30:15.430-0600][gc,task     ] GC(23) Using 9 workers of 9 for evacuation
[2025-01-03T12:30:15.448-0600][gc,phases   ] GC(23)   Pre Evacuate Collection Set: 1.95ms
[2025-01-03T12:30:15.448-0600][gc,phases   ] GC(23)   Merge Heap Roots: 0.17ms
[2025-01-03T12:30:15.448-0600][gc,phases   ] GC(23)   Evacuate Collection Set: 13.64ms
[2025-01-03T12:30:15.448-0600][gc,phases   ] GC(23)   Post Evacuate Collection Set: 0.68ms
[2025-01-03T12:30:15.448-0600][gc,phases   ] GC(23)   Other: 1.64ms
[2025-01-03T12:30:15.448-0600][gc,heap     ] GC(23) Eden regions: 62->0(43)
[2025-01-03T12:30:15.448-0600][gc,heap     ] GC(23) Survivor regions: 4->8(9)
[2025-01-03T12:30:15.448-0600][gc,heap     ] GC(23) Old regions: 61->61
[2025-01-03T12:30:15.448-0600][gc,heap     ] GC(23) Humongous regions: 129->129
[2025-01-03T12:30:15.448-0600][gc,metaspace] GC(23) Metaspace: 44011K(44672K)->44011K(44672K) NonClass: 38730K(39104K)->38730K(39104K) Class: 5280K(5568K)->5280K(5568K)
[2025-01-03T12:30:15.448-0600][gc          ] GC(23) Pause Young (Normal) (G1 Evacuation Pause) 255M->197M(1024M) 20.241ms
[2025-01-03T12:30:15.448-0600][gc,cpu      ] GC(23) User=0.04s Sys=0.03s Real=0.02s
[2025-01-03T12:32:59.272-0600][gc,start    ] GC(24) Pause Young (Normal) (G1 Evacuation Pause)
[2025-01-03T12:32:59.272-0600][gc,task     ] GC(24) Using 9 workers of 9 for evacuation
[2025-01-03T12:32:59.289-0600][gc,phases   ] GC(24)   Pre Evacuate Collection Set: 1.02ms
[2025-01-03T12:32:59.289-0600][gc,phases   ] GC(24)   Merge Heap Roots: 0.36ms
[2025-01-03T12:32:59.289-0600][gc,phases   ] GC(24)   Evacuate Collection Set: 13.95ms
[2025-01-03T12:32:59.289-0600][gc,phases   ] GC(24)   Post Evacuate Collection Set: 0.99ms
[2025-01-03T12:32:59.289-0600][gc,phases   ] GC(24)   Other: 0.42ms
[2025-01-03T12:32:59.289-0600][gc,heap     ] GC(24) Eden regions: 43->0(66)
[2025-01-03T12:32:59.289-0600][gc,heap     ] GC(24) Survivor regions: 8->4(7)
[2025-01-03T12:32:59.289-0600][gc,heap     ] GC(24) Old regions: 61->68
[2025-01-03T12:32:59.289-0600][gc,heap     ] GC(24) Humongous regions: 129->129
[2025-01-03T12:32:59.289-0600][gc,metaspace] GC(24) Metaspace: 44017K(44672K)->44017K(44672K) NonClass: 38736K(39104K)->38736K(39104K) Class: 5280K(5568K)->5280K(5568K)
[2025-01-03T12:32:59.290-0600][gc          ] GC(24) Pause Young (Normal) (G1 Evacuation Pause) 240M->199M(1024M) 17.872ms
[2025-01-03T12:32:59.290-0600][gc,cpu      ] GC(24) User=0.06s Sys=0.03s Real=0.02s
[2025-01-03T12:37:18.408-0600][gc,start    ] GC(25) Pause Young (Normal) (G1 Evacuation Pause)
[2025-01-03T12:37:18.409-0600][gc,task     ] GC(25) Using 9 workers of 9 for evacuation
[2025-01-03T12:37:18.424-0600][gc,phases   ] GC(25)   Pre Evacuate Collection Set: 0.68ms
[2025-01-03T12:37:18.424-0600][gc,phases   ] GC(25)   Merge Heap Roots: 0.18ms
[2025-01-03T12:37:18.424-0600][gc,phases   ] GC(25)   Evacuate Collection Set: 12.78ms
[2025-01-03T12:37:18.424-0600][gc,phases   ] GC(25)   Post Evacuate Collection Set: 0.74ms
[2025-01-03T12:37:18.424-0600][gc,phases   ] GC(25)   Other: 0.21ms
[2025-01-03T12:37:18.424-0600][gc,heap     ] GC(25) Eden regions: 67->0(42)
[2025-01-03T12:37:18.424-0600][gc,heap     ] GC(25) Survivor regions: 4->9(9)
[2025-01-03T12:37:18.424-0600][gc,heap     ] GC(25) Old regions: 68->68
[2025-01-03T12:37:18.424-0600][gc,heap     ] GC(25) Humongous regions: 129->129
[2025-01-03T12:37:18.424-0600][gc,metaspace] GC(25) Metaspace: 44033K(44736K)->44033K(44736K) NonClass: 38752K(39168K)->38752K(39168K) Class: 5280K(5568K)->5280K(5568K)
[2025-01-03T12:37:18.424-0600][gc          ] GC(25) Pause Young (Normal) (G1 Evacuation Pause) 266M->205M(1024M) 15.984ms
[2025-01-03T12:37:18.424-0600][gc,cpu      ] GC(25) User=0.05s Sys=0.02s Real=0.02s
[2025-01-03T12:40:04.745-0600][gc,start    ] GC(26) Pause Young (Normal) (G1 Evacuation Pause)
[2025-01-03T12:40:04.746-0600][gc,task     ] GC(26) Using 9 workers of 9 for evacuation
[2025-01-03T12:40:04.759-0600][gc,phases   ] GC(26)   Pre Evacuate Collection Set: 1.21ms
[2025-01-03T12:40:04.759-0600][gc,phases   ] GC(26)   Merge Heap Roots: 0.26ms
[2025-01-03T12:40:04.759-0600][gc,phases   ] GC(26)   Evacuate Collection Set: 10.30ms
[2025-01-03T12:40:04.759-0600][gc,phases   ] GC(26)   Post Evacuate Collection Set: 0.76ms
[2025-01-03T12:40:04.759-0600][gc,phases   ] GC(26)   Other: 0.42ms
[2025-01-03T12:40:04.759-0600][gc,heap     ] GC(26) Eden regions: 43->0(81)
[2025-01-03T12:40:04.759-0600][gc,heap     ] GC(26) Survivor regions: 9->4(7)
[2025-01-03T12:40:04.759-0600][gc,heap     ] GC(26) Old regions: 68->74
[2025-01-03T12:40:04.759-0600][gc,heap     ] GC(26) Humongous regions: 129->129
[2025-01-03T12:40:04.759-0600][gc,metaspace] GC(26) Metaspace: 44036K(44736K)->44036K(44736K) NonClass: 38755K(39168K)->38755K(39168K) Class: 5280K(5568K)->5280K(5568K)
[2025-01-03T12:40:04.759-0600][gc          ] GC(26) Pause Young (Normal) (G1 Evacuation Pause) 248M->207M(1024M) 14.051ms
[2025-01-03T12:40:04.759-0600][gc,cpu      ] GC(26) User=0.04s Sys=0.03s Real=0.01s
[2025-01-03T12:44:59.777-0600][gc,start    ] GC(27) Pause Young (Normal) (G1 Evacuation Pause)
[2025-01-03T12:44:59.779-0600][gc,task     ] GC(27) Using 9 workers of 9 for evacuation
[2025-01-03T12:44:59.792-0600][gc,phases   ] GC(27)   Pre Evacuate Collection Set: 0.74ms
[2025-01-03T12:44:59.792-0600][gc,phases   ] GC(27)   Merge Heap Roots: 0.24ms
[2025-01-03T12:44:59.793-0600][gc,phases   ] GC(27)   Evacuate Collection Set: 12.06ms
[2025-01-03T12:44:59.793-0600][gc,phases   ] GC(27)   Post Evacuate Collection Set: 0.46ms
[2025-01-03T12:44:59.793-0600][gc,phases   ] GC(27)   Other: 0.21ms
[2025-01-03T12:44:59.793-0600][gc,heap     ] GC(27) Eden regions: 80->0(64)
[2025-01-03T12:44:59.793-0600][gc,heap     ] GC(27) Survivor regions: 4->7(11)
[2025-01-03T12:44:59.793-0600][gc,heap     ] GC(27) Old regions: 74->74
[2025-01-03T12:44:59.793-0600][gc,heap     ] GC(27) Humongous regions: 129->129
[2025-01-03T12:44:59.793-0600][gc,metaspace] GC(27) Metaspace: 44081K(44736K)->44081K(44736K) NonClass: 38796K(39168K)->38796K(39168K) Class: 5285K(5568K)->5285K(5568K)
[2025-01-03T12:44:59.793-0600][gc          ] GC(27) Pause Young (Normal) (G1 Evacuation Pause) 287M->209M(1024M) 15.269ms
[2025-01-03T12:44:59.793-0600][gc,cpu      ] GC(27) User=0.03s Sys=0.03s Real=0.02s
[2025-01-03T12:48:57.222-0600][gc,start    ] GC(28) Pause Young (Normal) (G1 Evacuation Pause)
[2025-01-03T12:48:57.223-0600][gc,task     ] GC(28) Using 9 workers of 9 for evacuation
[2025-01-03T12:48:57.233-0600][gc,phases   ] GC(28)   Pre Evacuate Collection Set: 0.93ms
[2025-01-03T12:48:57.233-0600][gc,phases   ] GC(28)   Merge Heap Roots: 0.27ms
[2025-01-03T12:48:57.233-0600][gc,phases   ] GC(28)   Evacuate Collection Set: 8.86ms
[2025-01-03T12:48:57.233-0600][gc,phases   ] GC(28)   Post Evacuate Collection Set: 0.42ms
[2025-01-03T12:48:57.233-0600][gc,phases   ] GC(28)   Other: 0.32ms
[2025-01-03T12:48:57.234-0600][gc,heap     ] GC(28) Eden regions: 63->0(81)
[2025-01-03T12:48:57.234-0600][gc,heap     ] GC(28) Survivor regions: 7->6(9)
[2025-01-03T12:48:57.234-0600][gc,heap     ] GC(28) Old regions: 74->77
[2025-01-03T12:48:57.234-0600][gc,heap     ] GC(28) Humongous regions: 129->129
[2025-01-03T12:48:57.234-0600][gc,metaspace] GC(28) Metaspace: 44099K(44800K)->44099K(44800K) NonClass: 38814K(39232K)->38814K(39232K) Class: 5285K(5568K)->5285K(5568K)
[2025-01-03T12:48:57.234-0600][gc          ] GC(28) Pause Young (Normal) (G1 Evacuation Pause) 272M->211M(1024M) 11.602ms
[2025-01-03T12:48:57.234-0600][gc,cpu      ] GC(28) User=0.03s Sys=0.04s Real=0.01s
[2025-01-03T12:51:21.875-0600][gc,heap,exit] Heap
[2025-01-03T12:51:21.875-0600][gc,heap,exit]  garbage-first heap   total reserved 1048576K, committed 1048576K, used 267310K [0x00000007c0000000, 0x0000000800000000)
[2025-01-03T12:51:21.875-0600][gc,heap,exit]   region size 1024K, 56 young (57344K), 6 survivors (6144K)
[2025-01-03T12:51:21.875-0600][gc,heap,exit]  Metaspace       used 45046K, committed 45696K, reserved 1114112K
[2025-01-03T12:51:21.875-0600][gc,heap,exit]   class space    used 5475K, committed 5760K, reserved 1048576K
