[2025-01-03T11:04:52.609-0600][gc,init] CardTable entry size: 512
[2025-01-03T11:04:52.609-0600][gc     ] Using G1
[2025-01-03T11:04:52.610-0600][gc,init] Version: 23+37-2369 (release)
[2025-01-03T11:04:52.610-0600][gc,init] CPUs: 11 total, 11 available
[2025-01-03T11:04:52.610-0600][gc,init] Memory: 18432M
[2025-01-03T11:04:52.610-0600][gc,init] Large Page Support: Disabled
[2025-01-03T11:04:52.610-0600][gc,init] NUMA Support: Disabled
[2025-01-03T11:04:52.610-0600][gc,init] Compressed Oops: Enabled (Zero based)
[2025-01-03T11:04:52.610-0600][gc,init] Heap Region Size: 1M
[2025-01-03T11:04:52.610-0600][gc,init] Heap Min Capacity: 1G
[2025-01-03T11:04:52.610-0600][gc,init] Heap Initial Capacity: 1G
[2025-01-03T11:04:52.610-0600][gc,init] Heap Max Capacity: 1G
[2025-01-03T11:04:52.610-0600][gc,init] Pre-touch: Disabled
[2025-01-03T11:04:52.610-0600][gc,init] Parallel Workers: 9
[2025-01-03T11:04:52.610-0600][gc,init] Concurrent Workers: 2
[2025-01-03T11:04:52.610-0600][gc,init] Concurrent Refinement Workers: 9
[2025-01-03T11:04:52.610-0600][gc,init] Periodic GC: Disabled
[2025-01-03T11:04:52.614-0600][gc,metaspace] CDS archive(s) mapped at: [0x00007fc000000000-0x00007fc000d94000-0x00007fc000d94000), size 14237696, SharedBaseAddress: 0x00007fc000000000, ArchiveRelocationMode: 1.
[2025-01-03T11:04:52.614-0600][gc,metaspace] Compressed class space mapped at: 0x00007fc001000000-0x00007fc041000000, reserved size: 1073741824
[2025-01-03T11:04:52.614-0600][gc,metaspace] Narrow klass base: 0x00007fc000000000, Narrow klass shift: 0, Narrow klass range: 0x100000000
[2025-01-03T11:04:53.145-0600][gc,start    ] GC(0) Pause Young (Normal) (G1 Evacuation Pause)
[2025-01-03T11:04:53.145-0600][gc,task     ] GC(0) Using 9 workers of 9 for evacuation
[2025-01-03T11:04:53.148-0600][gc,phases   ] GC(0)   Pre Evacuate Collection Set: 0.11ms
[2025-01-03T11:04:53.148-0600][gc,phases   ] GC(0)   Merge Heap Roots: 0.05ms
[2025-01-03T11:04:53.148-0600][gc,phases   ] GC(0)   Evacuate Collection Set: 1.85ms
[2025-01-03T11:04:53.148-0600][gc,phases   ] GC(0)   Post Evacuate Collection Set: 0.17ms
[2025-01-03T11:04:53.148-0600][gc,phases   ] GC(0)   Other: 0.30ms
[2025-01-03T11:04:53.148-0600][gc,heap     ] GC(0) Eden regions: 51->0(44)
[2025-01-03T11:04:53.148-0600][gc,heap     ] GC(0) Survivor regions: 0->7(7)
[2025-01-03T11:04:53.148-0600][gc,heap     ] GC(0) Old regions: 2->4
[2025-01-03T11:04:53.148-0600][gc,heap     ] GC(0) Humongous regions: 0->0
[2025-01-03T11:04:53.148-0600][gc,metaspace] GC(0) Metaspace: 16718K(17024K)->16718K(17024K) NonClass: 14683K(14848K)->14683K(14848K) Class: 2035K(2176K)->2035K(2176K)
[2025-01-03T11:04:53.148-0600][gc          ] GC(0) Pause Young (Normal) (G1 Evacuation Pause) 52M->9M(1024M) 2.714ms
[2025-01-03T11:04:53.148-0600][gc,cpu      ] GC(0) User=0.01s Sys=0.00s Real=0.00s
[2025-01-03T11:04:53.261-0600][gc,start    ] GC(1) Pause Young (Concurrent Start) (Metadata GC Threshold)
[2025-01-03T11:04:53.261-0600][gc,task     ] GC(1) Using 9 workers of 9 for evacuation
[2025-01-03T11:04:53.262-0600][gc,phases   ] GC(1)   Pre Evacuate Collection Set: 0.14ms
[2025-01-03T11:04:53.263-0600][gc,phases   ] GC(1)   Merge Heap Roots: 0.02ms
[2025-01-03T11:04:53.263-0600][gc,phases   ] GC(1)   Evacuate Collection Set: 1.45ms
[2025-01-03T11:04:53.263-0600][gc,phases   ] GC(1)   Post Evacuate Collection Set: 0.12ms
[2025-01-03T11:04:53.263-0600][gc,phases   ] GC(1)   Other: 0.05ms
[2025-01-03T11:04:53.263-0600][gc,heap     ] GC(1) Eden regions: 20->0(49)
[2025-01-03T11:04:53.263-0600][gc,heap     ] GC(1) Survivor regions: 7->2(7)
[2025-01-03T11:04:53.263-0600][gc,heap     ] GC(1) Old regions: 4->11
[2025-01-03T11:04:53.263-0600][gc,heap     ] GC(1) Humongous regions: 0->0
[2025-01-03T11:04:53.263-0600][gc,metaspace] GC(1) Metaspace: 21323K(21504K)->21323K(21504K) NonClass: 18721K(18816K)->18721K(18816K) Class: 2601K(2688K)->2601K(2688K)
[2025-01-03T11:04:53.263-0600][gc          ] GC(1) Pause Young (Concurrent Start) (Metadata GC Threshold) 28M->10M(1024M) 1.937ms
[2025-01-03T11:04:53.263-0600][gc          ] GC(2) Concurrent Mark Cycle
[2025-01-03T11:04:53.263-0600][gc,cpu      ] GC(1) User=0.01s Sys=0.00s Real=0.00s
[2025-01-03T11:04:53.263-0600][gc,marking  ] GC(2) Concurrent Scan Root Regions
[2025-01-03T11:04:53.264-0600][gc,marking  ] GC(2) Concurrent Scan Root Regions 0.906ms
[2025-01-03T11:04:53.264-0600][gc,marking  ] GC(2) Concurrent Mark
[2025-01-03T11:04:53.264-0600][gc,marking  ] GC(2) Concurrent Mark From Roots
[2025-01-03T11:04:53.264-0600][gc,task     ] GC(2) Using 2 workers of 2 for marking
[2025-01-03T11:04:53.264-0600][gc,marking  ] GC(2) Concurrent Mark From Roots 0.621ms
[2025-01-03T11:04:53.264-0600][gc,marking  ] GC(2) Concurrent Preclean
[2025-01-03T11:04:53.264-0600][gc,marking  ] GC(2) Concurrent Preclean 0.148ms
[2025-01-03T11:04:53.265-0600][gc,start    ] GC(2) Pause Remark
[2025-01-03T11:04:53.265-0600][gc          ] GC(2) Pause Remark 11M->11M(1024M) 0.887ms
[2025-01-03T11:04:53.266-0600][gc,cpu      ] GC(2) User=0.00s Sys=0.00s Real=0.00s
[2025-01-03T11:04:53.266-0600][gc,marking  ] GC(2) Concurrent Mark 1.975ms
[2025-01-03T11:04:53.266-0600][gc,marking  ] GC(2) Concurrent Rebuild Remembered Sets and Scrub Regions
[2025-01-03T11:04:53.267-0600][gc,marking  ] GC(2) Concurrent Rebuild Remembered Sets and Scrub Regions 0.981ms
[2025-01-03T11:04:53.267-0600][gc,start    ] GC(2) Pause Cleanup
[2025-01-03T11:04:53.267-0600][gc          ] GC(2) Pause Cleanup 11M->11M(1024M) 0.015ms
[2025-01-03T11:04:53.267-0600][gc,cpu      ] GC(2) User=0.00s Sys=0.00s Real=0.00s
[2025-01-03T11:04:53.267-0600][gc,marking  ] GC(2) Concurrent Clear Claimed Marks
[2025-01-03T11:04:53.267-0600][gc,marking  ] GC(2) Concurrent Clear Claimed Marks 0.013ms
[2025-01-03T11:04:53.267-0600][gc,marking  ] GC(2) Concurrent Cleanup for Next Mark
[2025-01-03T11:04:53.267-0600][gc,marking  ] GC(2) Concurrent Cleanup for Next Mark 0.822ms
[2025-01-03T11:04:53.267-0600][gc          ] GC(2) Concurrent Mark Cycle 4.859ms
[2025-01-03T11:04:53.531-0600][gc,start    ] GC(3) Pause Young (Prepare Mixed) (G1 Evacuation Pause)
[2025-01-03T11:04:53.531-0600][gc,task     ] GC(3) Using 9 workers of 9 for evacuation
[2025-01-03T11:04:53.533-0600][gc,phases   ] GC(3)   Pre Evacuate Collection Set: 0.14ms
[2025-01-03T11:04:53.533-0600][gc,phases   ] GC(3)   Merge Heap Roots: 0.03ms
[2025-01-03T11:04:53.533-0600][gc,phases   ] GC(3)   Evacuate Collection Set: 1.49ms
[2025-01-03T11:04:53.533-0600][gc,phases   ] GC(3)   Post Evacuate Collection Set: 0.18ms
[2025-01-03T11:04:53.533-0600][gc,phases   ] GC(3)   Other: 0.05ms
[2025-01-03T11:04:53.533-0600][gc,heap     ] GC(3) Eden regions: 49->0(44)
[2025-01-03T11:04:53.533-0600][gc,heap     ] GC(3) Survivor regions: 2->7(7)
[2025-01-03T11:04:53.533-0600][gc,heap     ] GC(3) Old regions: 11->11
[2025-01-03T11:04:53.533-0600][gc,heap     ] GC(3) Humongous regions: 129->129
[2025-01-03T11:04:53.533-0600][gc,metaspace] GC(3) Metaspace: 32549K(32768K)->32549K(32768K) NonClass: 28916K(29056K)->28916K(29056K) Class: 3632K(3712K)->3632K(3712K)
[2025-01-03T11:04:53.533-0600][gc          ] GC(3) Pause Young (Prepare Mixed) (G1 Evacuation Pause) 188M->144M(1024M) 2.071ms
[2025-01-03T11:04:53.533-0600][gc,cpu      ] GC(3) User=0.01s Sys=0.00s Real=0.00s
[2025-01-03T11:04:53.677-0600][gc,start    ] GC(4) Pause Young (Mixed) (Metadata GC Threshold)
[2025-01-03T11:04:53.677-0600][gc,task     ] GC(4) Using 9 workers of 9 for evacuation
[2025-01-03T11:04:53.680-0600][gc,phases   ] GC(4)   Pre Evacuate Collection Set: 0.17ms
[2025-01-03T11:04:53.680-0600][gc,phases   ] GC(4)   Merge Heap Roots: 0.04ms
[2025-01-03T11:04:53.680-0600][gc,phases   ] GC(4)   Evacuate Collection Set: 1.85ms
[2025-01-03T11:04:53.680-0600][gc,phases   ] GC(4)   Post Evacuate Collection Set: 0.19ms
[2025-01-03T11:04:53.680-0600][gc,phases   ] GC(4)   Other: 0.06ms
[2025-01-03T11:04:53.680-0600][gc,heap     ] GC(4) Eden regions: 14->0(49)
[2025-01-03T11:04:53.680-0600][gc,heap     ] GC(4) Survivor regions: 7->2(7)
[2025-01-03T11:04:53.680-0600][gc,heap     ] GC(4) Old regions: 11->16
[2025-01-03T11:04:53.680-0600][gc,heap     ] GC(4) Humongous regions: 129->129
[2025-01-03T11:04:53.680-0600][gc,metaspace] GC(4) Metaspace: 35682K(35968K)->35682K(35968K) NonClass: 31620K(31744K)->31620K(31744K) Class: 4061K(4224K)->4061K(4224K)
[2025-01-03T11:04:53.680-0600][gc          ] GC(4) Pause Young (Mixed) (Metadata GC Threshold) 157M->145M(1024M) 2.538ms
[2025-01-03T11:04:53.680-0600][gc,cpu      ] GC(4) User=0.02s Sys=0.01s Real=0.01s
[2025-01-03T11:04:53.688-0600][gc,start    ] GC(5) Pause Young (Concurrent Start) (Metadata GC Threshold)
[2025-01-03T11:04:53.688-0600][gc,task     ] GC(5) Using 9 workers of 9 for evacuation
[2025-01-03T11:04:53.689-0600][gc,phases   ] GC(5)   Pre Evacuate Collection Set: 0.16ms
[2025-01-03T11:04:53.689-0600][gc,phases   ] GC(5)   Merge Heap Roots: 0.04ms
[2025-01-03T11:04:53.689-0600][gc,phases   ] GC(5)   Evacuate Collection Set: 0.41ms
[2025-01-03T11:04:53.689-0600][gc,phases   ] GC(5)   Post Evacuate Collection Set: 0.13ms
[2025-01-03T11:04:53.689-0600][gc,phases   ] GC(5)   Other: 0.05ms
[2025-01-03T11:04:53.689-0600][gc,heap     ] GC(5) Eden regions: 2->0(50)
[2025-01-03T11:04:53.689-0600][gc,heap     ] GC(5) Survivor regions: 2->1(7)
[2025-01-03T11:04:53.689-0600][gc,heap     ] GC(5) Old regions: 16->16
[2025-01-03T11:04:53.689-0600][gc,heap     ] GC(5) Humongous regions: 129->129
[2025-01-03T11:04:53.689-0600][gc,metaspace] GC(5) Metaspace: 36004K(36288K)->36004K(36288K) NonClass: 31896K(32064K)->31896K(32064K) Class: 4107K(4224K)->4107K(4224K)
[2025-01-03T11:04:53.689-0600][gc          ] GC(5) Pause Young (Concurrent Start) (Metadata GC Threshold) 147M->145M(1024M) 0.962ms
[2025-01-03T11:04:53.689-0600][gc          ] GC(6) Concurrent Mark Cycle
[2025-01-03T11:04:53.689-0600][gc,cpu      ] GC(5) User=0.01s Sys=0.00s Real=0.00s
[2025-01-03T11:04:53.689-0600][gc,marking  ] GC(6) Concurrent Scan Root Regions
[2025-01-03T11:04:53.690-0600][gc,marking  ] GC(6) Concurrent Scan Root Regions 0.734ms
[2025-01-03T11:04:53.690-0600][gc,marking  ] GC(6) Concurrent Mark
[2025-01-03T11:04:53.690-0600][gc,marking  ] GC(6) Concurrent Mark From Roots
[2025-01-03T11:04:53.690-0600][gc,task     ] GC(6) Using 2 workers of 2 for marking
[2025-01-03T11:04:53.695-0600][gc,marking  ] GC(6) Concurrent Mark From Roots 5.230ms
[2025-01-03T11:04:53.695-0600][gc,marking  ] GC(6) Concurrent Preclean
[2025-01-03T11:04:53.695-0600][gc,marking  ] GC(6) Concurrent Preclean 0.035ms
[2025-01-03T11:04:53.695-0600][gc,start    ] GC(6) Pause Remark
[2025-01-03T11:04:53.696-0600][gc          ] GC(6) Pause Remark 146M->146M(1024M) 1.011ms
[2025-01-03T11:04:53.696-0600][gc,cpu      ] GC(6) User=0.01s Sys=0.00s Real=0.00s
[2025-01-03T11:04:53.696-0600][gc,marking  ] GC(6) Concurrent Mark 6.412ms
[2025-01-03T11:04:53.696-0600][gc,marking  ] GC(6) Concurrent Rebuild Remembered Sets and Scrub Regions
[2025-01-03T11:04:53.699-0600][gc,marking  ] GC(6) Concurrent Rebuild Remembered Sets and Scrub Regions 2.276ms
[2025-01-03T11:04:53.699-0600][gc,start    ] GC(6) Pause Cleanup
[2025-01-03T11:04:53.699-0600][gc          ] GC(6) Pause Cleanup 147M->147M(1024M) 0.033ms
[2025-01-03T11:04:53.699-0600][gc,cpu      ] GC(6) User=0.01s Sys=0.00s Real=0.00s
[2025-01-03T11:04:53.699-0600][gc,marking  ] GC(6) Concurrent Clear Claimed Marks
[2025-01-03T11:04:53.699-0600][gc,marking  ] GC(6) Concurrent Clear Claimed Marks 0.015ms
[2025-01-03T11:04:53.699-0600][gc,marking  ] GC(6) Concurrent Cleanup for Next Mark
[2025-01-03T11:04:53.700-0600][gc,marking  ] GC(6) Concurrent Cleanup for Next Mark 0.880ms
[2025-01-03T11:04:53.700-0600][gc          ] GC(6) Concurrent Mark Cycle 10.514ms
[2025-01-03T11:05:24.911-0600][gc,start    ] GC(7) Pause Young (Prepare Mixed) (G1 Evacuation Pause)
[2025-01-03T11:05:24.913-0600][gc,task     ] GC(7) Using 9 workers of 9 for evacuation
[2025-01-03T11:05:24.919-0600][gc,phases   ] GC(7)   Pre Evacuate Collection Set: 0.26ms
[2025-01-03T11:05:24.919-0600][gc,phases   ] GC(7)   Merge Heap Roots: 0.08ms
[2025-01-03T11:05:24.919-0600][gc,phases   ] GC(7)   Evacuate Collection Set: 5.17ms
[2025-01-03T11:05:24.919-0600][gc,phases   ] GC(7)   Post Evacuate Collection Set: 0.65ms
[2025-01-03T11:05:24.920-0600][gc,phases   ] GC(7)   Other: 0.33ms
[2025-01-03T11:05:24.920-0600][gc,heap     ] GC(7) Eden regions: 50->0(46)
[2025-01-03T11:05:24.920-0600][gc,heap     ] GC(7) Survivor regions: 1->5(7)
[2025-01-03T11:05:24.920-0600][gc,heap     ] GC(7) Old regions: 16->16
[2025-01-03T11:05:24.920-0600][gc,heap     ] GC(7) Humongous regions: 129->129
[2025-01-03T11:05:24.920-0600][gc,metaspace] GC(7) Metaspace: 42170K(42752K)->42170K(42752K) NonClass: 37022K(37376K)->37022K(37376K) Class: 5147K(5376K)->5147K(5376K)
[2025-01-03T11:05:24.920-0600][gc          ] GC(7) Pause Young (Prepare Mixed) (G1 Evacuation Pause) 195M->149M(1024M) 8.294ms
[2025-01-03T11:05:24.920-0600][gc,cpu      ] GC(7) User=0.02s Sys=0.01s Real=0.01s
[2025-01-03T11:07:46.217-0600][gc,start    ] GC(8) Pause Young (Mixed) (G1 Evacuation Pause)
[2025-01-03T11:07:46.217-0600][gc,task     ] GC(8) Using 9 workers of 9 for evacuation
[2025-01-03T11:07:46.223-0600][gc,phases   ] GC(8)   Pre Evacuate Collection Set: 0.43ms
[2025-01-03T11:07:46.223-0600][gc,phases   ] GC(8)   Merge Heap Roots: 0.14ms
[2025-01-03T11:07:46.223-0600][gc,phases   ] GC(8)   Evacuate Collection Set: 4.85ms
[2025-01-03T11:07:46.223-0600][gc,phases   ] GC(8)   Post Evacuate Collection Set: 0.36ms
[2025-01-03T11:07:46.223-0600][gc,phases   ] GC(8)   Other: 0.10ms
[2025-01-03T11:07:46.223-0600][gc,heap     ] GC(8) Eden regions: 46->0(47)
[2025-01-03T11:07:46.223-0600][gc,heap     ] GC(8) Survivor regions: 5->4(7)
[2025-01-03T11:07:46.223-0600][gc,heap     ] GC(8) Old regions: 16->21
[2025-01-03T11:07:46.223-0600][gc,heap     ] GC(8) Humongous regions: 129->129
[2025-01-03T11:07:46.223-0600][gc,metaspace] GC(8) Metaspace: 43145K(43776K)->43145K(43776K) NonClass: 37982K(38336K)->37982K(38336K) Class: 5162K(5440K)->5162K(5440K)
[2025-01-03T11:07:46.223-0600][gc          ] GC(8) Pause Young (Mixed) (G1 Evacuation Pause) 195M->153M(1024M) 6.415ms
[2025-01-03T11:07:46.223-0600][gc,cpu      ] GC(8) User=0.02s Sys=0.01s Real=0.01s
[2025-01-03T11:10:58.154-0600][gc,start    ] GC(9) Pause Young (Normal) (G1 Evacuation Pause)
[2025-01-03T11:10:58.155-0600][gc,task     ] GC(9) Using 9 workers of 9 for evacuation
[2025-01-03T11:10:58.161-0600][gc,phases   ] GC(9)   Pre Evacuate Collection Set: 0.69ms
[2025-01-03T11:10:58.161-0600][gc,phases   ] GC(9)   Merge Heap Roots: 0.23ms
[2025-01-03T11:10:58.161-0600][gc,phases   ] GC(9)   Evacuate Collection Set: 4.27ms
[2025-01-03T11:10:58.161-0600][gc,phases   ] GC(9)   Post Evacuate Collection Set: 0.46ms
[2025-01-03T11:10:58.161-0600][gc,phases   ] GC(9)   Other: 0.28ms
[2025-01-03T11:10:58.161-0600][gc,heap     ] GC(9) Eden regions: 47->0(46)
[2025-01-03T11:10:58.161-0600][gc,heap     ] GC(9) Survivor regions: 4->5(7)
[2025-01-03T11:10:58.161-0600][gc,heap     ] GC(9) Old regions: 21->21
[2025-01-03T11:10:58.161-0600][gc,heap     ] GC(9) Humongous regions: 129->129
[2025-01-03T11:10:58.161-0600][gc,metaspace] GC(9) Metaspace: 43442K(44096K)->43442K(44096K) NonClass: 38234K(38592K)->38234K(38592K) Class: 5207K(5504K)->5207K(5504K)
[2025-01-03T11:10:58.161-0600][gc          ] GC(9) Pause Young (Normal) (G1 Evacuation Pause) 200M->153M(1024M) 7.450ms
[2025-01-03T11:10:58.161-0600][gc,cpu      ] GC(9) User=0.02s Sys=0.02s Real=0.01s
[2025-01-03T11:13:28.926-0600][gc,start    ] GC(10) Pause Young (Normal) (G1 Evacuation Pause)
[2025-01-03T11:13:28.927-0600][gc,task     ] GC(10) Using 9 workers of 9 for evacuation
[2025-01-03T11:13:28.937-0600][gc,phases   ] GC(10)   Pre Evacuate Collection Set: 0.43ms
[2025-01-03T11:13:28.938-0600][gc,phases   ] GC(10)   Merge Heap Roots: 0.12ms
[2025-01-03T11:13:28.938-0600][gc,phases   ] GC(10)   Evacuate Collection Set: 9.59ms
[2025-01-03T11:13:28.938-0600][gc,phases   ] GC(10)   Post Evacuate Collection Set: 0.45ms
[2025-01-03T11:13:28.938-0600][gc,phases   ] GC(10)   Other: 0.18ms
[2025-01-03T11:13:28.938-0600][gc,heap     ] GC(10) Eden regions: 46->0(45)
[2025-01-03T11:13:28.938-0600][gc,heap     ] GC(10) Survivor regions: 5->6(7)
[2025-01-03T11:13:28.938-0600][gc,heap     ] GC(10) Old regions: 21->23
[2025-01-03T11:13:28.938-0600][gc,heap     ] GC(10) Humongous regions: 129->129
[2025-01-03T11:13:28.938-0600][gc,metaspace] GC(10) Metaspace: 43606K(44288K)->43606K(44288K) NonClass: 38372K(38784K)->38372K(38784K) Class: 5233K(5504K)->5233K(5504K)
[2025-01-03T11:13:28.938-0600][gc          ] GC(10) Pause Young (Normal) (G1 Evacuation Pause) 199M->156M(1024M) 12.322ms
[2025-01-03T11:13:28.938-0600][gc,cpu      ] GC(10) User=0.04s Sys=0.02s Real=0.01s
[2025-01-03T11:15:59.262-0600][gc,start    ] GC(11) Pause Young (Normal) (G1 Evacuation Pause)
[2025-01-03T11:15:59.263-0600][gc,task     ] GC(11) Using 9 workers of 9 for evacuation
[2025-01-03T11:15:59.276-0600][gc,phases   ] GC(11)   Pre Evacuate Collection Set: 0.52ms
[2025-01-03T11:15:59.276-0600][gc,phases   ] GC(11)   Merge Heap Roots: 0.18ms
[2025-01-03T11:15:59.276-0600][gc,phases   ] GC(11)   Evacuate Collection Set: 11.35ms
[2025-01-03T11:15:59.276-0600][gc,phases   ] GC(11)   Post Evacuate Collection Set: 0.51ms
[2025-01-03T11:15:59.276-0600][gc,phases   ] GC(11)   Other: 0.25ms
[2025-01-03T11:15:59.276-0600][gc,heap     ] GC(11) Eden regions: 45->0(45)
[2025-01-03T11:15:59.276-0600][gc,heap     ] GC(11) Survivor regions: 6->6(7)
[2025-01-03T11:15:59.276-0600][gc,heap     ] GC(11) Old regions: 23->25
[2025-01-03T11:15:59.276-0600][gc,heap     ] GC(11) Humongous regions: 129->129
[2025-01-03T11:15:59.276-0600][gc,metaspace] GC(11) Metaspace: 43688K(44416K)->43688K(44416K) NonClass: 38438K(38848K)->38438K(38848K) Class: 5250K(5568K)->5250K(5568K)
[2025-01-03T11:15:59.276-0600][gc          ] GC(11) Pause Young (Normal) (G1 Evacuation Pause) 201M->158M(1024M) 14.361ms
[2025-01-03T11:15:59.276-0600][gc,cpu      ] GC(11) User=0.04s Sys=0.02s Real=0.01s
[2025-01-03T11:18:37.766-0600][gc,start    ] GC(12) Pause Young (Normal) (G1 Evacuation Pause)
[2025-01-03T11:18:37.767-0600][gc,task     ] GC(12) Using 9 workers of 9 for evacuation
[2025-01-03T11:18:37.781-0600][gc,phases   ] GC(12)   Pre Evacuate Collection Set: 1.58ms
[2025-01-03T11:18:37.781-0600][gc,phases   ] GC(12)   Merge Heap Roots: 0.35ms
[2025-01-03T11:18:37.781-0600][gc,phases   ] GC(12)   Evacuate Collection Set: 11.76ms
[2025-01-03T11:18:37.781-0600][gc,phases   ] GC(12)   Post Evacuate Collection Set: 0.29ms
[2025-01-03T11:18:37.781-0600][gc,phases   ] GC(12)   Other: 0.26ms
[2025-01-03T11:18:37.781-0600][gc,heap     ] GC(12) Eden regions: 45->0(44)
[2025-01-03T11:18:37.781-0600][gc,heap     ] GC(12) Survivor regions: 6->7(7)
[2025-01-03T11:18:37.781-0600][gc,heap     ] GC(12) Old regions: 25->27
[2025-01-03T11:18:37.781-0600][gc,heap     ] GC(12) Humongous regions: 129->129
[2025-01-03T11:18:37.781-0600][gc,metaspace] GC(12) Metaspace: 43703K(44416K)->43703K(44416K) NonClass: 38453K(38848K)->38453K(38848K) Class: 5250K(5568K)->5250K(5568K)
[2025-01-03T11:18:37.781-0600][gc          ] GC(12) Pause Young (Normal) (G1 Evacuation Pause) 203M->161M(1024M) 15.373ms
[2025-01-03T11:18:37.781-0600][gc,cpu      ] GC(12) User=0.04s Sys=0.03s Real=0.02s
[2025-01-03T11:21:12.716-0600][gc,start    ] GC(13) Pause Young (Normal) (G1 Evacuation Pause)
[2025-01-03T11:21:12.717-0600][gc,task     ] GC(13) Using 9 workers of 9 for evacuation
[2025-01-03T11:21:12.734-0600][gc,phases   ] GC(13)   Pre Evacuate Collection Set: 1.60ms
[2025-01-03T11:21:12.734-0600][gc,phases   ] GC(13)   Merge Heap Roots: 0.28ms
[2025-01-03T11:21:12.734-0600][gc,phases   ] GC(13)   Evacuate Collection Set: 14.01ms
[2025-01-03T11:21:12.734-0600][gc,phases   ] GC(13)   Post Evacuate Collection Set: 0.54ms
[2025-01-03T11:21:12.734-0600][gc,phases   ] GC(13)   Other: 0.42ms
[2025-01-03T11:21:12.734-0600][gc,heap     ] GC(13) Eden regions: 44->0(46)
[2025-01-03T11:21:12.734-0600][gc,heap     ] GC(13) Survivor regions: 7->5(7)
[2025-01-03T11:21:12.734-0600][gc,heap     ] GC(13) Old regions: 27->31
[2025-01-03T11:21:12.734-0600][gc,heap     ] GC(13) Humongous regions: 129->129
[2025-01-03T11:21:12.734-0600][gc,metaspace] GC(13) Metaspace: 43721K(44416K)->43721K(44416K) NonClass: 38471K(38848K)->38471K(38848K) Class: 5250K(5568K)->5250K(5568K)
[2025-01-03T11:21:12.734-0600][gc          ] GC(13) Pause Young (Normal) (G1 Evacuation Pause) 205M->164M(1024M) 18.711ms
[2025-01-03T11:21:12.735-0600][gc,cpu      ] GC(13) User=0.04s Sys=0.04s Real=0.02s
[2025-01-03T11:23:56.051-0600][gc,start    ] GC(14) Pause Young (Normal) (G1 Evacuation Pause)
[2025-01-03T11:23:56.051-0600][gc,task     ] GC(14) Using 9 workers of 9 for evacuation
[2025-01-03T11:23:56.056-0600][gc,phases   ] GC(14)   Pre Evacuate Collection Set: 0.76ms
[2025-01-03T11:23:56.056-0600][gc,phases   ] GC(14)   Merge Heap Roots: 0.15ms
[2025-01-03T11:23:56.056-0600][gc,phases   ] GC(14)   Evacuate Collection Set: 2.89ms
[2025-01-03T11:23:56.056-0600][gc,phases   ] GC(14)   Post Evacuate Collection Set: 0.49ms
[2025-01-03T11:23:56.056-0600][gc,phases   ] GC(14)   Other: 0.18ms
[2025-01-03T11:23:56.056-0600][gc,heap     ] GC(14) Eden regions: 46->0(50)
[2025-01-03T11:23:56.056-0600][gc,heap     ] GC(14) Survivor regions: 5->4(7)
[2025-01-03T11:23:56.056-0600][gc,heap     ] GC(14) Old regions: 31->33
[2025-01-03T11:23:56.056-0600][gc,heap     ] GC(14) Humongous regions: 129->129
[2025-01-03T11:23:56.056-0600][gc,metaspace] GC(14) Metaspace: 43746K(44480K)->43746K(44480K) NonClass: 38496K(38912K)->38496K(38912K) Class: 5250K(5568K)->5250K(5568K)
[2025-01-03T11:23:56.056-0600][gc          ] GC(14) Pause Young (Normal) (G1 Evacuation Pause) 210M->164M(1024M) 5.146ms
[2025-01-03T11:23:56.056-0600][gc,cpu      ] GC(14) User=0.01s Sys=0.01s Real=0.00s
[2025-01-03T11:26:41.830-0600][gc,start    ] GC(15) Pause Young (Normal) (G1 Evacuation Pause)
[2025-01-03T11:26:41.831-0600][gc,task     ] GC(15) Using 9 workers of 9 for evacuation
[2025-01-03T11:26:41.840-0600][gc,phases   ] GC(15)   Pre Evacuate Collection Set: 0.71ms
[2025-01-03T11:26:41.840-0600][gc,phases   ] GC(15)   Merge Heap Roots: 0.18ms
[2025-01-03T11:26:41.840-0600][gc,phases   ] GC(15)   Evacuate Collection Set: 7.03ms
[2025-01-03T11:26:41.840-0600][gc,phases   ] GC(15)   Post Evacuate Collection Set: 0.59ms
[2025-01-03T11:26:41.840-0600][gc,phases   ] GC(15)   Other: 0.46ms
[2025-01-03T11:26:41.840-0600][gc,heap     ] GC(15) Eden regions: 47->0(45)
[2025-01-03T11:26:41.840-0600][gc,heap     ] GC(15) Survivor regions: 4->6(7)
[2025-01-03T11:26:41.840-0600][gc,heap     ] GC(15) Old regions: 33->33
[2025-01-03T11:26:41.840-0600][gc,heap     ] GC(15) Humongous regions: 129->129
[2025-01-03T11:26:41.840-0600][gc,metaspace] GC(15) Metaspace: 43766K(44480K)->43766K(44480K) NonClass: 38516K(38912K)->38516K(38912K) Class: 5250K(5568K)->5250K(5568K)
[2025-01-03T11:26:41.841-0600][gc          ] GC(15) Pause Young (Normal) (G1 Evacuation Pause) 211M->167M(1024M) 10.513ms
[2025-01-03T11:26:41.841-0600][gc,cpu      ] GC(15) User=0.02s Sys=0.01s Real=0.01s
[2025-01-03T11:30:28.345-0600][gc,start    ] GC(16) Pause Young (Normal) (G1 Evacuation Pause)
[2025-01-03T11:30:28.345-0600][gc,task     ] GC(16) Using 9 workers of 9 for evacuation
[2025-01-03T11:30:28.356-0600][gc,phases   ] GC(16)   Pre Evacuate Collection Set: 0.69ms
[2025-01-03T11:30:28.357-0600][gc,phases   ] GC(16)   Merge Heap Roots: 0.28ms
[2025-01-03T11:30:28.357-0600][gc,phases   ] GC(16)   Evacuate Collection Set: 8.62ms
[2025-01-03T11:30:28.357-0600][gc,phases   ] GC(16)   Post Evacuate Collection Set: 0.80ms
[2025-01-03T11:30:28.357-0600][gc,phases   ] GC(16)   Other: 0.35ms
[2025-01-03T11:30:28.357-0600][gc,heap     ] GC(16) Eden regions: 58->0(52)
[2025-01-03T11:30:28.357-0600][gc,heap     ] GC(16) Survivor regions: 6->6(8)
[2025-01-03T11:30:28.357-0600][gc,heap     ] GC(16) Old regions: 33->35
[2025-01-03T11:30:28.357-0600][gc,heap     ] GC(16) Humongous regions: 129->129
[2025-01-03T11:30:28.357-0600][gc,metaspace] GC(16) Metaspace: 43870K(44544K)->43870K(44544K) NonClass: 38602K(38976K)->38602K(38976K) Class: 5268K(5568K)->5268K(5568K)
[2025-01-03T11:30:28.357-0600][gc          ] GC(16) Pause Young (Normal) (G1 Evacuation Pause) 225M->169M(1024M) 12.145ms
[2025-01-03T11:30:28.357-0600][gc,cpu      ] GC(16) User=0.03s Sys=0.02s Real=0.01s
[2025-01-03T11:33:56.458-0600][gc,start    ] GC(17) Pause Young (Normal) (G1 Evacuation Pause)
[2025-01-03T11:33:56.458-0600][gc,task     ] GC(17) Using 9 workers of 9 for evacuation
[2025-01-03T11:33:56.473-0600][gc,phases   ] GC(17)   Pre Evacuate Collection Set: 0.65ms
[2025-01-03T11:33:56.473-0600][gc,phases   ] GC(17)   Merge Heap Roots: 0.19ms
[2025-01-03T11:33:56.473-0600][gc,phases   ] GC(17)   Evacuate Collection Set: 12.65ms
[2025-01-03T11:33:56.473-0600][gc,phases   ] GC(17)   Post Evacuate Collection Set: 0.50ms
[2025-01-03T11:33:56.473-0600][gc,phases   ] GC(17)   Other: 0.17ms
[2025-01-03T11:33:56.473-0600][gc,heap     ] GC(17) Eden regions: 51->0(43)
[2025-01-03T11:33:56.473-0600][gc,heap     ] GC(17) Survivor regions: 6->8(8)
[2025-01-03T11:33:56.473-0600][gc,heap     ] GC(17) Old regions: 35->37
[2025-01-03T11:33:56.473-0600][gc,heap     ] GC(17) Humongous regions: 129->129
[2025-01-03T11:33:56.473-0600][gc,metaspace] GC(17) Metaspace: 43883K(44544K)->43883K(44544K) NonClass: 38615K(38976K)->38615K(38976K) Class: 5268K(5568K)->5268K(5568K)
[2025-01-03T11:33:56.473-0600][gc          ] GC(17) Pause Young (Normal) (G1 Evacuation Pause) 220M->173M(1024M) 14.789ms
[2025-01-03T11:33:56.473-0600][gc,cpu      ] GC(17) User=0.04s Sys=0.03s Real=0.02s
[2025-01-03T11:36:34.966-0600][gc,start    ] GC(18) Pause Young (Normal) (G1 Evacuation Pause)
[2025-01-03T11:36:34.966-0600][gc,task     ] GC(18) Using 9 workers of 9 for evacuation
[2025-01-03T11:36:34.977-0600][gc,phases   ] GC(18)   Pre Evacuate Collection Set: 0.98ms
[2025-01-03T11:36:34.977-0600][gc,phases   ] GC(18)   Merge Heap Roots: 0.37ms
[2025-01-03T11:36:34.977-0600][gc,phases   ] GC(18)   Evacuate Collection Set: 8.61ms
[2025-01-03T11:36:34.977-0600][gc,phases   ] GC(18)   Post Evacuate Collection Set: 0.38ms
[2025-01-03T11:36:34.977-0600][gc,phases   ] GC(18)   Other: 0.18ms
[2025-01-03T11:36:34.977-0600][gc,heap     ] GC(18) Eden regions: 43->0(64)
[2025-01-03T11:36:34.977-0600][gc,heap     ] GC(18) Survivor regions: 8->4(7)
[2025-01-03T11:36:34.977-0600][gc,heap     ] GC(18) Old regions: 37->42
[2025-01-03T11:36:34.977-0600][gc,heap     ] GC(18) Humongous regions: 129->129
[2025-01-03T11:36:34.977-0600][gc,metaspace] GC(18) Metaspace: 43910K(44544K)->43910K(44544K) NonClass: 38642K(38976K)->38642K(38976K) Class: 5268K(5568K)->5268K(5568K)
[2025-01-03T11:36:34.977-0600][gc          ] GC(18) Pause Young (Normal) (G1 Evacuation Pause) 216M->174M(1024M) 11.056ms
[2025-01-03T11:36:34.977-0600][gc,cpu      ] GC(18) User=0.04s Sys=0.02s Real=0.01s
[2025-01-03T11:39:10.188-0600][gc,heap,exit] Heap
[2025-01-03T11:39:10.188-0600][gc,heap,exit]  garbage-first heap   total reserved 1048576K, committed 1048576K, used 233385K [0x00000007c0000000, 0x0000000800000000)
[2025-01-03T11:39:10.188-0600][gc,heap,exit]   region size 1024K, 57 young (58368K), 4 survivors (4096K)
[2025-01-03T11:39:10.188-0600][gc,heap,exit]  Metaspace       used 44885K, committed 45568K, reserved 1114112K
[2025-01-03T11:39:10.188-0600][gc,heap,exit]   class space    used 5463K, committed 5760K, reserved 1048576K
