[2025-01-03T12:53:20.310-0600][gc,init] CardTable entry size: 512
[2025-01-03T12:53:20.310-0600][gc     ] Using G1
[2025-01-03T12:53:20.311-0600][gc,init] Version: 23+37-2369 (release)
[2025-01-03T12:53:20.312-0600][gc,init] CPUs: 11 total, 11 available
[2025-01-03T12:53:20.312-0600][gc,init] Memory: 18432M
[2025-01-03T12:53:20.312-0600][gc,init] Large Page Support: Disabled
[2025-01-03T12:53:20.312-0600][gc,init] NUMA Support: Disabled
[2025-01-03T12:53:20.312-0600][gc,init] Compressed Oops: Enabled (Zero based)
[2025-01-03T12:53:20.312-0600][gc,init] Heap Region Size: 1M
[2025-01-03T12:53:20.312-0600][gc,init] Heap Min Capacity: 1G
[2025-01-03T12:53:20.312-0600][gc,init] Heap Initial Capacity: 1G
[2025-01-03T12:53:20.312-0600][gc,init] Heap Max Capacity: 1G
[2025-01-03T12:53:20.312-0600][gc,init] Pre-touch: Disabled
[2025-01-03T12:53:20.312-0600][gc,init] Parallel Workers: 9
[2025-01-03T12:53:20.312-0600][gc,init] Concurrent Workers: 2
[2025-01-03T12:53:20.312-0600][gc,init] Concurrent Refinement Workers: 9
[2025-01-03T12:53:20.312-0600][gc,init] Periodic GC: Disabled
[2025-01-03T12:53:20.315-0600][gc,metaspace] CDS archive(s) mapped at: [0x00003ff000000000-0x00003ff000d94000-0x00003ff000d94000), size 14237696, SharedBaseAddress: 0x00003ff000000000, ArchiveRelocationMode: 1.
[2025-01-03T12:53:20.316-0600][gc,metaspace] Compressed class space mapped at: 0x00003ff001000000-0x00003ff041000000, reserved size: 1073741824
[2025-01-03T12:53:20.316-0600][gc,metaspace] Narrow klass base: 0x00003ff000000000, Narrow klass shift: 0, Narrow klass range: 0x100000000
[2025-01-03T12:53:20.875-0600][gc,start    ] GC(0) Pause Young (Normal) (G1 Evacuation Pause)
[2025-01-03T12:53:20.875-0600][gc,task     ] GC(0) Using 9 workers of 9 for evacuation
[2025-01-03T12:53:20.878-0600][gc,phases   ] GC(0)   Pre Evacuate Collection Set: 0.16ms
[2025-01-03T12:53:20.878-0600][gc,phases   ] GC(0)   Merge Heap Roots: 0.06ms
[2025-01-03T12:53:20.878-0600][gc,phases   ] GC(0)   Evacuate Collection Set: 1.89ms
[2025-01-03T12:53:20.878-0600][gc,phases   ] GC(0)   Post Evacuate Collection Set: 0.18ms
[2025-01-03T12:53:20.878-0600][gc,phases   ] GC(0)   Other: 0.27ms
[2025-01-03T12:53:20.878-0600][gc,heap     ] GC(0) Eden regions: 51->0(44)
[2025-01-03T12:53:20.878-0600][gc,heap     ] GC(0) Survivor regions: 0->7(7)
[2025-01-03T12:53:20.878-0600][gc,heap     ] GC(0) Old regions: 2->4
[2025-01-03T12:53:20.878-0600][gc,heap     ] GC(0) Humongous regions: 0->0
[2025-01-03T12:53:20.878-0600][gc,metaspace] GC(0) Metaspace: 16757K(17024K)->16757K(17024K) NonClass: 14719K(14848K)->14719K(14848K) Class: 2038K(2176K)->2038K(2176K)
[2025-01-03T12:53:20.878-0600][gc          ] GC(0) Pause Young (Normal) (G1 Evacuation Pause) 52M->9M(1024M) 2.807ms
[2025-01-03T12:53:20.878-0600][gc,cpu      ] GC(0) User=0.02s Sys=0.00s Real=0.00s
[2025-01-03T12:53:20.994-0600][gc,start    ] GC(1) Pause Young (Concurrent Start) (Metadata GC Threshold)
[2025-01-03T12:53:20.994-0600][gc,task     ] GC(1) Using 9 workers of 9 for evacuation
[2025-01-03T12:53:20.996-0600][gc,phases   ] GC(1)   Pre Evacuate Collection Set: 0.11ms
[2025-01-03T12:53:20.996-0600][gc,phases   ] GC(1)   Merge Heap Roots: 0.04ms
[2025-01-03T12:53:20.996-0600][gc,phases   ] GC(1)   Evacuate Collection Set: 1.27ms
[2025-01-03T12:53:20.996-0600][gc,phases   ] GC(1)   Post Evacuate Collection Set: 0.14ms
[2025-01-03T12:53:20.996-0600][gc,phases   ] GC(1)   Other: 0.05ms
[2025-01-03T12:53:20.996-0600][gc,heap     ] GC(1) Eden regions: 18->0(49)
[2025-01-03T12:53:20.996-0600][gc,heap     ] GC(1) Survivor regions: 7->2(7)
[2025-01-03T12:53:20.996-0600][gc,heap     ] GC(1) Old regions: 4->11
[2025-01-03T12:53:20.996-0600][gc,heap     ] GC(1) Humongous regions: 0->0
[2025-01-03T12:53:20.996-0600][gc,metaspace] GC(1) Metaspace: 21316K(21504K)->21316K(21504K) NonClass: 18714K(18816K)->18714K(18816K) Class: 2601K(2688K)->2601K(2688K)
[2025-01-03T12:53:20.996-0600][gc          ] GC(1) Pause Young (Concurrent Start) (Metadata GC Threshold) 27M->10M(1024M) 1.763ms
[2025-01-03T12:53:20.996-0600][gc,cpu      ] GC(1) User=0.00s Sys=0.00s Real=0.00s
[2025-01-03T12:53:20.996-0600][gc          ] GC(2) Concurrent Mark Cycle
[2025-01-03T12:53:20.996-0600][gc,marking  ] GC(2) Concurrent Scan Root Regions
[2025-01-03T12:53:20.997-0600][gc,marking  ] GC(2) Concurrent Scan Root Regions 0.918ms
[2025-01-03T12:53:20.997-0600][gc,marking  ] GC(2) Concurrent Mark
[2025-01-03T12:53:20.997-0600][gc,marking  ] GC(2) Concurrent Mark From Roots
[2025-01-03T12:53:20.997-0600][gc,task     ] GC(2) Using 2 workers of 2 for marking
[2025-01-03T12:53:20.997-0600][gc,marking  ] GC(2) Concurrent Mark From Roots 0.687ms
[2025-01-03T12:53:20.997-0600][gc,marking  ] GC(2) Concurrent Preclean
[2025-01-03T12:53:20.998-0600][gc,marking  ] GC(2) Concurrent Preclean 0.160ms
[2025-01-03T12:53:20.998-0600][gc,start    ] GC(2) Pause Remark
[2025-01-03T12:53:20.999-0600][gc          ] GC(2) Pause Remark 11M->11M(1024M) 0.852ms
[2025-01-03T12:53:20.999-0600][gc,cpu      ] GC(2) User=0.01s Sys=0.00s Real=0.00s
[2025-01-03T12:53:20.999-0600][gc,marking  ] GC(2) Concurrent Mark 1.927ms
[2025-01-03T12:53:20.999-0600][gc,marking  ] GC(2) Concurrent Rebuild Remembered Sets and Scrub Regions
[2025-01-03T12:53:21.000-0600][gc,marking  ] GC(2) Concurrent Rebuild Remembered Sets and Scrub Regions 1.129ms
[2025-01-03T12:53:21.000-0600][gc,start    ] GC(2) Pause Cleanup
[2025-01-03T12:53:21.000-0600][gc          ] GC(2) Pause Cleanup 11M->11M(1024M) 0.025ms
[2025-01-03T12:53:21.000-0600][gc,cpu      ] GC(2) User=0.00s Sys=0.00s Real=0.00s
[2025-01-03T12:53:21.000-0600][gc,marking  ] GC(2) Concurrent Clear Claimed Marks
[2025-01-03T12:53:21.000-0600][gc,marking  ] GC(2) Concurrent Clear Claimed Marks 0.010ms
[2025-01-03T12:53:21.000-0600][gc,marking  ] GC(2) Concurrent Cleanup for Next Mark
[2025-01-03T12:53:21.001-0600][gc,marking  ] GC(2) Concurrent Cleanup for Next Mark 0.814ms
[2025-01-03T12:53:21.001-0600][gc          ] GC(2) Concurrent Mark Cycle 4.995ms
[2025-01-03T12:53:21.265-0600][gc,start    ] GC(3) Pause Young (Prepare Mixed) (G1 Evacuation Pause)
[2025-01-03T12:53:21.265-0600][gc,task     ] GC(3) Using 9 workers of 9 for evacuation
[2025-01-03T12:53:21.267-0600][gc,phases   ] GC(3)   Pre Evacuate Collection Set: 0.10ms
[2025-01-03T12:53:21.267-0600][gc,phases   ] GC(3)   Merge Heap Roots: 0.04ms
[2025-01-03T12:53:21.267-0600][gc,phases   ] GC(3)   Evacuate Collection Set: 1.50ms
[2025-01-03T12:53:21.267-0600][gc,phases   ] GC(3)   Post Evacuate Collection Set: 0.18ms
[2025-01-03T12:53:21.267-0600][gc,phases   ] GC(3)   Other: 0.05ms
[2025-01-03T12:53:21.267-0600][gc,heap     ] GC(3) Eden regions: 49->0(44)
[2025-01-03T12:53:21.267-0600][gc,heap     ] GC(3) Survivor regions: 2->7(7)
[2025-01-03T12:53:21.267-0600][gc,heap     ] GC(3) Old regions: 11->11
[2025-01-03T12:53:21.267-0600][gc,heap     ] GC(3) Humongous regions: 129->129
[2025-01-03T12:53:21.267-0600][gc,metaspace] GC(3) Metaspace: 32645K(32960K)->32645K(32960K) NonClass: 28997K(29184K)->28997K(29184K) Class: 3647K(3776K)->3647K(3776K)
[2025-01-03T12:53:21.267-0600][gc          ] GC(3) Pause Young (Prepare Mixed) (G1 Evacuation Pause) 188M->144M(1024M) 2.040ms
[2025-01-03T12:53:21.267-0600][gc,cpu      ] GC(3) User=0.01s Sys=0.00s Real=0.00s
[2025-01-03T12:53:21.406-0600][gc,start    ] GC(4) Pause Young (Mixed) (Metadata GC Threshold)
[2025-01-03T12:53:21.406-0600][gc,task     ] GC(4) Using 9 workers of 9 for evacuation
[2025-01-03T12:53:21.409-0600][gc,phases   ] GC(4)   Pre Evacuate Collection Set: 0.27ms
[2025-01-03T12:53:21.409-0600][gc,phases   ] GC(4)   Merge Heap Roots: 0.06ms
[2025-01-03T12:53:21.409-0600][gc,phases   ] GC(4)   Evacuate Collection Set: 1.71ms
[2025-01-03T12:53:21.409-0600][gc,phases   ] GC(4)   Post Evacuate Collection Set: 0.39ms
[2025-01-03T12:53:21.409-0600][gc,phases   ] GC(4)   Other: 0.10ms
[2025-01-03T12:53:21.409-0600][gc,heap     ] GC(4) Eden regions: 13->0(49)
[2025-01-03T12:53:21.409-0600][gc,heap     ] GC(4) Survivor regions: 7->2(7)
[2025-01-03T12:53:21.409-0600][gc,heap     ] GC(4) Old regions: 11->16
[2025-01-03T12:53:21.409-0600][gc,heap     ] GC(4) Humongous regions: 129->129
[2025-01-03T12:53:21.409-0600][gc,metaspace] GC(4) Metaspace: 35676K(35968K)->35676K(35968K) NonClass: 31614K(31744K)->31614K(31744K) Class: 4061K(4224K)->4061K(4224K)
[2025-01-03T12:53:21.409-0600][gc          ] GC(4) Pause Young (Mixed) (Metadata GC Threshold) 157M->145M(1024M) 2.924ms
[2025-01-03T12:53:21.409-0600][gc,cpu      ] GC(4) User=0.02s Sys=0.01s Real=0.00s
[2025-01-03T12:53:21.420-0600][gc,start    ] GC(5) Pause Young (Concurrent Start) (Metadata GC Threshold)
[2025-01-03T12:53:21.420-0600][gc,task     ] GC(5) Using 9 workers of 9 for evacuation
[2025-01-03T12:53:21.421-0600][gc,phases   ] GC(5)   Pre Evacuate Collection Set: 0.16ms
[2025-01-03T12:53:21.421-0600][gc,phases   ] GC(5)   Merge Heap Roots: 0.04ms
[2025-01-03T12:53:21.421-0600][gc,phases   ] GC(5)   Evacuate Collection Set: 0.69ms
[2025-01-03T12:53:21.421-0600][gc,phases   ] GC(5)   Post Evacuate Collection Set: 0.18ms
[2025-01-03T12:53:21.421-0600][gc,phases   ] GC(5)   Other: 0.07ms
[2025-01-03T12:53:21.421-0600][gc,heap     ] GC(5) Eden regions: 2->0(50)
[2025-01-03T12:53:21.421-0600][gc,heap     ] GC(5) Survivor regions: 2->1(7)
[2025-01-03T12:53:21.421-0600][gc,heap     ] GC(5) Old regions: 16->16
[2025-01-03T12:53:21.421-0600][gc,heap     ] GC(5) Humongous regions: 129->129
[2025-01-03T12:53:21.421-0600][gc,metaspace] GC(5) Metaspace: 36001K(36288K)->36001K(36288K) NonClass: 31893K(32000K)->31893K(32000K) Class: 4108K(4288K)->4108K(4288K)
[2025-01-03T12:53:21.421-0600][gc          ] GC(5) Pause Young (Concurrent Start) (Metadata GC Threshold) 147M->145M(1024M) 1.355ms
[2025-01-03T12:53:21.421-0600][gc,cpu      ] GC(5) User=0.00s Sys=0.00s Real=0.00s
[2025-01-03T12:53:21.421-0600][gc          ] GC(6) Concurrent Mark Cycle
[2025-01-03T12:53:21.421-0600][gc,marking  ] GC(6) Concurrent Scan Root Regions
[2025-01-03T12:53:21.422-0600][gc,marking  ] GC(6) Concurrent Scan Root Regions 0.669ms
[2025-01-03T12:53:21.422-0600][gc,marking  ] GC(6) Concurrent Mark
[2025-01-03T12:53:21.422-0600][gc,marking  ] GC(6) Concurrent Mark From Roots
[2025-01-03T12:53:21.422-0600][gc,task     ] GC(6) Using 2 workers of 2 for marking
[2025-01-03T12:53:21.427-0600][gc,marking  ] GC(6) Concurrent Mark From Roots 5.631ms
[2025-01-03T12:53:21.427-0600][gc,marking  ] GC(6) Concurrent Preclean
[2025-01-03T12:53:21.427-0600][gc,marking  ] GC(6) Concurrent Preclean 0.036ms
[2025-01-03T12:53:21.428-0600][gc,start    ] GC(6) Pause Remark
[2025-01-03T12:53:21.429-0600][gc          ] GC(6) Pause Remark 146M->146M(1024M) 1.127ms
[2025-01-03T12:53:21.429-0600][gc,cpu      ] GC(6) User=0.00s Sys=0.00s Real=0.00s
[2025-01-03T12:53:21.429-0600][gc,marking  ] GC(6) Concurrent Mark 6.979ms
[2025-01-03T12:53:21.429-0600][gc,marking  ] GC(6) Concurrent Rebuild Remembered Sets and Scrub Regions
[2025-01-03T12:53:21.431-0600][gc,marking  ] GC(6) Concurrent Rebuild Remembered Sets and Scrub Regions 2.209ms
[2025-01-03T12:53:21.431-0600][gc,start    ] GC(6) Pause Cleanup
[2025-01-03T12:53:21.431-0600][gc          ] GC(6) Pause Cleanup 146M->146M(1024M) 0.039ms
[2025-01-03T12:53:21.431-0600][gc,cpu      ] GC(6) User=0.00s Sys=0.00s Real=0.00s
[2025-01-03T12:53:21.431-0600][gc,marking  ] GC(6) Concurrent Clear Claimed Marks
[2025-01-03T12:53:21.431-0600][gc,marking  ] GC(6) Concurrent Clear Claimed Marks 0.018ms
[2025-01-03T12:53:21.431-0600][gc,marking  ] GC(6) Concurrent Cleanup for Next Mark
[2025-01-03T12:53:21.434-0600][gc,marking  ] GC(6) Concurrent Cleanup for Next Mark 2.529ms
[2025-01-03T12:53:21.434-0600][gc          ] GC(6) Concurrent Mark Cycle 12.684ms
[2025-01-03T12:53:54.708-0600][gc,start    ] GC(7) Pause Young (Prepare Mixed) (G1 Evacuation Pause)
[2025-01-03T12:53:54.710-0600][gc,task     ] GC(7) Using 9 workers of 9 for evacuation
[2025-01-03T12:53:54.716-0600][gc,phases   ] GC(7)   Pre Evacuate Collection Set: 0.21ms
[2025-01-03T12:53:54.717-0600][gc,phases   ] GC(7)   Merge Heap Roots: 0.05ms
[2025-01-03T12:53:54.717-0600][gc,phases   ] GC(7)   Evacuate Collection Set: 5.57ms
[2025-01-03T12:53:54.717-0600][gc,phases   ] GC(7)   Post Evacuate Collection Set: 0.76ms
[2025-01-03T12:53:54.717-0600][gc,phases   ] GC(7)   Other: 0.21ms
[2025-01-03T12:53:54.717-0600][gc,heap     ] GC(7) Eden regions: 50->0(46)
[2025-01-03T12:53:54.717-0600][gc,heap     ] GC(7) Survivor regions: 1->5(7)
[2025-01-03T12:53:54.717-0600][gc,heap     ] GC(7) Old regions: 16->16
[2025-01-03T12:53:54.717-0600][gc,heap     ] GC(7) Humongous regions: 129->129
[2025-01-03T12:53:54.717-0600][gc,metaspace] GC(7) Metaspace: 42203K(42752K)->42203K(42752K) NonClass: 37054K(37376K)->37054K(37376K) Class: 5148K(5376K)->5148K(5376K)
[2025-01-03T12:53:54.717-0600][gc          ] GC(7) Pause Young (Prepare Mixed) (G1 Evacuation Pause) 195M->149M(1024M) 8.613ms
[2025-01-03T12:53:54.717-0600][gc,cpu      ] GC(7) User=0.03s Sys=0.00s Real=0.01s
[2025-01-03T12:56:04.800-0600][gc,start    ] GC(8) Pause Young (Mixed) (G1 Evacuation Pause)
[2025-01-03T12:56:04.801-0600][gc,task     ] GC(8) Using 9 workers of 9 for evacuation
[2025-01-03T12:56:04.818-0600][gc,phases   ] GC(8)   Pre Evacuate Collection Set: 0.85ms
[2025-01-03T12:56:04.818-0600][gc,phases   ] GC(8)   Merge Heap Roots: 0.29ms
[2025-01-03T12:56:04.818-0600][gc,phases   ] GC(8)   Evacuate Collection Set: 14.50ms
[2025-01-03T12:56:04.818-0600][gc,phases   ] GC(8)   Post Evacuate Collection Set: 0.54ms
[2025-01-03T12:56:04.818-0600][gc,phases   ] GC(8)   Other: 0.30ms
[2025-01-03T12:56:04.818-0600][gc,heap     ] GC(8) Eden regions: 46->0(46)
[2025-01-03T12:56:04.818-0600][gc,heap     ] GC(8) Survivor regions: 5->5(7)
[2025-01-03T12:56:04.818-0600][gc,heap     ] GC(8) Old regions: 16->20
[2025-01-03T12:56:04.818-0600][gc,heap     ] GC(8) Humongous regions: 129->129
[2025-01-03T12:56:04.818-0600][gc,metaspace] GC(8) Metaspace: 43227K(43840K)->43227K(43840K) NonClass: 38043K(38400K)->38043K(38400K) Class: 5183K(5440K)->5183K(5440K)
[2025-01-03T12:56:04.818-0600][gc          ] GC(8) Pause Young (Mixed) (G1 Evacuation Pause) 195M->153M(1024M) 17.955ms
[2025-01-03T12:56:04.818-0600][gc,cpu      ] GC(8) User=0.04s Sys=0.04s Real=0.01s
[2025-01-03T12:57:04.196-0600][gc,heap,exit] Heap
[2025-01-03T12:57:04.196-0600][gc,heap,exit]  garbage-first heap   total reserved 1048576K, committed 1048576K, used 189619K [0x00000007c0000000, 0x0000000800000000)
[2025-01-03T12:57:04.196-0600][gc,heap,exit]   region size 1024K, 37 young (37888K), 5 survivors (5120K)
[2025-01-03T12:57:04.196-0600][gc,heap,exit]  Metaspace       used 44423K, committed 45056K, reserved 1114112K
[2025-01-03T12:57:04.196-0600][gc,heap,exit]   class space    used 5416K, committed 5696K, reserved 1048576K
