[2025-01-13T19:41:29.879-0600][gc,init] CardTable entry size: 512
[2025-01-13T19:41:29.879-0600][gc     ] Using G1
[2025-01-13T19:41:29.880-0600][gc,init] Version: 23+37-2369 (release)
[2025-01-13T19:41:29.880-0600][gc,init] CPUs: 11 total, 11 available
[2025-01-13T19:41:29.880-0600][gc,init] Memory: 18432M
[2025-01-13T19:41:29.880-0600][gc,init] Large Page Support: Disabled
[2025-01-13T19:41:29.880-0600][gc,init] NUMA Support: Disabled
[2025-01-13T19:41:29.880-0600][gc,init] Compressed Oops: Enabled (Zero based)
[2025-01-13T19:41:29.880-0600][gc,init] Heap Region Size: 1M
[2025-01-13T19:41:29.880-0600][gc,init] Heap Min Capacity: 1G
[2025-01-13T19:41:29.880-0600][gc,init] Heap Initial Capacity: 1G
[2025-01-13T19:41:29.880-0600][gc,init] Heap Max Capacity: 1G
[2025-01-13T19:41:29.880-0600][gc,init] Pre-touch: Disabled
[2025-01-13T19:41:29.880-0600][gc,init] Parallel Workers: 9
[2025-01-13T19:41:29.880-0600][gc,init] Concurrent Workers: 2
[2025-01-13T19:41:29.880-0600][gc,init] Concurrent Refinement Workers: 9
[2025-01-13T19:41:29.880-0600][gc,init] Periodic GC: Disabled
[2025-01-13T19:41:29.883-0600][gc,metaspace] CDS archive(s) mapped at: [0x000003f800000000-0x000003f800d94000-0x000003f800d94000), size 14237696, SharedBaseAddress: 0x000003f800000000, ArchiveRelocationMode: 1.
[2025-01-13T19:41:29.883-0600][gc,metaspace] Compressed class space mapped at: 0x000003f801000000-0x000003f841000000, reserved size: 1073741824
[2025-01-13T19:41:29.883-0600][gc,metaspace] Narrow klass base: 0x000003f800000000, Narrow klass shift: 0, Narrow klass range: 0x100000000
[2025-01-13T19:41:30.412-0600][gc,start    ] GC(0) Pause Young (Normal) (G1 Evacuation Pause)
[2025-01-13T19:41:30.413-0600][gc,task     ] GC(0) Using 9 workers of 9 for evacuation
[2025-01-13T19:41:30.415-0600][gc,phases   ] GC(0)   Pre Evacuate Collection Set: 0.12ms
[2025-01-13T19:41:30.415-0600][gc,phases   ] GC(0)   Merge Heap Roots: 0.05ms
[2025-01-13T19:41:30.415-0600][gc,phases   ] GC(0)   Evacuate Collection Set: 1.69ms
[2025-01-13T19:41:30.415-0600][gc,phases   ] GC(0)   Post Evacuate Collection Set: 0.23ms
[2025-01-13T19:41:30.415-0600][gc,phases   ] GC(0)   Other: 0.25ms
[2025-01-13T19:41:30.415-0600][gc,heap     ] GC(0) Eden regions: 51->0(44)
[2025-01-13T19:41:30.415-0600][gc,heap     ] GC(0) Survivor regions: 0->7(7)
[2025-01-13T19:41:30.415-0600][gc,heap     ] GC(0) Old regions: 2->3
[2025-01-13T19:41:30.415-0600][gc,heap     ] GC(0) Humongous regions: 0->0
[2025-01-13T19:41:30.415-0600][gc,metaspace] GC(0) Metaspace: 16738K(17024K)->16738K(17024K) NonClass: 14700K(14848K)->14700K(14848K) Class: 2038K(2176K)->2038K(2176K)
[2025-01-13T19:41:30.415-0600][gc          ] GC(0) Pause Young (Normal) (G1 Evacuation Pause) 52M->9M(1024M) 2.551ms
[2025-01-13T19:41:30.415-0600][gc,cpu      ] GC(0) User=0.01s Sys=0.00s Real=0.00s
[2025-01-13T19:41:30.541-0600][gc,start    ] GC(1) Pause Young (Concurrent Start) (Metadata GC Threshold)
[2025-01-13T19:41:30.541-0600][gc,task     ] GC(1) Using 9 workers of 9 for evacuation
[2025-01-13T19:41:30.543-0600][gc,phases   ] GC(1)   Pre Evacuate Collection Set: 0.11ms
[2025-01-13T19:41:30.543-0600][gc,phases   ] GC(1)   Merge Heap Roots: 0.04ms
[2025-01-13T19:41:30.543-0600][gc,phases   ] GC(1)   Evacuate Collection Set: 1.35ms
[2025-01-13T19:41:30.543-0600][gc,phases   ] GC(1)   Post Evacuate Collection Set: 0.14ms
[2025-01-13T19:41:30.543-0600][gc,phases   ] GC(1)   Other: 0.05ms
[2025-01-13T19:41:30.543-0600][gc,heap     ] GC(1) Eden regions: 18->0(49)
[2025-01-13T19:41:30.543-0600][gc,heap     ] GC(1) Survivor regions: 7->2(7)
[2025-01-13T19:41:30.543-0600][gc,heap     ] GC(1) Old regions: 3->11
[2025-01-13T19:41:30.543-0600][gc,heap     ] GC(1) Humongous regions: 0->0
[2025-01-13T19:41:30.543-0600][gc,metaspace] GC(1) Metaspace: 21324K(21504K)->21324K(21504K) NonClass: 18723K(18816K)->18723K(18816K) Class: 2601K(2688K)->2601K(2688K)
[2025-01-13T19:41:30.543-0600][gc          ] GC(1) Pause Young (Concurrent Start) (Metadata GC Threshold) 26M->10M(1024M) 1.830ms
[2025-01-13T19:41:30.543-0600][gc          ] GC(2) Concurrent Mark Cycle
[2025-01-13T19:41:30.543-0600][gc,cpu      ] GC(1) User=0.01s Sys=0.00s Real=0.00s
[2025-01-13T19:41:30.543-0600][gc,marking  ] GC(2) Concurrent Scan Root Regions
[2025-01-13T19:41:30.544-0600][gc,marking  ] GC(2) Concurrent Scan Root Regions 0.980ms
[2025-01-13T19:41:30.544-0600][gc,marking  ] GC(2) Concurrent Mark
[2025-01-13T19:41:30.544-0600][gc,marking  ] GC(2) Concurrent Mark From Roots
[2025-01-13T19:41:30.544-0600][gc,task     ] GC(2) Using 2 workers of 2 for marking
[2025-01-13T19:41:30.544-0600][gc,marking  ] GC(2) Concurrent Mark From Roots 0.562ms
[2025-01-13T19:41:30.544-0600][gc,marking  ] GC(2) Concurrent Preclean
[2025-01-13T19:41:30.544-0600][gc,marking  ] GC(2) Concurrent Preclean 0.174ms
[2025-01-13T19:41:30.545-0600][gc,start    ] GC(2) Pause Remark
[2025-01-13T19:41:30.545-0600][gc          ] GC(2) Pause Remark 11M->11M(1024M) 0.834ms
[2025-01-13T19:41:30.545-0600][gc,cpu      ] GC(2) User=0.00s Sys=0.00s Real=0.00s
[2025-01-13T19:41:30.545-0600][gc,marking  ] GC(2) Concurrent Mark 1.667ms
[2025-01-13T19:41:30.545-0600][gc,marking  ] GC(2) Concurrent Rebuild Remembered Sets and Scrub Regions
[2025-01-13T19:41:30.546-0600][gc,marking  ] GC(2) Concurrent Rebuild Remembered Sets and Scrub Regions 0.946ms
[2025-01-13T19:41:30.546-0600][gc,start    ] GC(2) Pause Cleanup
[2025-01-13T19:41:30.546-0600][gc          ] GC(2) Pause Cleanup 11M->11M(1024M) 0.025ms
[2025-01-13T19:41:30.546-0600][gc,cpu      ] GC(2) User=0.00s Sys=0.00s Real=0.00s
[2025-01-13T19:41:30.546-0600][gc,marking  ] GC(2) Concurrent Clear Claimed Marks
[2025-01-13T19:41:30.546-0600][gc,marking  ] GC(2) Concurrent Clear Claimed Marks 0.012ms
[2025-01-13T19:41:30.546-0600][gc,marking  ] GC(2) Concurrent Cleanup for Next Mark
[2025-01-13T19:41:30.547-0600][gc,marking  ] GC(2) Concurrent Cleanup for Next Mark 0.915ms
[2025-01-13T19:41:30.547-0600][gc          ] GC(2) Concurrent Mark Cycle 4.692ms
[2025-01-13T19:41:30.797-0600][gc,start    ] GC(3) Pause Young (Prepare Mixed) (G1 Evacuation Pause)
[2025-01-13T19:41:30.797-0600][gc,task     ] GC(3) Using 9 workers of 9 for evacuation
[2025-01-13T19:41:30.799-0600][gc,phases   ] GC(3)   Pre Evacuate Collection Set: 0.09ms
[2025-01-13T19:41:30.799-0600][gc,phases   ] GC(3)   Merge Heap Roots: 0.03ms
[2025-01-13T19:41:30.799-0600][gc,phases   ] GC(3)   Evacuate Collection Set: 1.25ms
[2025-01-13T19:41:30.799-0600][gc,phases   ] GC(3)   Post Evacuate Collection Set: 0.20ms
[2025-01-13T19:41:30.799-0600][gc,phases   ] GC(3)   Other: 0.04ms
[2025-01-13T19:41:30.799-0600][gc,heap     ] GC(3) Eden regions: 49->0(44)
[2025-01-13T19:41:30.799-0600][gc,heap     ] GC(3) Survivor regions: 2->7(7)
[2025-01-13T19:41:30.799-0600][gc,heap     ] GC(3) Old regions: 11->11
[2025-01-13T19:41:30.799-0600][gc,heap     ] GC(3) Humongous regions: 129->129
[2025-01-13T19:41:30.799-0600][gc,metaspace] GC(3) Metaspace: 32586K(32832K)->32586K(32832K) NonClass: 28947K(29120K)->28947K(29120K) Class: 3638K(3712K)->3638K(3712K)
[2025-01-13T19:41:30.799-0600][gc          ] GC(3) Pause Young (Prepare Mixed) (G1 Evacuation Pause) 188M->144M(1024M) 1.739ms
[2025-01-13T19:41:30.799-0600][gc,cpu      ] GC(3) User=0.01s Sys=0.00s Real=0.00s
[2025-01-13T19:41:30.943-0600][gc,start    ] GC(4) Pause Young (Mixed) (Metadata GC Threshold)
[2025-01-13T19:41:30.943-0600][gc,task     ] GC(4) Using 9 workers of 9 for evacuation
[2025-01-13T19:41:30.945-0600][gc,phases   ] GC(4)   Pre Evacuate Collection Set: 0.13ms
[2025-01-13T19:41:30.945-0600][gc,phases   ] GC(4)   Merge Heap Roots: 0.05ms
[2025-01-13T19:41:30.945-0600][gc,phases   ] GC(4)   Evacuate Collection Set: 1.80ms
[2025-01-13T19:41:30.945-0600][gc,phases   ] GC(4)   Post Evacuate Collection Set: 0.31ms
[2025-01-13T19:41:30.945-0600][gc,phases   ] GC(4)   Other: 0.05ms
[2025-01-13T19:41:30.945-0600][gc,heap     ] GC(4) Eden regions: 14->0(49)
[2025-01-13T19:41:30.945-0600][gc,heap     ] GC(4) Survivor regions: 7->2(7)
[2025-01-13T19:41:30.945-0600][gc,heap     ] GC(4) Old regions: 11->16
[2025-01-13T19:41:30.945-0600][gc,heap     ] GC(4) Humongous regions: 129->129
[2025-01-13T19:41:30.945-0600][gc,metaspace] GC(4) Metaspace: 35836K(36096K)->35836K(36096K) NonClass: 31749K(31872K)->31749K(31872K) Class: 4087K(4224K)->4087K(4224K)
[2025-01-13T19:41:30.945-0600][gc          ] GC(4) Pause Young (Mixed) (Metadata GC Threshold) 157M->145M(1024M) 2.572ms
[2025-01-13T19:41:30.946-0600][gc,cpu      ] GC(4) User=0.01s Sys=0.01s Real=0.00s
[2025-01-13T19:41:30.954-0600][gc,start    ] GC(5) Pause Young (Concurrent Start) (Metadata GC Threshold)
[2025-01-13T19:41:30.954-0600][gc,task     ] GC(5) Using 9 workers of 9 for evacuation
[2025-01-13T19:41:30.955-0600][gc,phases   ] GC(5)   Pre Evacuate Collection Set: 0.13ms
[2025-01-13T19:41:30.955-0600][gc,phases   ] GC(5)   Merge Heap Roots: 0.03ms
[2025-01-13T19:41:30.955-0600][gc,phases   ] GC(5)   Evacuate Collection Set: 0.53ms
[2025-01-13T19:41:30.955-0600][gc,phases   ] GC(5)   Post Evacuate Collection Set: 0.14ms
[2025-01-13T19:41:30.955-0600][gc,phases   ] GC(5)   Other: 0.06ms
[2025-01-13T19:41:30.955-0600][gc,heap     ] GC(5) Eden regions: 1->0(50)
[2025-01-13T19:41:30.955-0600][gc,heap     ] GC(5) Survivor regions: 2->1(7)
[2025-01-13T19:41:30.955-0600][gc,heap     ] GC(5) Old regions: 16->16
[2025-01-13T19:41:30.955-0600][gc,heap     ] GC(5) Humongous regions: 129->129
[2025-01-13T19:41:30.955-0600][gc,metaspace] GC(5) Metaspace: 36098K(36416K)->36098K(36416K) NonClass: 31978K(32128K)->31978K(32128K) Class: 4119K(4288K)->4119K(4288K)
[2025-01-13T19:41:30.955-0600][gc          ] GC(5) Pause Young (Concurrent Start) (Metadata GC Threshold) 146M->145M(1024M) 1.112ms
[2025-01-13T19:41:30.955-0600][gc          ] GC(6) Concurrent Mark Cycle
[2025-01-13T19:41:30.955-0600][gc,cpu      ] GC(5) User=0.00s Sys=0.00s Real=0.00s
[2025-01-13T19:41:30.955-0600][gc,marking  ] GC(6) Concurrent Scan Root Regions
[2025-01-13T19:41:30.956-0600][gc,marking  ] GC(6) Concurrent Scan Root Regions 0.646ms
[2025-01-13T19:41:30.956-0600][gc,marking  ] GC(6) Concurrent Mark
[2025-01-13T19:41:30.956-0600][gc,marking  ] GC(6) Concurrent Mark From Roots
[2025-01-13T19:41:30.956-0600][gc,task     ] GC(6) Using 2 workers of 2 for marking
[2025-01-13T19:41:30.961-0600][gc,marking  ] GC(6) Concurrent Mark From Roots 4.967ms
[2025-01-13T19:41:30.961-0600][gc,marking  ] GC(6) Concurrent Preclean
[2025-01-13T19:41:30.961-0600][gc,marking  ] GC(6) Concurrent Preclean 0.032ms
[2025-01-13T19:41:30.961-0600][gc,start    ] GC(6) Pause Remark
[2025-01-13T19:41:30.962-0600][gc          ] GC(6) Pause Remark 146M->146M(1024M) 1.113ms
[2025-01-13T19:41:30.962-0600][gc,cpu      ] GC(6) User=0.00s Sys=0.00s Real=0.00s
[2025-01-13T19:41:30.962-0600][gc,marking  ] GC(6) Concurrent Mark 6.314ms
[2025-01-13T19:41:30.962-0600][gc,marking  ] GC(6) Concurrent Rebuild Remembered Sets and Scrub Regions
[2025-01-13T19:41:30.964-0600][gc,marking  ] GC(6) Concurrent Rebuild Remembered Sets and Scrub Regions 2.208ms
[2025-01-13T19:41:30.964-0600][gc,start    ] GC(6) Pause Cleanup
[2025-01-13T19:41:30.964-0600][gc          ] GC(6) Pause Cleanup 146M->146M(1024M) 0.033ms
[2025-01-13T19:41:30.964-0600][gc,cpu      ] GC(6) User=0.00s Sys=0.00s Real=0.00s
[2025-01-13T19:41:30.964-0600][gc,marking  ] GC(6) Concurrent Clear Claimed Marks
[2025-01-13T19:41:30.964-0600][gc,marking  ] GC(6) Concurrent Clear Claimed Marks 0.029ms
[2025-01-13T19:41:30.964-0600][gc,marking  ] GC(6) Concurrent Cleanup for Next Mark
[2025-01-13T19:41:30.965-0600][gc,marking  ] GC(6) Concurrent Cleanup for Next Mark 1.004ms
[2025-01-13T19:41:30.965-0600][gc          ] GC(6) Concurrent Mark Cycle 10.424ms
[2025-01-13T19:42:00.549-0600][gc,start    ] GC(7) Pause Young (Normal) (G1 Evacuation Pause)
[2025-01-13T19:42:00.549-0600][gc,task     ] GC(7) Using 9 workers of 9 for evacuation
[2025-01-13T19:42:00.589-0600][gc,mmu      ] GC(7) MMU target violated: 21.0ms (20.0ms/21.0ms)
[2025-01-13T19:42:00.589-0600][gc,phases   ] GC(7)   Pre Evacuate Collection Set: 0.98ms
[2025-01-13T19:42:00.589-0600][gc,phases   ] GC(7)   Merge Heap Roots: 0.24ms
[2025-01-13T19:42:00.589-0600][gc,phases   ] GC(7)   Evacuate Collection Set: 37.34ms
[2025-01-13T19:42:00.589-0600][gc,phases   ] GC(7)   Post Evacuate Collection Set: 0.75ms
[2025-01-13T19:42:00.589-0600][gc,phases   ] GC(7)   Other: 0.49ms
[2025-01-13T19:42:00.589-0600][gc,heap     ] GC(7) Eden regions: 50->0(45)
[2025-01-13T19:42:00.589-0600][gc,heap     ] GC(7) Survivor regions: 1->6(7)
[2025-01-13T19:42:00.589-0600][gc,heap     ] GC(7) Old regions: 16->16
[2025-01-13T19:42:00.589-0600][gc,heap     ] GC(7) Humongous regions: 129->129
[2025-01-13T19:42:00.589-0600][gc,metaspace] GC(7) Metaspace: 42027K(42624K)->42027K(42624K) NonClass: 36923K(37312K)->36923K(37312K) Class: 5104K(5312K)->5104K(5312K)
[2025-01-13T19:42:00.589-0600][gc          ] GC(7) Pause Young (Normal) (G1 Evacuation Pause) 195M->149M(1024M) 40.569ms
[2025-01-13T19:42:00.589-0600][gc,cpu      ] GC(7) User=0.02s Sys=0.08s Real=0.04s
[2025-01-13T19:43:59.242-0600][gc,start    ] GC(8) Pause Young (Normal) (G1 Evacuation Pause)
[2025-01-13T19:43:59.242-0600][gc,task     ] GC(8) Using 9 workers of 9 for evacuation
[2025-01-13T19:43:59.257-0600][gc,phases   ] GC(8)   Pre Evacuate Collection Set: 0.61ms
[2025-01-13T19:43:59.257-0600][gc,phases   ] GC(8)   Merge Heap Roots: 0.15ms
[2025-01-13T19:43:59.257-0600][gc,phases   ] GC(8)   Evacuate Collection Set: 12.64ms
[2025-01-13T19:43:59.257-0600][gc,phases   ] GC(8)   Post Evacuate Collection Set: 0.65ms
[2025-01-13T19:43:59.257-0600][gc,phases   ] GC(8)   Other: 0.15ms
[2025-01-13T19:43:59.257-0600][gc,heap     ] GC(8) Eden regions: 45->0(47)
[2025-01-13T19:43:59.257-0600][gc,heap     ] GC(8) Survivor regions: 6->4(7)
[2025-01-13T19:43:59.257-0600][gc,heap     ] GC(8) Old regions: 16->20
[2025-01-13T19:43:59.257-0600][gc,heap     ] GC(8) Humongous regions: 129->129
[2025-01-13T19:43:59.257-0600][gc,metaspace] GC(8) Metaspace: 43431K(44096K)->43431K(44096K) NonClass: 38209K(38592K)->38209K(38592K) Class: 5221K(5504K)->5221K(5504K)
[2025-01-13T19:43:59.257-0600][gc          ] GC(8) Pause Young (Normal) (G1 Evacuation Pause) 194M->152M(1024M) 14.913ms
[2025-01-13T19:43:59.257-0600][gc,cpu      ] GC(8) User=0.04s Sys=0.02s Real=0.01s
[2025-01-13T19:46:34.205-0600][gc,start    ] GC(9) Pause Young (Normal) (G1 Evacuation Pause)
[2025-01-13T19:46:34.206-0600][gc,task     ] GC(9) Using 9 workers of 9 for evacuation
[2025-01-13T19:46:34.218-0600][gc,phases   ] GC(9)   Pre Evacuate Collection Set: 2.48ms
[2025-01-13T19:46:34.219-0600][gc,phases   ] GC(9)   Merge Heap Roots: 0.87ms
[2025-01-13T19:46:34.219-0600][gc,phases   ] GC(9)   Evacuate Collection Set: 8.49ms
[2025-01-13T19:46:34.219-0600][gc,phases   ] GC(9)   Post Evacuate Collection Set: 0.49ms
[2025-01-13T19:46:34.219-0600][gc,phases   ] GC(9)   Other: 0.66ms
[2025-01-13T19:46:34.219-0600][gc,heap     ] GC(9) Eden regions: 47->0(46)
[2025-01-13T19:46:34.219-0600][gc,heap     ] GC(9) Survivor regions: 4->5(7)
[2025-01-13T19:46:34.219-0600][gc,heap     ] GC(9) Old regions: 20->20
[2025-01-13T19:46:34.219-0600][gc,heap     ] GC(9) Humongous regions: 129->129
[2025-01-13T19:46:34.219-0600][gc,metaspace] GC(9) Metaspace: 43488K(44160K)->43488K(44160K) NonClass: 38264K(38656K)->38264K(38656K) Class: 5224K(5504K)->5224K(5504K)
[2025-01-13T19:46:34.219-0600][gc          ] GC(9) Pause Young (Normal) (G1 Evacuation Pause) 199M->153M(1024M) 13.671ms
[2025-01-13T19:46:34.219-0600][gc,cpu      ] GC(9) User=0.02s Sys=0.03s Real=0.01s
[2025-01-13T19:49:07.753-0600][gc,start    ] GC(10) Pause Young (Normal) (G1 Evacuation Pause)
[2025-01-13T19:49:07.754-0600][gc,task     ] GC(10) Using 9 workers of 9 for evacuation
[2025-01-13T19:49:07.769-0600][gc,phases   ] GC(10)   Pre Evacuate Collection Set: 0.94ms
[2025-01-13T19:49:07.769-0600][gc,phases   ] GC(10)   Merge Heap Roots: 0.21ms
[2025-01-13T19:49:07.769-0600][gc,phases   ] GC(10)   Evacuate Collection Set: 13.16ms
[2025-01-13T19:49:07.769-0600][gc,phases   ] GC(10)   Post Evacuate Collection Set: 0.60ms
[2025-01-13T19:49:07.769-0600][gc,phases   ] GC(10)   Other: 0.31ms
[2025-01-13T19:49:07.769-0600][gc,heap     ] GC(10) Eden regions: 46->0(46)
[2025-01-13T19:49:07.769-0600][gc,heap     ] GC(10) Survivor regions: 5->5(7)
[2025-01-13T19:49:07.769-0600][gc,heap     ] GC(10) Old regions: 20->22
[2025-01-13T19:49:07.769-0600][gc,heap     ] GC(10) Humongous regions: 129->129
[2025-01-13T19:49:07.769-0600][gc,metaspace] GC(10) Metaspace: 43621K(44224K)->43621K(44224K) NonClass: 38385K(38720K)->38385K(38720K) Class: 5235K(5504K)->5235K(5504K)
[2025-01-13T19:49:07.770-0600][gc          ] GC(10) Pause Young (Normal) (G1 Evacuation Pause) 199M->155M(1024M) 16.089ms
[2025-01-13T19:49:07.770-0600][gc,cpu      ] GC(10) User=0.04s Sys=0.02s Real=0.02s
[2025-01-13T19:51:43.048-0600][gc,start    ] GC(11) Pause Young (Normal) (G1 Evacuation Pause)
[2025-01-13T19:51:43.048-0600][gc,task     ] GC(11) Using 9 workers of 9 for evacuation
[2025-01-13T19:51:43.055-0600][gc,phases   ] GC(11)   Pre Evacuate Collection Set: 0.91ms
[2025-01-13T19:51:43.055-0600][gc,phases   ] GC(11)   Merge Heap Roots: 0.18ms
[2025-01-13T19:51:43.055-0600][gc,phases   ] GC(11)   Evacuate Collection Set: 5.08ms
[2025-01-13T19:51:43.055-0600][gc,phases   ] GC(11)   Post Evacuate Collection Set: 0.34ms
[2025-01-13T19:51:43.055-0600][gc,phases   ] GC(11)   Other: 0.20ms
[2025-01-13T19:51:43.055-0600][gc,heap     ] GC(11) Eden regions: 46->0(45)
[2025-01-13T19:51:43.055-0600][gc,heap     ] GC(11) Survivor regions: 5->6(7)
[2025-01-13T19:51:43.055-0600][gc,heap     ] GC(11) Old regions: 22->24
[2025-01-13T19:51:43.055-0600][gc,heap     ] GC(11) Humongous regions: 129->129
[2025-01-13T19:51:43.055-0600][gc,metaspace] GC(11) Metaspace: 43739K(44480K)->43739K(44480K) NonClass: 38487K(38912K)->38487K(38912K) Class: 5251K(5568K)->5251K(5568K)
[2025-01-13T19:51:43.055-0600][gc          ] GC(11) Pause Young (Normal) (G1 Evacuation Pause) 201M->158M(1024M) 7.232ms
[2025-01-13T19:51:43.055-0600][gc,cpu      ] GC(11) User=0.02s Sys=0.02s Real=0.01s
[2025-01-13T19:54:25.950-0600][gc,start    ] GC(12) Pause Young (Normal) (G1 Evacuation Pause)
[2025-01-13T19:54:25.951-0600][gc,task     ] GC(12) Using 9 workers of 9 for evacuation
[2025-01-13T19:54:25.969-0600][gc,phases   ] GC(12)   Pre Evacuate Collection Set: 1.59ms
[2025-01-13T19:54:25.969-0600][gc,phases   ] GC(12)   Merge Heap Roots: 0.60ms
[2025-01-13T19:54:25.969-0600][gc,phases   ] GC(12)   Evacuate Collection Set: 14.37ms
[2025-01-13T19:54:25.969-0600][gc,phases   ] GC(12)   Post Evacuate Collection Set: 0.54ms
[2025-01-13T19:54:25.969-0600][gc,phases   ] GC(12)   Other: 0.47ms
[2025-01-13T19:54:25.969-0600][gc,heap     ] GC(12) Eden regions: 45->0(46)
[2025-01-13T19:54:25.969-0600][gc,heap     ] GC(12) Survivor regions: 6->5(7)
[2025-01-13T19:54:25.969-0600][gc,heap     ] GC(12) Old regions: 24->28
[2025-01-13T19:54:25.969-0600][gc,heap     ] GC(12) Humongous regions: 129->129
[2025-01-13T19:54:25.969-0600][gc,metaspace] GC(12) Metaspace: 43764K(44480K)->43764K(44480K) NonClass: 38512K(38912K)->38512K(38912K) Class: 5252K(5568K)->5252K(5568K)
[2025-01-13T19:54:25.969-0600][gc          ] GC(12) Pause Young (Normal) (G1 Evacuation Pause) 203M->161M(1024M) 18.678ms
[2025-01-13T19:54:25.969-0600][gc,cpu      ] GC(12) User=0.05s Sys=0.04s Real=0.01s
[2025-01-13T20:43:28.476-0600][gc,start    ] GC(13) Pause Young (Normal) (G1 Evacuation Pause)
[2025-01-13T20:43:28.477-0600][gc,task     ] GC(13) Using 9 workers of 9 for evacuation
[2025-01-13T20:43:28.484-0600][gc,phases   ] GC(13)   Pre Evacuate Collection Set: 0.41ms
[2025-01-13T20:43:28.484-0600][gc,phases   ] GC(13)   Merge Heap Roots: 0.13ms
[2025-01-13T20:43:28.484-0600][gc,phases   ] GC(13)   Evacuate Collection Set: 6.21ms
[2025-01-13T20:43:28.484-0600][gc,phases   ] GC(13)   Post Evacuate Collection Set: 0.26ms
[2025-01-13T20:43:28.484-0600][gc,phases   ] GC(13)   Other: 0.12ms
[2025-01-13T20:43:28.484-0600][gc,heap     ] GC(13) Eden regions: 46->0(48)
[2025-01-13T20:43:28.484-0600][gc,heap     ] GC(13) Survivor regions: 5->3(7)
[2025-01-13T20:43:28.484-0600][gc,heap     ] GC(13) Old regions: 28->31
[2025-01-13T20:43:28.484-0600][gc,heap     ] GC(13) Humongous regions: 129->129
[2025-01-13T20:43:28.484-0600][gc,metaspace] GC(13) Metaspace: 43809K(44480K)->43809K(44480K) NonClass: 38557K(38912K)->38557K(38912K) Class: 5252K(5568K)->5252K(5568K)
[2025-01-13T20:43:28.484-0600][gc          ] GC(13) Pause Young (Normal) (G1 Evacuation Pause) 207M->162M(1024M) 7.672ms
[2025-01-13T20:43:28.484-0600][gc,cpu      ] GC(13) User=0.02s Sys=0.02s Real=0.01s
[2025-01-13T21:32:42.454-0600][gc,start    ] GC(14) Pause Young (Normal) (G1 Evacuation Pause)
[2025-01-13T21:32:42.454-0600][gc,task     ] GC(14) Using 9 workers of 9 for evacuation
[2025-01-13T21:32:42.465-0600][gc,phases   ] GC(14)   Pre Evacuate Collection Set: 0.72ms
[2025-01-13T21:32:42.466-0600][gc,phases   ] GC(14)   Merge Heap Roots: 0.26ms
[2025-01-13T21:32:42.466-0600][gc,phases   ] GC(14)   Evacuate Collection Set: 9.15ms
[2025-01-13T21:32:42.466-0600][gc,phases   ] GC(14)   Post Evacuate Collection Set: 0.77ms
[2025-01-13T21:32:42.466-0600][gc,phases   ] GC(14)   Other: 0.32ms
[2025-01-13T21:32:42.466-0600][gc,heap     ] GC(14) Eden regions: 48->0(45)
[2025-01-13T21:32:42.466-0600][gc,heap     ] GC(14) Survivor regions: 3->6(7)
[2025-01-13T21:32:42.466-0600][gc,heap     ] GC(14) Old regions: 31->31
[2025-01-13T21:32:42.466-0600][gc,heap     ] GC(14) Humongous regions: 129->129
[2025-01-13T21:32:42.466-0600][gc,metaspace] GC(14) Metaspace: 43838K(44544K)->43838K(44544K) NonClass: 38585K(38976K)->38585K(38976K) Class: 5253K(5568K)->5253K(5568K)
[2025-01-13T21:32:42.466-0600][gc          ] GC(14) Pause Young (Normal) (G1 Evacuation Pause) 210M->165M(1024M) 12.012ms
[2025-01-13T21:32:42.466-0600][gc,cpu      ] GC(14) User=0.03s Sys=0.02s Real=0.01s
[2025-01-13T22:28:39.135-0600][gc,start    ] GC(15) Pause Young (Normal) (G1 Evacuation Pause)
[2025-01-13T22:28:39.135-0600][gc,task     ] GC(15) Using 9 workers of 9 for evacuation
[2025-01-13T22:28:39.150-0600][gc,phases   ] GC(15)   Pre Evacuate Collection Set: 0.97ms
[2025-01-13T22:28:39.151-0600][gc,phases   ] GC(15)   Merge Heap Roots: 0.28ms
[2025-01-13T22:28:39.151-0600][gc,phases   ] GC(15)   Evacuate Collection Set: 13.09ms
[2025-01-13T22:28:39.151-0600][gc,phases   ] GC(15)   Post Evacuate Collection Set: 0.42ms
[2025-01-13T22:28:39.151-0600][gc,phases   ] GC(15)   Other: 0.50ms
[2025-01-13T22:28:39.151-0600][gc,heap     ] GC(15) Eden regions: 45->0(46)
[2025-01-13T22:28:39.151-0600][gc,heap     ] GC(15) Survivor regions: 6->5(7)
[2025-01-13T22:28:39.151-0600][gc,heap     ] GC(15) Old regions: 31->35
[2025-01-13T22:28:39.151-0600][gc,heap     ] GC(15) Humongous regions: 129->129
[2025-01-13T22:28:39.151-0600][gc,metaspace] GC(15) Metaspace: 43911K(44608K)->43911K(44608K) NonClass: 38645K(39040K)->38645K(39040K) Class: 5266K(5568K)->5266K(5568K)
[2025-01-13T22:28:39.151-0600][gc          ] GC(15) Pause Young (Normal) (G1 Evacuation Pause) 210M->168M(1024M) 16.587ms
[2025-01-13T22:28:39.151-0600][gc,cpu      ] GC(15) User=0.04s Sys=0.03s Real=0.02s
[2025-01-13T23:29:35.097-0600][gc,start    ] GC(16) Pause Young (Normal) (G1 Evacuation Pause)
[2025-01-13T23:29:35.097-0600][gc,task     ] GC(16) Using 9 workers of 9 for evacuation
[2025-01-13T23:29:35.109-0600][gc,phases   ] GC(16)   Pre Evacuate Collection Set: 0.77ms
[2025-01-13T23:29:35.110-0600][gc,phases   ] GC(16)   Merge Heap Roots: 0.16ms
[2025-01-13T23:29:35.110-0600][gc,phases   ] GC(16)   Evacuate Collection Set: 10.65ms
[2025-01-13T23:29:35.110-0600][gc,phases   ] GC(16)   Post Evacuate Collection Set: 0.67ms
[2025-01-13T23:29:35.110-0600][gc,phases   ] GC(16)   Other: 0.26ms
[2025-01-13T23:29:35.110-0600][gc,heap     ] GC(16) Eden regions: 46->0(65)
[2025-01-13T23:29:35.110-0600][gc,heap     ] GC(16) Survivor regions: 5->3(7)
[2025-01-13T23:29:35.110-0600][gc,heap     ] GC(16) Old regions: 35->37
[2025-01-13T23:29:35.110-0600][gc,heap     ] GC(16) Humongous regions: 129->129
[2025-01-13T23:29:35.110-0600][gc,metaspace] GC(16) Metaspace: 43939K(44608K)->43939K(44608K) NonClass: 38672K(39040K)->38672K(39040K) Class: 5266K(5568K)->5266K(5568K)
[2025-01-13T23:29:35.110-0600][gc          ] GC(16) Pause Young (Normal) (G1 Evacuation Pause) 214M->168M(1024M) 13.452ms
[2025-01-13T23:29:35.110-0600][gc,cpu      ] GC(16) User=0.03s Sys=0.03s Real=0.02s
[2025-01-14T01:06:15.287-0600][gc,start    ] GC(17) Pause Young (Normal) (G1 Evacuation Pause)
[2025-01-14T01:06:15.288-0600][gc,task     ] GC(17) Using 9 workers of 9 for evacuation
[2025-01-14T01:06:15.306-0600][gc,phases   ] GC(17)   Pre Evacuate Collection Set: 0.94ms
[2025-01-14T01:06:15.306-0600][gc,phases   ] GC(17)   Merge Heap Roots: 0.21ms
[2025-01-14T01:06:15.306-0600][gc,phases   ] GC(17)   Evacuate Collection Set: 16.09ms
[2025-01-14T01:06:15.306-0600][gc,phases   ] GC(17)   Post Evacuate Collection Set: 0.73ms
[2025-01-14T01:06:15.306-0600][gc,phases   ] GC(17)   Other: 0.32ms
[2025-01-14T01:06:15.306-0600][gc,heap     ] GC(17) Eden regions: 77->0(44)
[2025-01-14T01:06:15.306-0600][gc,heap     ] GC(17) Survivor regions: 3->7(10)
[2025-01-14T01:06:15.306-0600][gc,heap     ] GC(17) Old regions: 37->37
[2025-01-14T01:06:15.306-0600][gc,heap     ] GC(17) Humongous regions: 129->129
[2025-01-14T01:06:15.306-0600][gc,metaspace] GC(17) Metaspace: 44009K(44736K)->44009K(44736K) NonClass: 38742K(39168K)->38742K(39168K) Class: 5266K(5568K)->5266K(5568K)
[2025-01-14T01:06:15.307-0600][gc          ] GC(17) Pause Young (Normal) (G1 Evacuation Pause) 245M->172M(1024M) 19.243ms
[2025-01-14T01:06:15.307-0600][gc,cpu      ] GC(17) User=0.04s Sys=0.05s Real=0.02s
[2025-01-14T02:10:16.023-0600][gc,start    ] GC(18) Pause Young (Normal) (G1 Evacuation Pause)
[2025-01-14T02:10:16.023-0600][gc,task     ] GC(18) Using 9 workers of 9 for evacuation
[2025-01-14T02:10:16.031-0600][gc,phases   ] GC(18)   Pre Evacuate Collection Set: 0.76ms
[2025-01-14T02:10:16.031-0600][gc,phases   ] GC(18)   Merge Heap Roots: 0.18ms
[2025-01-14T02:10:16.031-0600][gc,phases   ] GC(18)   Evacuate Collection Set: 6.09ms
[2025-01-14T02:10:16.031-0600][gc,phases   ] GC(18)   Post Evacuate Collection Set: 0.41ms
[2025-01-14T02:10:16.031-0600][gc,phases   ] GC(18)   Other: 0.16ms
[2025-01-14T02:10:16.031-0600][gc,heap     ] GC(18) Eden regions: 44->0(54)
[2025-01-14T02:10:16.031-0600][gc,heap     ] GC(18) Survivor regions: 7->4(7)
[2025-01-14T02:10:16.031-0600][gc,heap     ] GC(18) Old regions: 37->43
[2025-01-14T02:10:16.031-0600][gc,heap     ] GC(18) Humongous regions: 129->129
[2025-01-14T02:10:16.031-0600][gc,metaspace] GC(18) Metaspace: 44031K(44736K)->44031K(44736K) NonClass: 38764K(39168K)->38764K(39168K) Class: 5266K(5568K)->5266K(5568K)
[2025-01-14T02:10:16.031-0600][gc          ] GC(18) Pause Young (Normal) (G1 Evacuation Pause) 216M->175M(1024M) 8.093ms
[2025-01-14T02:10:16.031-0600][gc,cpu      ] GC(18) User=0.02s Sys=0.02s Real=0.01s
[2025-01-14T03:15:06.889-0600][gc,start    ] GC(19) Pause Young (Normal) (G1 Evacuation Pause)
[2025-01-14T03:15:06.889-0600][gc,task     ] GC(19) Using 9 workers of 9 for evacuation
[2025-01-14T03:15:06.898-0600][gc,phases   ] GC(19)   Pre Evacuate Collection Set: 0.84ms
[2025-01-14T03:15:06.899-0600][gc,phases   ] GC(19)   Merge Heap Roots: 0.18ms
[2025-01-14T03:15:06.899-0600][gc,phases   ] GC(19)   Evacuate Collection Set: 7.47ms
[2025-01-14T03:15:06.899-0600][gc,phases   ] GC(19)   Post Evacuate Collection Set: 0.60ms
[2025-01-14T03:15:06.899-0600][gc,phases   ] GC(19)   Other: 0.34ms
[2025-01-14T03:15:06.899-0600][gc,heap     ] GC(19) Eden regions: 55->0(57)
[2025-01-14T03:15:06.899-0600][gc,heap     ] GC(19) Survivor regions: 4->5(8)
[2025-01-14T03:15:06.899-0600][gc,heap     ] GC(19) Old regions: 43->43
[2025-01-14T03:15:06.899-0600][gc,heap     ] GC(19) Humongous regions: 129->129
[2025-01-14T03:15:06.899-0600][gc,metaspace] GC(19) Metaspace: 44080K(44800K)->44080K(44800K) NonClass: 38813K(39232K)->38813K(39232K) Class: 5266K(5568K)->5266K(5568K)
[2025-01-14T03:15:06.899-0600][gc          ] GC(19) Pause Young (Normal) (G1 Evacuation Pause) 230M->176M(1024M) 10.127ms
[2025-01-14T03:15:06.899-0600][gc,cpu      ] GC(19) User=0.03s Sys=0.01s Real=0.01s
[2025-01-14T04:26:34.525-0600][gc,start    ] GC(20) Pause Young (Normal) (G1 Evacuation Pause)
[2025-01-14T04:26:34.525-0600][gc,task     ] GC(20) Using 9 workers of 9 for evacuation
[2025-01-14T04:26:34.546-0600][gc,mmu      ] GC(20) MMU target violated: 20.8ms (20.0ms/21.0ms)
[2025-01-14T04:26:34.546-0600][gc,phases   ] GC(20)   Pre Evacuate Collection Set: 1.55ms
[2025-01-14T04:26:34.546-0600][gc,phases   ] GC(20)   Merge Heap Roots: 0.19ms
[2025-01-14T04:26:34.547-0600][gc,phases   ] GC(20)   Evacuate Collection Set: 18.20ms
[2025-01-14T04:26:34.547-0600][gc,phases   ] GC(20)   Post Evacuate Collection Set: 0.69ms
[2025-01-14T04:26:34.547-0600][gc,phases   ] GC(20)   Other: 0.75ms
[2025-01-14T04:26:34.547-0600][gc,heap     ] GC(20) Eden regions: 58->0(43)
[2025-01-14T04:26:34.547-0600][gc,heap     ] GC(20) Survivor regions: 5->8(8)
[2025-01-14T04:26:34.547-0600][gc,heap     ] GC(20) Old regions: 43->45
[2025-01-14T04:26:34.547-0600][gc,heap     ] GC(20) Humongous regions: 129->129
[2025-01-14T04:26:34.547-0600][gc,metaspace] GC(20) Metaspace: 44127K(44800K)->44127K(44800K) NonClass: 38861K(39232K)->38861K(39232K) Class: 5266K(5568K)->5266K(5568K)
[2025-01-14T04:26:34.547-0600][gc          ] GC(20) Pause Young (Normal) (G1 Evacuation Pause) 234M->181M(1024M) 22.063ms
[2025-01-14T04:26:34.547-0600][gc,cpu      ] GC(20) User=0.05s Sys=0.06s Real=0.02s
[2025-01-14T05:30:48.607-0600][gc,start    ] GC(21) Pause Young (Normal) (G1 Evacuation Pause)
[2025-01-14T05:30:48.608-0600][gc,task     ] GC(21) Using 9 workers of 9 for evacuation
[2025-01-14T05:30:48.617-0600][gc,phases   ] GC(21)   Pre Evacuate Collection Set: 0.50ms
[2025-01-14T05:30:48.617-0600][gc,phases   ] GC(21)   Merge Heap Roots: 0.16ms
[2025-01-14T05:30:48.617-0600][gc,phases   ] GC(21)   Evacuate Collection Set: 7.77ms
[2025-01-14T05:30:48.617-0600][gc,phases   ] GC(21)   Post Evacuate Collection Set: 0.59ms
[2025-01-14T05:30:48.617-0600][gc,phases   ] GC(21)   Other: 0.15ms
[2025-01-14T05:30:48.617-0600][gc,heap     ] GC(21) Eden regions: 43->0(62)
[2025-01-14T05:30:48.617-0600][gc,heap     ] GC(21) Survivor regions: 8->5(7)
[2025-01-14T05:30:48.617-0600][gc,heap     ] GC(21) Old regions: 45->50
[2025-01-14T05:30:48.617-0600][gc,heap     ] GC(21) Humongous regions: 129->129
[2025-01-14T05:30:48.617-0600][gc,metaspace] GC(21) Metaspace: 44140K(44800K)->44140K(44800K) NonClass: 38874K(39232K)->38874K(39232K) Class: 5266K(5568K)->5266K(5568K)
[2025-01-14T05:30:48.617-0600][gc          ] GC(21) Pause Young (Normal) (G1 Evacuation Pause) 224M->183M(1024M) 9.806ms
[2025-01-14T05:30:48.617-0600][gc,cpu      ] GC(21) User=0.02s Sys=0.02s Real=0.01s
[2025-01-14T06:41:56.676-0600][gc,start    ] GC(22) Pause Young (Normal) (G1 Evacuation Pause)
[2025-01-14T06:41:56.676-0600][gc,task     ] GC(22) Using 9 workers of 9 for evacuation
[2025-01-14T06:41:56.691-0600][gc,phases   ] GC(22)   Pre Evacuate Collection Set: 1.28ms
[2025-01-14T06:41:56.691-0600][gc,phases   ] GC(22)   Merge Heap Roots: 0.32ms
[2025-01-14T06:41:56.691-0600][gc,phases   ] GC(22)   Evacuate Collection Set: 11.72ms
[2025-01-14T06:41:56.691-0600][gc,phases   ] GC(22)   Post Evacuate Collection Set: 0.94ms
[2025-01-14T06:41:56.691-0600][gc,phases   ] GC(22)   Other: 0.29ms
[2025-01-14T06:41:56.691-0600][gc,heap     ] GC(22) Eden regions: 63->0(43)
[2025-01-14T06:41:56.691-0600][gc,heap     ] GC(22) Survivor regions: 5->8(9)
[2025-01-14T06:41:56.691-0600][gc,heap     ] GC(22) Old regions: 50->50
[2025-01-14T06:41:56.691-0600][gc,heap     ] GC(22) Humongous regions: 129->129
[2025-01-14T06:41:56.691-0600][gc,metaspace] GC(22) Metaspace: 44160K(44800K)->44160K(44800K) NonClass: 38894K(39232K)->38894K(39232K) Class: 5266K(5568K)->5266K(5568K)
[2025-01-14T06:41:56.691-0600][gc          ] GC(22) Pause Young (Normal) (G1 Evacuation Pause) 246M->186M(1024M) 15.469ms
[2025-01-14T06:41:56.692-0600][gc,cpu      ] GC(22) User=0.03s Sys=0.03s Real=0.02s
[2025-01-14T07:46:13.797-0600][gc,start    ] GC(23) Pause Young (Normal) (G1 Evacuation Pause)
[2025-01-14T07:46:13.798-0600][gc,task     ] GC(23) Using 9 workers of 9 for evacuation
[2025-01-14T07:46:13.813-0600][gc,phases   ] GC(23)   Pre Evacuate Collection Set: 0.95ms
[2025-01-14T07:46:13.813-0600][gc,phases   ] GC(23)   Merge Heap Roots: 0.20ms
[2025-01-14T07:46:13.813-0600][gc,phases   ] GC(23)   Evacuate Collection Set: 13.52ms
[2025-01-14T07:46:13.813-0600][gc,phases   ] GC(23)   Post Evacuate Collection Set: 0.69ms
[2025-01-14T07:46:13.813-0600][gc,phases   ] GC(23)   Other: 0.36ms
[2025-01-14T07:46:13.814-0600][gc,heap     ] GC(23) Eden regions: 43->0(73)
[2025-01-14T07:46:13.814-0600][gc,heap     ] GC(23) Survivor regions: 8->5(7)
[2025-01-14T07:46:13.814-0600][gc,heap     ] GC(23) Old regions: 50->55
[2025-01-14T07:46:13.814-0600][gc,heap     ] GC(23) Humongous regions: 129->129
[2025-01-14T07:46:13.814-0600][gc,metaspace] GC(23) Metaspace: 44162K(44800K)->44162K(44800K) NonClass: 38895K(39232K)->38895K(39232K) Class: 5266K(5568K)->5266K(5568K)
[2025-01-14T07:46:13.814-0600][gc          ] GC(23) Pause Young (Normal) (G1 Evacuation Pause) 229M->188M(1024M) 16.687ms
[2025-01-14T07:46:13.814-0600][gc,cpu      ] GC(23) User=0.04s Sys=0.04s Real=0.02s
[2025-01-14T08:58:43.623-0600][gc,start    ] GC(24) Pause Young (Normal) (G1 Evacuation Pause)
[2025-01-14T08:58:43.625-0600][gc,task     ] GC(24) Using 9 workers of 9 for evacuation
[2025-01-14T08:58:43.643-0600][gc,phases   ] GC(24)   Pre Evacuate Collection Set: 0.85ms
[2025-01-14T08:58:43.643-0600][gc,phases   ] GC(24)   Merge Heap Roots: 0.16ms
[2025-01-14T08:58:43.643-0600][gc,phases   ] GC(24)   Evacuate Collection Set: 16.10ms
[2025-01-14T08:58:43.643-0600][gc,phases   ] GC(24)   Post Evacuate Collection Set: 0.61ms
[2025-01-14T08:58:43.643-0600][gc,phases   ] GC(24)   Other: 0.27ms
[2025-01-14T08:58:43.643-0600][gc,heap     ] GC(24) Eden regions: 74->0(45)
[2025-01-14T08:58:43.643-0600][gc,heap     ] GC(24) Survivor regions: 5->6(10)
[2025-01-14T08:58:43.643-0600][gc,heap     ] GC(24) Old regions: 55->55
[2025-01-14T08:58:43.643-0600][gc,heap     ] GC(24) Humongous regions: 129->129
[2025-01-14T08:58:43.643-0600][gc,metaspace] GC(24) Metaspace: 44175K(44864K)->44175K(44864K) NonClass: 38908K(39296K)->38908K(39296K) Class: 5266K(5568K)->5266K(5568K)
[2025-01-14T08:58:43.643-0600][gc          ] GC(24) Pause Young (Normal) (G1 Evacuation Pause) 262M->188M(1024M) 19.984ms
[2025-01-14T08:58:43.643-0600][gc,cpu      ] GC(24) User=0.04s Sys=0.05s Real=0.02s
[2025-01-14T09:01:34.597-0600][gc,start    ] GC(25) Pause Young (Normal) (G1 Evacuation Pause)
[2025-01-14T09:01:34.599-0600][gc,task     ] GC(25) Using 9 workers of 9 for evacuation
[2025-01-14T09:01:34.624-0600][gc,mmu      ] GC(25) MMU target violated: 21.0ms (20.0ms/21.0ms)
[2025-01-14T09:01:34.624-0600][gc,phases   ] GC(25)   Pre Evacuate Collection Set: 1.81ms
[2025-01-14T09:01:34.624-0600][gc,phases   ] GC(25)   Merge Heap Roots: 0.42ms
[2025-01-14T09:01:34.624-0600][gc,phases   ] GC(25)   Evacuate Collection Set: 19.07ms
[2025-01-14T09:01:34.624-0600][gc,phases   ] GC(25)   Post Evacuate Collection Set: 3.36ms
[2025-01-14T09:01:34.624-0600][gc,phases   ] GC(25)   Other: 0.40ms
[2025-01-14T09:01:34.624-0600][gc,heap     ] GC(25) Eden regions: 45->0(46)
[2025-01-14T09:01:34.624-0600][gc,heap     ] GC(25) Survivor regions: 6->5(7)
[2025-01-14T09:01:34.624-0600][gc,heap     ] GC(25) Old regions: 55->57
[2025-01-14T09:01:34.624-0600][gc,heap     ] GC(25) Humongous regions: 129->129
[2025-01-14T09:01:34.624-0600][gc,metaspace] GC(25) Metaspace: 44178K(44864K)->44178K(44864K) NonClass: 38911K(39296K)->38911K(39296K) Class: 5266K(5568K)->5266K(5568K)
[2025-01-14T09:01:34.624-0600][gc          ] GC(25) Pause Young (Normal) (G1 Evacuation Pause) 233M->189M(1024M) 26.771ms
[2025-01-14T09:01:34.624-0600][gc,cpu      ] GC(25) User=0.03s Sys=0.05s Real=0.03s
[2025-01-14T09:04:27.719-0600][gc,start    ] GC(26) Pause Young (Normal) (G1 Evacuation Pause)
[2025-01-14T09:04:27.720-0600][gc,task     ] GC(26) Using 9 workers of 9 for evacuation
[2025-01-14T09:04:27.729-0600][gc,phases   ] GC(26)   Pre Evacuate Collection Set: 1.01ms
[2025-01-14T09:04:27.729-0600][gc,phases   ] GC(26)   Merge Heap Roots: 0.24ms
[2025-01-14T09:04:27.730-0600][gc,phases   ] GC(26)   Evacuate Collection Set: 6.57ms
[2025-01-14T09:04:27.730-0600][gc,phases   ] GC(26)   Post Evacuate Collection Set: 0.88ms
[2025-01-14T09:04:27.730-0600][gc,phases   ] GC(26)   Other: 0.30ms
[2025-01-14T09:04:27.730-0600][gc,heap     ] GC(26) Eden regions: 46->0(79)
[2025-01-14T09:04:27.730-0600][gc,heap     ] GC(26) Survivor regions: 5->3(7)
[2025-01-14T09:04:27.730-0600][gc,heap     ] GC(26) Old regions: 57->60
[2025-01-14T09:04:27.730-0600][gc,heap     ] GC(26) Humongous regions: 129->129
[2025-01-14T09:04:27.730-0600][gc,metaspace] GC(26) Metaspace: 44178K(44864K)->44178K(44864K) NonClass: 38912K(39296K)->38912K(39296K) Class: 5266K(5568K)->5266K(5568K)
[2025-01-14T09:04:27.730-0600][gc          ] GC(26) Pause Young (Normal) (G1 Evacuation Pause) 235M->191M(1024M) 10.489ms
[2025-01-14T09:04:27.730-0600][gc,cpu      ] GC(26) User=0.02s Sys=0.02s Real=0.02s
[2025-01-14T09:09:03.609-0600][gc,start    ] GC(27) Pause Young (Normal) (G1 Evacuation Pause)
[2025-01-14T09:09:03.610-0600][gc,task     ] GC(27) Using 9 workers of 9 for evacuation
[2025-01-14T09:09:03.622-0600][gc,phases   ] GC(27)   Pre Evacuate Collection Set: 1.29ms
[2025-01-14T09:09:03.622-0600][gc,phases   ] GC(27)   Merge Heap Roots: 0.31ms
[2025-01-14T09:09:03.622-0600][gc,phases   ] GC(27)   Evacuate Collection Set: 9.10ms
[2025-01-14T09:09:03.622-0600][gc,phases   ] GC(27)   Post Evacuate Collection Set: 0.56ms
[2025-01-14T09:09:03.622-0600][gc,phases   ] GC(27)   Other: 0.33ms
[2025-01-14T09:09:03.622-0600][gc,heap     ] GC(27) Eden regions: 77->0(44)
[2025-01-14T09:09:03.622-0600][gc,heap     ] GC(27) Survivor regions: 3->7(10)
[2025-01-14T09:09:03.622-0600][gc,heap     ] GC(27) Old regions: 60->60
[2025-01-14T09:09:03.622-0600][gc,heap     ] GC(27) Humongous regions: 129->129
[2025-01-14T09:09:03.622-0600][gc,metaspace] GC(27) Metaspace: 44198K(44864K)->44198K(44864K) NonClass: 38928K(39296K)->38928K(39296K) Class: 5270K(5568K)->5270K(5568K)
[2025-01-14T09:09:03.622-0600][gc          ] GC(27) Pause Young (Normal) (G1 Evacuation Pause) 268M->194M(1024M) 13.380ms
[2025-01-14T09:09:03.622-0600][gc,cpu      ] GC(27) User=0.04s Sys=0.01s Real=0.02s
[2025-01-14T09:11:45.756-0600][gc,start    ] GC(28) Pause Young (Normal) (G1 Evacuation Pause)
[2025-01-14T09:11:45.758-0600][gc,task     ] GC(28) Using 9 workers of 9 for evacuation
[2025-01-14T09:11:45.768-0600][gc,phases   ] GC(28)   Pre Evacuate Collection Set: 0.60ms
[2025-01-14T09:11:45.768-0600][gc,phases   ] GC(28)   Merge Heap Roots: 0.26ms
[2025-01-14T09:11:45.768-0600][gc,phases   ] GC(28)   Evacuate Collection Set: 7.99ms
[2025-01-14T09:11:45.768-0600][gc,phases   ] GC(28)   Post Evacuate Collection Set: 0.67ms
[2025-01-14T09:11:45.768-0600][gc,phases   ] GC(28)   Other: 0.40ms
[2025-01-14T09:11:45.768-0600][gc,heap     ] GC(28) Eden regions: 44->0(127)
[2025-01-14T09:11:45.768-0600][gc,heap     ] GC(28) Survivor regions: 7->3(7)
[2025-01-14T09:11:45.768-0600][gc,heap     ] GC(28) Old regions: 60->62
[2025-01-14T09:11:45.768-0600][gc,heap     ] GC(28) Humongous regions: 129->129
[2025-01-14T09:11:45.768-0600][gc,metaspace] GC(28) Metaspace: 44228K(44864K)->44228K(44864K) NonClass: 38958K(39296K)->38958K(39296K) Class: 5270K(5568K)->5270K(5568K)
[2025-01-14T09:11:45.768-0600][gc          ] GC(28) Pause Young (Normal) (G1 Evacuation Pause) 238M->192M(1024M) 11.874ms
[2025-01-14T09:11:45.768-0600][gc,cpu      ] GC(28) User=0.03s Sys=0.01s Real=0.01s
[2025-01-14T09:20:48.993-0600][gc,start    ] GC(29) Pause Young (Normal) (G1 Evacuation Pause)
[2025-01-14T09:20:48.995-0600][gc,task     ] GC(29) Using 9 workers of 9 for evacuation
[2025-01-14T09:20:49.016-0600][gc,mmu      ] GC(29) MMU target violated: 21.0ms (20.0ms/21.0ms)
[2025-01-14T09:20:49.016-0600][gc,phases   ] GC(29)   Pre Evacuate Collection Set: 1.05ms
[2025-01-14T09:20:49.016-0600][gc,phases   ] GC(29)   Merge Heap Roots: 0.48ms
[2025-01-14T09:20:49.017-0600][gc,phases   ] GC(29)   Evacuate Collection Set: 18.53ms
[2025-01-14T09:20:49.017-0600][gc,phases   ] GC(29)   Post Evacuate Collection Set: 1.12ms
[2025-01-14T09:20:49.017-0600][gc,phases   ] GC(29)   Other: 0.79ms
[2025-01-14T09:20:49.017-0600][gc,heap     ] GC(29) Eden regions: 147->0(41)
[2025-01-14T09:20:49.017-0600][gc,heap     ] GC(29) Survivor regions: 3->10(19)
[2025-01-14T09:20:49.017-0600][gc,heap     ] GC(29) Old regions: 62->62
[2025-01-14T09:20:49.017-0600][gc,heap     ] GC(29) Humongous regions: 129->129
[2025-01-14T09:20:49.017-0600][gc,metaspace] GC(29) Metaspace: 44240K(44864K)->44240K(44864K) NonClass: 38970K(39296K)->38970K(39296K) Class: 5270K(5568K)->5270K(5568K)
[2025-01-14T09:20:49.017-0600][gc          ] GC(29) Pause Young (Normal) (G1 Evacuation Pause) 339M->200M(1024M) 23.656ms
[2025-01-14T09:20:49.017-0600][gc,cpu      ] GC(29) User=0.06s Sys=0.03s Real=0.02s
[2025-01-14T09:23:17.946-0600][gc,start    ] GC(30) Pause Young (Normal) (G1 Evacuation Pause)
[2025-01-14T09:23:17.947-0600][gc,task     ] GC(30) Using 9 workers of 9 for evacuation
[2025-01-14T09:23:17.961-0600][gc,phases   ] GC(30)   Pre Evacuate Collection Set: 0.43ms
[2025-01-14T09:23:17.961-0600][gc,phases   ] GC(30)   Merge Heap Roots: 0.09ms
[2025-01-14T09:23:17.961-0600][gc,phases   ] GC(30)   Evacuate Collection Set: 13.01ms
[2025-01-14T09:23:17.961-0600][gc,phases   ] GC(30)   Post Evacuate Collection Set: 0.43ms
[2025-01-14T09:23:17.961-0600][gc,phases   ] GC(30)   Other: 0.33ms
[2025-01-14T09:23:17.961-0600][gc,heap     ] GC(30) Eden regions: 41->0(77)
[2025-01-14T09:23:17.961-0600][gc,heap     ] GC(30) Survivor regions: 10->5(7)
[2025-01-14T09:23:17.962-0600][gc,heap     ] GC(30) Old regions: 62->69
[2025-01-14T09:23:17.962-0600][gc,heap     ] GC(30) Humongous regions: 129->129
[2025-01-14T09:23:17.962-0600][gc,metaspace] GC(30) Metaspace: 44240K(44864K)->44240K(44864K) NonClass: 38970K(39296K)->38970K(39296K) Class: 5270K(5568K)->5270K(5568K)
[2025-01-14T09:23:17.962-0600][gc          ] GC(30) Pause Young (Normal) (G1 Evacuation Pause) 241M->202M(1024M) 16.109ms
[2025-01-14T09:23:17.962-0600][gc,cpu      ] GC(30) User=0.06s Sys=0.01s Real=0.02s
[2025-01-14T09:28:01.169-0600][gc,start    ] GC(31) Pause Young (Normal) (G1 Evacuation Pause)
[2025-01-14T09:28:01.170-0600][gc,task     ] GC(31) Using 9 workers of 9 for evacuation
[2025-01-14T09:28:01.182-0600][gc,phases   ] GC(31)   Pre Evacuate Collection Set: 1.12ms
[2025-01-14T09:28:01.182-0600][gc,phases   ] GC(31)   Merge Heap Roots: 0.34ms
[2025-01-14T09:28:01.182-0600][gc,phases   ] GC(31)   Evacuate Collection Set: 8.50ms
[2025-01-14T09:28:01.182-0600][gc,phases   ] GC(31)   Post Evacuate Collection Set: 0.86ms
[2025-01-14T09:28:01.182-0600][gc,phases   ] GC(31)   Other: 0.47ms
[2025-01-14T09:28:01.182-0600][gc,heap     ] GC(31) Eden regions: 77->0(80)
[2025-01-14T09:28:01.182-0600][gc,heap     ] GC(31) Survivor regions: 5->6(11)
[2025-01-14T09:28:01.182-0600][gc,heap     ] GC(31) Old regions: 69->69
[2025-01-14T09:28:01.182-0600][gc,heap     ] GC(31) Humongous regions: 129->129
[2025-01-14T09:28:01.182-0600][gc,metaspace] GC(31) Metaspace: 44242K(44864K)->44242K(44864K) NonClass: 38972K(39296K)->38972K(39296K) Class: 5270K(5568K)->5270K(5568K)
[2025-01-14T09:28:01.182-0600][gc          ] GC(31) Pause Young (Normal) (G1 Evacuation Pause) 279M->203M(1024M) 13.222ms
[2025-01-14T09:28:01.182-0600][gc,cpu      ] GC(31) User=0.03s Sys=0.02s Real=0.02s
[2025-01-14T09:45:27.003-0600][gc,start    ] GC(32) Pause Young (Normal) (G1 Evacuation Pause)
[2025-01-14T09:45:27.005-0600][gc,task     ] GC(32) Using 9 workers of 9 for evacuation
[2025-01-14T09:45:27.024-0600][gc,phases   ] GC(32)   Pre Evacuate Collection Set: 1.87ms
[2025-01-14T09:45:27.024-0600][gc,phases   ] GC(32)   Merge Heap Roots: 0.42ms
[2025-01-14T09:45:27.024-0600][gc,phases   ] GC(32)   Evacuate Collection Set: 15.88ms
[2025-01-14T09:45:27.024-0600][gc,phases   ] GC(32)   Post Evacuate Collection Set: 0.67ms
[2025-01-14T09:45:27.024-0600][gc,phases   ] GC(32)   Other: 0.63ms
[2025-01-14T09:45:27.024-0600][gc,heap     ] GC(32) Eden regions: 79->0(40)
[2025-01-14T09:45:27.024-0600][gc,heap     ] GC(32) Survivor regions: 6->11(11)
[2025-01-14T09:45:27.024-0600][gc,heap     ] GC(32) Old regions: 69->69
[2025-01-14T09:45:27.024-0600][gc,heap     ] GC(32) Humongous regions: 129->129
[2025-01-14T09:45:27.024-0600][gc,metaspace] GC(32) Metaspace: 44242K(44864K)->44242K(44864K) NonClass: 38972K(39296K)->38972K(39296K) Class: 5270K(5568K)->5270K(5568K)
[2025-01-14T09:45:27.024-0600][gc          ] GC(32) Pause Young (Normal) (G1 Evacuation Pause) 282M->208M(1024M) 21.596ms
[2025-01-14T09:45:27.024-0600][gc,cpu      ] GC(32) User=0.05s Sys=0.05s Real=0.02s
[2025-01-14T09:47:54.563-0600][gc,start    ] GC(33) Pause Young (Normal) (G1 Evacuation Pause)
[2025-01-14T09:47:54.564-0600][gc,task     ] GC(33) Using 9 workers of 9 for evacuation
[2025-01-14T09:47:54.585-0600][gc,mmu      ] GC(33) MMU target violated: 20.5ms (20.0ms/21.0ms)
[2025-01-14T09:47:54.585-0600][gc,phases   ] GC(33)   Pre Evacuate Collection Set: 0.96ms
[2025-01-14T09:47:54.585-0600][gc,phases   ] GC(33)   Merge Heap Roots: 0.45ms
[2025-01-14T09:47:54.585-0600][gc,phases   ] GC(33)   Evacuate Collection Set: 17.93ms
[2025-01-14T09:47:54.585-0600][gc,phases   ] GC(33)   Post Evacuate Collection Set: 0.95ms
[2025-01-14T09:47:54.585-0600][gc,phases   ] GC(33)   Other: 0.71ms
[2025-01-14T09:47:54.585-0600][gc,heap     ] GC(33) Eden regions: 40->0(84)
[2025-01-14T09:47:54.585-0600][gc,heap     ] GC(33) Survivor regions: 11->5(7)
[2025-01-14T09:47:54.585-0600][gc,heap     ] GC(33) Old regions: 69->79
[2025-01-14T09:47:54.585-0600][gc,heap     ] GC(33) Humongous regions: 129->129
[2025-01-14T09:47:54.585-0600][gc,metaspace] GC(33) Metaspace: 44242K(44864K)->44242K(44864K) NonClass: 38972K(39296K)->38972K(39296K) Class: 5270K(5568K)->5270K(5568K)
[2025-01-14T09:47:54.585-0600][gc          ] GC(33) Pause Young (Normal) (G1 Evacuation Pause) 248M->211M(1024M) 22.444ms
[2025-01-14T09:47:54.585-0600][gc,cpu      ] GC(33) User=0.05s Sys=0.04s Real=0.02s
[2025-01-14T09:53:09.303-0600][gc,start    ] GC(34) Pause Young (Normal) (G1 Evacuation Pause)
[2025-01-14T09:53:09.304-0600][gc,task     ] GC(34) Using 9 workers of 9 for evacuation
[2025-01-14T09:53:09.322-0600][gc,phases   ] GC(34)   Pre Evacuate Collection Set: 0.70ms
[2025-01-14T09:53:09.322-0600][gc,phases   ] GC(34)   Merge Heap Roots: 0.14ms
[2025-01-14T09:53:09.322-0600][gc,phases   ] GC(34)   Evacuate Collection Set: 15.57ms
[2025-01-14T09:53:09.322-0600][gc,phases   ] GC(34)   Post Evacuate Collection Set: 0.76ms
[2025-01-14T09:53:09.322-0600][gc,phases   ] GC(34)   Other: 0.23ms
[2025-01-14T09:53:09.322-0600][gc,heap     ] GC(34) Eden regions: 85->0(41)
[2025-01-14T09:53:09.322-0600][gc,heap     ] GC(34) Survivor regions: 5->10(12)
[2025-01-14T09:53:09.322-0600][gc,heap     ] GC(34) Old regions: 79->79
[2025-01-14T09:53:09.322-0600][gc,heap     ] GC(34) Humongous regions: 129->129
[2025-01-14T09:53:09.322-0600][gc,metaspace] GC(34) Metaspace: 44244K(44864K)->44244K(44864K) NonClass: 38974K(39296K)->38974K(39296K) Class: 5270K(5568K)->5270K(5568K)
[2025-01-14T09:53:09.322-0600][gc          ] GC(34) Pause Young (Normal) (G1 Evacuation Pause) 296M->216M(1024M) 18.671ms
[2025-01-14T09:53:09.322-0600][gc,cpu      ] GC(34) User=0.04s Sys=0.03s Real=0.02s
[2025-01-14T09:55:39.156-0600][gc,start    ] GC(35) Pause Young (Normal) (G1 Evacuation Pause)
[2025-01-14T09:55:39.157-0600][gc,task     ] GC(35) Using 9 workers of 9 for evacuation
[2025-01-14T09:55:39.172-0600][gc,phases   ] GC(35)   Pre Evacuate Collection Set: 0.88ms
[2025-01-14T09:55:39.172-0600][gc,phases   ] GC(35)   Merge Heap Roots: 0.22ms
[2025-01-14T09:55:39.172-0600][gc,phases   ] GC(35)   Evacuate Collection Set: 13.31ms
[2025-01-14T09:55:39.173-0600][gc,phases   ] GC(35)   Post Evacuate Collection Set: 0.63ms
[2025-01-14T09:55:39.173-0600][gc,phases   ] GC(35)   Other: 0.39ms
[2025-01-14T09:55:39.173-0600][gc,heap     ] GC(35) Eden regions: 41->0(97)
[2025-01-14T09:55:39.173-0600][gc,heap     ] GC(35) Survivor regions: 10->4(7)
[2025-01-14T09:55:39.173-0600][gc,heap     ] GC(35) Old regions: 79->84
[2025-01-14T09:55:39.173-0600][gc,heap     ] GC(35) Humongous regions: 129->129
[2025-01-14T09:55:39.173-0600][gc,metaspace] GC(35) Metaspace: 44263K(44928K)->44263K(44928K) NonClass: 38993K(39360K)->38993K(39360K) Class: 5270K(5568K)->5270K(5568K)
[2025-01-14T09:55:39.173-0600][gc          ] GC(35) Pause Young (Normal) (G1 Evacuation Pause) 257M->216M(1024M) 16.679ms
[2025-01-14T09:55:39.173-0600][gc,cpu      ] GC(35) User=0.04s Sys=0.02s Real=0.02s
[2025-01-14T10:01:40.680-0600][gc,start    ] GC(36) Pause Young (Normal) (G1 Evacuation Pause)
[2025-01-14T10:01:40.682-0600][gc,task     ] GC(36) Using 9 workers of 9 for evacuation
[2025-01-14T10:01:40.717-0600][gc,mmu      ] GC(36) MMU target violated: 21.0ms (20.0ms/21.0ms)
[2025-01-14T10:01:40.717-0600][gc,phases   ] GC(36)   Pre Evacuate Collection Set: 11.80ms
[2025-01-14T10:01:40.717-0600][gc,phases   ] GC(36)   Merge Heap Roots: 1.65ms
[2025-01-14T10:01:40.717-0600][gc,phases   ] GC(36)   Evacuate Collection Set: 19.39ms
[2025-01-14T10:01:40.717-0600][gc,phases   ] GC(36)   Post Evacuate Collection Set: 0.97ms
[2025-01-14T10:01:40.718-0600][gc,phases   ] GC(36)   Other: 1.92ms
[2025-01-14T10:01:40.718-0600][gc,heap     ] GC(36) Eden regions: 98->0(44)
[2025-01-14T10:01:40.718-0600][gc,heap     ] GC(36) Survivor regions: 4->7(13)
[2025-01-14T10:01:40.718-0600][gc,heap     ] GC(36) Old regions: 84->84
[2025-01-14T10:01:40.718-0600][gc,heap     ] GC(36) Humongous regions: 129->129
[2025-01-14T10:01:40.718-0600][gc,metaspace] GC(36) Metaspace: 44277K(44992K)->44277K(44992K) NonClass: 39007K(39424K)->39007K(39424K) Class: 5270K(5568K)->5270K(5568K)
[2025-01-14T10:01:40.718-0600][gc          ] GC(36) Pause Young (Normal) (G1 Evacuation Pause) 314M->219M(1024M) 37.801ms
[2025-01-14T10:01:40.718-0600][gc,cpu      ] GC(36) User=0.04s Sys=0.04s Real=0.03s
[2025-01-14T10:04:22.313-0600][gc,start    ] GC(37) Pause Young (Normal) (G1 Evacuation Pause)
[2025-01-14T10:04:22.314-0600][gc,task     ] GC(37) Using 9 workers of 9 for evacuation
[2025-01-14T10:04:22.331-0600][gc,phases   ] GC(37)   Pre Evacuate Collection Set: 1.60ms
[2025-01-14T10:04:22.331-0600][gc,phases   ] GC(37)   Merge Heap Roots: 0.27ms
[2025-01-14T10:04:22.331-0600][gc,phases   ] GC(37)   Evacuate Collection Set: 13.40ms
[2025-01-14T10:04:22.331-0600][gc,phases   ] GC(37)   Post Evacuate Collection Set: 0.73ms
[2025-01-14T10:04:22.331-0600][gc,phases   ] GC(37)   Other: 0.63ms
[2025-01-14T10:04:22.331-0600][gc,heap     ] GC(37) Eden regions: 44->0(56)
[2025-01-14T10:04:22.331-0600][gc,heap     ] GC(37) Survivor regions: 7->4(7)
[2025-01-14T10:04:22.331-0600][gc,heap     ] GC(37) Old regions: 84->91
[2025-01-14T10:04:22.331-0600][gc,heap     ] GC(37) Humongous regions: 129->129
[2025-01-14T10:04:22.331-0600][gc,metaspace] GC(37) Metaspace: 44277K(44992K)->44277K(44992K) NonClass: 39007K(39424K)->39007K(39424K) Class: 5270K(5568K)->5270K(5568K)
[2025-01-14T10:04:22.331-0600][gc          ] GC(37) Pause Young (Normal) (G1 Evacuation Pause) 263M->222M(1024M) 18.437ms
[2025-01-14T10:04:22.331-0600][gc,cpu      ] GC(37) User=0.05s Sys=0.03s Real=0.02s
[2025-01-14T10:07:55.749-0600][gc,start    ] GC(38) Pause Young (Normal) (G1 Evacuation Pause)
[2025-01-14T10:07:55.750-0600][gc,task     ] GC(38) Using 9 workers of 9 for evacuation
[2025-01-14T10:07:55.762-0600][gc,phases   ] GC(38)   Pre Evacuate Collection Set: 1.07ms
[2025-01-14T10:07:55.762-0600][gc,phases   ] GC(38)   Merge Heap Roots: 0.26ms
[2025-01-14T10:07:55.762-0600][gc,phases   ] GC(38)   Evacuate Collection Set: 9.27ms
[2025-01-14T10:07:55.762-0600][gc,phases   ] GC(38)   Post Evacuate Collection Set: 0.74ms
[2025-01-14T10:07:55.762-0600][gc,phases   ] GC(38)   Other: 0.37ms
[2025-01-14T10:07:55.762-0600][gc,heap     ] GC(38) Eden regions: 58->0(47)
[2025-01-14T10:07:55.762-0600][gc,heap     ] GC(38) Survivor regions: 4->6(8)
[2025-01-14T10:07:55.762-0600][gc,heap     ] GC(38) Old regions: 91->91
[2025-01-14T10:07:55.762-0600][gc,heap     ] GC(38) Humongous regions: 129->129
[2025-01-14T10:07:55.762-0600][gc,metaspace] GC(38) Metaspace: 44277K(44992K)->44277K(44992K) NonClass: 39007K(39424K)->39007K(39424K) Class: 5270K(5568K)->5270K(5568K)
[2025-01-14T10:07:55.762-0600][gc          ] GC(38) Pause Young (Normal) (G1 Evacuation Pause) 280M->224M(1024M) 13.275ms
[2025-01-14T10:07:55.762-0600][gc,cpu      ] GC(38) User=0.03s Sys=0.02s Real=0.02s
[2025-01-14T10:10:52.189-0600][gc,start    ] GC(39) Pause Young (Normal) (G1 Evacuation Pause)
[2025-01-14T10:10:52.189-0600][gc,task     ] GC(39) Using 9 workers of 9 for evacuation
[2025-01-14T10:10:52.202-0600][gc,phases   ] GC(39)   Pre Evacuate Collection Set: 0.82ms
[2025-01-14T10:10:52.202-0600][gc,phases   ] GC(39)   Merge Heap Roots: 0.28ms
[2025-01-14T10:10:52.202-0600][gc,phases   ] GC(39)   Evacuate Collection Set: 10.59ms
[2025-01-14T10:10:52.202-0600][gc,phases   ] GC(39)   Post Evacuate Collection Set: 0.84ms
[2025-01-14T10:10:52.202-0600][gc,phases   ] GC(39)   Other: 0.33ms
[2025-01-14T10:10:52.202-0600][gc,heap     ] GC(39) Eden regions: 48->0(46)
[2025-01-14T10:10:52.202-0600][gc,heap     ] GC(39) Survivor regions: 6->7(7)
[2025-01-14T10:10:52.202-0600][gc,heap     ] GC(39) Old regions: 91->93
[2025-01-14T10:10:52.202-0600][gc,heap     ] GC(39) Humongous regions: 129->129
[2025-01-14T10:10:52.202-0600][gc,metaspace] GC(39) Metaspace: 44280K(44992K)->44280K(44992K) NonClass: 39010K(39424K)->39010K(39424K) Class: 5270K(5568K)->5270K(5568K)
[2025-01-14T10:10:52.202-0600][gc          ] GC(39) Pause Young (Normal) (G1 Evacuation Pause) 272M->228M(1024M) 13.669ms
[2025-01-14T10:10:52.202-0600][gc,cpu      ] GC(39) User=0.03s Sys=0.03s Real=0.02s
[2025-01-14T10:13:33.755-0600][gc,start    ] GC(40) Pause Young (Normal) (G1 Evacuation Pause)
[2025-01-14T10:13:33.756-0600][gc,task     ] GC(40) Using 9 workers of 9 for evacuation
[2025-01-14T10:13:33.771-0600][gc,phases   ] GC(40)   Pre Evacuate Collection Set: 1.20ms
[2025-01-14T10:13:33.771-0600][gc,phases   ] GC(40)   Merge Heap Roots: 0.23ms
[2025-01-14T10:13:33.771-0600][gc,phases   ] GC(40)   Evacuate Collection Set: 12.05ms
[2025-01-14T10:13:33.771-0600][gc,phases   ] GC(40)   Post Evacuate Collection Set: 0.75ms
[2025-01-14T10:13:33.771-0600][gc,phases   ] GC(40)   Other: 0.37ms
[2025-01-14T10:13:33.771-0600][gc,heap     ] GC(40) Eden regions: 44->0(52)
[2025-01-14T10:13:33.771-0600][gc,heap     ] GC(40) Survivor regions: 7->7(7)
[2025-01-14T10:13:33.771-0600][gc,heap     ] GC(40) Old regions: 93->96
[2025-01-14T10:13:33.771-0600][gc,heap     ] GC(40) Humongous regions: 129->129
[2025-01-14T10:13:33.771-0600][gc,metaspace] GC(40) Metaspace: 44280K(44992K)->44280K(44992K) NonClass: 39010K(39424K)->39010K(39424K) Class: 5270K(5568K)->5270K(5568K)
[2025-01-14T10:13:33.771-0600][gc          ] GC(40) Pause Young (Normal) (G1 Evacuation Pause) 272M->231M(1024M) 16.146ms
[2025-01-14T10:13:33.771-0600][gc,cpu      ] GC(40) User=0.04s Sys=0.03s Real=0.02s
[2025-01-14T10:16:42.028-0600][gc,start    ] GC(41) Pause Young (Normal) (G1 Evacuation Pause)
[2025-01-14T10:16:42.029-0600][gc,task     ] GC(41) Using 9 workers of 9 for evacuation
[2025-01-14T10:16:42.041-0600][gc,phases   ] GC(41)   Pre Evacuate Collection Set: 0.85ms
[2025-01-14T10:16:42.041-0600][gc,phases   ] GC(41)   Merge Heap Roots: 0.24ms
[2025-01-14T10:16:42.041-0600][gc,phases   ] GC(41)   Evacuate Collection Set: 10.65ms
[2025-01-14T10:16:42.041-0600][gc,phases   ] GC(41)   Post Evacuate Collection Set: 0.61ms
[2025-01-14T10:16:42.042-0600][gc,phases   ] GC(41)   Other: 0.38ms
[2025-01-14T10:16:42.042-0600][gc,heap     ] GC(41) Eden regions: 51->0(114)
[2025-01-14T10:16:42.042-0600][gc,heap     ] GC(41) Survivor regions: 7->4(8)
[2025-01-14T10:16:42.042-0600][gc,heap     ] GC(41) Old regions: 96->100
[2025-01-14T10:16:42.042-0600][gc,heap     ] GC(41) Humongous regions: 129->129
[2025-01-14T10:16:42.042-0600][gc,metaspace] GC(41) Metaspace: 44281K(44992K)->44281K(44992K) NonClass: 39010K(39424K)->39010K(39424K) Class: 5270K(5568K)->5270K(5568K)
[2025-01-14T10:16:42.042-0600][gc          ] GC(41) Pause Young (Normal) (G1 Evacuation Pause) 282M->232M(1024M) 14.170ms
[2025-01-14T10:16:42.042-0600][gc,cpu      ] GC(41) User=0.04s Sys=0.02s Real=0.02s
[2025-01-14T10:23:27.587-0600][gc,start    ] GC(42) Pause Young (Normal) (G1 Evacuation Pause)
[2025-01-14T10:23:27.588-0600][gc,task     ] GC(42) Using 9 workers of 9 for evacuation
[2025-01-14T10:23:27.608-0600][gc,phases   ] GC(42)   Pre Evacuate Collection Set: 1.26ms
[2025-01-14T10:23:27.608-0600][gc,phases   ] GC(42)   Merge Heap Roots: 0.18ms
[2025-01-14T10:23:27.608-0600][gc,phases   ] GC(42)   Evacuate Collection Set: 16.49ms
[2025-01-14T10:23:27.608-0600][gc,phases   ] GC(42)   Post Evacuate Collection Set: 1.28ms
[2025-01-14T10:23:27.608-0600][gc,phases   ] GC(42)   Other: 0.65ms
[2025-01-14T10:23:27.608-0600][gc,heap     ] GC(42) Eden regions: 113->0(41)
[2025-01-14T10:23:27.608-0600][gc,heap     ] GC(42) Survivor regions: 4->10(15)
[2025-01-14T10:23:27.608-0600][gc,heap     ] GC(42) Old regions: 100->100
[2025-01-14T10:23:27.608-0600][gc,heap     ] GC(42) Humongous regions: 129->129
[2025-01-14T10:23:27.608-0600][gc,metaspace] GC(42) Metaspace: 44282K(44992K)->44282K(44992K) NonClass: 39012K(39424K)->39012K(39424K) Class: 5270K(5568K)->5270K(5568K)
[2025-01-14T10:23:27.609-0600][gc          ] GC(42) Pause Young (Normal) (G1 Evacuation Pause) 345M->237M(1024M) 21.772ms
[2025-01-14T10:23:27.609-0600][gc,cpu      ] GC(42) User=0.04s Sys=0.05s Real=0.02s
[2025-01-14T10:25:57.580-0600][gc,start    ] GC(43) Pause Young (Normal) (G1 Evacuation Pause)
[2025-01-14T10:25:57.581-0600][gc,task     ] GC(43) Using 9 workers of 9 for evacuation
[2025-01-14T10:25:57.597-0600][gc,phases   ] GC(43)   Pre Evacuate Collection Set: 1.14ms
[2025-01-14T10:25:57.597-0600][gc,phases   ] GC(43)   Merge Heap Roots: 0.41ms
[2025-01-14T10:25:57.597-0600][gc,phases   ] GC(43)   Evacuate Collection Set: 12.94ms
[2025-01-14T10:25:57.597-0600][gc,phases   ] GC(43)   Post Evacuate Collection Set: 1.37ms
[2025-01-14T10:25:57.597-0600][gc,phases   ] GC(43)   Other: 0.47ms
[2025-01-14T10:25:57.597-0600][gc,heap     ] GC(43) Eden regions: 41->0(119)
[2025-01-14T10:25:57.598-0600][gc,heap     ] GC(43) Survivor regions: 10->4(7)
[2025-01-14T10:25:57.598-0600][gc,heap     ] GC(43) Old regions: 100->107
[2025-01-14T10:25:57.598-0600][gc,heap     ] GC(43) Humongous regions: 129->129
[2025-01-14T10:25:57.598-0600][gc,metaspace] GC(43) Metaspace: 44282K(44992K)->44282K(44992K) NonClass: 39012K(39424K)->39012K(39424K) Class: 5270K(5568K)->5270K(5568K)
[2025-01-14T10:25:57.598-0600][gc          ] GC(43) Pause Young (Normal) (G1 Evacuation Pause) 278M->238M(1024M) 17.462ms
[2025-01-14T10:25:57.598-0600][gc,cpu      ] GC(43) User=0.03s Sys=0.04s Real=0.01s
[2025-01-14T10:34:41.208-0600][gc,start    ] GC(44) Pause Young (Normal) (G1 Evacuation Pause)
[2025-01-14T10:34:41.209-0600][gc,task     ] GC(44) Using 9 workers of 9 for evacuation
[2025-01-14T10:34:41.232-0600][gc,mmu      ] GC(44) MMU target violated: 21.0ms (20.0ms/21.0ms)
[2025-01-14T10:34:41.232-0600][gc,phases   ] GC(44)   Pre Evacuate Collection Set: 1.08ms
[2025-01-14T10:34:41.232-0600][gc,phases   ] GC(44)   Merge Heap Roots: 0.37ms
[2025-01-14T10:34:41.232-0600][gc,phases   ] GC(44)   Evacuate Collection Set: 20.43ms
[2025-01-14T10:34:41.232-0600][gc,phases   ] GC(44)   Post Evacuate Collection Set: 0.94ms
[2025-01-14T10:34:41.232-0600][gc,phases   ] GC(44)   Other: 0.86ms
[2025-01-14T10:34:41.233-0600][gc,heap     ] GC(44) Eden regions: 141->0(40)
[2025-01-14T10:34:41.233-0600][gc,heap     ] GC(44) Survivor regions: 4->11(19)
[2025-01-14T10:34:41.233-0600][gc,heap     ] GC(44) Old regions: 107->107
[2025-01-14T10:34:41.233-0600][gc,heap     ] GC(44) Humongous regions: 129->129
[2025-01-14T10:34:41.233-0600][gc,metaspace] GC(44) Metaspace: 44298K(44992K)->44298K(44992K) NonClass: 39027K(39424K)->39027K(39424K) Class: 5270K(5568K)->5270K(5568K)
[2025-01-14T10:34:41.233-0600][gc          ] GC(44) Pause Young (Normal) (G1 Evacuation Pause) 379M->245M(1024M) 24.740ms
[2025-01-14T10:34:41.233-0600][gc,cpu      ] GC(44) User=0.05s Sys=0.05s Real=0.03s
[2025-01-14T10:37:08.208-0600][gc,start    ] GC(45) Pause Young (Normal) (G1 Evacuation Pause)
[2025-01-14T10:37:08.209-0600][gc,task     ] GC(45) Using 9 workers of 9 for evacuation
[2025-01-14T10:37:08.229-0600][gc,phases   ] GC(45)   Pre Evacuate Collection Set: 1.36ms
[2025-01-14T10:37:08.229-0600][gc,phases   ] GC(45)   Merge Heap Roots: 0.20ms
[2025-01-14T10:37:08.229-0600][gc,phases   ] GC(45)   Evacuate Collection Set: 16.47ms
[2025-01-14T10:37:08.229-0600][gc,phases   ] GC(45)   Post Evacuate Collection Set: 1.31ms
[2025-01-14T10:37:08.229-0600][gc,phases   ] GC(45)   Other: 0.61ms
[2025-01-14T10:37:08.229-0600][gc,heap     ] GC(45) Eden regions: 40->0(72)
[2025-01-14T10:37:08.229-0600][gc,heap     ] GC(45) Survivor regions: 11->6(7)
[2025-01-14T10:37:08.229-0600][gc,heap     ] GC(45) Old regions: 107->114
[2025-01-14T10:37:08.229-0600][gc,heap     ] GC(45) Humongous regions: 129->129
[2025-01-14T10:37:08.229-0600][gc,metaspace] GC(45) Metaspace: 44298K(44992K)->44298K(44992K) NonClass: 39028K(39424K)->39028K(39424K) Class: 5270K(5568K)->5270K(5568K)
[2025-01-14T10:37:08.229-0600][gc          ] GC(45) Pause Young (Normal) (G1 Evacuation Pause) 285M->248M(1024M) 21.555ms
[2025-01-14T10:37:08.229-0600][gc,cpu      ] GC(45) User=0.05s Sys=0.05s Real=0.02s
[2025-01-14T10:41:53.138-0600][gc,start    ] GC(46) Pause Young (Normal) (G1 Evacuation Pause)
[2025-01-14T10:41:53.140-0600][gc,task     ] GC(46) Using 9 workers of 9 for evacuation
[2025-01-14T10:41:53.181-0600][gc,mmu      ] GC(46) MMU target violated: 21.0ms (20.0ms/21.0ms)
[2025-01-14T10:41:53.181-0600][gc,phases   ] GC(46)   Pre Evacuate Collection Set: 3.30ms
[2025-01-14T10:41:53.181-0600][gc,phases   ] GC(46)   Merge Heap Roots: 0.30ms
[2025-01-14T10:41:53.182-0600][gc,phases   ] GC(46)   Evacuate Collection Set: 35.95ms
[2025-01-14T10:41:53.182-0600][gc,phases   ] GC(46)   Post Evacuate Collection Set: 0.68ms
[2025-01-14T10:41:53.182-0600][gc,phases   ] GC(46)   Other: 1.73ms
[2025-01-14T10:41:53.182-0600][gc,heap     ] GC(46) Eden regions: 77->0(44)
[2025-01-14T10:41:53.182-0600][gc,heap     ] GC(46) Survivor regions: 6->7(11)
[2025-01-14T10:41:53.182-0600][gc,heap     ] GC(46) Old regions: 114->114
[2025-01-14T10:41:53.182-0600][gc,heap     ] GC(46) Humongous regions: 129->129
[2025-01-14T10:41:53.182-0600][gc,metaspace] GC(46) Metaspace: 44298K(44992K)->44298K(44992K) NonClass: 39028K(39424K)->39028K(39424K) Class: 5270K(5568K)->5270K(5568K)
[2025-01-14T10:41:53.182-0600][gc          ] GC(46) Pause Young (Normal) (G1 Evacuation Pause) 325M->249M(1024M) 44.238ms
[2025-01-14T10:41:53.182-0600][gc,cpu      ] GC(46) User=0.03s Sys=0.03s Real=0.05s
[2025-01-14T10:44:34.654-0600][gc,start    ] GC(47) Pause Young (Normal) (G1 Evacuation Pause)
[2025-01-14T10:44:34.655-0600][gc,task     ] GC(47) Using 9 workers of 9 for evacuation
[2025-01-14T10:44:34.676-0600][gc,mmu      ] GC(47) MMU target violated: 20.5ms (20.0ms/21.0ms)
[2025-01-14T10:44:34.676-0600][gc,phases   ] GC(47)   Pre Evacuate Collection Set: 1.23ms
[2025-01-14T10:44:34.676-0600][gc,phases   ] GC(47)   Merge Heap Roots: 0.28ms
[2025-01-14T10:44:34.676-0600][gc,phases   ] GC(47)   Evacuate Collection Set: 16.27ms
[2025-01-14T10:44:34.676-0600][gc,phases   ] GC(47)   Post Evacuate Collection Set: 2.53ms
[2025-01-14T10:44:34.676-0600][gc,phases   ] GC(47)   Other: 0.63ms
[2025-01-14T10:44:34.676-0600][gc,heap     ] GC(47) Eden regions: 44->0(46)
[2025-01-14T10:44:34.676-0600][gc,heap     ] GC(47) Survivor regions: 7->5(7)
[2025-01-14T10:44:34.676-0600][gc,heap     ] GC(47) Old regions: 114->120
[2025-01-14T10:44:34.676-0600][gc,heap     ] GC(47) Humongous regions: 129->129
[2025-01-14T10:44:34.676-0600][gc,metaspace] GC(47) Metaspace: 44298K(44992K)->44298K(44992K) NonClass: 39028K(39424K)->39028K(39424K) Class: 5270K(5568K)->5270K(5568K)
[2025-01-14T10:44:34.677-0600][gc          ] GC(47) Pause Young (Normal) (G1 Evacuation Pause) 293M->252M(1024M) 22.481ms
[2025-01-14T10:44:34.677-0600][gc,cpu      ] GC(47) User=0.02s Sys=0.03s Real=0.02s
[2025-01-14T10:47:25.062-0600][gc,start    ] GC(48) Pause Young (Normal) (G1 Evacuation Pause)
[2025-01-14T10:47:25.063-0600][gc,task     ] GC(48) Using 9 workers of 9 for evacuation
[2025-01-14T10:47:25.080-0600][gc,phases   ] GC(48)   Pre Evacuate Collection Set: 1.26ms
[2025-01-14T10:47:25.081-0600][gc,phases   ] GC(48)   Merge Heap Roots: 0.36ms
[2025-01-14T10:47:25.081-0600][gc,phases   ] GC(48)   Evacuate Collection Set: 14.23ms
[2025-01-14T10:47:25.081-0600][gc,phases   ] GC(48)   Post Evacuate Collection Set: 0.79ms
[2025-01-14T10:47:25.081-0600][gc,phases   ] GC(48)   Other: 0.60ms
[2025-01-14T10:47:25.081-0600][gc,heap     ] GC(48) Eden regions: 46->0(44)
[2025-01-14T10:47:25.081-0600][gc,heap     ] GC(48) Survivor regions: 5->7(7)
[2025-01-14T10:47:25.081-0600][gc,heap     ] GC(48) Old regions: 120->120
[2025-01-14T10:47:25.081-0600][gc,heap     ] GC(48) Humongous regions: 129->129
[2025-01-14T10:47:25.081-0600][gc,metaspace] GC(48) Metaspace: 44298K(44992K)->44298K(44992K) NonClass: 39028K(39424K)->39028K(39424K) Class: 5270K(5568K)->5270K(5568K)
[2025-01-14T10:47:25.081-0600][gc          ] GC(48) Pause Young (Normal) (G1 Evacuation Pause) 298M->255M(1024M) 18.862ms
[2025-01-14T10:47:25.081-0600][gc,cpu      ] GC(48) User=0.02s Sys=0.02s Real=0.02s
[2025-01-14T10:50:05.574-0600][gc,start    ] GC(49) Pause Young (Normal) (G1 Evacuation Pause)
[2025-01-14T10:50:05.574-0600][gc,task     ] GC(49) Using 9 workers of 9 for evacuation
[2025-01-14T10:50:05.588-0600][gc,phases   ] GC(49)   Pre Evacuate Collection Set: 1.86ms
[2025-01-14T10:50:05.589-0600][gc,phases   ] GC(49)   Merge Heap Roots: 0.44ms
[2025-01-14T10:50:05.589-0600][gc,phases   ] GC(49)   Evacuate Collection Set: 10.92ms
[2025-01-14T10:50:05.589-0600][gc,phases   ] GC(49)   Post Evacuate Collection Set: 0.53ms
[2025-01-14T10:50:05.589-0600][gc,phases   ] GC(49)   Other: 0.35ms
[2025-01-14T10:50:05.589-0600][gc,heap     ] GC(49) Eden regions: 44->0(60)
[2025-01-14T10:50:05.589-0600][gc,heap     ] GC(49) Survivor regions: 7->3(7)
[2025-01-14T10:50:05.589-0600][gc,heap     ] GC(49) Old regions: 120->124
[2025-01-14T10:50:05.589-0600][gc,heap     ] GC(49) Humongous regions: 129->129
[2025-01-14T10:50:05.589-0600][gc,metaspace] GC(49) Metaspace: 44299K(44992K)->44299K(44992K) NonClass: 39029K(39424K)->39029K(39424K) Class: 5270K(5568K)->5270K(5568K)
[2025-01-14T10:50:05.589-0600][gc          ] GC(49) Pause Young (Normal) (G1 Evacuation Pause) 299M->255M(1024M) 15.127ms
[2025-01-14T10:50:05.589-0600][gc,cpu      ] GC(49) User=0.04s Sys=0.03s Real=0.01s
[2025-01-14T10:53:51.877-0600][gc,start    ] GC(50) Pause Young (Normal) (G1 Evacuation Pause)
[2025-01-14T10:53:51.879-0600][gc,task     ] GC(50) Using 9 workers of 9 for evacuation
[2025-01-14T10:53:51.903-0600][gc,mmu      ] GC(50) MMU target violated: 21.0ms (20.0ms/21.0ms)
[2025-01-14T10:53:51.903-0600][gc,phases   ] GC(50)   Pre Evacuate Collection Set: 2.95ms
[2025-01-14T10:53:51.903-0600][gc,phases   ] GC(50)   Merge Heap Roots: 0.37ms
[2025-01-14T10:53:51.903-0600][gc,phases   ] GC(50)   Evacuate Collection Set: 19.15ms
[2025-01-14T10:53:51.903-0600][gc,phases   ] GC(50)   Post Evacuate Collection Set: 0.86ms
[2025-01-14T10:53:51.903-0600][gc,phases   ] GC(50)   Other: 1.14ms
[2025-01-14T10:53:51.903-0600][gc,heap     ] GC(50) Eden regions: 61->0(43)
[2025-01-14T10:53:51.903-0600][gc,heap     ] GC(50) Survivor regions: 3->8(8)
[2025-01-14T10:53:51.903-0600][gc,heap     ] GC(50) Old regions: 124->124
[2025-01-14T10:53:51.903-0600][gc,heap     ] GC(50) Humongous regions: 129->129
[2025-01-14T10:53:51.903-0600][gc,metaspace] GC(50) Metaspace: 44299K(44992K)->44299K(44992K) NonClass: 39029K(39424K)->39029K(39424K) Class: 5270K(5568K)->5270K(5568K)
[2025-01-14T10:53:51.903-0600][gc          ] GC(50) Pause Young (Normal) (G1 Evacuation Pause) 316M->260M(1024M) 25.911ms
[2025-01-14T10:53:51.903-0600][gc,cpu      ] GC(50) User=0.03s Sys=0.05s Real=0.03s
[2025-01-14T10:56:29.810-0600][gc,start    ] GC(51) Pause Young (Normal) (G1 Evacuation Pause)
[2025-01-14T10:56:29.811-0600][gc,task     ] GC(51) Using 9 workers of 9 for evacuation
[2025-01-14T10:56:29.822-0600][gc,phases   ] GC(51)   Pre Evacuate Collection Set: 1.00ms
[2025-01-14T10:56:29.822-0600][gc,phases   ] GC(51)   Merge Heap Roots: 0.21ms
[2025-01-14T10:56:29.822-0600][gc,phases   ] GC(51)   Evacuate Collection Set: 7.95ms
[2025-01-14T10:56:29.822-0600][gc,phases   ] GC(51)   Post Evacuate Collection Set: 1.16ms
[2025-01-14T10:56:29.822-0600][gc,phases   ] GC(51)   Other: 0.40ms
[2025-01-14T10:56:29.822-0600][gc,heap     ] GC(51) Eden regions: 43->0(75)
[2025-01-14T10:56:29.822-0600][gc,heap     ] GC(51) Survivor regions: 8->4(7)
[2025-01-14T10:56:29.822-0600][gc,heap     ] GC(51) Old regions: 124->129
[2025-01-14T10:56:29.822-0600][gc,heap     ] GC(51) Humongous regions: 129->129
[2025-01-14T10:56:29.822-0600][gc,metaspace] GC(51) Metaspace: 44299K(44992K)->44299K(44992K) NonClass: 39029K(39424K)->39029K(39424K) Class: 5270K(5568K)->5270K(5568K)
[2025-01-14T10:56:29.822-0600][gc          ] GC(51) Pause Young (Normal) (G1 Evacuation Pause) 303M->261M(1024M) 11.825ms
[2025-01-14T10:56:29.822-0600][gc,cpu      ] GC(51) User=0.03s Sys=0.03s Real=0.01s
[2025-01-14T11:01:15.863-0600][gc,start    ] GC(52) Pause Young (Normal) (G1 Evacuation Pause)
[2025-01-14T11:01:15.864-0600][gc,task     ] GC(52) Using 9 workers of 9 for evacuation
[2025-01-14T11:01:15.877-0600][gc,phases   ] GC(52)   Pre Evacuate Collection Set: 1.46ms
[2025-01-14T11:01:15.877-0600][gc,phases   ] GC(52)   Merge Heap Roots: 0.29ms
[2025-01-14T11:01:15.877-0600][gc,phases   ] GC(52)   Evacuate Collection Set: 10.18ms
[2025-01-14T11:01:15.877-0600][gc,phases   ] GC(52)   Post Evacuate Collection Set: 0.69ms
[2025-01-14T11:01:15.877-0600][gc,phases   ] GC(52)   Other: 0.51ms
[2025-01-14T11:01:15.877-0600][gc,heap     ] GC(52) Eden regions: 77->0(43)
[2025-01-14T11:01:15.877-0600][gc,heap     ] GC(52) Survivor regions: 4->8(11)
[2025-01-14T11:01:15.877-0600][gc,heap     ] GC(52) Old regions: 129->129
[2025-01-14T11:01:15.877-0600][gc,heap     ] GC(52) Humongous regions: 129->129
[2025-01-14T11:01:15.877-0600][gc,metaspace] GC(52) Metaspace: 44307K(44992K)->44307K(44992K) NonClass: 39037K(39424K)->39037K(39424K) Class: 5270K(5568K)->5270K(5568K)
[2025-01-14T11:01:15.877-0600][gc          ] GC(52) Pause Young (Normal) (G1 Evacuation Pause) 338M->265M(1024M) 14.072ms
[2025-01-14T11:01:15.877-0600][gc,cpu      ] GC(52) User=0.04s Sys=0.03s Real=0.01s
[2025-01-14T11:03:55.038-0600][gc,start    ] GC(53) Pause Young (Normal) (G1 Evacuation Pause)
[2025-01-14T11:03:55.038-0600][gc,task     ] GC(53) Using 9 workers of 9 for evacuation
[2025-01-14T11:03:55.053-0600][gc,phases   ] GC(53)   Pre Evacuate Collection Set: 1.25ms
[2025-01-14T11:03:55.053-0600][gc,phases   ] GC(53)   Merge Heap Roots: 0.19ms
[2025-01-14T11:03:55.053-0600][gc,phases   ] GC(53)   Evacuate Collection Set: 13.07ms
[2025-01-14T11:03:55.053-0600][gc,phases   ] GC(53)   Post Evacuate Collection Set: 0.50ms
[2025-01-14T11:03:55.053-0600][gc,phases   ] GC(53)   Other: 0.30ms
[2025-01-14T11:03:55.053-0600][gc,heap     ] GC(53) Eden regions: 43->0(86)
[2025-01-14T11:03:55.054-0600][gc,heap     ] GC(53) Survivor regions: 8->5(7)
[2025-01-14T11:03:55.054-0600][gc,heap     ] GC(53) Old regions: 129->135
[2025-01-14T11:03:55.054-0600][gc,heap     ] GC(53) Humongous regions: 129->129
[2025-01-14T11:03:55.054-0600][gc,metaspace] GC(53) Metaspace: 44308K(44992K)->44308K(44992K) NonClass: 39038K(39424K)->39038K(39424K) Class: 5270K(5568K)->5270K(5568K)
[2025-01-14T11:03:55.054-0600][gc          ] GC(53) Pause Young (Normal) (G1 Evacuation Pause) 308M->268M(1024M) 15.947ms
[2025-01-14T11:03:55.054-0600][gc,cpu      ] GC(53) User=0.03s Sys=0.03s Real=0.02s
[2025-01-14T11:09:22.495-0600][gc,start    ] GC(54) Pause Young (Normal) (G1 Evacuation Pause)
[2025-01-14T11:09:22.496-0600][gc,task     ] GC(54) Using 9 workers of 9 for evacuation
[2025-01-14T11:09:22.514-0600][gc,phases   ] GC(54)   Pre Evacuate Collection Set: 1.29ms
[2025-01-14T11:09:22.514-0600][gc,phases   ] GC(54)   Merge Heap Roots: 0.21ms
[2025-01-14T11:09:22.514-0600][gc,phases   ] GC(54)   Evacuate Collection Set: 13.80ms
[2025-01-14T11:09:22.514-0600][gc,phases   ] GC(54)   Post Evacuate Collection Set: 2.04ms
[2025-01-14T11:09:22.514-0600][gc,phases   ] GC(54)   Other: 0.60ms
[2025-01-14T11:09:22.514-0600][gc,heap     ] GC(54) Eden regions: 88->0(43)
[2025-01-14T11:09:22.514-0600][gc,heap     ] GC(54) Survivor regions: 5->8(12)
[2025-01-14T11:09:22.514-0600][gc,heap     ] GC(54) Old regions: 135->135
[2025-01-14T11:09:22.514-0600][gc,heap     ] GC(54) Humongous regions: 129->129
[2025-01-14T11:09:22.514-0600][gc,metaspace] GC(54) Metaspace: 44309K(44992K)->44309K(44992K) NonClass: 39039K(39424K)->39039K(39424K) Class: 5270K(5568K)->5270K(5568K)
[2025-01-14T11:09:22.514-0600][gc          ] GC(54) Pause Young (Normal) (G1 Evacuation Pause) 356M->270M(1024M) 19.235ms
[2025-01-14T11:09:22.514-0600][gc,cpu      ] GC(54) User=0.04s Sys=0.03s Real=0.02s
[2025-01-14T11:12:00.889-0600][gc,start    ] GC(55) Pause Young (Normal) (G1 Evacuation Pause)
[2025-01-14T11:12:00.891-0600][gc,task     ] GC(55) Using 9 workers of 9 for evacuation
[2025-01-14T11:12:00.923-0600][gc,mmu      ] GC(55) MMU target violated: 21.0ms (20.0ms/21.0ms)
[2025-01-14T11:12:00.923-0600][gc,phases   ] GC(55)   Pre Evacuate Collection Set: 3.45ms
[2025-01-14T11:12:00.923-0600][gc,phases   ] GC(55)   Merge Heap Roots: 0.43ms
[2025-01-14T11:12:00.923-0600][gc,phases   ] GC(55)   Evacuate Collection Set: 25.21ms
[2025-01-14T11:12:00.923-0600][gc,phases   ] GC(55)   Post Evacuate Collection Set: 1.27ms
[2025-01-14T11:12:00.923-0600][gc,phases   ] GC(55)   Other: 1.92ms
[2025-01-14T11:12:00.923-0600][gc,heap     ] GC(55) Eden regions: 43->0(46)
[2025-01-14T11:12:00.923-0600][gc,heap     ] GC(55) Survivor regions: 8->5(7)
[2025-01-14T11:12:00.923-0600][gc,heap     ] GC(55) Old regions: 135->141
[2025-01-14T11:12:00.923-0600][gc,heap     ] GC(55) Humongous regions: 129->129
[2025-01-14T11:12:00.923-0600][gc,metaspace] GC(55) Metaspace: 44311K(44992K)->44311K(44992K) NonClass: 39041K(39424K)->39041K(39424K) Class: 5270K(5568K)->5270K(5568K)
[2025-01-14T11:12:00.923-0600][gc          ] GC(55) Pause Young (Normal) (G1 Evacuation Pause) 313M->273M(1024M) 34.755ms
[2025-01-14T11:12:00.923-0600][gc,cpu      ] GC(55) User=0.03s Sys=0.05s Real=0.04s
[2025-01-14T11:14:51.210-0600][gc,start    ] GC(56) Pause Young (Normal) (G1 Evacuation Pause)
[2025-01-14T11:14:51.211-0600][gc,task     ] GC(56) Using 9 workers of 9 for evacuation
[2025-01-14T11:14:51.227-0600][gc,phases   ] GC(56)   Pre Evacuate Collection Set: 1.08ms
[2025-01-14T11:14:51.227-0600][gc,phases   ] GC(56)   Merge Heap Roots: 0.19ms
[2025-01-14T11:14:51.227-0600][gc,phases   ] GC(56)   Evacuate Collection Set: 13.17ms
[2025-01-14T11:14:51.227-0600][gc,phases   ] GC(56)   Post Evacuate Collection Set: 1.25ms
[2025-01-14T11:14:51.227-0600][gc,phases   ] GC(56)   Other: 0.36ms
[2025-01-14T11:14:51.227-0600][gc,heap     ] GC(56) Eden regions: 46->0(45)
[2025-01-14T11:14:51.227-0600][gc,heap     ] GC(56) Survivor regions: 5->6(7)
[2025-01-14T11:14:51.227-0600][gc,heap     ] GC(56) Old regions: 141->144
[2025-01-14T11:14:51.228-0600][gc,heap     ] GC(56) Humongous regions: 129->129
[2025-01-14T11:14:51.228-0600][gc,metaspace] GC(56) Metaspace: 44311K(44992K)->44311K(44992K) NonClass: 39041K(39424K)->39041K(39424K) Class: 5270K(5568K)->5270K(5568K)
[2025-01-14T11:14:51.228-0600][gc          ] GC(56) Pause Young (Normal) (G1 Evacuation Pause) 319M->277M(1024M) 17.310ms
[2025-01-14T11:14:51.228-0600][gc,cpu      ] GC(56) User=0.03s Sys=0.04s Real=0.01s
[2025-01-14T11:17:37.626-0600][gc,start    ] GC(57) Pause Young (Normal) (G1 Evacuation Pause)
[2025-01-14T11:17:37.627-0600][gc,task     ] GC(57) Using 9 workers of 9 for evacuation
[2025-01-14T11:17:37.641-0600][gc,phases   ] GC(57)   Pre Evacuate Collection Set: 0.73ms
[2025-01-14T11:17:37.641-0600][gc,phases   ] GC(57)   Merge Heap Roots: 0.22ms
[2025-01-14T11:17:37.641-0600][gc,phases   ] GC(57)   Evacuate Collection Set: 10.43ms
[2025-01-14T11:17:37.641-0600][gc,phases   ] GC(57)   Post Evacuate Collection Set: 2.41ms
[2025-01-14T11:17:37.641-0600][gc,phases   ] GC(57)   Other: 0.45ms
[2025-01-14T11:17:37.641-0600][gc,heap     ] GC(57) Eden regions: 45->0(75)
[2025-01-14T11:17:37.641-0600][gc,heap     ] GC(57) Survivor regions: 6->4(7)
[2025-01-14T11:17:37.641-0600][gc,heap     ] GC(57) Old regions: 144->146
[2025-01-14T11:17:37.641-0600][gc,heap     ] GC(57) Humongous regions: 129->129
[2025-01-14T11:17:37.641-0600][gc,metaspace] GC(57) Metaspace: 44311K(44992K)->44311K(44992K) NonClass: 39041K(39424K)->39041K(39424K) Class: 5270K(5568K)->5270K(5568K)
[2025-01-14T11:17:37.641-0600][gc          ] GC(57) Pause Young (Normal) (G1 Evacuation Pause) 322M->277M(1024M) 15.171ms
[2025-01-14T11:17:37.641-0600][gc,cpu      ] GC(57) User=0.01s Sys=0.03s Real=0.02s
[2025-01-14T11:21:49.602-0600][gc,start    ] GC(58) Pause Young (Normal) (G1 Evacuation Pause)
[2025-01-14T11:21:49.604-0600][gc,task     ] GC(58) Using 9 workers of 9 for evacuation
[2025-01-14T11:21:49.626-0600][gc,mmu      ] GC(58) MMU target violated: 21.0ms (20.0ms/21.0ms)
[2025-01-14T11:21:49.626-0600][gc,phases   ] GC(58)   Pre Evacuate Collection Set: 1.39ms
[2025-01-14T11:21:49.626-0600][gc,phases   ] GC(58)   Merge Heap Roots: 0.27ms
[2025-01-14T11:21:49.626-0600][gc,phases   ] GC(58)   Evacuate Collection Set: 18.80ms
[2025-01-14T11:21:49.626-0600][gc,phases   ] GC(58)   Post Evacuate Collection Set: 1.05ms
[2025-01-14T11:21:49.626-0600][gc,phases   ] GC(58)   Other: 0.91ms
[2025-01-14T11:21:49.626-0600][gc,heap     ] GC(58) Eden regions: 71->0(43)
[2025-01-14T11:21:49.626-0600][gc,heap     ] GC(58) Survivor regions: 4->8(10)
[2025-01-14T11:21:49.626-0600][gc,heap     ] GC(58) Old regions: 146->146
[2025-01-14T11:21:49.626-0600][gc,heap     ] GC(58) Humongous regions: 129->129
[2025-01-14T11:21:49.626-0600][gc,metaspace] GC(58) Metaspace: 44314K(44992K)->44314K(44992K) NonClass: 39044K(39424K)->39044K(39424K) Class: 5270K(5568K)->5270K(5568K)
[2025-01-14T11:21:49.626-0600][gc          ] GC(58) Pause Young (Normal) (G1 Evacuation Pause) 348M->281M(1024M) 24.246ms
[2025-01-14T11:21:49.626-0600][gc,cpu      ] GC(58) User=0.03s Sys=0.05s Real=0.02s
[2025-01-14T11:24:25.875-0600][gc,start    ] GC(59) Pause Young (Normal) (G1 Evacuation Pause)
[2025-01-14T11:24:25.875-0600][gc,task     ] GC(59) Using 9 workers of 9 for evacuation
[2025-01-14T11:24:25.890-0600][gc,phases   ] GC(59)   Pre Evacuate Collection Set: 0.83ms
[2025-01-14T11:24:25.890-0600][gc,phases   ] GC(59)   Merge Heap Roots: 0.18ms
[2025-01-14T11:24:25.890-0600][gc,phases   ] GC(59)   Evacuate Collection Set: 12.50ms
[2025-01-14T11:24:25.890-0600][gc,phases   ] GC(59)   Post Evacuate Collection Set: 0.83ms
[2025-01-14T11:24:25.890-0600][gc,phases   ] GC(59)   Other: 0.44ms
[2025-01-14T11:24:25.890-0600][gc,heap     ] GC(59) Eden regions: 43->0(68)
[2025-01-14T11:24:25.890-0600][gc,heap     ] GC(59) Survivor regions: 8->4(7)
[2025-01-14T11:24:25.890-0600][gc,heap     ] GC(59) Old regions: 146->151
[2025-01-14T11:24:25.890-0600][gc,heap     ] GC(59) Humongous regions: 129->129
[2025-01-14T11:24:25.891-0600][gc,metaspace] GC(59) Metaspace: 44314K(44992K)->44314K(44992K) NonClass: 39044K(39424K)->39044K(39424K) Class: 5270K(5568K)->5270K(5568K)
[2025-01-14T11:24:25.891-0600][gc          ] GC(59) Pause Young (Normal) (G1 Evacuation Pause) 324M->283M(1024M) 15.640ms
[2025-01-14T11:24:25.891-0600][gc,cpu      ] GC(59) User=0.03s Sys=0.04s Real=0.02s
[2025-01-14T11:29:43.547-0600][gc,start    ] GC(60) Pause Young (Normal) (G1 Evacuation Pause)
[2025-01-14T11:29:43.548-0600][gc,task     ] GC(60) Using 9 workers of 9 for evacuation
[2025-01-14T11:29:43.575-0600][gc,mmu      ] GC(60) MMU target violated: 21.0ms (20.0ms/21.0ms)
[2025-01-14T11:29:43.575-0600][gc,phases   ] GC(60)   Pre Evacuate Collection Set: 0.81ms
[2025-01-14T11:29:43.575-0600][gc,phases   ] GC(60)   Merge Heap Roots: 0.72ms
[2025-01-14T11:29:43.575-0600][gc,phases   ] GC(60)   Evacuate Collection Set: 24.81ms
[2025-01-14T11:29:43.575-0600][gc,phases   ] GC(60)   Post Evacuate Collection Set: 0.87ms
[2025-01-14T11:29:43.575-0600][gc,phases   ] GC(60)   Other: 0.37ms
[2025-01-14T11:29:43.575-0600][gc,heap     ] GC(60) Eden regions: 86->0(45)
[2025-01-14T11:29:43.575-0600][gc,heap     ] GC(60) Survivor regions: 4->6(12)
[2025-01-14T11:29:43.575-0600][gc,heap     ] GC(60) Old regions: 151->151
[2025-01-14T11:29:43.575-0600][gc,heap     ] GC(60) Humongous regions: 129->129
[2025-01-14T11:29:43.575-0600][gc,metaspace] GC(60) Metaspace: 44314K(44992K)->44314K(44992K) NonClass: 39044K(39424K)->39044K(39424K) Class: 5270K(5568K)->5270K(5568K)
[2025-01-14T11:29:43.575-0600][gc          ] GC(60) Pause Young (Normal) (G1 Evacuation Pause) 369M->285M(1024M) 28.001ms
[2025-01-14T11:29:43.575-0600][gc,cpu      ] GC(60) User=0.02s Sys=0.04s Real=0.03s
[2025-01-14T11:32:29.206-0600][gc,start    ] GC(61) Pause Young (Normal) (G1 Evacuation Pause)
[2025-01-14T11:32:29.206-0600][gc,task     ] GC(61) Using 9 workers of 9 for evacuation
[2025-01-14T11:32:29.220-0600][gc,phases   ] GC(61)   Pre Evacuate Collection Set: 0.64ms
[2025-01-14T11:32:29.220-0600][gc,phases   ] GC(61)   Merge Heap Roots: 0.11ms
[2025-01-14T11:32:29.220-0600][gc,phases   ] GC(61)   Evacuate Collection Set: 11.87ms
[2025-01-14T11:32:29.220-0600][gc,phases   ] GC(61)   Post Evacuate Collection Set: 0.55ms
[2025-01-14T11:32:29.220-0600][gc,phases   ] GC(61)   Other: 0.25ms
[2025-01-14T11:32:29.220-0600][gc,heap     ] GC(61) Eden regions: 45->0(47)
[2025-01-14T11:32:29.220-0600][gc,heap     ] GC(61) Survivor regions: 6->4(7)
[2025-01-14T11:32:29.220-0600][gc,heap     ] GC(61) Old regions: 151->157
[2025-01-14T11:32:29.220-0600][gc,heap     ] GC(61) Humongous regions: 129->129
[2025-01-14T11:32:29.220-0600][gc,metaspace] GC(61) Metaspace: 44315K(44992K)->44315K(44992K) NonClass: 39045K(39424K)->39045K(39424K) Class: 5270K(5568K)->5270K(5568K)
[2025-01-14T11:32:29.220-0600][gc          ] GC(61) Pause Young (Normal) (G1 Evacuation Pause) 330M->288M(1024M) 14.075ms
[2025-01-14T11:32:29.220-0600][gc,cpu      ] GC(61) User=0.04s Sys=0.02s Real=0.02s
[2025-01-14T11:35:22.091-0600][gc,start    ] GC(62) Pause Young (Normal) (G1 Evacuation Pause)
[2025-01-14T11:35:22.093-0600][gc,task     ] GC(62) Using 9 workers of 9 for evacuation
[2025-01-14T11:35:22.106-0600][gc,phases   ] GC(62)   Pre Evacuate Collection Set: 0.42ms
[2025-01-14T11:35:22.106-0600][gc,phases   ] GC(62)   Merge Heap Roots: 0.31ms
[2025-01-14T11:35:22.106-0600][gc,phases   ] GC(62)   Evacuate Collection Set: 11.88ms
[2025-01-14T11:35:22.106-0600][gc,phases   ] GC(62)   Post Evacuate Collection Set: 0.46ms
[2025-01-14T11:35:22.106-0600][gc,phases   ] GC(62)   Other: 0.41ms
[2025-01-14T11:35:22.106-0600][gc,heap     ] GC(62) Eden regions: 47->0(44)
[2025-01-14T11:35:22.106-0600][gc,heap     ] GC(62) Survivor regions: 4->7(7)
[2025-01-14T11:35:22.106-0600][gc,heap     ] GC(62) Old regions: 157->157
[2025-01-14T11:35:22.106-0600][gc,heap     ] GC(62) Humongous regions: 129->129
[2025-01-14T11:35:22.106-0600][gc,metaspace] GC(62) Metaspace: 44318K(44992K)->44318K(44992K) NonClass: 39048K(39424K)->39048K(39424K) Class: 5270K(5568K)->5270K(5568K)
[2025-01-14T11:35:22.106-0600][gc          ] GC(62) Pause Young (Normal) (G1 Evacuation Pause) 335M->291M(1024M) 15.089ms
[2025-01-14T11:35:22.107-0600][gc,cpu      ] GC(62) User=0.04s Sys=0.01s Real=0.01s
[2025-01-14T11:38:02.635-0600][gc,start    ] GC(63) Pause Young (Normal) (G1 Evacuation Pause)
[2025-01-14T11:38:02.637-0600][gc,task     ] GC(63) Using 9 workers of 9 for evacuation
[2025-01-14T11:38:02.647-0600][gc,phases   ] GC(63)   Pre Evacuate Collection Set: 0.33ms
[2025-01-14T11:38:02.647-0600][gc,phases   ] GC(63)   Merge Heap Roots: 0.14ms
[2025-01-14T11:38:02.647-0600][gc,phases   ] GC(63)   Evacuate Collection Set: 8.58ms
[2025-01-14T11:38:02.647-0600][gc,phases   ] GC(63)   Post Evacuate Collection Set: 0.87ms
[2025-01-14T11:38:02.647-0600][gc,phases   ] GC(63)   Other: 0.39ms
[2025-01-14T11:38:02.647-0600][gc,heap     ] GC(63) Eden regions: 44->0(45)
[2025-01-14T11:38:02.647-0600][gc,heap     ] GC(63) Survivor regions: 7->6(7)
[2025-01-14T11:38:02.647-0600][gc,heap     ] GC(63) Old regions: 157->161
[2025-01-14T11:38:02.647-0600][gc,heap     ] GC(63) Humongous regions: 129->129
[2025-01-14T11:38:02.647-0600][gc,metaspace] GC(63) Metaspace: 44318K(44992K)->44318K(44992K) NonClass: 39048K(39424K)->39048K(39424K) Class: 5270K(5568K)->5270K(5568K)
[2025-01-14T11:38:02.647-0600][gc          ] GC(63) Pause Young (Normal) (G1 Evacuation Pause) 335M->294M(1024M) 11.901ms
[2025-01-14T11:38:02.647-0600][gc,cpu      ] GC(63) User=0.04s Sys=0.01s Real=0.01s
[2025-01-14T11:40:45.871-0600][gc,start    ] GC(64) Pause Young (Normal) (G1 Evacuation Pause)
[2025-01-14T11:40:45.872-0600][gc,task     ] GC(64) Using 9 workers of 9 for evacuation
[2025-01-14T11:40:45.881-0600][gc,phases   ] GC(64)   Pre Evacuate Collection Set: 0.76ms
[2025-01-14T11:40:45.881-0600][gc,phases   ] GC(64)   Merge Heap Roots: 0.27ms
[2025-01-14T11:40:45.881-0600][gc,phases   ] GC(64)   Evacuate Collection Set: 6.79ms
[2025-01-14T11:40:45.881-0600][gc,phases   ] GC(64)   Post Evacuate Collection Set: 0.56ms
[2025-01-14T11:40:45.881-0600][gc,phases   ] GC(64)   Other: 0.29ms
[2025-01-14T11:40:45.881-0600][gc,heap     ] GC(64) Eden regions: 45->0(104)
[2025-01-14T11:40:45.881-0600][gc,heap     ] GC(64) Survivor regions: 6->4(7)
[2025-01-14T11:40:45.881-0600][gc,heap     ] GC(64) Old regions: 161->163
[2025-01-14T11:40:45.881-0600][gc,heap     ] GC(64) Humongous regions: 129->129
[2025-01-14T11:40:45.881-0600][gc,metaspace] GC(64) Metaspace: 44318K(44992K)->44318K(44992K) NonClass: 39048K(39424K)->39048K(39424K) Class: 5270K(5568K)->5270K(5568K)
[2025-01-14T11:40:45.881-0600][gc          ] GC(64) Pause Young (Normal) (G1 Evacuation Pause) 339M->295M(1024M) 10.159ms
[2025-01-14T11:40:45.881-0600][gc,cpu      ] GC(64) User=0.03s Sys=0.01s Real=0.01s
[2025-01-14T11:46:02.677-0600][gc,start    ] GC(65) Pause Young (Normal) (G1 Evacuation Pause)
[2025-01-14T11:46:02.678-0600][gc,task     ] GC(65) Using 9 workers of 9 for evacuation
[2025-01-14T11:46:02.694-0600][gc,phases   ] GC(65)   Pre Evacuate Collection Set: 0.68ms
[2025-01-14T11:46:02.694-0600][gc,phases   ] GC(65)   Merge Heap Roots: 0.11ms
[2025-01-14T11:46:02.694-0600][gc,phases   ] GC(65)   Evacuate Collection Set: 14.42ms
[2025-01-14T11:46:02.694-0600][gc,phases   ] GC(65)   Post Evacuate Collection Set: 0.33ms
[2025-01-14T11:46:02.694-0600][gc,phases   ] GC(65)   Other: 0.33ms
[2025-01-14T11:46:02.694-0600][gc,heap     ] GC(65) Eden regions: 86->0(42)
[2025-01-14T11:46:02.694-0600][gc,heap     ] GC(65) Survivor regions: 4->9(12)
[2025-01-14T11:46:02.694-0600][gc,heap     ] GC(65) Old regions: 163->163
[2025-01-14T11:46:02.694-0600][gc,heap     ] GC(65) Humongous regions: 129->129
[2025-01-14T11:46:02.694-0600][gc,metaspace] GC(65) Metaspace: 44318K(44992K)->44318K(44992K) NonClass: 39048K(39424K)->39048K(39424K) Class: 5270K(5568K)->5270K(5568K)
[2025-01-14T11:46:02.694-0600][gc          ] GC(65) Pause Young (Normal) (G1 Evacuation Pause) 381M->300M(1024M) 17.637ms
[2025-01-14T11:46:02.694-0600][gc,cpu      ] GC(65) User=0.06s Sys=0.02s Real=0.02s
[2025-01-14T11:48:37.374-0600][gc,start    ] GC(66) Pause Young (Normal) (G1 Evacuation Pause)
[2025-01-14T11:48:37.375-0600][gc,task     ] GC(66) Using 9 workers of 9 for evacuation
[2025-01-14T11:48:37.384-0600][gc,phases   ] GC(66)   Pre Evacuate Collection Set: 0.73ms
[2025-01-14T11:48:37.384-0600][gc,phases   ] GC(66)   Merge Heap Roots: 0.17ms
[2025-01-14T11:48:37.384-0600][gc,phases   ] GC(66)   Evacuate Collection Set: 7.85ms
[2025-01-14T11:48:37.384-0600][gc,phases   ] GC(66)   Post Evacuate Collection Set: 0.62ms
[2025-01-14T11:48:37.384-0600][gc,phases   ] GC(66)   Other: 0.29ms
[2025-01-14T11:48:37.384-0600][gc,heap     ] GC(66) Eden regions: 42->0(132)
[2025-01-14T11:48:37.384-0600][gc,heap     ] GC(66) Survivor regions: 9->3(7)
[2025-01-14T11:48:37.384-0600][gc,heap     ] GC(66) Old regions: 163->169
[2025-01-14T11:48:37.384-0600][gc,heap     ] GC(66) Humongous regions: 129->129
[2025-01-14T11:48:37.384-0600][gc,metaspace] GC(66) Metaspace: 44318K(44992K)->44318K(44992K) NonClass: 39048K(39424K)->39048K(39424K) Class: 5270K(5568K)->5270K(5568K)
[2025-01-14T11:48:37.385-0600][gc          ] GC(66) Pause Young (Normal) (G1 Evacuation Pause) 342M->300M(1024M) 10.907ms
[2025-01-14T11:48:37.385-0600][gc,cpu      ] GC(66) User=0.04s Sys=0.01s Real=0.01s
[2025-01-14T11:57:12.647-0600][gc,start    ] GC(67) Pause Young (Normal) (G1 Evacuation Pause)
[2025-01-14T11:57:12.648-0600][gc,task     ] GC(67) Using 9 workers of 9 for evacuation
[2025-01-14T11:57:12.663-0600][gc,phases   ] GC(67)   Pre Evacuate Collection Set: 0.87ms
[2025-01-14T11:57:12.663-0600][gc,phases   ] GC(67)   Merge Heap Roots: 0.20ms
[2025-01-14T11:57:12.663-0600][gc,phases   ] GC(67)   Evacuate Collection Set: 13.19ms
[2025-01-14T11:57:12.663-0600][gc,phases   ] GC(67)   Post Evacuate Collection Set: 0.46ms
[2025-01-14T11:57:12.663-0600][gc,phases   ] GC(67)   Other: 0.23ms
[2025-01-14T11:57:12.663-0600][gc,heap     ] GC(67) Eden regions: 139->0(41)
[2025-01-14T11:57:12.663-0600][gc,heap     ] GC(67) Survivor regions: 3->10(18)
[2025-01-14T11:57:12.663-0600][gc,heap     ] GC(67) Old regions: 169->169
[2025-01-14T11:57:12.663-0600][gc,heap     ] GC(67) Humongous regions: 129->129
[2025-01-14T11:57:12.663-0600][gc,metaspace] GC(67) Metaspace: 44325K(44992K)->44325K(44992K) NonClass: 39055K(39424K)->39055K(39424K) Class: 5270K(5568K)->5270K(5568K)
[2025-01-14T11:57:12.663-0600][gc          ] GC(67) Pause Young (Normal) (G1 Evacuation Pause) 439M->307M(1024M) 15.953ms
[2025-01-14T11:57:12.663-0600][gc,cpu      ] GC(67) User=0.05s Sys=0.02s Real=0.02s
[2025-01-14T11:59:46.925-0600][gc,start    ] GC(68) Pause Young (Normal) (G1 Evacuation Pause)
[2025-01-14T11:59:46.926-0600][gc,task     ] GC(68) Using 9 workers of 9 for evacuation
[2025-01-14T11:59:46.937-0600][gc,phases   ] GC(68)   Pre Evacuate Collection Set: 0.55ms
[2025-01-14T11:59:46.937-0600][gc,phases   ] GC(68)   Merge Heap Roots: 0.16ms
[2025-01-14T11:59:46.937-0600][gc,phases   ] GC(68)   Evacuate Collection Set: 10.30ms
[2025-01-14T11:59:46.937-0600][gc,phases   ] GC(68)   Post Evacuate Collection Set: 0.41ms
[2025-01-14T11:59:46.937-0600][gc,phases   ] GC(68)   Other: 0.23ms
[2025-01-14T11:59:46.937-0600][gc,heap     ] GC(68) Eden regions: 42->0(124)
[2025-01-14T11:59:46.937-0600][gc,heap     ] GC(68) Survivor regions: 10->4(7)
[2025-01-14T11:59:46.937-0600][gc,heap     ] GC(68) Old regions: 169->177
[2025-01-14T11:59:46.937-0600][gc,heap     ] GC(68) Humongous regions: 129->129
[2025-01-14T11:59:46.938-0600][gc,metaspace] GC(68) Metaspace: 44325K(44992K)->44325K(44992K) NonClass: 39055K(39424K)->39055K(39424K) Class: 5270K(5568K)->5270K(5568K)
[2025-01-14T11:59:46.938-0600][gc          ] GC(68) Pause Young (Normal) (G1 Evacuation Pause) 349M->309M(1024M) 12.299ms
[2025-01-14T11:59:46.938-0600][gc,cpu      ] GC(68) User=0.05s Sys=0.01s Real=0.01s
[2025-01-14T12:07:40.390-0600][gc,start    ] GC(69) Pause Young (Normal) (G1 Evacuation Pause)
[2025-01-14T12:07:40.391-0600][gc,task     ] GC(69) Using 9 workers of 9 for evacuation
[2025-01-14T12:07:40.406-0600][gc,phases   ] GC(69)   Pre Evacuate Collection Set: 0.95ms
[2025-01-14T12:07:40.407-0600][gc,phases   ] GC(69)   Merge Heap Roots: 0.23ms
[2025-01-14T12:07:40.407-0600][gc,phases   ] GC(69)   Evacuate Collection Set: 13.68ms
[2025-01-14T12:07:40.407-0600][gc,phases   ] GC(69)   Post Evacuate Collection Set: 0.82ms
[2025-01-14T12:07:40.407-0600][gc,phases   ] GC(69)   Other: 0.24ms
[2025-01-14T12:07:40.407-0600][gc,heap     ] GC(69) Eden regions: 128->0(67)
[2025-01-14T12:07:40.407-0600][gc,heap     ] GC(69) Survivor regions: 4->9(17)
[2025-01-14T12:07:40.407-0600][gc,heap     ] GC(69) Old regions: 177->177
[2025-01-14T12:07:40.407-0600][gc,heap     ] GC(69) Humongous regions: 129->129
[2025-01-14T12:07:40.407-0600][gc,metaspace] GC(69) Metaspace: 44326K(44992K)->44326K(44992K) NonClass: 39056K(39424K)->39056K(39424K) Class: 5270K(5568K)->5270K(5568K)
[2025-01-14T12:07:40.407-0600][gc          ] GC(69) Pause Young (Normal) (G1 Evacuation Pause) 437M->314M(1024M) 16.589ms
[2025-01-14T12:07:40.407-0600][gc,cpu      ] GC(69) User=0.05s Sys=0.02s Real=0.01s
[2025-01-14T12:11:53.572-0600][gc,start    ] GC(70) Pause Young (Normal) (G1 Evacuation Pause)
[2025-01-14T12:11:53.572-0600][gc,task     ] GC(70) Using 9 workers of 9 for evacuation
[2025-01-14T12:11:53.585-0600][gc,phases   ] GC(70)   Pre Evacuate Collection Set: 0.30ms
[2025-01-14T12:11:53.585-0600][gc,phases   ] GC(70)   Merge Heap Roots: 0.07ms
[2025-01-14T12:11:53.585-0600][gc,phases   ] GC(70)   Evacuate Collection Set: 12.46ms
[2025-01-14T12:11:53.586-0600][gc,phases   ] GC(70)   Post Evacuate Collection Set: 0.35ms
[2025-01-14T12:11:53.586-0600][gc,phases   ] GC(70)   Other: 0.18ms
[2025-01-14T12:11:53.586-0600][gc,heap     ] GC(70) Eden regions: 68->0(118)
[2025-01-14T12:11:53.586-0600][gc,heap     ] GC(70) Survivor regions: 9->5(10)
[2025-01-14T12:11:53.586-0600][gc,heap     ] GC(70) Old regions: 177->185
[2025-01-14T12:11:53.586-0600][gc,heap     ] GC(70) Humongous regions: 129->129
[2025-01-14T12:11:53.586-0600][gc,metaspace] GC(70) Metaspace: 44326K(44992K)->44326K(44992K) NonClass: 39056K(39424K)->39056K(39424K) Class: 5270K(5568K)->5270K(5568K)
[2025-01-14T12:11:53.586-0600][gc          ] GC(70) Pause Young (Normal) (G1 Evacuation Pause) 382M->318M(1024M) 14.068ms
[2025-01-14T12:11:53.586-0600][gc,cpu      ] GC(70) User=0.05s Sys=0.01s Real=0.01s
[2025-01-14T12:19:19.478-0600][gc,start    ] GC(71) Pause Young (Normal) (G1 Evacuation Pause)
[2025-01-14T12:19:19.478-0600][gc,task     ] GC(71) Using 9 workers of 9 for evacuation
[2025-01-14T12:19:19.497-0600][gc,phases   ] GC(71)   Pre Evacuate Collection Set: 0.84ms
[2025-01-14T12:19:19.498-0600][gc,phases   ] GC(71)   Merge Heap Roots: 0.20ms
[2025-01-14T12:19:19.498-0600][gc,phases   ] GC(71)   Evacuate Collection Set: 17.07ms
[2025-01-14T12:19:19.498-0600][gc,phases   ] GC(71)   Post Evacuate Collection Set: 0.75ms
[2025-01-14T12:19:19.498-0600][gc,phases   ] GC(71)   Other: 0.37ms
[2025-01-14T12:19:19.498-0600][gc,heap     ] GC(71) Eden regions: 120->0(40)
[2025-01-14T12:19:19.498-0600][gc,heap     ] GC(71) Survivor regions: 5->11(16)
[2025-01-14T12:19:19.498-0600][gc,heap     ] GC(71) Old regions: 185->185
[2025-01-14T12:19:19.498-0600][gc,heap     ] GC(71) Humongous regions: 129->129
[2025-01-14T12:19:19.498-0600][gc,metaspace] GC(71) Metaspace: 44327K(44992K)->44327K(44992K) NonClass: 39057K(39424K)->39057K(39424K) Class: 5270K(5568K)->5270K(5568K)
[2025-01-14T12:19:19.498-0600][gc          ] GC(71) Pause Young (Normal) (G1 Evacuation Pause) 438M->325M(1024M) 20.036ms
[2025-01-14T12:19:19.498-0600][gc,cpu      ] GC(71) User=0.05s Sys=0.02s Real=0.02s
[2025-01-14T12:21:36.198-0600][gc,start    ] GC(72) Pause Young (Normal) (G1 Evacuation Pause)
[2025-01-14T12:21:36.198-0600][gc,task     ] GC(72) Using 9 workers of 9 for evacuation
[2025-01-14T12:21:36.207-0600][gc,phases   ] GC(72)   Pre Evacuate Collection Set: 0.39ms
[2025-01-14T12:21:36.208-0600][gc,phases   ] GC(72)   Merge Heap Roots: 0.08ms
[2025-01-14T12:21:36.208-0600][gc,phases   ] GC(72)   Evacuate Collection Set: 7.61ms
[2025-01-14T12:21:36.208-0600][gc,phases   ] GC(72)   Post Evacuate Collection Set: 0.47ms
[2025-01-14T12:21:36.208-0600][gc,phases   ] GC(72)   Other: 0.40ms
[2025-01-14T12:21:36.208-0600][gc,heap     ] GC(72) Eden regions: 40->0(116)
[2025-01-14T12:21:36.208-0600][gc,heap     ] GC(72) Survivor regions: 11->6(7)
[2025-01-14T12:21:36.208-0600][gc,heap     ] GC(72) Old regions: 185->194
[2025-01-14T12:21:36.208-0600][gc,heap     ] GC(72) Humongous regions: 129->129
[2025-01-14T12:21:36.208-0600][gc,metaspace] GC(72) Metaspace: 44330K(44992K)->44330K(44992K) NonClass: 39059K(39424K)->39059K(39424K) Class: 5270K(5568K)->5270K(5568K)
[2025-01-14T12:21:36.208-0600][gc          ] GC(72) Pause Young (Normal) (G1 Evacuation Pause) 365M->328M(1024M) 9.938ms
[2025-01-14T12:21:36.208-0600][gc,cpu      ] GC(72) User=0.03s Sys=0.00s Real=0.01s
[2025-01-14T12:28:26.276-0600][gc,start    ] GC(73) Pause Young (Normal) (G1 Evacuation Pause)
[2025-01-14T12:28:26.276-0600][gc,task     ] GC(73) Using 9 workers of 9 for evacuation
[2025-01-14T12:28:26.290-0600][gc,phases   ] GC(73)   Pre Evacuate Collection Set: 0.78ms
[2025-01-14T12:28:26.290-0600][gc,phases   ] GC(73)   Merge Heap Roots: 0.16ms
[2025-01-14T12:28:26.290-0600][gc,phases   ] GC(73)   Evacuate Collection Set: 11.37ms
[2025-01-14T12:28:26.290-0600][gc,phases   ] GC(73)   Post Evacuate Collection Set: 0.56ms
[2025-01-14T12:28:26.290-0600][gc,phases   ] GC(73)   Other: 0.31ms
[2025-01-14T12:28:26.290-0600][gc,heap     ] GC(73) Eden regions: 112->0(95)
[2025-01-14T12:28:26.290-0600][gc,heap     ] GC(73) Survivor regions: 6->7(15)
[2025-01-14T12:28:26.290-0600][gc,heap     ] GC(73) Old regions: 194->194
[2025-01-14T12:28:26.290-0600][gc,heap     ] GC(73) Humongous regions: 129->129
[2025-01-14T12:28:26.290-0600][gc,metaspace] GC(73) Metaspace: 44333K(44992K)->44333K(44992K) NonClass: 39063K(39424K)->39063K(39424K) Class: 5270K(5568K)->5270K(5568K)
[2025-01-14T12:28:26.290-0600][gc          ] GC(73) Pause Young (Normal) (G1 Evacuation Pause) 440M->329M(1024M) 13.795ms
[2025-01-14T12:28:26.290-0600][gc,cpu      ] GC(73) User=0.03s Sys=0.03s Real=0.02s
[2025-01-14T12:34:12.465-0600][gc,start    ] GC(74) Pause Young (Normal) (G1 Evacuation Pause)
[2025-01-14T12:34:12.466-0600][gc,task     ] GC(74) Using 9 workers of 9 for evacuation
[2025-01-14T12:34:12.479-0600][gc,phases   ] GC(74)   Pre Evacuate Collection Set: 1.24ms
[2025-01-14T12:34:12.479-0600][gc,phases   ] GC(74)   Merge Heap Roots: 0.17ms
[2025-01-14T12:34:12.479-0600][gc,phases   ] GC(74)   Evacuate Collection Set: 10.16ms
[2025-01-14T12:34:12.479-0600][gc,phases   ] GC(74)   Post Evacuate Collection Set: 0.98ms
[2025-01-14T12:34:12.479-0600][gc,phases   ] GC(74)   Other: 0.40ms
[2025-01-14T12:34:12.479-0600][gc,heap     ] GC(74) Eden regions: 93->0(113)
[2025-01-14T12:34:12.479-0600][gc,heap     ] GC(74) Survivor regions: 7->7(13)
[2025-01-14T12:34:12.479-0600][gc,heap     ] GC(74) Old regions: 194->194
[2025-01-14T12:34:12.479-0600][gc,heap     ] GC(74) Humongous regions: 129->129
[2025-01-14T12:34:12.479-0600][gc,metaspace] GC(74) Metaspace: 44334K(44992K)->44334K(44992K) NonClass: 39064K(39424K)->39064K(39424K) Class: 5270K(5568K)->5270K(5568K)
[2025-01-14T12:34:12.479-0600][gc          ] GC(74) Pause Young (Normal) (G1 Evacuation Pause) 422M->329M(1024M) 14.491ms
[2025-01-14T12:34:12.479-0600][gc,cpu      ] GC(74) User=0.03s Sys=0.02s Real=0.01s
[2025-01-14T12:41:02.011-0600][gc,start    ] GC(75) Pause Young (Normal) (G1 Evacuation Pause)
[2025-01-14T12:41:02.012-0600][gc,task     ] GC(75) Using 9 workers of 9 for evacuation
[2025-01-14T12:41:02.026-0600][gc,phases   ] GC(75)   Pre Evacuate Collection Set: 1.21ms
[2025-01-14T12:41:02.026-0600][gc,phases   ] GC(75)   Merge Heap Roots: 0.38ms
[2025-01-14T12:41:02.026-0600][gc,phases   ] GC(75)   Evacuate Collection Set: 10.43ms
[2025-01-14T12:41:02.026-0600][gc,phases   ] GC(75)   Post Evacuate Collection Set: 0.87ms
[2025-01-14T12:41:02.026-0600][gc,phases   ] GC(75)   Other: 0.47ms
[2025-01-14T12:41:02.026-0600][gc,heap     ] GC(75) Eden regions: 110->0(143)
[2025-01-14T12:41:02.026-0600][gc,heap     ] GC(75) Survivor regions: 7->7(15)
[2025-01-14T12:41:02.026-0600][gc,heap     ] GC(75) Old regions: 194->194
[2025-01-14T12:41:02.026-0600][gc,heap     ] GC(75) Humongous regions: 129->129
[2025-01-14T12:41:02.026-0600][gc,metaspace] GC(75) Metaspace: 44343K(44992K)->44343K(44992K) NonClass: 39073K(39424K)->39073K(39424K) Class: 5270K(5568K)->5270K(5568K)
[2025-01-14T12:41:02.026-0600][gc          ] GC(75) Pause Young (Normal) (G1 Evacuation Pause) 439M->329M(1024M) 15.348ms
[2025-01-14T12:41:02.026-0600][gc,cpu      ] GC(75) User=0.03s Sys=0.03s Real=0.01s
[2025-01-14T12:50:05.427-0600][gc,start    ] GC(76) Pause Young (Normal) (G1 Evacuation Pause)
[2025-01-14T12:50:05.428-0600][gc,task     ] GC(76) Using 9 workers of 9 for evacuation
[2025-01-14T12:50:05.442-0600][gc,phases   ] GC(76)   Pre Evacuate Collection Set: 1.50ms
[2025-01-14T12:50:05.443-0600][gc,phases   ] GC(76)   Merge Heap Roots: 0.27ms
[2025-01-14T12:50:05.443-0600][gc,phases   ] GC(76)   Evacuate Collection Set: 9.42ms
[2025-01-14T12:50:05.443-0600][gc,phases   ] GC(76)   Post Evacuate Collection Set: 2.96ms
[2025-01-14T12:50:05.443-0600][gc,phases   ] GC(76)   Other: 0.27ms
[2025-01-14T12:50:05.443-0600][gc,heap     ] GC(76) Eden regions: 145->0(203)
[2025-01-14T12:50:05.443-0600][gc,heap     ] GC(76) Survivor regions: 7->5(19)
[2025-01-14T12:50:05.443-0600][gc,heap     ] GC(76) Old regions: 194->194
[2025-01-14T12:50:05.443-0600][gc,heap     ] GC(76) Humongous regions: 129->129
[2025-01-14T12:50:05.443-0600][gc,metaspace] GC(76) Metaspace: 44344K(44992K)->44344K(44992K) NonClass: 39073K(39424K)->39073K(39424K) Class: 5270K(5568K)->5270K(5568K)
[2025-01-14T12:50:05.443-0600][gc          ] GC(76) Pause Young (Normal) (G1 Evacuation Pause) 474M->327M(1024M) 15.629ms
[2025-01-14T12:50:05.443-0600][gc,cpu      ] GC(76) User=0.02s Sys=0.03s Real=0.02s
[2025-01-14T13:02:55.203-0600][gc,start    ] GC(77) Pause Young (Normal) (G1 Evacuation Pause)
[2025-01-14T13:02:55.203-0600][gc,task     ] GC(77) Using 9 workers of 9 for evacuation
[2025-01-14T13:02:55.214-0600][gc,phases   ] GC(77)   Pre Evacuate Collection Set: 1.59ms
[2025-01-14T13:02:55.215-0600][gc,phases   ] GC(77)   Merge Heap Roots: 0.25ms
[2025-01-14T13:02:55.215-0600][gc,phases   ] GC(77)   Evacuate Collection Set: 7.66ms
[2025-01-14T13:02:55.215-0600][gc,phases   ] GC(77)   Post Evacuate Collection Set: 0.92ms
[2025-01-14T13:02:55.215-0600][gc,phases   ] GC(77)   Other: 0.57ms
[2025-01-14T13:02:55.215-0600][gc,heap     ] GC(77) Eden regions: 205->0(152)
[2025-01-14T13:02:55.215-0600][gc,heap     ] GC(77) Survivor regions: 5->6(27)
[2025-01-14T13:02:55.215-0600][gc,heap     ] GC(77) Old regions: 194->194
[2025-01-14T13:02:55.215-0600][gc,heap     ] GC(77) Humongous regions: 129->129
[2025-01-14T13:02:55.215-0600][gc,metaspace] GC(77) Metaspace: 44345K(44992K)->44345K(44992K) NonClass: 39074K(39424K)->39074K(39424K) Class: 5270K(5568K)->5270K(5568K)
[2025-01-14T13:02:55.215-0600][gc          ] GC(77) Pause Young (Normal) (G1 Evacuation Pause) 532M->328M(1024M) 11.879ms
[2025-01-14T13:02:55.215-0600][gc,cpu      ] GC(77) User=0.02s Sys=0.02s Real=0.01s
[2025-01-14T13:12:29.007-0600][gc,start    ] GC(78) Pause Young (Normal) (G1 Evacuation Pause)
[2025-01-14T13:12:29.007-0600][gc,task     ] GC(78) Using 9 workers of 9 for evacuation
[2025-01-14T13:12:29.020-0600][gc,phases   ] GC(78)   Pre Evacuate Collection Set: 1.43ms
[2025-01-14T13:12:29.020-0600][gc,phases   ] GC(78)   Merge Heap Roots: 0.26ms
[2025-01-14T13:12:29.020-0600][gc,phases   ] GC(78)   Evacuate Collection Set: 9.80ms
[2025-01-14T13:12:29.020-0600][gc,phases   ] GC(78)   Post Evacuate Collection Set: 0.77ms
[2025-01-14T13:12:29.020-0600][gc,phases   ] GC(78)   Other: 0.52ms
[2025-01-14T13:12:29.020-0600][gc,heap     ] GC(78) Eden regions: 152->0(155)
[2025-01-14T13:12:29.020-0600][gc,heap     ] GC(78) Survivor regions: 6->7(20)
[2025-01-14T13:12:29.020-0600][gc,heap     ] GC(78) Old regions: 194->194
[2025-01-14T13:12:29.020-0600][gc,heap     ] GC(78) Humongous regions: 129->129
[2025-01-14T13:12:29.020-0600][gc,metaspace] GC(78) Metaspace: 44345K(44992K)->44345K(44992K) NonClass: 39074K(39424K)->39074K(39424K) Class: 5270K(5568K)->5270K(5568K)
[2025-01-14T13:12:29.020-0600][gc          ] GC(78) Pause Young (Normal) (G1 Evacuation Pause) 480M->329M(1024M) 13.854ms
[2025-01-14T13:12:29.020-0600][gc,cpu      ] GC(78) User=0.03s Sys=0.03s Real=0.02s
[2025-01-14T13:22:02.441-0600][gc,start    ] GC(79) Pause Young (Normal) (G1 Evacuation Pause)
[2025-01-14T13:22:02.443-0600][gc,task     ] GC(79) Using 9 workers of 9 for evacuation
[2025-01-14T13:22:02.455-0600][gc,phases   ] GC(79)   Pre Evacuate Collection Set: 1.50ms
[2025-01-14T13:22:02.455-0600][gc,phases   ] GC(79)   Merge Heap Roots: 0.36ms
[2025-01-14T13:22:02.455-0600][gc,phases   ] GC(79)   Evacuate Collection Set: 8.37ms
[2025-01-14T13:22:02.455-0600][gc,phases   ] GC(79)   Post Evacuate Collection Set: 0.95ms
[2025-01-14T13:22:02.455-0600][gc,phases   ] GC(79)   Other: 0.96ms
[2025-01-14T13:22:02.455-0600][gc,heap     ] GC(79) Eden regions: 155->0(164)
[2025-01-14T13:22:02.455-0600][gc,heap     ] GC(79) Survivor regions: 7->6(21)
[2025-01-14T13:22:02.455-0600][gc,heap     ] GC(79) Old regions: 194->194
[2025-01-14T13:22:02.455-0600][gc,heap     ] GC(79) Humongous regions: 129->129
[2025-01-14T13:22:02.455-0600][gc,metaspace] GC(79) Metaspace: 44345K(44992K)->44345K(44992K) NonClass: 39074K(39424K)->39074K(39424K) Class: 5270K(5568K)->5270K(5568K)
[2025-01-14T13:22:02.455-0600][gc          ] GC(79) Pause Young (Normal) (G1 Evacuation Pause) 484M->328M(1024M) 14.816ms
[2025-01-14T13:22:02.456-0600][gc,cpu      ] GC(79) User=0.02s Sys=0.03s Real=0.01s
[2025-01-14T13:32:17.373-0600][gc,start    ] GC(80) Pause Young (Normal) (G1 Evacuation Pause)
[2025-01-14T13:32:17.375-0600][gc,task     ] GC(80) Using 9 workers of 9 for evacuation
[2025-01-14T13:32:17.391-0600][gc,phases   ] GC(80)   Pre Evacuate Collection Set: 2.40ms
[2025-01-14T13:32:17.391-0600][gc,phases   ] GC(80)   Merge Heap Roots: 0.54ms
[2025-01-14T13:32:17.391-0600][gc,phases   ] GC(80)   Evacuate Collection Set: 10.61ms
[2025-01-14T13:32:17.391-0600][gc,phases   ] GC(80)   Post Evacuate Collection Set: 2.00ms
[2025-01-14T13:32:17.391-0600][gc,phases   ] GC(80)   Other: 0.62ms
[2025-01-14T13:32:17.391-0600][gc,heap     ] GC(80) Eden regions: 164->0(163)
[2025-01-14T13:32:17.391-0600][gc,heap     ] GC(80) Survivor regions: 6->6(22)
[2025-01-14T13:32:17.391-0600][gc,heap     ] GC(80) Old regions: 194->194
[2025-01-14T13:32:17.391-0600][gc,heap     ] GC(80) Humongous regions: 129->129
[2025-01-14T13:32:17.391-0600][gc,metaspace] GC(80) Metaspace: 44346K(44992K)->44346K(44992K) NonClass: 39075K(39424K)->39075K(39424K) Class: 5270K(5568K)->5270K(5568K)
[2025-01-14T13:32:17.391-0600][gc          ] GC(80) Pause Young (Normal) (G1 Evacuation Pause) 492M->328M(1024M) 18.008ms
[2025-01-14T13:32:17.391-0600][gc,cpu      ] GC(80) User=0.03s Sys=0.04s Real=0.02s
[2025-01-14T13:42:33.495-0600][gc,start    ] GC(81) Pause Young (Normal) (G1 Evacuation Pause)
[2025-01-14T13:42:33.495-0600][gc,task     ] GC(81) Using 9 workers of 9 for evacuation
[2025-01-14T13:42:33.508-0600][gc,phases   ] GC(81)   Pre Evacuate Collection Set: 1.27ms
[2025-01-14T13:42:33.509-0600][gc,phases   ] GC(81)   Merge Heap Roots: 0.32ms
[2025-01-14T13:42:33.509-0600][gc,phases   ] GC(81)   Evacuate Collection Set: 10.18ms
[2025-01-14T13:42:33.509-0600][gc,phases   ] GC(81)   Post Evacuate Collection Set: 1.00ms
[2025-01-14T13:42:33.509-0600][gc,phases   ] GC(81)   Other: 0.35ms
[2025-01-14T13:42:33.509-0600][gc,heap     ] GC(81) Eden regions: 164->0(171)
[2025-01-14T13:42:33.509-0600][gc,heap     ] GC(81) Survivor regions: 6->5(22)
[2025-01-14T13:42:33.509-0600][gc,heap     ] GC(81) Old regions: 194->194
[2025-01-14T13:42:33.509-0600][gc,heap     ] GC(81) Humongous regions: 129->129
[2025-01-14T13:42:33.509-0600][gc,metaspace] GC(81) Metaspace: 44346K(44992K)->44346K(44992K) NonClass: 39076K(39424K)->39076K(39424K) Class: 5270K(5568K)->5270K(5568K)
[2025-01-14T13:42:33.509-0600][gc          ] GC(81) Pause Young (Normal) (G1 Evacuation Pause) 492M->327M(1024M) 14.080ms
[2025-01-14T13:42:33.509-0600][gc,cpu      ] GC(81) User=0.04s Sys=0.04s Real=0.01s
[2025-01-14T13:53:22.770-0600][gc,start    ] GC(82) Pause Young (Normal) (G1 Evacuation Pause)
[2025-01-14T13:53:22.771-0600][gc,task     ] GC(82) Using 9 workers of 9 for evacuation
[2025-01-14T13:53:22.783-0600][gc,phases   ] GC(82)   Pre Evacuate Collection Set: 0.77ms
[2025-01-14T13:53:22.783-0600][gc,phases   ] GC(82)   Merge Heap Roots: 0.19ms
[2025-01-14T13:53:22.783-0600][gc,phases   ] GC(82)   Evacuate Collection Set: 9.13ms
[2025-01-14T13:53:22.783-0600][gc,phases   ] GC(82)   Post Evacuate Collection Set: 0.62ms
[2025-01-14T13:53:22.783-0600][gc,phases   ] GC(82)   Other: 0.54ms
[2025-01-14T13:53:22.783-0600][gc,heap     ] GC(82) Eden regions: 173->0(178)
[2025-01-14T13:53:22.783-0600][gc,heap     ] GC(82) Survivor regions: 5->6(23)
[2025-01-14T13:53:22.783-0600][gc,heap     ] GC(82) Old regions: 194->194
[2025-01-14T13:53:22.783-0600][gc,heap     ] GC(82) Humongous regions: 129->129
[2025-01-14T13:53:22.783-0600][gc,metaspace] GC(82) Metaspace: 44348K(44992K)->44348K(44992K) NonClass: 39077K(39424K)->39077K(39424K) Class: 5270K(5568K)->5270K(5568K)
[2025-01-14T13:53:22.783-0600][gc          ] GC(82) Pause Young (Normal) (G1 Evacuation Pause) 500M->328M(1024M) 13.380ms
[2025-01-14T13:53:22.783-0600][gc,cpu      ] GC(82) User=0.03s Sys=0.03s Real=0.01s
[2025-01-14T15:33:26.799-0600][gc,start    ] GC(83) Pause Young (Normal) (G1 Evacuation Pause)
[2025-01-14T15:33:26.799-0600][gc,task     ] GC(83) Using 9 workers of 9 for evacuation
[2025-01-14T15:33:26.817-0600][gc,phases   ] GC(83)   Pre Evacuate Collection Set: 0.83ms
[2025-01-14T15:33:26.817-0600][gc,phases   ] GC(83)   Merge Heap Roots: 0.29ms
[2025-01-14T15:33:26.817-0600][gc,phases   ] GC(83)   Evacuate Collection Set: 15.37ms
[2025-01-14T15:33:26.817-0600][gc,phases   ] GC(83)   Post Evacuate Collection Set: 0.79ms
[2025-01-14T15:33:26.817-0600][gc,phases   ] GC(83)   Other: 0.46ms
[2025-01-14T15:33:26.818-0600][gc,heap     ] GC(83) Eden regions: 179->0(155)
[2025-01-14T15:33:26.818-0600][gc,heap     ] GC(83) Survivor regions: 6->7(24)
[2025-01-14T15:33:26.818-0600][gc,heap     ] GC(83) Old regions: 194->194
[2025-01-14T15:33:26.818-0600][gc,heap     ] GC(83) Humongous regions: 129->129
[2025-01-14T15:33:26.818-0600][gc,metaspace] GC(83) Metaspace: 44350K(44992K)->44350K(44992K) NonClass: 39080K(39424K)->39080K(39424K) Class: 5270K(5568K)->5270K(5568K)
[2025-01-14T15:33:26.818-0600][gc          ] GC(83) Pause Young (Normal) (G1 Evacuation Pause) 507M->329M(1024M) 18.610ms
[2025-01-14T15:33:26.818-0600][gc,cpu      ] GC(83) User=0.04s Sys=0.04s Real=0.02s
[2025-01-14T15:43:09.806-0600][gc,start    ] GC(84) Pause Young (Normal) (G1 Evacuation Pause)
[2025-01-14T15:43:09.807-0600][gc,task     ] GC(84) Using 9 workers of 9 for evacuation
[2025-01-14T15:43:09.819-0600][gc,phases   ] GC(84)   Pre Evacuate Collection Set: 1.35ms
[2025-01-14T15:43:09.819-0600][gc,phases   ] GC(84)   Merge Heap Roots: 0.18ms
[2025-01-14T15:43:09.819-0600][gc,phases   ] GC(84)   Evacuate Collection Set: 8.97ms
[2025-01-14T15:43:09.819-0600][gc,phases   ] GC(84)   Post Evacuate Collection Set: 1.23ms
[2025-01-14T15:43:09.819-0600][gc,phases   ] GC(84)   Other: 0.44ms
[2025-01-14T15:43:09.819-0600][gc,heap     ] GC(84) Eden regions: 156->0(190)
[2025-01-14T15:43:09.819-0600][gc,heap     ] GC(84) Survivor regions: 7->5(21)
[2025-01-14T15:43:09.819-0600][gc,heap     ] GC(84) Old regions: 194->194
[2025-01-14T15:43:09.819-0600][gc,heap     ] GC(84) Humongous regions: 129->129
[2025-01-14T15:43:09.819-0600][gc,metaspace] GC(84) Metaspace: 44351K(44992K)->44351K(44992K) NonClass: 39080K(39424K)->39080K(39424K) Class: 5270K(5568K)->5270K(5568K)
[2025-01-14T15:43:09.820-0600][gc          ] GC(84) Pause Young (Normal) (G1 Evacuation Pause) 485M->327M(1024M) 13.271ms
[2025-01-14T15:43:09.820-0600][gc,cpu      ] GC(84) User=0.02s Sys=0.02s Real=0.02s
[2025-01-14T15:54:47.700-0600][gc,start    ] GC(85) Pause Young (Normal) (G1 Evacuation Pause)
[2025-01-14T15:54:47.701-0600][gc,task     ] GC(85) Using 9 workers of 9 for evacuation
[2025-01-14T15:54:47.714-0600][gc,phases   ] GC(85)   Pre Evacuate Collection Set: 1.08ms
[2025-01-14T15:54:47.714-0600][gc,phases   ] GC(85)   Merge Heap Roots: 0.35ms
[2025-01-14T15:54:47.714-0600][gc,phases   ] GC(85)   Evacuate Collection Set: 10.16ms
[2025-01-14T15:54:47.714-0600][gc,phases   ] GC(85)   Post Evacuate Collection Set: 0.69ms
[2025-01-14T15:54:47.714-0600][gc,phases   ] GC(85)   Other: 0.46ms
[2025-01-14T15:54:47.714-0600][gc,heap     ] GC(85) Eden regions: 190->0(177)
[2025-01-14T15:54:47.714-0600][gc,heap     ] GC(85) Survivor regions: 5->7(25)
[2025-01-14T15:54:47.714-0600][gc,heap     ] GC(85) Old regions: 194->194
[2025-01-14T15:54:47.714-0600][gc,heap     ] GC(85) Humongous regions: 129->129
[2025-01-14T15:54:47.714-0600][gc,metaspace] GC(85) Metaspace: 44351K(44992K)->44351K(44992K) NonClass: 39080K(39424K)->39080K(39424K) Class: 5270K(5568K)->5270K(5568K)
[2025-01-14T15:54:47.714-0600][gc          ] GC(85) Pause Young (Normal) (G1 Evacuation Pause) 517M->329M(1024M) 14.262ms
[2025-01-14T15:54:47.714-0600][gc,cpu      ] GC(85) User=0.02s Sys=0.04s Real=0.01s
[2025-01-14T16:05:48.008-0600][gc,start    ] GC(86) Pause Young (Normal) (G1 Evacuation Pause)
[2025-01-14T16:05:48.010-0600][gc,task     ] GC(86) Using 9 workers of 9 for evacuation
[2025-01-14T16:05:48.023-0600][gc,phases   ] GC(86)   Pre Evacuate Collection Set: 1.38ms
[2025-01-14T16:05:48.023-0600][gc,phases   ] GC(86)   Merge Heap Roots: 0.28ms
[2025-01-14T16:05:48.023-0600][gc,phases   ] GC(86)   Evacuate Collection Set: 8.60ms
[2025-01-14T16:05:48.023-0600][gc,phases   ] GC(86)   Post Evacuate Collection Set: 1.09ms
[2025-01-14T16:05:48.023-0600][gc,phases   ] GC(86)   Other: 1.10ms
[2025-01-14T16:05:48.023-0600][gc,heap     ] GC(86) Eden regions: 176->0(231)
[2025-01-14T16:05:48.023-0600][gc,heap     ] GC(86) Survivor regions: 7->5(23)
[2025-01-14T16:05:48.023-0600][gc,heap     ] GC(86) Old regions: 194->194
[2025-01-14T16:05:48.023-0600][gc,heap     ] GC(86) Humongous regions: 129->129
[2025-01-14T16:05:48.023-0600][gc,metaspace] GC(86) Metaspace: 44352K(45056K)->44352K(45056K) NonClass: 39081K(39488K)->39081K(39488K) Class: 5270K(5568K)->5270K(5568K)
[2025-01-14T16:05:48.023-0600][gc          ] GC(86) Pause Young (Normal) (G1 Evacuation Pause) 505M->327M(1024M) 17.931ms
[2025-01-14T16:05:48.024-0600][gc,cpu      ] GC(86) User=0.02s Sys=0.03s Real=0.02s
[2025-01-14T16:20:15.173-0600][gc,start    ] GC(87) Pause Young (Normal) (G1 Evacuation Pause)
[2025-01-14T16:20:15.177-0600][gc,task     ] GC(87) Using 9 workers of 9 for evacuation
[2025-01-14T16:20:15.191-0600][gc,phases   ] GC(87)   Pre Evacuate Collection Set: 1.51ms
[2025-01-14T16:20:15.191-0600][gc,phases   ] GC(87)   Merge Heap Roots: 0.41ms
[2025-01-14T16:20:15.191-0600][gc,phases   ] GC(87)   Evacuate Collection Set: 9.70ms
[2025-01-14T16:20:15.191-0600][gc,phases   ] GC(87)   Post Evacuate Collection Set: 1.11ms
[2025-01-14T16:20:15.191-0600][gc,phases   ] GC(87)   Other: 1.77ms
[2025-01-14T16:20:15.191-0600][gc,heap     ] GC(87) Eden regions: 231->0(209)
[2025-01-14T16:20:15.191-0600][gc,heap     ] GC(87) Survivor regions: 5->3(30)
[2025-01-14T16:20:15.191-0600][gc,heap     ] GC(87) Old regions: 194->196
[2025-01-14T16:20:15.191-0600][gc,heap     ] GC(87) Humongous regions: 129->129
[2025-01-14T16:20:15.191-0600][gc,metaspace] GC(87) Metaspace: 44358K(45056K)->44358K(45056K) NonClass: 39088K(39488K)->39088K(39488K) Class: 5270K(5568K)->5270K(5568K)
[2025-01-14T16:20:15.191-0600][gc          ] GC(87) Pause Young (Normal) (G1 Evacuation Pause) 558M->327M(1024M) 19.114ms
[2025-01-14T16:20:15.192-0600][gc,cpu      ] GC(87) User=0.02s Sys=0.04s Real=0.02s
[2025-01-14T16:33:27.166-0600][gc,start    ] GC(88) Pause Young (Normal) (G1 Evacuation Pause)
[2025-01-14T16:33:27.180-0600][gc,task     ] GC(88) Using 9 workers of 9 for evacuation
[2025-01-14T16:33:27.234-0600][gc,mmu      ] GC(88) MMU target violated: 21.0ms (20.0ms/21.0ms)
[2025-01-14T16:33:27.237-0600][gc,phases   ] GC(88)   Pre Evacuate Collection Set: 2.96ms
[2025-01-14T16:33:27.237-0600][gc,phases   ] GC(88)   Merge Heap Roots: 0.42ms
[2025-01-14T16:33:27.238-0600][gc,phases   ] GC(88)   Evacuate Collection Set: 42.40ms
[2025-01-14T16:33:27.238-0600][gc,phases   ] GC(88)   Post Evacuate Collection Set: 8.11ms
[2025-01-14T16:33:27.238-0600][gc,phases   ] GC(88)   Other: 11.30ms
[2025-01-14T16:33:27.238-0600][gc,heap     ] GC(88) Eden regions: 211->0(47)
[2025-01-14T16:33:27.239-0600][gc,heap     ] GC(88) Survivor regions: 3->4(27)
[2025-01-14T16:33:27.239-0600][gc,heap     ] GC(88) Old regions: 196->196
[2025-01-14T16:33:27.239-0600][gc,heap     ] GC(88) Humongous regions: 129->129
[2025-01-14T16:33:27.239-0600][gc,metaspace] GC(88) Metaspace: 44359K(45056K)->44359K(45056K) NonClass: 39088K(39488K)->39088K(39488K) Class: 5270K(5568K)->5270K(5568K)
[2025-01-14T16:33:27.239-0600][gc          ] GC(88) Pause Young (Normal) (G1 Evacuation Pause) 538M->327M(1024M) 72.732ms
[2025-01-14T16:33:27.239-0600][gc,cpu      ] GC(88) User=0.02s Sys=0.05s Real=0.07s
[2025-01-14T16:36:18.518-0600][gc,start    ] GC(89) Pause Young (Normal) (G1 Evacuation Pause)
[2025-01-14T16:36:18.519-0600][gc,task     ] GC(89) Using 9 workers of 9 for evacuation
[2025-01-14T16:36:18.531-0600][gc,phases   ] GC(89)   Pre Evacuate Collection Set: 0.97ms
[2025-01-14T16:36:18.531-0600][gc,phases   ] GC(89)   Merge Heap Roots: 0.25ms
[2025-01-14T16:36:18.531-0600][gc,phases   ] GC(89)   Evacuate Collection Set: 8.87ms
[2025-01-14T16:36:18.531-0600][gc,phases   ] GC(89)   Post Evacuate Collection Set: 0.78ms
[2025-01-14T16:36:18.531-0600][gc,phases   ] GC(89)   Other: 0.72ms
[2025-01-14T16:36:18.531-0600][gc,heap     ] GC(89) Eden regions: 47->0(46)
[2025-01-14T16:36:18.531-0600][gc,heap     ] GC(89) Survivor regions: 4->5(7)
[2025-01-14T16:36:18.531-0600][gc,heap     ] GC(89) Old regions: 196->196
[2025-01-14T16:36:18.531-0600][gc,heap     ] GC(89) Humongous regions: 129->129
[2025-01-14T16:36:18.531-0600][gc,metaspace] GC(89) Metaspace: 44359K(45056K)->44359K(45056K) NonClass: 39088K(39488K)->39088K(39488K) Class: 5270K(5568K)->5270K(5568K)
[2025-01-14T16:36:18.531-0600][gc          ] GC(89) Pause Young (Normal) (G1 Evacuation Pause) 374M->329M(1024M) 12.822ms
[2025-01-14T16:36:18.531-0600][gc,cpu      ] GC(89) User=0.02s Sys=0.03s Real=0.02s
[2025-01-14T16:39:07.189-0600][gc,start    ] GC(90) Pause Young (Normal) (G1 Evacuation Pause)
[2025-01-14T16:39:07.191-0600][gc,task     ] GC(90) Using 9 workers of 9 for evacuation
[2025-01-14T16:39:07.198-0600][gc,phases   ] GC(90)   Pre Evacuate Collection Set: 1.08ms
[2025-01-14T16:39:07.198-0600][gc,phases   ] GC(90)   Merge Heap Roots: 0.18ms
[2025-01-14T16:39:07.198-0600][gc,phases   ] GC(90)   Evacuate Collection Set: 4.36ms
[2025-01-14T16:39:07.198-0600][gc,phases   ] GC(90)   Post Evacuate Collection Set: 1.00ms
[2025-01-14T16:39:07.198-0600][gc,phases   ] GC(90)   Other: 0.61ms
[2025-01-14T16:39:07.198-0600][gc,heap     ] GC(90) Eden regions: 46->0(49)
[2025-01-14T16:39:07.198-0600][gc,heap     ] GC(90) Survivor regions: 5->2(7)
[2025-01-14T16:39:07.198-0600][gc,heap     ] GC(90) Old regions: 196->197
[2025-01-14T16:39:07.198-0600][gc,heap     ] GC(90) Humongous regions: 129->129
[2025-01-14T16:39:07.198-0600][gc,metaspace] GC(90) Metaspace: 44359K(45056K)->44359K(45056K) NonClass: 39088K(39488K)->39088K(39488K) Class: 5270K(5568K)->5270K(5568K)
[2025-01-14T16:39:07.198-0600][gc          ] GC(90) Pause Young (Normal) (G1 Evacuation Pause) 375M->327M(1024M) 9.061ms
[2025-01-14T16:39:07.198-0600][gc,cpu      ] GC(90) User=0.01s Sys=0.01s Real=0.01s
[2025-01-14T16:42:08.675-0600][gc,start    ] GC(91) Pause Young (Normal) (G1 Evacuation Pause)
[2025-01-14T16:42:08.676-0600][gc,task     ] GC(91) Using 9 workers of 9 for evacuation
[2025-01-14T16:42:08.688-0600][gc,phases   ] GC(91)   Pre Evacuate Collection Set: 1.97ms
[2025-01-14T16:42:08.688-0600][gc,phases   ] GC(91)   Merge Heap Roots: 0.15ms
[2025-01-14T16:42:08.688-0600][gc,phases   ] GC(91)   Evacuate Collection Set: 8.66ms
[2025-01-14T16:42:08.688-0600][gc,phases   ] GC(91)   Post Evacuate Collection Set: 0.88ms
[2025-01-14T16:42:08.688-0600][gc,phases   ] GC(91)   Other: 0.89ms
[2025-01-14T16:42:08.688-0600][gc,heap     ] GC(91) Eden regions: 49->0(46)
[2025-01-14T16:42:08.688-0600][gc,heap     ] GC(91) Survivor regions: 2->5(7)
[2025-01-14T16:42:08.688-0600][gc,heap     ] GC(91) Old regions: 197->197
[2025-01-14T16:42:08.688-0600][gc,heap     ] GC(91) Humongous regions: 129->129
[2025-01-14T16:42:08.688-0600][gc,metaspace] GC(91) Metaspace: 44359K(45056K)->44359K(45056K) NonClass: 39088K(39488K)->39088K(39488K) Class: 5270K(5568K)->5270K(5568K)
[2025-01-14T16:42:08.689-0600][gc          ] GC(91) Pause Young (Normal) (G1 Evacuation Pause) 376M->330M(1024M) 13.352ms
[2025-01-14T16:42:08.689-0600][gc,cpu      ] GC(91) User=0.03s Sys=0.02s Real=0.01s
[2025-01-14T16:44:58.126-0600][gc,start    ] GC(92) Pause Young (Normal) (G1 Evacuation Pause)
[2025-01-14T16:44:58.126-0600][gc,task     ] GC(92) Using 9 workers of 9 for evacuation
[2025-01-14T16:44:58.146-0600][gc,phases   ] GC(92)   Pre Evacuate Collection Set: 1.49ms
[2025-01-14T16:44:58.146-0600][gc,phases   ] GC(92)   Merge Heap Roots: 0.18ms
[2025-01-14T16:44:58.146-0600][gc,phases   ] GC(92)   Evacuate Collection Set: 16.12ms
[2025-01-14T16:44:58.146-0600][gc,phases   ] GC(92)   Post Evacuate Collection Set: 0.87ms
[2025-01-14T16:44:58.146-0600][gc,phases   ] GC(92)   Other: 0.91ms
[2025-01-14T16:44:58.146-0600][gc,heap     ] GC(92) Eden regions: 46->0(46)
[2025-01-14T16:44:58.146-0600][gc,heap     ] GC(92) Survivor regions: 5->5(7)
[2025-01-14T16:44:58.146-0600][gc,heap     ] GC(92) Old regions: 197->200
[2025-01-14T16:44:58.146-0600][gc,heap     ] GC(92) Humongous regions: 129->129
[2025-01-14T16:44:58.146-0600][gc,metaspace] GC(92) Metaspace: 44359K(45056K)->44359K(45056K) NonClass: 39088K(39488K)->39088K(39488K) Class: 5270K(5568K)->5270K(5568K)
[2025-01-14T16:44:58.146-0600][gc          ] GC(92) Pause Young (Normal) (G1 Evacuation Pause) 376M->333M(1024M) 20.817ms
[2025-01-14T16:44:58.146-0600][gc,cpu      ] GC(92) User=0.04s Sys=0.04s Real=0.02s
[2025-01-14T16:47:47.109-0600][gc,start    ] GC(93) Pause Young (Normal) (G1 Evacuation Pause)
[2025-01-14T16:47:47.110-0600][gc,task     ] GC(93) Using 9 workers of 9 for evacuation
[2025-01-14T16:47:47.123-0600][gc,phases   ] GC(93)   Pre Evacuate Collection Set: 1.58ms
[2025-01-14T16:47:47.123-0600][gc,phases   ] GC(93)   Merge Heap Roots: 0.21ms
[2025-01-14T16:47:47.123-0600][gc,phases   ] GC(93)   Evacuate Collection Set: 9.05ms
[2025-01-14T16:47:47.123-0600][gc,phases   ] GC(93)   Post Evacuate Collection Set: 0.92ms
[2025-01-14T16:47:47.123-0600][gc,phases   ] GC(93)   Other: 0.57ms
[2025-01-14T16:47:47.123-0600][gc,heap     ] GC(93) Eden regions: 46->0(48)
[2025-01-14T16:47:47.123-0600][gc,heap     ] GC(93) Survivor regions: 5->3(7)
[2025-01-14T16:47:47.123-0600][gc,heap     ] GC(93) Old regions: 200->202
[2025-01-14T16:47:47.123-0600][gc,heap     ] GC(93) Humongous regions: 129->129
[2025-01-14T16:47:47.123-0600][gc,metaspace] GC(93) Metaspace: 44359K(45056K)->44359K(45056K) NonClass: 39088K(39488K)->39088K(39488K) Class: 5270K(5568K)->5270K(5568K)
[2025-01-14T16:47:47.123-0600][gc          ] GC(93) Pause Young (Normal) (G1 Evacuation Pause) 379M->333M(1024M) 13.513ms
[2025-01-14T16:47:47.123-0600][gc,cpu      ] GC(93) User=0.03s Sys=0.02s Real=0.02s
[2025-01-14T16:50:33.156-0600][gc,start    ] GC(94) Pause Young (Normal) (G1 Evacuation Pause)
[2025-01-14T16:50:33.157-0600][gc,task     ] GC(94) Using 9 workers of 9 for evacuation
[2025-01-14T16:50:33.173-0600][gc,phases   ] GC(94)   Pre Evacuate Collection Set: 0.81ms
[2025-01-14T16:50:33.173-0600][gc,phases   ] GC(94)   Merge Heap Roots: 0.21ms
[2025-01-14T16:50:33.173-0600][gc,phases   ] GC(94)   Evacuate Collection Set: 13.50ms
[2025-01-14T16:50:33.173-0600][gc,phases   ] GC(94)   Post Evacuate Collection Set: 0.69ms
[2025-01-14T16:50:33.173-0600][gc,phases   ] GC(94)   Other: 0.44ms
[2025-01-14T16:50:33.173-0600][gc,heap     ] GC(94) Eden regions: 48->0(44)
[2025-01-14T16:50:33.173-0600][gc,heap     ] GC(94) Survivor regions: 3->7(7)
[2025-01-14T16:50:33.173-0600][gc,heap     ] GC(94) Old regions: 202->202
[2025-01-14T16:50:33.173-0600][gc,heap     ] GC(94) Humongous regions: 129->129
[2025-01-14T16:50:33.173-0600][gc,metaspace] GC(94) Metaspace: 44359K(45056K)->44359K(45056K) NonClass: 39088K(39488K)->39088K(39488K) Class: 5270K(5568K)->5270K(5568K)
[2025-01-14T16:50:33.173-0600][gc          ] GC(94) Pause Young (Normal) (G1 Evacuation Pause) 381M->337M(1024M) 17.073ms
[2025-01-14T16:50:33.173-0600][gc,cpu      ] GC(94) User=0.03s Sys=0.04s Real=0.02s
[2025-01-14T16:53:11.361-0600][gc,start    ] GC(95) Pause Young (Normal) (G1 Evacuation Pause)
[2025-01-14T16:53:11.363-0600][gc,task     ] GC(95) Using 9 workers of 9 for evacuation
[2025-01-14T16:53:11.383-0600][gc,mmu      ] GC(95) MMU target violated: 20.1ms (20.0ms/21.0ms)
[2025-01-14T16:53:11.383-0600][gc,phases   ] GC(95)   Pre Evacuate Collection Set: 1.18ms
[2025-01-14T16:53:11.383-0600][gc,phases   ] GC(95)   Merge Heap Roots: 0.28ms
[2025-01-14T16:53:11.383-0600][gc,phases   ] GC(95)   Evacuate Collection Set: 17.35ms
[2025-01-14T16:53:11.383-0600][gc,phases   ] GC(95)   Post Evacuate Collection Set: 1.15ms
[2025-01-14T16:53:11.383-0600][gc,phases   ] GC(95)   Other: 0.72ms
[2025-01-14T16:53:11.383-0600][gc,heap     ] GC(95) Eden regions: 44->0(46)
[2025-01-14T16:53:11.383-0600][gc,heap     ] GC(95) Survivor regions: 7->5(7)
[2025-01-14T16:53:11.383-0600][gc,heap     ] GC(95) Old regions: 202->207
[2025-01-14T16:53:11.383-0600][gc,heap     ] GC(95) Humongous regions: 129->129
[2025-01-14T16:53:11.383-0600][gc,metaspace] GC(95) Metaspace: 44359K(45056K)->44359K(45056K) NonClass: 39088K(39488K)->39088K(39488K) Class: 5270K(5568K)->5270K(5568K)
[2025-01-14T16:53:11.383-0600][gc          ] GC(95) Pause Young (Normal) (G1 Evacuation Pause) 381M->339M(1024M) 22.525ms
[2025-01-14T16:53:11.384-0600][gc,cpu      ] GC(95) User=0.03s Sys=0.04s Real=0.02s
[2025-01-14T16:55:59.266-0600][gc,start    ] GC(96) Pause Young (Normal) (G1 Evacuation Pause)
[2025-01-14T16:55:59.266-0600][gc,task     ] GC(96) Using 9 workers of 9 for evacuation
[2025-01-14T16:55:59.276-0600][gc,phases   ] GC(96)   Pre Evacuate Collection Set: 1.15ms
[2025-01-14T16:55:59.276-0600][gc,phases   ] GC(96)   Merge Heap Roots: 0.28ms
[2025-01-14T16:55:59.276-0600][gc,phases   ] GC(96)   Evacuate Collection Set: 6.81ms
[2025-01-14T16:55:59.276-0600][gc,phases   ] GC(96)   Post Evacuate Collection Set: 0.93ms
[2025-01-14T16:55:59.276-0600][gc,phases   ] GC(96)   Other: 0.51ms
[2025-01-14T16:55:59.276-0600][gc,heap     ] GC(96) Eden regions: 46->0(68)
[2025-01-14T16:55:59.276-0600][gc,heap     ] GC(96) Survivor regions: 5->3(7)
[2025-01-14T16:55:59.276-0600][gc,heap     ] GC(96) Old regions: 207->209
[2025-01-14T16:55:59.276-0600][gc,heap     ] GC(96) Humongous regions: 129->129
[2025-01-14T16:55:59.276-0600][gc,metaspace] GC(96) Metaspace: 44359K(45056K)->44359K(45056K) NonClass: 39088K(39488K)->39088K(39488K) Class: 5270K(5568K)->5270K(5568K)
[2025-01-14T16:55:59.276-0600][gc          ] GC(96) Pause Young (Normal) (G1 Evacuation Pause) 385M->339M(1024M) 10.666ms
[2025-01-14T16:55:59.277-0600][gc,cpu      ] GC(96) User=0.03s Sys=0.02s Real=0.01s
[2025-01-14T16:59:06.819-0600][gc,start    ] GC(97) Pause Young (Normal) (G1 Evacuation Pause)
[2025-01-14T16:59:06.819-0600][gc,task     ] GC(97) Using 9 workers of 9 for evacuation
[2025-01-14T16:59:06.835-0600][gc,phases   ] GC(97)   Pre Evacuate Collection Set: 1.27ms
[2025-01-14T16:59:06.835-0600][gc,phases   ] GC(97)   Merge Heap Roots: 0.28ms
[2025-01-14T16:59:06.835-0600][gc,phases   ] GC(97)   Evacuate Collection Set: 12.55ms
[2025-01-14T16:59:06.835-0600][gc,phases   ] GC(97)   Post Evacuate Collection Set: 1.74ms
[2025-01-14T16:59:06.835-0600][gc,phases   ] GC(97)   Other: 0.45ms
[2025-01-14T16:59:06.835-0600][gc,heap     ] GC(97) Eden regions: 51->0(44)
[2025-01-14T16:59:06.835-0600][gc,heap     ] GC(97) Survivor regions: 3->7(7)
[2025-01-14T16:59:06.835-0600][gc,heap     ] GC(97) Old regions: 209->209
[2025-01-14T16:59:06.836-0600][gc,heap     ] GC(97) Humongous regions: 129->129
[2025-01-14T16:59:06.836-0600][gc,metaspace] GC(97) Metaspace: 44359K(45056K)->44359K(45056K) NonClass: 39088K(39488K)->39088K(39488K) Class: 5270K(5568K)->5270K(5568K)
[2025-01-14T16:59:06.836-0600][gc          ] GC(97) Pause Young (Normal) (G1 Evacuation Pause) 390M->343M(1024M) 17.116ms
[2025-01-14T16:59:06.836-0600][gc,cpu      ] GC(97) User=0.03s Sys=0.03s Real=0.02s
[2025-01-14T17:01:48.896-0600][gc,start    ] GC(98) Pause Young (Normal) (G1 Evacuation Pause)
[2025-01-14T17:01:48.897-0600][gc,task     ] GC(98) Using 9 workers of 9 for evacuation
[2025-01-14T17:01:48.919-0600][gc,mmu      ] GC(98) MMU target violated: 21.0ms (20.0ms/21.0ms)
[2025-01-14T17:01:48.919-0600][gc,phases   ] GC(98)   Pre Evacuate Collection Set: 1.56ms
[2025-01-14T17:01:48.919-0600][gc,phases   ] GC(98)   Merge Heap Roots: 0.17ms
[2025-01-14T17:01:48.919-0600][gc,phases   ] GC(98)   Evacuate Collection Set: 18.82ms
[2025-01-14T17:01:48.919-0600][gc,phases   ] GC(98)   Post Evacuate Collection Set: 1.04ms
[2025-01-14T17:01:48.919-0600][gc,phases   ] GC(98)   Other: 0.77ms
[2025-01-14T17:01:48.919-0600][gc,heap     ] GC(98) Eden regions: 44->0(46)
[2025-01-14T17:01:48.919-0600][gc,heap     ] GC(98) Survivor regions: 7->5(7)
[2025-01-14T17:01:48.919-0600][gc,heap     ] GC(98) Old regions: 209->213
[2025-01-14T17:01:48.919-0600][gc,heap     ] GC(98) Humongous regions: 129->129
[2025-01-14T17:01:48.919-0600][gc,metaspace] GC(98) Metaspace: 44359K(45056K)->44359K(45056K) NonClass: 39088K(39488K)->39088K(39488K) Class: 5270K(5568K)->5270K(5568K)
[2025-01-14T17:01:48.919-0600][gc          ] GC(98) Pause Young (Normal) (G1 Evacuation Pause) 387M->346M(1024M) 23.199ms
[2025-01-14T17:01:48.919-0600][gc,cpu      ] GC(98) User=0.05s Sys=0.05s Real=0.02s
[2025-01-14T17:04:37.705-0600][gc,start    ] GC(99) Pause Young (Normal) (G1 Evacuation Pause)
[2025-01-14T17:04:37.705-0600][gc,task     ] GC(99) Using 9 workers of 9 for evacuation
[2025-01-14T17:04:37.715-0600][gc,phases   ] GC(99)   Pre Evacuate Collection Set: 1.01ms
[2025-01-14T17:04:37.716-0600][gc,phases   ] GC(99)   Merge Heap Roots: 0.22ms
[2025-01-14T17:04:37.716-0600][gc,phases   ] GC(99)   Evacuate Collection Set: 7.41ms
[2025-01-14T17:04:37.716-0600][gc,phases   ] GC(99)   Post Evacuate Collection Set: 1.06ms
[2025-01-14T17:04:37.716-0600][gc,phases   ] GC(99)   Other: 0.60ms
[2025-01-14T17:04:37.716-0600][gc,heap     ] GC(99) Eden regions: 46->0(74)
[2025-01-14T17:04:37.716-0600][gc,heap     ] GC(99) Survivor regions: 5->4(7)
[2025-01-14T17:04:37.716-0600][gc,heap     ] GC(99) Old regions: 213->215
[2025-01-14T17:04:37.716-0600][gc,heap     ] GC(99) Humongous regions: 129->129
[2025-01-14T17:04:37.716-0600][gc,metaspace] GC(99) Metaspace: 44359K(45056K)->44359K(45056K) NonClass: 39088K(39488K)->39088K(39488K) Class: 5270K(5568K)->5270K(5568K)
[2025-01-14T17:04:37.716-0600][gc          ] GC(99) Pause Young (Normal) (G1 Evacuation Pause) 392M->347M(1024M) 11.424ms
[2025-01-14T17:04:37.716-0600][gc,cpu      ] GC(99) User=0.02s Sys=0.02s Real=0.01s
[2025-01-14T17:08:49.438-0600][gc,start    ] GC(100) Pause Young (Normal) (G1 Evacuation Pause)
[2025-01-14T17:08:49.438-0600][gc,task     ] GC(100) Using 9 workers of 9 for evacuation
[2025-01-14T17:08:49.456-0600][gc,phases   ] GC(100)   Pre Evacuate Collection Set: 0.93ms
[2025-01-14T17:08:49.457-0600][gc,phases   ] GC(100)   Merge Heap Roots: 0.23ms
[2025-01-14T17:08:49.457-0600][gc,phases   ] GC(100)   Evacuate Collection Set: 12.39ms
[2025-01-14T17:08:49.457-0600][gc,phases   ] GC(100)   Post Evacuate Collection Set: 3.21ms
[2025-01-14T17:08:49.457-0600][gc,phases   ] GC(100)   Other: 1.02ms
[2025-01-14T17:08:49.457-0600][gc,heap     ] GC(100) Eden regions: 68->0(44)
[2025-01-14T17:08:49.457-0600][gc,heap     ] GC(100) Survivor regions: 4->7(9)
[2025-01-14T17:08:49.457-0600][gc,heap     ] GC(100) Old regions: 215->215
[2025-01-14T17:08:49.457-0600][gc,heap     ] GC(100) Humongous regions: 129->129
[2025-01-14T17:08:49.457-0600][gc,metaspace] GC(100) Metaspace: 44359K(45056K)->44359K(45056K) NonClass: 39088K(39488K)->39088K(39488K) Class: 5270K(5568K)->5270K(5568K)
[2025-01-14T17:08:49.459-0600][gc          ] GC(100) Pause Young (Normal) (G1 Evacuation Pause) 415M->350M(1024M) 21.179ms
[2025-01-14T17:08:49.462-0600][gc,cpu      ] GC(100) User=0.04s Sys=0.03s Real=0.03s
[2025-01-14T17:11:31.573-0600][gc,start    ] GC(101) Pause Young (Normal) (G1 Evacuation Pause)
[2025-01-14T17:11:31.573-0600][gc,task     ] GC(101) Using 9 workers of 9 for evacuation
[2025-01-14T17:11:31.606-0600][gc,mmu      ] GC(101) MMU target violated: 21.0ms (20.0ms/21.0ms)
[2025-01-14T17:11:31.606-0600][gc,phases   ] GC(101)   Pre Evacuate Collection Set: 1.07ms
[2025-01-14T17:11:31.606-0600][gc,phases   ] GC(101)   Merge Heap Roots: 0.29ms
[2025-01-14T17:11:31.606-0600][gc,phases   ] GC(101)   Evacuate Collection Set: 30.24ms
[2025-01-14T17:11:31.606-0600][gc,phases   ] GC(101)   Post Evacuate Collection Set: 0.61ms
[2025-01-14T17:11:31.606-0600][gc,phases   ] GC(101)   Other: 0.54ms
[2025-01-14T17:11:31.606-0600][gc,heap     ] GC(101) Eden regions: 44->0(47)
[2025-01-14T17:11:31.606-0600][gc,heap     ] GC(101) Survivor regions: 7->4(7)
[2025-01-14T17:11:31.606-0600][gc,heap     ] GC(101) Old regions: 215->221
[2025-01-14T17:11:31.606-0600][gc,heap     ] GC(101) Humongous regions: 129->129
[2025-01-14T17:11:31.606-0600][gc,metaspace] GC(101) Metaspace: 44359K(45056K)->44359K(45056K) NonClass: 39088K(39488K)->39088K(39488K) Class: 5270K(5568K)->5270K(5568K)
[2025-01-14T17:11:31.606-0600][gc          ] GC(101) Pause Young (Normal) (G1 Evacuation Pause) 394M->353M(1024M) 33.357ms
[2025-01-14T17:11:31.606-0600][gc,cpu      ] GC(101) User=0.04s Sys=0.03s Real=0.03s
[2025-01-14T17:14:24.470-0600][gc,start    ] GC(102) Pause Young (Normal) (G1 Evacuation Pause)
[2025-01-14T17:14:24.470-0600][gc,task     ] GC(102) Using 9 workers of 9 for evacuation
[2025-01-14T17:14:24.489-0600][gc,phases   ] GC(102)   Pre Evacuate Collection Set: 0.91ms
[2025-01-14T17:14:24.489-0600][gc,phases   ] GC(102)   Merge Heap Roots: 0.17ms
[2025-01-14T17:14:24.489-0600][gc,phases   ] GC(102)   Evacuate Collection Set: 16.31ms
[2025-01-14T17:14:24.489-0600][gc,phases   ] GC(102)   Post Evacuate Collection Set: 0.75ms
[2025-01-14T17:14:24.489-0600][gc,phases   ] GC(102)   Other: 0.36ms
[2025-01-14T17:14:24.489-0600][gc,heap     ] GC(102) Eden regions: 47->0(44)
[2025-01-14T17:14:24.489-0600][gc,heap     ] GC(102) Survivor regions: 4->7(7)
[2025-01-14T17:14:24.489-0600][gc,heap     ] GC(102) Old regions: 221->221
[2025-01-14T17:14:24.489-0600][gc,heap     ] GC(102) Humongous regions: 129->129
[2025-01-14T17:14:24.489-0600][gc,metaspace] GC(102) Metaspace: 44362K(45056K)->44362K(45056K) NonClass: 39092K(39488K)->39092K(39488K) Class: 5270K(5568K)->5270K(5568K)
[2025-01-14T17:14:24.489-0600][gc          ] GC(102) Pause Young (Normal) (G1 Evacuation Pause) 400M->356M(1024M) 19.455ms
[2025-01-14T17:14:24.489-0600][gc,cpu      ] GC(102) User=0.04s Sys=0.05s Real=0.01s
[2025-01-14T17:17:06.498-0600][gc,start    ] GC(103) Pause Young (Normal) (G1 Evacuation Pause)
[2025-01-14T17:17:06.499-0600][gc,task     ] GC(103) Using 9 workers of 9 for evacuation
[2025-01-14T17:17:06.511-0600][gc,phases   ] GC(103)   Pre Evacuate Collection Set: 0.82ms
[2025-01-14T17:17:06.511-0600][gc,phases   ] GC(103)   Merge Heap Roots: 0.32ms
[2025-01-14T17:17:06.511-0600][gc,phases   ] GC(103)   Evacuate Collection Set: 10.51ms
[2025-01-14T17:17:06.512-0600][gc,phases   ] GC(103)   Post Evacuate Collection Set: 0.86ms
[2025-01-14T17:17:06.512-0600][gc,phases   ] GC(103)   Other: 0.34ms
[2025-01-14T17:17:06.512-0600][gc,heap     ] GC(103) Eden regions: 44->0(69)
[2025-01-14T17:17:06.512-0600][gc,heap     ] GC(103) Survivor regions: 7->3(7)
[2025-01-14T17:17:06.512-0600][gc,heap     ] GC(103) Old regions: 221->225
[2025-01-14T17:17:06.512-0600][gc,heap     ] GC(103) Humongous regions: 129->129
[2025-01-14T17:17:06.512-0600][gc,metaspace] GC(103) Metaspace: 44362K(45056K)->44362K(45056K) NonClass: 39092K(39488K)->39092K(39488K) Class: 5270K(5568K)->5270K(5568K)
[2025-01-14T17:17:06.512-0600][gc          ] GC(103) Pause Young (Normal) (G1 Evacuation Pause) 400M->356M(1024M) 13.792ms
[2025-01-14T17:17:06.512-0600][gc,cpu      ] GC(103) User=0.03s Sys=0.02s Real=0.02s
