[2025-01-16T11:15:48.001-0600][gc,init] CardTable entry size: 512
[2025-01-16T11:15:48.001-0600][gc     ] Using G1
[2025-01-16T11:15:48.002-0600][gc,init] Version: 23+37-2369 (release)
[2025-01-16T11:15:48.002-0600][gc,init] CPUs: 11 total, 11 available
[2025-01-16T11:15:48.002-0600][gc,init] Memory: 18432M
[2025-01-16T11:15:48.002-0600][gc,init] Large Page Support: Disabled
[2025-01-16T11:15:48.002-0600][gc,init] NUMA Support: Disabled
[2025-01-16T11:15:48.002-0600][gc,init] Compressed Oops: Enabled (Zero based)
[2025-01-16T11:15:48.002-0600][gc,init] Heap Region Size: 1M
[2025-01-16T11:15:48.002-0600][gc,init] Heap Min Capacity: 1G
[2025-01-16T11:15:48.002-0600][gc,init] Heap Initial Capacity: 1G
[2025-01-16T11:15:48.002-0600][gc,init] Heap Max Capacity: 1G
[2025-01-16T11:15:48.002-0600][gc,init] Pre-touch: Disabled
[2025-01-16T11:15:48.002-0600][gc,init] Parallel Workers: 9
[2025-01-16T11:15:48.002-0600][gc,init] Concurrent Workers: 2
[2025-01-16T11:15:48.002-0600][gc,init] Concurrent Refinement Workers: 9
[2025-01-16T11:15:48.002-0600][gc,init] Periodic GC: Disabled
[2025-01-16T11:15:48.005-0600][gc,metaspace] CDS archive(s) mapped at: [0x00000fff00000000-0x00000fff00d94000-0x00000fff00d94000), size 14237696, SharedBaseAddress: 0x00000fff00000000, ArchiveRelocationMode: 1.
[2025-01-16T11:15:48.005-0600][gc,metaspace] Compressed class space mapped at: 0x00000fff01000000-0x00000fff41000000, reserved size: 1073741824
[2025-01-16T11:15:48.005-0600][gc,metaspace] Narrow klass base: 0x00000fff00000000, Narrow klass shift: 0, Narrow klass range: 0x100000000
[2025-01-16T11:15:48.520-0600][gc,start    ] GC(0) Pause Young (Normal) (G1 Evacuation Pause)
[2025-01-16T11:15:48.521-0600][gc,task     ] GC(0) Using 9 workers of 9 for evacuation
[2025-01-16T11:15:48.523-0600][gc,phases   ] GC(0)   Pre Evacuate Collection Set: 0.13ms
[2025-01-16T11:15:48.523-0600][gc,phases   ] GC(0)   Merge Heap Roots: 0.04ms
[2025-01-16T11:15:48.523-0600][gc,phases   ] GC(0)   Evacuate Collection Set: 1.50ms
[2025-01-16T11:15:48.523-0600][gc,phases   ] GC(0)   Post Evacuate Collection Set: 0.14ms
[2025-01-16T11:15:48.523-0600][gc,phases   ] GC(0)   Other: 0.24ms
[2025-01-16T11:15:48.523-0600][gc,heap     ] GC(0) Eden regions: 51->0(44)
[2025-01-16T11:15:48.523-0600][gc,heap     ] GC(0) Survivor regions: 0->7(7)
[2025-01-16T11:15:48.523-0600][gc,heap     ] GC(0) Old regions: 2->3
[2025-01-16T11:15:48.523-0600][gc,heap     ] GC(0) Humongous regions: 0->0
[2025-01-16T11:15:48.523-0600][gc,metaspace] GC(0) Metaspace: 16748K(17024K)->16748K(17024K) NonClass: 14711K(14848K)->14711K(14848K) Class: 2036K(2176K)->2036K(2176K)
[2025-01-16T11:15:48.523-0600][gc          ] GC(0) Pause Young (Normal) (G1 Evacuation Pause) 52M->9M(1024M) 2.258ms
[2025-01-16T11:15:48.523-0600][gc,cpu      ] GC(0) User=0.01s Sys=0.01s Real=0.00s
[2025-01-16T11:15:48.632-0600][gc,start    ] GC(1) Pause Young (Concurrent Start) (Metadata GC Threshold)
[2025-01-16T11:15:48.632-0600][gc,task     ] GC(1) Using 9 workers of 9 for evacuation
[2025-01-16T11:15:48.634-0600][gc,phases   ] GC(1)   Pre Evacuate Collection Set: 0.16ms
[2025-01-16T11:15:48.634-0600][gc,phases   ] GC(1)   Merge Heap Roots: 0.05ms
[2025-01-16T11:15:48.634-0600][gc,phases   ] GC(1)   Evacuate Collection Set: 1.28ms
[2025-01-16T11:15:48.634-0600][gc,phases   ] GC(1)   Post Evacuate Collection Set: 0.16ms
[2025-01-16T11:15:48.634-0600][gc,phases   ] GC(1)   Other: 0.05ms
[2025-01-16T11:15:48.634-0600][gc,heap     ] GC(1) Eden regions: 18->0(49)
[2025-01-16T11:15:48.634-0600][gc,heap     ] GC(1) Survivor regions: 7->2(7)
[2025-01-16T11:15:48.634-0600][gc,heap     ] GC(1) Old regions: 3->11
[2025-01-16T11:15:48.634-0600][gc,heap     ] GC(1) Humongous regions: 0->0
[2025-01-16T11:15:48.634-0600][gc,metaspace] GC(1) Metaspace: 21321K(21504K)->21321K(21504K) NonClass: 18719K(18816K)->18719K(18816K) Class: 2601K(2688K)->2601K(2688K)
[2025-01-16T11:15:48.634-0600][gc          ] GC(1) Pause Young (Concurrent Start) (Metadata GC Threshold) 26M->10M(1024M) 1.843ms
[2025-01-16T11:15:48.634-0600][gc          ] GC(2) Concurrent Mark Cycle
[2025-01-16T11:15:48.634-0600][gc,cpu      ] GC(1) User=0.01s Sys=0.01s Real=0.00s
[2025-01-16T11:15:48.634-0600][gc,marking  ] GC(2) Concurrent Scan Root Regions
[2025-01-16T11:15:48.635-0600][gc,marking  ] GC(2) Concurrent Scan Root Regions 0.873ms
[2025-01-16T11:15:48.635-0600][gc,marking  ] GC(2) Concurrent Mark
[2025-01-16T11:15:48.635-0600][gc,marking  ] GC(2) Concurrent Mark From Roots
[2025-01-16T11:15:48.635-0600][gc,task     ] GC(2) Using 2 workers of 2 for marking
[2025-01-16T11:15:48.635-0600][gc,marking  ] GC(2) Concurrent Mark From Roots 0.549ms
[2025-01-16T11:15:48.635-0600][gc,marking  ] GC(2) Concurrent Preclean
[2025-01-16T11:15:48.635-0600][gc,marking  ] GC(2) Concurrent Preclean 0.010ms
[2025-01-16T11:15:48.635-0600][gc,start    ] GC(2) Pause Remark
[2025-01-16T11:15:48.636-0600][gc          ] GC(2) Pause Remark 11M->11M(1024M) 0.735ms
[2025-01-16T11:15:48.636-0600][gc,cpu      ] GC(2) User=0.00s Sys=0.00s Real=0.00s
[2025-01-16T11:15:48.636-0600][gc,marking  ] GC(2) Concurrent Mark 1.381ms
[2025-01-16T11:15:48.636-0600][gc,marking  ] GC(2) Concurrent Rebuild Remembered Sets and Scrub Regions
[2025-01-16T11:15:48.637-0600][gc,marking  ] GC(2) Concurrent Rebuild Remembered Sets and Scrub Regions 0.891ms
[2025-01-16T11:15:48.637-0600][gc,start    ] GC(2) Pause Cleanup
[2025-01-16T11:15:48.637-0600][gc          ] GC(2) Pause Cleanup 11M->11M(1024M) 0.016ms
[2025-01-16T11:15:48.637-0600][gc,cpu      ] GC(2) User=0.00s Sys=0.00s Real=0.00s
[2025-01-16T11:15:48.637-0600][gc,marking  ] GC(2) Concurrent Clear Claimed Marks
[2025-01-16T11:15:48.637-0600][gc,marking  ] GC(2) Concurrent Clear Claimed Marks 0.009ms
[2025-01-16T11:15:48.637-0600][gc,marking  ] GC(2) Concurrent Cleanup for Next Mark
[2025-01-16T11:15:48.638-0600][gc,marking  ] GC(2) Concurrent Cleanup for Next Mark 0.782ms
[2025-01-16T11:15:48.638-0600][gc          ] GC(2) Concurrent Mark Cycle 4.092ms
[2025-01-16T11:15:48.895-0600][gc,start    ] GC(3) Pause Young (Prepare Mixed) (G1 Evacuation Pause)
[2025-01-16T11:15:48.895-0600][gc,task     ] GC(3) Using 9 workers of 9 for evacuation
[2025-01-16T11:15:48.897-0600][gc,phases   ] GC(3)   Pre Evacuate Collection Set: 0.15ms
[2025-01-16T11:15:48.897-0600][gc,phases   ] GC(3)   Merge Heap Roots: 0.05ms
[2025-01-16T11:15:48.897-0600][gc,phases   ] GC(3)   Evacuate Collection Set: 1.29ms
[2025-01-16T11:15:48.897-0600][gc,phases   ] GC(3)   Post Evacuate Collection Set: 0.17ms
[2025-01-16T11:15:48.897-0600][gc,phases   ] GC(3)   Other: 0.04ms
[2025-01-16T11:15:48.897-0600][gc,heap     ] GC(3) Eden regions: 49->0(44)
[2025-01-16T11:15:48.897-0600][gc,heap     ] GC(3) Survivor regions: 2->7(7)
[2025-01-16T11:15:48.897-0600][gc,heap     ] GC(3) Old regions: 11->11
[2025-01-16T11:15:48.897-0600][gc,heap     ] GC(3) Humongous regions: 129->129
[2025-01-16T11:15:48.897-0600][gc,metaspace] GC(3) Metaspace: 32594K(32832K)->32594K(32832K) NonClass: 28951K(29120K)->28951K(29120K) Class: 3642K(3712K)->3642K(3712K)
[2025-01-16T11:15:48.897-0600][gc          ] GC(3) Pause Young (Prepare Mixed) (G1 Evacuation Pause) 188M->145M(1024M) 1.847ms
[2025-01-16T11:15:48.897-0600][gc,cpu      ] GC(3) User=0.01s Sys=0.00s Real=0.00s
[2025-01-16T11:15:49.037-0600][gc,start    ] GC(4) Pause Young (Mixed) (Metadata GC Threshold)
[2025-01-16T11:15:49.037-0600][gc,task     ] GC(4) Using 9 workers of 9 for evacuation
[2025-01-16T11:15:49.039-0600][gc,phases   ] GC(4)   Pre Evacuate Collection Set: 0.15ms
[2025-01-16T11:15:49.039-0600][gc,phases   ] GC(4)   Merge Heap Roots: 0.05ms
[2025-01-16T11:15:49.039-0600][gc,phases   ] GC(4)   Evacuate Collection Set: 1.39ms
[2025-01-16T11:15:49.039-0600][gc,phases   ] GC(4)   Post Evacuate Collection Set: 0.14ms
[2025-01-16T11:15:49.039-0600][gc,phases   ] GC(4)   Other: 0.05ms
[2025-01-16T11:15:49.039-0600][gc,heap     ] GC(4) Eden regions: 13->0(49)
[2025-01-16T11:15:49.039-0600][gc,heap     ] GC(4) Survivor regions: 7->2(7)
[2025-01-16T11:15:49.039-0600][gc,heap     ] GC(4) Old regions: 11->16
[2025-01-16T11:15:49.039-0600][gc,heap     ] GC(4) Humongous regions: 129->129
[2025-01-16T11:15:49.039-0600][gc,metaspace] GC(4) Metaspace: 35692K(35968K)->35692K(35968K) NonClass: 31628K(31744K)->31628K(31744K) Class: 4063K(4224K)->4063K(4224K)
[2025-01-16T11:15:49.039-0600][gc          ] GC(4) Pause Young (Mixed) (Metadata GC Threshold) 157M->145M(1024M) 1.959ms
[2025-01-16T11:15:49.039-0600][gc,cpu      ] GC(4) User=0.01s Sys=0.01s Real=0.00s
[2025-01-16T11:15:49.046-0600][gc,start    ] GC(5) Pause Young (Concurrent Start) (Metadata GC Threshold)
[2025-01-16T11:15:49.046-0600][gc,task     ] GC(5) Using 9 workers of 9 for evacuation
[2025-01-16T11:15:49.047-0600][gc,phases   ] GC(5)   Pre Evacuate Collection Set: 0.12ms
[2025-01-16T11:15:49.047-0600][gc,phases   ] GC(5)   Merge Heap Roots: 0.03ms
[2025-01-16T11:15:49.047-0600][gc,phases   ] GC(5)   Evacuate Collection Set: 0.34ms
[2025-01-16T11:15:49.047-0600][gc,phases   ] GC(5)   Post Evacuate Collection Set: 0.13ms
[2025-01-16T11:15:49.047-0600][gc,phases   ] GC(5)   Other: 0.04ms
[2025-01-16T11:15:49.047-0600][gc,heap     ] GC(5) Eden regions: 2->0(50)
[2025-01-16T11:15:49.047-0600][gc,heap     ] GC(5) Survivor regions: 2->1(7)
[2025-01-16T11:15:49.047-0600][gc,heap     ] GC(5) Old regions: 16->16
[2025-01-16T11:15:49.047-0600][gc,heap     ] GC(5) Humongous regions: 129->129
[2025-01-16T11:15:49.047-0600][gc,metaspace] GC(5) Metaspace: 35989K(36288K)->35989K(36288K) NonClass: 31883K(32064K)->31883K(32064K) Class: 4106K(4224K)->4106K(4224K)
[2025-01-16T11:15:49.047-0600][gc          ] GC(5) Pause Young (Concurrent Start) (Metadata GC Threshold) 147M->145M(1024M) 0.816ms
[2025-01-16T11:15:49.047-0600][gc,cpu      ] GC(5) User=0.00s Sys=0.00s Real=0.00s
[2025-01-16T11:15:49.047-0600][gc          ] GC(6) Concurrent Mark Cycle
[2025-01-16T11:15:49.047-0600][gc,marking  ] GC(6) Concurrent Scan Root Regions
[2025-01-16T11:15:49.048-0600][gc,marking  ] GC(6) Concurrent Scan Root Regions 0.558ms
[2025-01-16T11:15:49.048-0600][gc,marking  ] GC(6) Concurrent Mark
[2025-01-16T11:15:49.048-0600][gc,marking  ] GC(6) Concurrent Mark From Roots
[2025-01-16T11:15:49.048-0600][gc,task     ] GC(6) Using 2 workers of 2 for marking
[2025-01-16T11:15:49.052-0600][gc,marking  ] GC(6) Concurrent Mark From Roots 4.868ms
[2025-01-16T11:15:49.052-0600][gc,marking  ] GC(6) Concurrent Preclean
[2025-01-16T11:15:49.053-0600][gc,marking  ] GC(6) Concurrent Preclean 0.022ms
[2025-01-16T11:15:49.053-0600][gc,start    ] GC(6) Pause Remark
[2025-01-16T11:15:49.053-0600][gc          ] GC(6) Pause Remark 146M->146M(1024M) 0.869ms
[2025-01-16T11:15:49.053-0600][gc,cpu      ] GC(6) User=0.00s Sys=0.00s Real=0.00s
[2025-01-16T11:15:49.053-0600][gc,marking  ] GC(6) Concurrent Mark 5.875ms
[2025-01-16T11:15:49.053-0600][gc,marking  ] GC(6) Concurrent Rebuild Remembered Sets and Scrub Regions
[2025-01-16T11:15:49.056-0600][gc,marking  ] GC(6) Concurrent Rebuild Remembered Sets and Scrub Regions 2.238ms
[2025-01-16T11:15:49.056-0600][gc,start    ] GC(6) Pause Cleanup
[2025-01-16T11:15:49.056-0600][gc          ] GC(6) Pause Cleanup 147M->147M(1024M) 0.022ms
[2025-01-16T11:15:49.056-0600][gc,cpu      ] GC(6) User=0.00s Sys=0.00s Real=0.00s
[2025-01-16T11:15:49.056-0600][gc,marking  ] GC(6) Concurrent Clear Claimed Marks
[2025-01-16T11:15:49.056-0600][gc,marking  ] GC(6) Concurrent Clear Claimed Marks 0.013ms
[2025-01-16T11:15:49.056-0600][gc,marking  ] GC(6) Concurrent Cleanup for Next Mark
[2025-01-16T11:15:49.057-0600][gc,marking  ] GC(6) Concurrent Cleanup for Next Mark 0.694ms
[2025-01-16T11:15:49.057-0600][gc          ] GC(6) Concurrent Mark Cycle 9.571ms
[2025-01-16T11:16:17.966-0600][gc,start    ] GC(7) Pause Young (Prepare Mixed) (G1 Evacuation Pause)
[2025-01-16T11:16:17.966-0600][gc,task     ] GC(7) Using 9 workers of 9 for evacuation
[2025-01-16T11:16:17.974-0600][gc,phases   ] GC(7)   Pre Evacuate Collection Set: 0.49ms
[2025-01-16T11:16:17.974-0600][gc,phases   ] GC(7)   Merge Heap Roots: 0.17ms
[2025-01-16T11:16:17.974-0600][gc,phases   ] GC(7)   Evacuate Collection Set: 5.35ms
[2025-01-16T11:16:17.974-0600][gc,phases   ] GC(7)   Post Evacuate Collection Set: 0.97ms
[2025-01-16T11:16:17.974-0600][gc,phases   ] GC(7)   Other: 0.17ms
[2025-01-16T11:16:17.974-0600][gc,heap     ] GC(7) Eden regions: 50->0(46)
[2025-01-16T11:16:17.974-0600][gc,heap     ] GC(7) Survivor regions: 1->5(7)
[2025-01-16T11:16:17.974-0600][gc,heap     ] GC(7) Old regions: 16->16
[2025-01-16T11:16:17.974-0600][gc,heap     ] GC(7) Humongous regions: 129->129
[2025-01-16T11:16:17.974-0600][gc,metaspace] GC(7) Metaspace: 41999K(42560K)->41999K(42560K) NonClass: 36904K(37248K)->36904K(37248K) Class: 5095K(5312K)->5095K(5312K)
[2025-01-16T11:16:17.974-0600][gc          ] GC(7) Pause Young (Prepare Mixed) (G1 Evacuation Pause) 195M->149M(1024M) 7.980ms
[2025-01-16T11:16:17.974-0600][gc,cpu      ] GC(7) User=0.03s Sys=0.00s Real=0.01s
[2025-01-16T11:18:36.105-0600][gc,start    ] GC(8) Pause Young (Mixed) (G1 Evacuation Pause)
[2025-01-16T11:18:36.105-0600][gc,task     ] GC(8) Using 9 workers of 9 for evacuation
[2025-01-16T11:18:36.107-0600][gc,phases   ] GC(8)   Pre Evacuate Collection Set: 0.15ms
[2025-01-16T11:18:36.108-0600][gc,phases   ] GC(8)   Merge Heap Roots: 0.04ms
[2025-01-16T11:18:36.108-0600][gc,phases   ] GC(8)   Evacuate Collection Set: 1.82ms
[2025-01-16T11:18:36.108-0600][gc,phases   ] GC(8)   Post Evacuate Collection Set: 0.20ms
[2025-01-16T11:18:36.108-0600][gc,phases   ] GC(8)   Other: 0.05ms
[2025-01-16T11:18:36.108-0600][gc,heap     ] GC(8) Eden regions: 46->0(46)
[2025-01-16T11:18:36.108-0600][gc,heap     ] GC(8) Survivor regions: 5->5(7)
[2025-01-16T11:18:36.108-0600][gc,heap     ] GC(8) Old regions: 16->20
[2025-01-16T11:18:36.108-0600][gc,heap     ] GC(8) Humongous regions: 129->129
[2025-01-16T11:18:36.108-0600][gc,metaspace] GC(8) Metaspace: 43257K(43904K)->43257K(43904K) NonClass: 38064K(38400K)->38064K(38400K) Class: 5192K(5504K)->5192K(5504K)
[2025-01-16T11:18:36.108-0600][gc          ] GC(8) Pause Young (Mixed) (G1 Evacuation Pause) 195M->153M(1024M) 2.493ms
[2025-01-16T11:18:36.108-0600][gc,cpu      ] GC(8) User=0.02s Sys=0.00s Real=0.00s
[2025-01-16T11:21:08.194-0600][gc,start    ] GC(9) Pause Young (Normal) (G1 Evacuation Pause)
[2025-01-16T11:21:08.194-0600][gc,task     ] GC(9) Using 9 workers of 9 for evacuation
[2025-01-16T11:21:08.205-0600][gc,phases   ] GC(9)   Pre Evacuate Collection Set: 1.15ms
[2025-01-16T11:21:08.205-0600][gc,phases   ] GC(9)   Merge Heap Roots: 0.33ms
[2025-01-16T11:21:08.205-0600][gc,phases   ] GC(9)   Evacuate Collection Set: 7.86ms
[2025-01-16T11:21:08.205-0600][gc,phases   ] GC(9)   Post Evacuate Collection Set: 0.59ms
[2025-01-16T11:21:08.205-0600][gc,phases   ] GC(9)   Other: 0.19ms
[2025-01-16T11:21:08.205-0600][gc,heap     ] GC(9) Eden regions: 46->0(48)
[2025-01-16T11:21:08.205-0600][gc,heap     ] GC(9) Survivor regions: 5->3(7)
[2025-01-16T11:21:08.205-0600][gc,heap     ] GC(9) Old regions: 20->22
[2025-01-16T11:21:08.205-0600][gc,heap     ] GC(9) Humongous regions: 129->129
[2025-01-16T11:21:08.205-0600][gc,metaspace] GC(9) Metaspace: 43490K(44160K)->43490K(44160K) NonClass: 38256K(38656K)->38256K(38656K) Class: 5234K(5504K)->5234K(5504K)
[2025-01-16T11:21:08.205-0600][gc          ] GC(9) Pause Young (Normal) (G1 Evacuation Pause) 199M->153M(1024M) 10.860ms
[2025-01-16T11:21:08.205-0600][gc,cpu      ] GC(9) User=0.04s Sys=0.01s Real=0.01s
[2025-01-16T11:24:00.390-0600][gc,start    ] GC(10) Pause Young (Normal) (G1 Evacuation Pause)
[2025-01-16T11:24:00.390-0600][gc,task     ] GC(10) Using 9 workers of 9 for evacuation
[2025-01-16T11:24:00.396-0600][gc,phases   ] GC(10)   Pre Evacuate Collection Set: 0.24ms
[2025-01-16T11:24:00.396-0600][gc,phases   ] GC(10)   Merge Heap Roots: 0.07ms
[2025-01-16T11:24:00.396-0600][gc,phases   ] GC(10)   Evacuate Collection Set: 4.71ms
[2025-01-16T11:24:00.396-0600][gc,phases   ] GC(10)   Post Evacuate Collection Set: 0.37ms
[2025-01-16T11:24:00.396-0600][gc,phases   ] GC(10)   Other: 0.20ms
[2025-01-16T11:24:00.396-0600][gc,heap     ] GC(10) Eden regions: 48->0(45)
[2025-01-16T11:24:00.396-0600][gc,heap     ] GC(10) Survivor regions: 3->6(7)
[2025-01-16T11:24:00.396-0600][gc,heap     ] GC(10) Old regions: 22->22
[2025-01-16T11:24:00.396-0600][gc,heap     ] GC(10) Humongous regions: 129->129
[2025-01-16T11:24:00.396-0600][gc,metaspace] GC(10) Metaspace: 43577K(44224K)->43577K(44224K) NonClass: 38337K(38656K)->38337K(38656K) Class: 5239K(5568K)->5239K(5568K)
[2025-01-16T11:24:00.396-0600][gc          ] GC(10) Pause Young (Normal) (G1 Evacuation Pause) 201M->156M(1024M) 6.530ms
[2025-01-16T11:24:00.397-0600][gc,cpu      ] GC(10) User=0.02s Sys=0.00s Real=0.00s
[2025-01-16T11:26:42.489-0600][gc,start    ] GC(11) Pause Young (Normal) (G1 Evacuation Pause)
[2025-01-16T11:26:42.491-0600][gc,task     ] GC(11) Using 9 workers of 9 for evacuation
[2025-01-16T11:26:42.500-0600][gc,phases   ] GC(11)   Pre Evacuate Collection Set: 0.49ms
[2025-01-16T11:26:42.501-0600][gc,phases   ] GC(11)   Merge Heap Roots: 0.17ms
[2025-01-16T11:26:42.501-0600][gc,phases   ] GC(11)   Evacuate Collection Set: 8.32ms
[2025-01-16T11:26:42.501-0600][gc,phases   ] GC(11)   Post Evacuate Collection Set: 0.43ms
[2025-01-16T11:26:42.501-0600][gc,phases   ] GC(11)   Other: 0.39ms
[2025-01-16T11:26:42.501-0600][gc,heap     ] GC(11) Eden regions: 45->0(46)
[2025-01-16T11:26:42.501-0600][gc,heap     ] GC(11) Survivor regions: 6->5(7)
[2025-01-16T11:26:42.501-0600][gc,heap     ] GC(11) Old regions: 22->27
[2025-01-16T11:26:42.501-0600][gc,heap     ] GC(11) Humongous regions: 129->129
[2025-01-16T11:26:42.501-0600][gc,metaspace] GC(11) Metaspace: 43656K(44288K)->43656K(44288K) NonClass: 38400K(38720K)->38400K(38720K) Class: 5255K(5568K)->5255K(5568K)
[2025-01-16T11:26:42.501-0600][gc          ] GC(11) Pause Young (Normal) (G1 Evacuation Pause) 201M->160M(1024M) 11.803ms
[2025-01-16T11:26:42.501-0600][gc,cpu      ] GC(11) User=0.05s Sys=0.01s Real=0.02s
[2025-01-16T11:29:37.018-0600][gc,start    ] GC(12) Pause Young (Normal) (G1 Evacuation Pause)
[2025-01-16T11:29:37.019-0600][gc,task     ] GC(12) Using 9 workers of 9 for evacuation
[2025-01-16T11:29:37.029-0600][gc,phases   ] GC(12)   Pre Evacuate Collection Set: 1.43ms
[2025-01-16T11:29:37.029-0600][gc,phases   ] GC(12)   Merge Heap Roots: 0.38ms
[2025-01-16T11:29:37.029-0600][gc,phases   ] GC(12)   Evacuate Collection Set: 7.64ms
[2025-01-16T11:29:37.029-0600][gc,phases   ] GC(12)   Post Evacuate Collection Set: 0.42ms
[2025-01-16T11:29:37.029-0600][gc,phases   ] GC(12)   Other: 0.30ms
[2025-01-16T11:29:37.029-0600][gc,heap     ] GC(12) Eden regions: 46->0(47)
[2025-01-16T11:29:37.029-0600][gc,heap     ] GC(12) Survivor regions: 5->4(7)
[2025-01-16T11:29:37.029-0600][gc,heap     ] GC(12) Old regions: 27->29
[2025-01-16T11:29:37.029-0600][gc,heap     ] GC(12) Humongous regions: 129->129
[2025-01-16T11:29:37.029-0600][gc,metaspace] GC(12) Metaspace: 43670K(44416K)->43670K(44416K) NonClass: 38414K(38848K)->38414K(38848K) Class: 5255K(5568K)->5255K(5568K)
[2025-01-16T11:29:37.029-0600][gc          ] GC(12) Pause Young (Normal) (G1 Evacuation Pause) 206M->160M(1024M) 11.195ms
[2025-01-16T11:29:37.029-0600][gc,cpu      ] GC(12) User=0.04s Sys=0.02s Real=0.01s
[2025-01-16T11:32:37.492-0600][gc,start    ] GC(13) Pause Young (Normal) (G1 Evacuation Pause)
[2025-01-16T11:32:37.493-0600][gc,task     ] GC(13) Using 9 workers of 9 for evacuation
[2025-01-16T11:32:37.501-0600][gc,phases   ] GC(13)   Pre Evacuate Collection Set: 0.60ms
[2025-01-16T11:32:37.501-0600][gc,phases   ] GC(13)   Merge Heap Roots: 0.16ms
[2025-01-16T11:32:37.501-0600][gc,phases   ] GC(13)   Evacuate Collection Set: 7.15ms
[2025-01-16T11:32:37.501-0600][gc,phases   ] GC(13)   Post Evacuate Collection Set: 0.41ms
[2025-01-16T11:32:37.502-0600][gc,phases   ] GC(13)   Other: 0.29ms
[2025-01-16T11:32:37.502-0600][gc,heap     ] GC(13) Eden regions: 47->0(44)
[2025-01-16T11:32:37.502-0600][gc,heap     ] GC(13) Survivor regions: 4->7(7)
[2025-01-16T11:32:37.502-0600][gc,heap     ] GC(13) Old regions: 29->29
[2025-01-16T11:32:37.502-0600][gc,heap     ] GC(13) Humongous regions: 129->129
[2025-01-16T11:32:37.502-0600][gc,metaspace] GC(13) Metaspace: 43714K(44416K)->43714K(44416K) NonClass: 38459K(38848K)->38459K(38848K) Class: 5255K(5568K)->5255K(5568K)
[2025-01-16T11:32:37.502-0600][gc          ] GC(13) Pause Young (Normal) (G1 Evacuation Pause) 207M->164M(1024M) 9.720ms
[2025-01-16T11:32:37.502-0600][gc,cpu      ] GC(13) User=0.03s Sys=0.01s Real=0.01s
[2025-01-16T11:35:28.423-0600][gc,start    ] GC(14) Pause Young (Normal) (G1 Evacuation Pause)
[2025-01-16T11:35:28.424-0600][gc,task     ] GC(14) Using 9 workers of 9 for evacuation
[2025-01-16T11:35:28.435-0600][gc,phases   ] GC(14)   Pre Evacuate Collection Set: 0.40ms
[2025-01-16T11:35:28.435-0600][gc,phases   ] GC(14)   Merge Heap Roots: 0.14ms
[2025-01-16T11:35:28.435-0600][gc,phases   ] GC(14)   Evacuate Collection Set: 9.73ms
[2025-01-16T11:35:28.435-0600][gc,phases   ] GC(14)   Post Evacuate Collection Set: 0.40ms
[2025-01-16T11:35:28.435-0600][gc,phases   ] GC(14)   Other: 0.48ms
[2025-01-16T11:35:28.435-0600][gc,heap     ] GC(14) Eden regions: 44->0(45)
[2025-01-16T11:35:28.435-0600][gc,heap     ] GC(14) Survivor regions: 7->6(7)
[2025-01-16T11:35:28.436-0600][gc,heap     ] GC(14) Old regions: 29->33
[2025-01-16T11:35:28.436-0600][gc,heap     ] GC(14) Humongous regions: 129->129
[2025-01-16T11:35:28.436-0600][gc,metaspace] GC(14) Metaspace: 43724K(44416K)->43724K(44416K) NonClass: 38468K(38848K)->38468K(38848K) Class: 5255K(5568K)->5255K(5568K)
[2025-01-16T11:35:28.436-0600][gc          ] GC(14) Pause Young (Normal) (G1 Evacuation Pause) 208M->167M(1024M) 12.329ms
[2025-01-16T11:35:28.436-0600][gc,cpu      ] GC(14) User=0.05s Sys=0.00s Real=0.01s
[2025-01-16T11:38:21.387-0600][gc,start    ] GC(15) Pause Young (Normal) (G1 Evacuation Pause)
[2025-01-16T11:38:21.388-0600][gc,task     ] GC(15) Using 9 workers of 9 for evacuation
[2025-01-16T11:38:21.398-0600][gc,phases   ] GC(15)   Pre Evacuate Collection Set: 1.58ms
[2025-01-16T11:38:21.398-0600][gc,phases   ] GC(15)   Merge Heap Roots: 0.25ms
[2025-01-16T11:38:21.398-0600][gc,phases   ] GC(15)   Evacuate Collection Set: 7.64ms
[2025-01-16T11:38:21.398-0600][gc,phases   ] GC(15)   Post Evacuate Collection Set: 0.50ms
[2025-01-16T11:38:21.398-0600][gc,phases   ] GC(15)   Other: 0.36ms
[2025-01-16T11:38:21.398-0600][gc,heap     ] GC(15) Eden regions: 45->0(72)
[2025-01-16T11:38:21.398-0600][gc,heap     ] GC(15) Survivor regions: 6->4(7)
[2025-01-16T11:38:21.398-0600][gc,heap     ] GC(15) Old regions: 33->36
[2025-01-16T11:38:21.399-0600][gc,heap     ] GC(15) Humongous regions: 129->129
[2025-01-16T11:38:21.399-0600][gc,metaspace] GC(15) Metaspace: 43753K(44480K)->43753K(44480K) NonClass: 38497K(38912K)->38497K(38912K) Class: 5255K(5568K)->5255K(5568K)
[2025-01-16T11:38:21.399-0600][gc          ] GC(15) Pause Young (Normal) (G1 Evacuation Pause) 212M->167M(1024M) 11.575ms
[2025-01-16T11:38:21.399-0600][gc,cpu      ] GC(15) User=0.03s Sys=0.02s Real=0.01s
[2025-01-16T11:42:15.288-0600][gc,start    ] GC(16) Pause Young (Normal) (G1 Evacuation Pause)
[2025-01-16T11:42:15.289-0600][gc,task     ] GC(16) Using 9 workers of 9 for evacuation
[2025-01-16T11:42:15.295-0600][gc,phases   ] GC(16)   Pre Evacuate Collection Set: 0.51ms
[2025-01-16T11:42:15.295-0600][gc,phases   ] GC(16)   Merge Heap Roots: 0.19ms
[2025-01-16T11:42:15.295-0600][gc,phases   ] GC(16)   Evacuate Collection Set: 4.46ms
[2025-01-16T11:42:15.295-0600][gc,phases   ] GC(16)   Post Evacuate Collection Set: 0.55ms
[2025-01-16T11:42:15.295-0600][gc,phases   ] GC(16)   Other: 0.29ms
[2025-01-16T11:42:15.295-0600][gc,heap     ] GC(16) Eden regions: 60->0(54)
[2025-01-16T11:42:15.295-0600][gc,heap     ] GC(16) Survivor regions: 4->6(8)
[2025-01-16T11:42:15.295-0600][gc,heap     ] GC(16) Old regions: 36->36
[2025-01-16T11:42:15.295-0600][gc,heap     ] GC(16) Humongous regions: 129->129
[2025-01-16T11:42:15.295-0600][gc,metaspace] GC(16) Metaspace: 43762K(44480K)->43762K(44480K) NonClass: 38506K(38912K)->38506K(38912K) Class: 5255K(5568K)->5255K(5568K)
[2025-01-16T11:42:15.295-0600][gc          ] GC(16) Pause Young (Normal) (G1 Evacuation Pause) 227M->170M(1024M) 6.779ms
[2025-01-16T11:42:15.295-0600][gc,cpu      ] GC(16) User=0.02s Sys=0.00s Real=0.01s
[2025-01-16T11:45:52.898-0600][gc,start    ] GC(17) Pause Young (Normal) (G1 Evacuation Pause)
[2025-01-16T11:45:52.898-0600][gc,task     ] GC(17) Using 9 workers of 9 for evacuation
[2025-01-16T11:45:52.911-0600][gc,phases   ] GC(17)   Pre Evacuate Collection Set: 0.52ms
[2025-01-16T11:45:52.911-0600][gc,phases   ] GC(17)   Merge Heap Roots: 0.23ms
[2025-01-16T11:45:52.911-0600][gc,phases   ] GC(17)   Evacuate Collection Set: 11.48ms
[2025-01-16T11:45:52.911-0600][gc,phases   ] GC(17)   Post Evacuate Collection Set: 0.41ms
[2025-01-16T11:45:52.911-0600][gc,phases   ] GC(17)   Other: 0.26ms
[2025-01-16T11:45:52.911-0600][gc,heap     ] GC(17) Eden regions: 56->0(53)
[2025-01-16T11:45:52.911-0600][gc,heap     ] GC(17) Survivor regions: 6->8(8)
[2025-01-16T11:45:52.911-0600][gc,heap     ] GC(17) Old regions: 36->38
[2025-01-16T11:45:52.911-0600][gc,heap     ] GC(17) Humongous regions: 129->129
[2025-01-16T11:45:52.911-0600][gc,metaspace] GC(17) Metaspace: 43786K(44480K)->43786K(44480K) NonClass: 38530K(38912K)->38530K(38912K) Class: 5255K(5568K)->5255K(5568K)
[2025-01-16T11:45:52.912-0600][gc          ] GC(17) Pause Young (Normal) (G1 Evacuation Pause) 226M->174M(1024M) 13.849ms
[2025-01-16T11:45:52.912-0600][gc,cpu      ] GC(17) User=0.06s Sys=0.01s Real=0.02s
[2025-01-16T11:48:50.379-0600][gc,start    ] GC(18) Pause Young (Normal) (G1 Evacuation Pause)
[2025-01-16T11:48:50.380-0600][gc,task     ] GC(18) Using 9 workers of 9 for evacuation
[2025-01-16T11:48:50.393-0600][gc,phases   ] GC(18)   Pre Evacuate Collection Set: 0.67ms
[2025-01-16T11:48:50.393-0600][gc,phases   ] GC(18)   Merge Heap Roots: 0.27ms
[2025-01-16T11:48:50.393-0600][gc,phases   ] GC(18)   Evacuate Collection Set: 11.30ms
[2025-01-16T11:48:50.393-0600][gc,phases   ] GC(18)   Post Evacuate Collection Set: 0.40ms
[2025-01-16T11:48:50.393-0600][gc,phases   ] GC(18)   Other: 0.37ms
[2025-01-16T11:48:50.393-0600][gc,heap     ] GC(18) Eden regions: 46->0(71)
[2025-01-16T11:48:50.393-0600][gc,heap     ] GC(18) Survivor regions: 8->4(7)
[2025-01-16T11:48:50.393-0600][gc,heap     ] GC(18) Old regions: 38->44
[2025-01-16T11:48:50.393-0600][gc,heap     ] GC(18) Humongous regions: 129->129
[2025-01-16T11:48:50.393-0600][gc,metaspace] GC(18) Metaspace: 43814K(44480K)->43814K(44480K) NonClass: 38559K(38912K)->38559K(38912K) Class: 5255K(5568K)->5255K(5568K)
[2025-01-16T11:48:50.393-0600][gc          ] GC(18) Pause Young (Normal) (G1 Evacuation Pause) 220M->176M(1024M) 13.745ms
[2025-01-16T11:48:50.393-0600][gc,cpu      ] GC(18) User=0.05s Sys=0.00s Real=0.02s
[2025-01-16T11:53:42.000-0600][gc,start    ] GC(19) Pause Young (Normal) (G1 Evacuation Pause)
[2025-01-16T11:53:42.000-0600][gc,task     ] GC(19) Using 9 workers of 9 for evacuation
[2025-01-16T11:53:42.012-0600][gc,phases   ] GC(19)   Pre Evacuate Collection Set: 0.37ms
[2025-01-16T11:53:42.012-0600][gc,phases   ] GC(19)   Merge Heap Roots: 0.11ms
[2025-01-16T11:53:42.012-0600][gc,phases   ] GC(19)   Evacuate Collection Set: 10.45ms
[2025-01-16T11:53:42.012-0600][gc,phases   ] GC(19)   Post Evacuate Collection Set: 0.43ms
[2025-01-16T11:53:42.012-0600][gc,phases   ] GC(19)   Other: 0.37ms
[2025-01-16T11:53:42.012-0600][gc,heap     ] GC(19) Eden regions: 75->0(58)
[2025-01-16T11:53:42.012-0600][gc,heap     ] GC(19) Survivor regions: 4->9(10)
[2025-01-16T11:53:42.012-0600][gc,heap     ] GC(19) Old regions: 44->44
[2025-01-16T11:53:42.012-0600][gc,heap     ] GC(19) Humongous regions: 129->129
[2025-01-16T11:53:42.012-0600][gc,metaspace] GC(19) Metaspace: 43869K(44608K)->43869K(44608K) NonClass: 38613K(39040K)->38613K(39040K) Class: 5255K(5568K)->5255K(5568K)
[2025-01-16T11:53:42.012-0600][gc          ] GC(19) Pause Young (Normal) (G1 Evacuation Pause) 251M->180M(1024M) 12.549ms
[2025-01-16T11:53:42.012-0600][gc,cpu      ] GC(19) User=0.05s Sys=0.01s Real=0.01s
[2025-01-16T11:57:25.339-0600][gc,start    ] GC(20) Pause Young (Normal) (G1 Evacuation Pause)
[2025-01-16T11:57:25.339-0600][gc,task     ] GC(20) Using 9 workers of 9 for evacuation
[2025-01-16T11:57:25.356-0600][gc,phases   ] GC(20)   Pre Evacuate Collection Set: 1.06ms
[2025-01-16T11:57:25.356-0600][gc,phases   ] GC(20)   Merge Heap Roots: 0.25ms
[2025-01-16T11:57:25.356-0600][gc,phases   ] GC(20)   Evacuate Collection Set: 13.94ms
[2025-01-16T11:57:25.356-0600][gc,phases   ] GC(20)   Post Evacuate Collection Set: 0.36ms
[2025-01-16T11:57:25.356-0600][gc,phases   ] GC(20)   Other: 0.69ms
[2025-01-16T11:57:25.356-0600][gc,heap     ] GC(20) Eden regions: 60->0(69)
[2025-01-16T11:57:25.356-0600][gc,heap     ] GC(20) Survivor regions: 9->5(9)
[2025-01-16T11:57:25.356-0600][gc,heap     ] GC(20) Old regions: 44->50
[2025-01-16T11:57:25.356-0600][gc,heap     ] GC(20) Humongous regions: 129->129
[2025-01-16T11:57:25.356-0600][gc,metaspace] GC(20) Metaspace: 43909K(44608K)->43909K(44608K) NonClass: 38651K(39040K)->38651K(39040K) Class: 5257K(5568K)->5257K(5568K)
[2025-01-16T11:57:25.356-0600][gc          ] GC(20) Pause Young (Normal) (G1 Evacuation Pause) 240M->183M(1024M) 17.288ms
[2025-01-16T11:57:25.356-0600][gc,cpu      ] GC(20) User=0.04s Sys=0.02s Real=0.02s
[2025-01-16T12:01:46.069-0600][gc,start    ] GC(21) Pause Young (Normal) (G1 Evacuation Pause)
[2025-01-16T12:01:46.069-0600][gc,task     ] GC(21) Using 9 workers of 9 for evacuation
[2025-01-16T12:01:46.083-0600][gc,phases   ] GC(21)   Pre Evacuate Collection Set: 1.44ms
[2025-01-16T12:01:46.083-0600][gc,phases   ] GC(21)   Merge Heap Roots: 0.38ms
[2025-01-16T12:01:46.083-0600][gc,phases   ] GC(21)   Evacuate Collection Set: 11.58ms
[2025-01-16T12:01:46.084-0600][gc,phases   ] GC(21)   Post Evacuate Collection Set: 0.51ms
[2025-01-16T12:01:46.084-0600][gc,phases   ] GC(21)   Other: 0.31ms
[2025-01-16T12:01:46.084-0600][gc,heap     ] GC(21) Eden regions: 71->0(63)
[2025-01-16T12:01:46.084-0600][gc,heap     ] GC(21) Survivor regions: 5->8(10)
[2025-01-16T12:01:46.084-0600][gc,heap     ] GC(21) Old regions: 50->50
[2025-01-16T12:01:46.084-0600][gc,heap     ] GC(21) Humongous regions: 129->129
[2025-01-16T12:01:46.084-0600][gc,metaspace] GC(21) Metaspace: 43944K(44672K)->43944K(44672K) NonClass: 38685K(39104K)->38685K(39104K) Class: 5258K(5568K)->5258K(5568K)
[2025-01-16T12:01:46.084-0600][gc          ] GC(21) Pause Young (Normal) (G1 Evacuation Pause) 254M->186M(1024M) 15.034ms
[2025-01-16T12:01:46.084-0600][gc,cpu      ] GC(21) User=0.04s Sys=0.03s Real=0.02s
[2025-01-16T12:05:38.894-0600][gc,start    ] GC(22) Pause Young (Normal) (G1 Evacuation Pause)
[2025-01-16T12:05:38.894-0600][gc,task     ] GC(22) Using 9 workers of 9 for evacuation
[2025-01-16T12:05:38.906-0600][gc,phases   ] GC(22)   Pre Evacuate Collection Set: 0.74ms
[2025-01-16T12:05:38.906-0600][gc,phases   ] GC(22)   Merge Heap Roots: 0.23ms
[2025-01-16T12:05:38.906-0600][gc,phases   ] GC(22)   Evacuate Collection Set: 10.58ms
[2025-01-16T12:05:38.906-0600][gc,phases   ] GC(22)   Post Evacuate Collection Set: 0.36ms
[2025-01-16T12:05:38.906-0600][gc,phases   ] GC(22)   Other: 0.31ms
[2025-01-16T12:05:38.906-0600][gc,heap     ] GC(22) Eden regions: 64->0(84)
[2025-01-16T12:05:38.906-0600][gc,heap     ] GC(22) Survivor regions: 8->5(9)
[2025-01-16T12:05:38.906-0600][gc,heap     ] GC(22) Old regions: 50->56
[2025-01-16T12:05:38.906-0600][gc,heap     ] GC(22) Humongous regions: 129->129
[2025-01-16T12:05:38.906-0600][gc,metaspace] GC(22) Metaspace: 43968K(44672K)->43968K(44672K) NonClass: 38710K(39104K)->38710K(39104K) Class: 5258K(5568K)->5258K(5568K)
[2025-01-16T12:05:38.907-0600][gc          ] GC(22) Pause Young (Normal) (G1 Evacuation Pause) 250M->189M(1024M) 12.891ms
[2025-01-16T12:05:38.907-0600][gc,cpu      ] GC(22) User=0.06s Sys=0.02s Real=0.01s
[2025-01-16T12:10:57.555-0600][gc,start    ] GC(23) Pause Young (Normal) (G1 Evacuation Pause)
[2025-01-16T12:10:57.555-0600][gc,task     ] GC(23) Using 9 workers of 9 for evacuation
[2025-01-16T12:10:57.565-0600][gc,phases   ] GC(23)   Pre Evacuate Collection Set: 0.18ms
[2025-01-16T12:10:57.565-0600][gc,phases   ] GC(23)   Merge Heap Roots: 0.06ms
[2025-01-16T12:10:57.565-0600][gc,phases   ] GC(23)   Evacuate Collection Set: 8.78ms
[2025-01-16T12:10:57.565-0600][gc,phases   ] GC(23)   Post Evacuate Collection Set: 0.46ms
[2025-01-16T12:10:57.565-0600][gc,phases   ] GC(23)   Other: 0.16ms
[2025-01-16T12:10:57.565-0600][gc,heap     ] GC(23) Eden regions: 86->0(72)
[2025-01-16T12:10:57.565-0600][gc,heap     ] GC(23) Survivor regions: 5->10(12)
[2025-01-16T12:10:57.565-0600][gc,heap     ] GC(23) Old regions: 56->56
[2025-01-16T12:10:57.565-0600][gc,heap     ] GC(23) Humongous regions: 129->129
[2025-01-16T12:10:57.565-0600][gc,metaspace] GC(23) Metaspace: 43974K(44672K)->43974K(44672K) NonClass: 38715K(39104K)->38715K(39104K) Class: 5258K(5568K)->5258K(5568K)
[2025-01-16T12:10:57.565-0600][gc          ] GC(23) Pause Young (Normal) (G1 Evacuation Pause) 275M->194M(1024M) 10.307ms
[2025-01-16T12:10:57.565-0600][gc,cpu      ] GC(23) User=0.04s Sys=0.00s Real=0.01s
[2025-01-16T12:15:28.942-0600][gc,start    ] GC(24) Pause Young (Normal) (G1 Evacuation Pause)
[2025-01-16T12:15:28.943-0600][gc,task     ] GC(24) Using 9 workers of 9 for evacuation
[2025-01-16T12:15:28.959-0600][gc,phases   ] GC(24)   Pre Evacuate Collection Set: 1.92ms
[2025-01-16T12:15:28.959-0600][gc,phases   ] GC(24)   Merge Heap Roots: 0.42ms
[2025-01-16T12:15:28.959-0600][gc,phases   ] GC(24)   Evacuate Collection Set: 12.89ms
[2025-01-16T12:15:28.960-0600][gc,phases   ] GC(24)   Post Evacuate Collection Set: 0.58ms
[2025-01-16T12:15:28.960-0600][gc,phases   ] GC(24)   Other: 0.39ms
[2025-01-16T12:15:28.960-0600][gc,heap     ] GC(24) Eden regions: 73->0(89)
[2025-01-16T12:15:28.960-0600][gc,heap     ] GC(24) Survivor regions: 10->4(11)
[2025-01-16T12:15:28.960-0600][gc,heap     ] GC(24) Old regions: 56->63
[2025-01-16T12:15:28.960-0600][gc,heap     ] GC(24) Humongous regions: 129->129
[2025-01-16T12:15:28.960-0600][gc,metaspace] GC(24) Metaspace: 43978K(44672K)->43978K(44672K) NonClass: 38720K(39104K)->38720K(39104K) Class: 5258K(5568K)->5258K(5568K)
[2025-01-16T12:15:28.960-0600][gc          ] GC(24) Pause Young (Normal) (G1 Evacuation Pause) 267M->195M(1024M) 17.528ms
[2025-01-16T12:15:28.960-0600][gc,cpu      ] GC(24) User=0.05s Sys=0.03s Real=0.02s
[2025-01-16T12:20:45.644-0600][gc,start    ] GC(25) Pause Young (Normal) (G1 Evacuation Pause)
[2025-01-16T12:20:45.645-0600][gc,task     ] GC(25) Using 9 workers of 9 for evacuation
[2025-01-16T12:20:45.661-0600][gc,phases   ] GC(25)   Pre Evacuate Collection Set: 1.57ms
[2025-01-16T12:20:45.661-0600][gc,phases   ] GC(25)   Merge Heap Roots: 0.33ms
[2025-01-16T12:20:45.661-0600][gc,phases   ] GC(25)   Evacuate Collection Set: 13.39ms
[2025-01-16T12:20:45.661-0600][gc,phases   ] GC(25)   Post Evacuate Collection Set: 0.44ms
[2025-01-16T12:20:45.661-0600][gc,phases   ] GC(25)   Other: 0.36ms
[2025-01-16T12:20:45.661-0600][gc,heap     ] GC(25) Eden regions: 88->0(67)
[2025-01-16T12:20:45.661-0600][gc,heap     ] GC(25) Survivor regions: 4->9(12)
[2025-01-16T12:20:45.661-0600][gc,heap     ] GC(25) Old regions: 63->63
[2025-01-16T12:20:45.661-0600][gc,heap     ] GC(25) Humongous regions: 129->129
[2025-01-16T12:20:45.661-0600][gc,metaspace] GC(25) Metaspace: 44029K(44736K)->44029K(44736K) NonClass: 38767K(39168K)->38767K(39168K) Class: 5261K(5568K)->5261K(5568K)
[2025-01-16T12:20:45.661-0600][gc          ] GC(25) Pause Young (Normal) (G1 Evacuation Pause) 283M->200M(1024M) 17.188ms
[2025-01-16T12:20:45.661-0600][gc,cpu      ] GC(25) User=0.05s Sys=0.04s Real=0.02s
[2025-01-16T12:24:49.175-0600][gc,start    ] GC(26) Pause Young (Normal) (G1 Evacuation Pause)
[2025-01-16T12:24:49.177-0600][gc,task     ] GC(26) Using 9 workers of 9 for evacuation
[2025-01-16T12:24:49.193-0600][gc,phases   ] GC(26)   Pre Evacuate Collection Set: 2.27ms
[2025-01-16T12:24:49.194-0600][gc,phases   ] GC(26)   Merge Heap Roots: 0.51ms
[2025-01-16T12:24:49.194-0600][gc,phases   ] GC(26)   Evacuate Collection Set: 13.20ms
[2025-01-16T12:24:49.194-0600][gc,phases   ] GC(26)   Post Evacuate Collection Set: 0.53ms
[2025-01-16T12:24:49.194-0600][gc,phases   ] GC(26)   Other: 0.44ms
[2025-01-16T12:24:49.194-0600][gc,heap     ] GC(26) Eden regions: 65->0(86)
[2025-01-16T12:24:49.194-0600][gc,heap     ] GC(26) Survivor regions: 9->5(10)
[2025-01-16T12:24:49.194-0600][gc,heap     ] GC(26) Old regions: 63->67
[2025-01-16T12:24:49.194-0600][gc,heap     ] GC(26) Humongous regions: 129->129
[2025-01-16T12:24:49.194-0600][gc,metaspace] GC(26) Metaspace: 44034K(44736K)->44034K(44736K) NonClass: 38772K(39168K)->38772K(39168K) Class: 5261K(5568K)->5261K(5568K)
[2025-01-16T12:24:49.194-0600][gc          ] GC(26) Pause Young (Normal) (G1 Evacuation Pause) 265M->200M(1024M) 18.857ms
[2025-01-16T12:24:49.194-0600][gc,cpu      ] GC(26) User=0.04s Sys=0.04s Real=0.02s
[2025-01-16T12:30:07.349-0600][gc,start    ] GC(27) Pause Young (Normal) (G1 Evacuation Pause)
[2025-01-16T12:30:07.350-0600][gc,task     ] GC(27) Using 9 workers of 9 for evacuation
[2025-01-16T12:30:07.360-0600][gc,phases   ] GC(27)   Pre Evacuate Collection Set: 0.60ms
[2025-01-16T12:30:07.360-0600][gc,phases   ] GC(27)   Merge Heap Roots: 0.17ms
[2025-01-16T12:30:07.360-0600][gc,phases   ] GC(27)   Evacuate Collection Set: 8.87ms
[2025-01-16T12:30:07.360-0600][gc,phases   ] GC(27)   Post Evacuate Collection Set: 0.52ms
[2025-01-16T12:30:07.360-0600][gc,phases   ] GC(27)   Other: 0.36ms
[2025-01-16T12:30:07.360-0600][gc,heap     ] GC(27) Eden regions: 85->0(87)
[2025-01-16T12:30:07.360-0600][gc,heap     ] GC(27) Survivor regions: 5->7(12)
[2025-01-16T12:30:07.360-0600][gc,heap     ] GC(27) Old regions: 67->67
[2025-01-16T12:30:07.360-0600][gc,heap     ] GC(27) Humongous regions: 129->129
[2025-01-16T12:30:07.361-0600][gc,metaspace] GC(27) Metaspace: 44038K(44736K)->44038K(44736K) NonClass: 38777K(39168K)->38777K(39168K) Class: 5261K(5568K)->5261K(5568K)
[2025-01-16T12:30:07.361-0600][gc          ] GC(27) Pause Young (Normal) (G1 Evacuation Pause) 285M->201M(1024M) 11.797ms
[2025-01-16T12:30:07.361-0600][gc,cpu      ] GC(27) User=0.05s Sys=0.02s Real=0.02s
[2025-01-16T12:35:33.283-0600][gc,start    ] GC(28) Pause Young (Normal) (G1 Evacuation Pause)
[2025-01-16T12:35:33.284-0600][gc,task     ] GC(28) Using 9 workers of 9 for evacuation
[2025-01-16T12:35:33.298-0600][gc,phases   ] GC(28)   Pre Evacuate Collection Set: 2.13ms
[2025-01-16T12:35:33.298-0600][gc,phases   ] GC(28)   Merge Heap Roots: 0.45ms
[2025-01-16T12:35:33.299-0600][gc,phases   ] GC(28)   Evacuate Collection Set: 10.49ms
[2025-01-16T12:35:33.299-0600][gc,phases   ] GC(28)   Post Evacuate Collection Set: 0.57ms
[2025-01-16T12:35:33.299-0600][gc,phases   ] GC(28)   Other: 0.52ms
[2025-01-16T12:35:33.299-0600][gc,heap     ] GC(28) Eden regions: 87->0(94)
[2025-01-16T12:35:33.299-0600][gc,heap     ] GC(28) Survivor regions: 7->5(12)
[2025-01-16T12:35:33.299-0600][gc,heap     ] GC(28) Old regions: 67->67
[2025-01-16T12:35:33.299-0600][gc,heap     ] GC(28) Humongous regions: 129->129
[2025-01-16T12:35:33.299-0600][gc,metaspace] GC(28) Metaspace: 44041K(44736K)->44041K(44736K) NonClass: 38780K(39168K)->38780K(39168K) Class: 5261K(5568K)->5261K(5568K)
[2025-01-16T12:35:33.299-0600][gc          ] GC(28) Pause Young (Normal) (G1 Evacuation Pause) 288M->200M(1024M) 16.323ms
[2025-01-16T12:35:33.299-0600][gc,cpu      ] GC(28) User=0.03s Sys=0.04s Real=0.01s
[2025-01-16T12:41:29.334-0600][gc,start    ] GC(29) Pause Young (Normal) (G1 Evacuation Pause)
[2025-01-16T12:41:29.335-0600][gc,task     ] GC(29) Using 9 workers of 9 for evacuation
[2025-01-16T12:41:29.348-0600][gc,phases   ] GC(29)   Pre Evacuate Collection Set: 1.85ms
[2025-01-16T12:41:29.348-0600][gc,phases   ] GC(29)   Merge Heap Roots: 0.45ms
[2025-01-16T12:41:29.348-0600][gc,phases   ] GC(29)   Evacuate Collection Set: 9.70ms
[2025-01-16T12:41:29.348-0600][gc,phases   ] GC(29)   Post Evacuate Collection Set: 0.60ms
[2025-01-16T12:41:29.348-0600][gc,phases   ] GC(29)   Other: 0.52ms
[2025-01-16T12:41:29.348-0600][gc,heap     ] GC(29) Eden regions: 95->0(91)
[2025-01-16T12:41:29.349-0600][gc,heap     ] GC(29) Survivor regions: 5->5(13)
[2025-01-16T12:41:29.349-0600][gc,heap     ] GC(29) Old regions: 67->67
[2025-01-16T12:41:29.349-0600][gc,heap     ] GC(29) Humongous regions: 129->129
[2025-01-16T12:41:29.349-0600][gc,metaspace] GC(29) Metaspace: 44061K(44736K)->44061K(44736K) NonClass: 38800K(39168K)->38800K(39168K) Class: 5261K(5568K)->5261K(5568K)
[2025-01-16T12:41:29.349-0600][gc          ] GC(29) Pause Young (Normal) (G1 Evacuation Pause) 295M->199M(1024M) 14.977ms
[2025-01-16T12:41:29.349-0600][gc,cpu      ] GC(29) User=0.04s Sys=0.03s Real=0.01s
[2025-01-16T12:47:11.518-0600][gc,start    ] GC(30) Pause Young (Normal) (G1 Evacuation Pause)
[2025-01-16T12:47:11.519-0600][gc,task     ] GC(30) Using 9 workers of 9 for evacuation
[2025-01-16T12:47:11.526-0600][gc,phases   ] GC(30)   Pre Evacuate Collection Set: 0.55ms
[2025-01-16T12:47:11.526-0600][gc,phases   ] GC(30)   Merge Heap Roots: 0.19ms
[2025-01-16T12:47:11.526-0600][gc,phases   ] GC(30)   Evacuate Collection Set: 5.27ms
[2025-01-16T12:47:11.526-0600][gc,phases   ] GC(30)   Post Evacuate Collection Set: 0.52ms
[2025-01-16T12:47:11.526-0600][gc,phases   ] GC(30)   Other: 0.34ms
[2025-01-16T12:47:11.527-0600][gc,heap     ] GC(30) Eden regions: 91->0(104)
[2025-01-16T12:47:11.527-0600][gc,heap     ] GC(30) Survivor regions: 5->4(12)
[2025-01-16T12:47:11.527-0600][gc,heap     ] GC(30) Old regions: 67->67
[2025-01-16T12:47:11.527-0600][gc,heap     ] GC(30) Humongous regions: 129->129
[2025-01-16T12:47:11.527-0600][gc,metaspace] GC(30) Metaspace: 44075K(44736K)->44075K(44736K) NonClass: 38813K(39168K)->38813K(39168K) Class: 5261K(5568K)->5261K(5568K)
[2025-01-16T12:47:11.527-0600][gc          ] GC(30) Pause Young (Normal) (G1 Evacuation Pause) 290M->198M(1024M) 8.445ms
[2025-01-16T12:47:11.527-0600][gc,cpu      ] GC(30) User=0.03s Sys=0.00s Real=0.01s
[2025-01-16T12:53:42.593-0600][gc,start    ] GC(31) Pause Young (Normal) (G1 Evacuation Pause)
[2025-01-16T12:53:42.594-0600][gc,task     ] GC(31) Using 9 workers of 9 for evacuation
[2025-01-16T12:53:42.607-0600][gc,phases   ] GC(31)   Pre Evacuate Collection Set: 2.16ms
[2025-01-16T12:53:42.608-0600][gc,phases   ] GC(31)   Merge Heap Roots: 0.54ms
[2025-01-16T12:53:42.608-0600][gc,phases   ] GC(31)   Evacuate Collection Set: 9.77ms
[2025-01-16T12:53:42.608-0600][gc,phases   ] GC(31)   Post Evacuate Collection Set: 0.67ms
[2025-01-16T12:53:42.608-0600][gc,phases   ] GC(31)   Other: 0.55ms
[2025-01-16T12:53:42.608-0600][gc,heap     ] GC(31) Eden regions: 104->0(100)
[2025-01-16T12:53:42.608-0600][gc,heap     ] GC(31) Survivor regions: 4->4(14)
[2025-01-16T12:53:42.608-0600][gc,heap     ] GC(31) Old regions: 67->67
[2025-01-16T12:53:42.608-0600][gc,heap     ] GC(31) Humongous regions: 129->129
[2025-01-16T12:53:42.608-0600][gc,metaspace] GC(31) Metaspace: 44088K(44736K)->44088K(44736K) NonClass: 38827K(39168K)->38827K(39168K) Class: 5261K(5568K)->5261K(5568K)
[2025-01-16T12:53:42.608-0600][gc          ] GC(31) Pause Young (Normal) (G1 Evacuation Pause) 302M->199M(1024M) 15.006ms
[2025-01-16T12:53:42.608-0600][gc,cpu      ] GC(31) User=0.03s Sys=0.03s Real=0.01s
[2025-01-16T12:59:59.128-0600][gc,start    ] GC(32) Pause Young (Normal) (G1 Evacuation Pause)
[2025-01-16T12:59:59.129-0600][gc,task     ] GC(32) Using 9 workers of 9 for evacuation
[2025-01-16T12:59:59.138-0600][gc,phases   ] GC(32)   Pre Evacuate Collection Set: 1.28ms
[2025-01-16T12:59:59.138-0600][gc,phases   ] GC(32)   Merge Heap Roots: 0.29ms
[2025-01-16T12:59:59.138-0600][gc,phases   ] GC(32)   Evacuate Collection Set: 6.78ms
[2025-01-16T12:59:59.138-0600][gc,phases   ] GC(32)   Post Evacuate Collection Set: 0.52ms
[2025-01-16T12:59:59.138-0600][gc,phases   ] GC(32)   Other: 0.43ms
[2025-01-16T12:59:59.138-0600][gc,heap     ] GC(32) Eden regions: 100->0(108)
[2025-01-16T12:59:59.138-0600][gc,heap     ] GC(32) Survivor regions: 4->4(13)
[2025-01-16T12:59:59.138-0600][gc,heap     ] GC(32) Old regions: 67->67
[2025-01-16T12:59:59.138-0600][gc,heap     ] GC(32) Humongous regions: 129->129
[2025-01-16T12:59:59.138-0600][gc,metaspace] GC(32) Metaspace: 44100K(44800K)->44100K(44800K) NonClass: 38838K(39232K)->38838K(39232K) Class: 5261K(5568K)->5261K(5568K)
[2025-01-16T12:59:59.138-0600][gc          ] GC(32) Pause Young (Normal) (G1 Evacuation Pause) 299M->199M(1024M) 10.399ms
[2025-01-16T12:59:59.139-0600][gc,cpu      ] GC(32) User=0.02s Sys=0.02s Real=0.01s
[2025-01-16T13:06:43.573-0600][gc,start    ] GC(33) Pause Young (Normal) (G1 Evacuation Pause)
[2025-01-16T13:06:43.574-0600][gc,task     ] GC(33) Using 9 workers of 9 for evacuation
[2025-01-16T13:06:43.585-0600][gc,phases   ] GC(33)   Pre Evacuate Collection Set: 1.15ms
[2025-01-16T13:06:43.586-0600][gc,phases   ] GC(33)   Merge Heap Roots: 0.32ms
[2025-01-16T13:06:43.586-0600][gc,phases   ] GC(33)   Evacuate Collection Set: 9.27ms
[2025-01-16T13:06:43.586-0600][gc,phases   ] GC(33)   Post Evacuate Collection Set: 0.67ms
[2025-01-16T13:06:43.586-0600][gc,phases   ] GC(33)   Other: 0.61ms
[2025-01-16T13:06:43.586-0600][gc,heap     ] GC(33) Eden regions: 108->0(107)
[2025-01-16T13:06:43.586-0600][gc,heap     ] GC(33) Survivor regions: 4->5(14)
[2025-01-16T13:06:43.586-0600][gc,heap     ] GC(33) Old regions: 67->67
[2025-01-16T13:06:43.586-0600][gc,heap     ] GC(33) Humongous regions: 129->129
[2025-01-16T13:06:43.586-0600][gc,metaspace] GC(33) Metaspace: 44102K(44800K)->44102K(44800K) NonClass: 38840K(39232K)->38840K(39232K) Class: 5261K(5568K)->5261K(5568K)
[2025-01-16T13:06:43.586-0600][gc          ] GC(33) Pause Young (Normal) (G1 Evacuation Pause) 307M->199M(1024M) 13.039ms
[2025-01-16T13:06:43.586-0600][gc,cpu      ] GC(33) User=0.03s Sys=0.02s Real=0.01s
[2025-01-16T13:13:23.531-0600][gc,start    ] GC(34) Pause Young (Normal) (G1 Evacuation Pause)
[2025-01-16T13:13:23.531-0600][gc,task     ] GC(34) Using 9 workers of 9 for evacuation
[2025-01-16T13:13:23.540-0600][gc,phases   ] GC(34)   Pre Evacuate Collection Set: 0.55ms
[2025-01-16T13:13:23.540-0600][gc,phases   ] GC(34)   Merge Heap Roots: 0.13ms
[2025-01-16T13:13:23.540-0600][gc,phases   ] GC(34)   Evacuate Collection Set: 6.90ms
[2025-01-16T13:13:23.540-0600][gc,phases   ] GC(34)   Post Evacuate Collection Set: 0.55ms
[2025-01-16T13:13:23.540-0600][gc,phases   ] GC(34)   Other: 0.24ms
[2025-01-16T13:13:23.540-0600][gc,heap     ] GC(34) Eden regions: 107->0(116)
[2025-01-16T13:13:23.540-0600][gc,heap     ] GC(34) Survivor regions: 5->5(14)
[2025-01-16T13:13:23.540-0600][gc,heap     ] GC(34) Old regions: 67->67
[2025-01-16T13:13:23.540-0600][gc,heap     ] GC(34) Humongous regions: 129->129
[2025-01-16T13:13:23.540-0600][gc,metaspace] GC(34) Metaspace: 44107K(44800K)->44107K(44800K) NonClass: 38845K(39232K)->38845K(39232K) Class: 5261K(5568K)->5261K(5568K)
[2025-01-16T13:13:23.540-0600][gc          ] GC(34) Pause Young (Normal) (G1 Evacuation Pause) 306M->200M(1024M) 9.215ms
[2025-01-16T13:13:23.540-0600][gc,cpu      ] GC(34) User=0.03s Sys=0.00s Real=0.01s
[2025-01-16T13:20:26.788-0600][gc,start    ] GC(35) Pause Young (Normal) (G1 Evacuation Pause)
[2025-01-16T13:20:26.788-0600][gc,task     ] GC(35) Using 9 workers of 9 for evacuation
[2025-01-16T13:20:26.800-0600][gc,phases   ] GC(35)   Pre Evacuate Collection Set: 1.42ms
[2025-01-16T13:20:26.800-0600][gc,phases   ] GC(35)   Merge Heap Roots: 0.52ms
[2025-01-16T13:20:26.800-0600][gc,phases   ] GC(35)   Evacuate Collection Set: 8.36ms
[2025-01-16T13:20:26.800-0600][gc,phases   ] GC(35)   Post Evacuate Collection Set: 0.92ms
[2025-01-16T13:20:26.800-0600][gc,phases   ] GC(35)   Other: 0.33ms
[2025-01-16T13:20:26.800-0600][gc,heap     ] GC(35) Eden regions: 116->0(112)
[2025-01-16T13:20:26.800-0600][gc,heap     ] GC(35) Survivor regions: 5->7(16)
[2025-01-16T13:20:26.800-0600][gc,heap     ] GC(35) Old regions: 67->67
[2025-01-16T13:20:26.800-0600][gc,heap     ] GC(35) Humongous regions: 129->129
[2025-01-16T13:20:26.800-0600][gc,metaspace] GC(35) Metaspace: 44110K(44800K)->44110K(44800K) NonClass: 38848K(39232K)->38848K(39232K) Class: 5261K(5568K)->5261K(5568K)
[2025-01-16T13:20:26.800-0600][gc          ] GC(35) Pause Young (Normal) (G1 Evacuation Pause) 316M->201M(1024M) 12.490ms
[2025-01-16T13:20:26.800-0600][gc,cpu      ] GC(35) User=0.04s Sys=0.02s Real=0.02s
[2025-01-16T13:27:26.712-0600][gc,start    ] GC(36) Pause Young (Normal) (G1 Evacuation Pause)
[2025-01-16T13:27:26.712-0600][gc,task     ] GC(36) Using 9 workers of 9 for evacuation
[2025-01-16T13:27:26.722-0600][gc,phases   ] GC(36)   Pre Evacuate Collection Set: 0.95ms
[2025-01-16T13:27:26.723-0600][gc,phases   ] GC(36)   Merge Heap Roots: 0.20ms
[2025-01-16T13:27:26.723-0600][gc,phases   ] GC(36)   Evacuate Collection Set: 7.89ms
[2025-01-16T13:27:26.723-0600][gc,phases   ] GC(36)   Post Evacuate Collection Set: 0.70ms
[2025-01-16T13:27:26.723-0600][gc,phases   ] GC(36)   Other: 0.25ms
[2025-01-16T13:27:26.723-0600][gc,heap     ] GC(36) Eden regions: 112->0(121)
[2025-01-16T13:27:26.723-0600][gc,heap     ] GC(36) Survivor regions: 7->5(15)
[2025-01-16T13:27:26.723-0600][gc,heap     ] GC(36) Old regions: 67->67
[2025-01-16T13:27:26.723-0600][gc,heap     ] GC(36) Humongous regions: 129->129
[2025-01-16T13:27:26.723-0600][gc,metaspace] GC(36) Metaspace: 44122K(44800K)->44122K(44800K) NonClass: 38861K(39232K)->38861K(39232K) Class: 5261K(5568K)->5261K(5568K)
[2025-01-16T13:27:26.723-0600][gc          ] GC(36) Pause Young (Normal) (G1 Evacuation Pause) 313M->199M(1024M) 10.936ms
[2025-01-16T13:27:26.723-0600][gc,cpu      ] GC(36) User=0.03s Sys=0.02s Real=0.01s
[2025-01-16T13:35:02.365-0600][gc,start    ] GC(37) Pause Young (Normal) (G1 Evacuation Pause)
[2025-01-16T13:35:02.366-0600][gc,task     ] GC(37) Using 9 workers of 9 for evacuation
[2025-01-16T13:35:02.375-0600][gc,phases   ] GC(37)   Pre Evacuate Collection Set: 0.96ms
[2025-01-16T13:35:02.375-0600][gc,phases   ] GC(37)   Merge Heap Roots: 0.27ms
[2025-01-16T13:35:02.375-0600][gc,phases   ] GC(37)   Evacuate Collection Set: 6.73ms
[2025-01-16T13:35:02.375-0600][gc,phases   ] GC(37)   Post Evacuate Collection Set: 0.61ms
[2025-01-16T13:35:02.375-0600][gc,phases   ] GC(37)   Other: 0.38ms
[2025-01-16T13:35:02.375-0600][gc,heap     ] GC(37) Eden regions: 121->0(120)
[2025-01-16T13:35:02.375-0600][gc,heap     ] GC(37) Survivor regions: 5->7(16)
[2025-01-16T13:35:02.375-0600][gc,heap     ] GC(37) Old regions: 67->67
[2025-01-16T13:35:02.375-0600][gc,heap     ] GC(37) Humongous regions: 129->129
[2025-01-16T13:35:02.375-0600][gc,metaspace] GC(37) Metaspace: 44126K(44800K)->44126K(44800K) NonClass: 38864K(39232K)->38864K(39232K) Class: 5261K(5568K)->5261K(5568K)
[2025-01-16T13:35:02.375-0600][gc          ] GC(37) Pause Young (Normal) (G1 Evacuation Pause) 320M->201M(1024M) 10.494ms
[2025-01-16T13:35:02.375-0600][gc,cpu      ] GC(37) User=0.02s Sys=0.01s Real=0.01s
[2025-01-16T13:42:32.753-0600][gc,start    ] GC(38) Pause Young (Normal) (G1 Evacuation Pause)
[2025-01-16T13:42:32.755-0600][gc,task     ] GC(38) Using 9 workers of 9 for evacuation
[2025-01-16T13:42:32.764-0600][gc,phases   ] GC(38)   Pre Evacuate Collection Set: 0.84ms
[2025-01-16T13:42:32.764-0600][gc,phases   ] GC(38)   Merge Heap Roots: 0.25ms
[2025-01-16T13:42:32.764-0600][gc,phases   ] GC(38)   Evacuate Collection Set: 7.03ms
[2025-01-16T13:42:32.764-0600][gc,phases   ] GC(38)   Post Evacuate Collection Set: 0.55ms
[2025-01-16T13:42:32.764-0600][gc,phases   ] GC(38)   Other: 0.39ms
[2025-01-16T13:42:32.764-0600][gc,heap     ] GC(38) Eden regions: 120->0(133)
[2025-01-16T13:42:32.764-0600][gc,heap     ] GC(38) Survivor regions: 7->5(16)
[2025-01-16T13:42:32.765-0600][gc,heap     ] GC(38) Old regions: 67->67
[2025-01-16T13:42:32.765-0600][gc,heap     ] GC(38) Humongous regions: 129->129
[2025-01-16T13:42:32.765-0600][gc,metaspace] GC(38) Metaspace: 44135K(44800K)->44135K(44800K) NonClass: 38874K(39232K)->38874K(39232K) Class: 5261K(5568K)->5261K(5568K)
[2025-01-16T13:42:32.765-0600][gc          ] GC(38) Pause Young (Normal) (G1 Evacuation Pause) 321M->200M(1024M) 11.148ms
[2025-01-16T13:42:32.765-0600][gc,cpu      ] GC(38) User=0.03s Sys=0.01s Real=0.01s
[2025-01-16T13:50:52.139-0600][gc,start    ] GC(39) Pause Young (Normal) (G1 Evacuation Pause)
[2025-01-16T13:50:52.140-0600][gc,task     ] GC(39) Using 9 workers of 9 for evacuation
[2025-01-16T13:50:52.151-0600][gc,phases   ] GC(39)   Pre Evacuate Collection Set: 0.96ms
[2025-01-16T13:50:52.151-0600][gc,phases   ] GC(39)   Merge Heap Roots: 0.37ms
[2025-01-16T13:50:52.151-0600][gc,phases   ] GC(39)   Evacuate Collection Set: 8.92ms
[2025-01-16T13:50:52.151-0600][gc,phases   ] GC(39)   Post Evacuate Collection Set: 0.41ms
[2025-01-16T13:50:52.151-0600][gc,phases   ] GC(39)   Other: 0.36ms
[2025-01-16T13:50:52.151-0600][gc,heap     ] GC(39) Eden regions: 133->0(129)
[2025-01-16T13:50:52.151-0600][gc,heap     ] GC(39) Survivor regions: 5->5(18)
[2025-01-16T13:50:52.151-0600][gc,heap     ] GC(39) Old regions: 67->67
[2025-01-16T13:50:52.151-0600][gc,heap     ] GC(39) Humongous regions: 129->129
[2025-01-16T13:50:52.151-0600][gc,metaspace] GC(39) Metaspace: 44135K(44800K)->44135K(44800K) NonClass: 38874K(39232K)->38874K(39232K) Class: 5261K(5568K)->5261K(5568K)
[2025-01-16T13:50:52.151-0600][gc          ] GC(39) Pause Young (Normal) (G1 Evacuation Pause) 333M->200M(1024M) 11.825ms
[2025-01-16T13:50:52.151-0600][gc,cpu      ] GC(39) User=0.03s Sys=0.02s Real=0.02s
[2025-01-16T13:59:01.341-0600][gc,start    ] GC(40) Pause Young (Normal) (G1 Evacuation Pause)
[2025-01-16T13:59:01.342-0600][gc,task     ] GC(40) Using 9 workers of 9 for evacuation
[2025-01-16T13:59:01.353-0600][gc,phases   ] GC(40)   Pre Evacuate Collection Set: 1.78ms
[2025-01-16T13:59:01.353-0600][gc,phases   ] GC(40)   Merge Heap Roots: 0.45ms
[2025-01-16T13:59:01.353-0600][gc,phases   ] GC(40)   Evacuate Collection Set: 8.24ms
[2025-01-16T13:59:01.354-0600][gc,phases   ] GC(40)   Post Evacuate Collection Set: 0.64ms
[2025-01-16T13:59:01.354-0600][gc,phases   ] GC(40)   Other: 0.57ms
[2025-01-16T13:59:01.354-0600][gc,heap     ] GC(40) Eden regions: 130->0(136)
[2025-01-16T13:59:01.354-0600][gc,heap     ] GC(40) Survivor regions: 5->4(17)
[2025-01-16T13:59:01.354-0600][gc,heap     ] GC(40) Old regions: 67->68
[2025-01-16T13:59:01.354-0600][gc,heap     ] GC(40) Humongous regions: 129->129
[2025-01-16T13:59:01.354-0600][gc,metaspace] GC(40) Metaspace: 44138K(44800K)->44138K(44800K) NonClass: 38876K(39232K)->38876K(39232K) Class: 5261K(5568K)->5261K(5568K)
[2025-01-16T13:59:01.354-0600][gc          ] GC(40) Pause Young (Normal) (G1 Evacuation Pause) 330M->199M(1024M) 12.885ms
[2025-01-16T13:59:01.354-0600][gc,cpu      ] GC(40) User=0.03s Sys=0.03s Real=0.01s
[2025-01-16T14:08:02.259-0600][gc,start    ] GC(41) Pause Young (Normal) (G1 Evacuation Pause)
[2025-01-16T14:08:02.260-0600][gc,task     ] GC(41) Using 9 workers of 9 for evacuation
[2025-01-16T14:08:02.268-0600][gc,phases   ] GC(41)   Pre Evacuate Collection Set: 1.56ms
[2025-01-16T14:08:02.268-0600][gc,phases   ] GC(41)   Merge Heap Roots: 0.21ms
[2025-01-16T14:08:02.268-0600][gc,phases   ] GC(41)   Evacuate Collection Set: 5.95ms
[2025-01-16T14:08:02.268-0600][gc,phases   ] GC(41)   Post Evacuate Collection Set: 0.69ms
[2025-01-16T14:08:02.269-0600][gc,phases   ] GC(41)   Other: 0.27ms
[2025-01-16T14:08:02.269-0600][gc,heap     ] GC(41) Eden regions: 143->0(136)
[2025-01-16T14:08:02.269-0600][gc,heap     ] GC(41) Survivor regions: 4->5(19)
[2025-01-16T14:08:02.269-0600][gc,heap     ] GC(41) Old regions: 68->68
[2025-01-16T14:08:02.269-0600][gc,heap     ] GC(41) Humongous regions: 129->129
[2025-01-16T14:08:02.269-0600][gc,metaspace] GC(41) Metaspace: 44147K(44800K)->44147K(44800K) NonClass: 38885K(39232K)->38885K(39232K) Class: 5261K(5568K)->5261K(5568K)
[2025-01-16T14:08:02.269-0600][gc          ] GC(41) Pause Young (Normal) (G1 Evacuation Pause) 342M->200M(1024M) 9.369ms
[2025-01-16T14:08:02.269-0600][gc,cpu      ] GC(41) User=0.03s Sys=0.01s Real=0.01s
[2025-01-16T14:16:34.545-0600][gc,start    ] GC(42) Pause Young (Normal) (G1 Evacuation Pause)
[2025-01-16T14:16:34.546-0600][gc,task     ] GC(42) Using 9 workers of 9 for evacuation
[2025-01-16T14:16:34.552-0600][gc,phases   ] GC(42)   Pre Evacuate Collection Set: 0.91ms
[2025-01-16T14:16:34.553-0600][gc,phases   ] GC(42)   Merge Heap Roots: 0.13ms
[2025-01-16T14:16:34.553-0600][gc,phases   ] GC(42)   Evacuate Collection Set: 4.47ms
[2025-01-16T14:16:34.553-0600][gc,phases   ] GC(42)   Post Evacuate Collection Set: 0.65ms
[2025-01-16T14:16:34.553-0600][gc,phases   ] GC(42)   Other: 0.39ms
[2025-01-16T14:16:34.553-0600][gc,heap     ] GC(42) Eden regions: 140->0(146)
[2025-01-16T14:16:34.553-0600][gc,heap     ] GC(42) Survivor regions: 5->5(19)
[2025-01-16T14:16:34.553-0600][gc,heap     ] GC(42) Old regions: 68->68
[2025-01-16T14:16:34.553-0600][gc,heap     ] GC(42) Humongous regions: 129->129
[2025-01-16T14:16:34.553-0600][gc,metaspace] GC(42) Metaspace: 44149K(44800K)->44149K(44800K) NonClass: 38887K(39232K)->38887K(39232K) Class: 5261K(5568K)->5261K(5568K)
[2025-01-16T14:16:34.553-0600][gc          ] GC(42) Pause Young (Normal) (G1 Evacuation Pause) 340M->200M(1024M) 7.583ms
[2025-01-16T14:16:34.553-0600][gc,cpu      ] GC(42) User=0.02s Sys=0.01s Real=0.01s
[2025-01-16T15:11:56.087-0600][gc,start    ] GC(43) Pause Young (Normal) (G1 Evacuation Pause)
[2025-01-16T15:11:56.088-0600][gc,task     ] GC(43) Using 9 workers of 9 for evacuation
[2025-01-16T15:11:56.092-0600][gc,phases   ] GC(43)   Pre Evacuate Collection Set: 0.63ms
[2025-01-16T15:11:56.092-0600][gc,phases   ] GC(43)   Merge Heap Roots: 0.16ms
[2025-01-16T15:11:56.092-0600][gc,phases   ] GC(43)   Evacuate Collection Set: 2.45ms
[2025-01-16T15:11:56.092-0600][gc,phases   ] GC(43)   Post Evacuate Collection Set: 0.40ms
[2025-01-16T15:11:56.092-0600][gc,phases   ] GC(43)   Other: 0.14ms
[2025-01-16T15:11:56.092-0600][gc,heap     ] GC(43) Eden regions: 151->0(154)
[2025-01-16T15:11:56.092-0600][gc,heap     ] GC(43) Survivor regions: 5->3(20)
[2025-01-16T15:11:56.092-0600][gc,heap     ] GC(43) Old regions: 68->68
[2025-01-16T15:11:56.092-0600][gc,heap     ] GC(43) Humongous regions: 129->129
[2025-01-16T15:11:56.092-0600][gc,metaspace] GC(43) Metaspace: 44156K(44800K)->44156K(44800K) NonClass: 38894K(39232K)->38894K(39232K) Class: 5261K(5568K)->5261K(5568K)
[2025-01-16T15:11:56.092-0600][gc          ] GC(43) Pause Young (Normal) (G1 Evacuation Pause) 351M->199M(1024M) 4.955ms
[2025-01-16T15:11:56.092-0600][gc,cpu      ] GC(43) User=0.01s Sys=0.01s Real=0.01s
[2025-01-16T15:39:28.110-0600][gc,start    ] GC(44) Pause Young (Normal) (G1 Evacuation Pause)
[2025-01-16T15:39:28.111-0600][gc,task     ] GC(44) Using 9 workers of 9 for evacuation
[2025-01-16T15:39:28.125-0600][gc,phases   ] GC(44)   Pre Evacuate Collection Set: 0.91ms
[2025-01-16T15:39:28.125-0600][gc,phases   ] GC(44)   Merge Heap Roots: 0.21ms
[2025-01-16T15:39:28.125-0600][gc,phases   ] GC(44)   Evacuate Collection Set: 11.43ms
[2025-01-16T15:39:28.125-0600][gc,phases   ] GC(44)   Post Evacuate Collection Set: 0.71ms
[2025-01-16T15:39:28.125-0600][gc,phases   ] GC(44)   Other: 0.29ms
[2025-01-16T15:39:28.125-0600][gc,heap     ] GC(44) Eden regions: 156->0(146)
[2025-01-16T15:39:28.125-0600][gc,heap     ] GC(44) Survivor regions: 3->6(20)
[2025-01-16T15:39:28.125-0600][gc,heap     ] GC(44) Old regions: 68->68
[2025-01-16T15:39:28.125-0600][gc,heap     ] GC(44) Humongous regions: 129->129
[2025-01-16T15:39:28.125-0600][gc,metaspace] GC(44) Metaspace: 44228K(44864K)->44228K(44864K) NonClass: 38952K(39296K)->38952K(39296K) Class: 5275K(5568K)->5275K(5568K)
[2025-01-16T15:39:28.125-0600][gc          ] GC(44) Pause Young (Normal) (G1 Evacuation Pause) 355M->201M(1024M) 15.203ms
[2025-01-16T15:39:28.125-0600][gc,cpu      ] GC(44) User=0.02s Sys=0.03s Real=0.01s
[2025-01-16T15:48:42.659-0600][gc,start    ] GC(45) Pause Young (Normal) (G1 Evacuation Pause)
[2025-01-16T15:48:42.660-0600][gc,task     ] GC(45) Using 9 workers of 9 for evacuation
[2025-01-16T15:48:42.668-0600][gc,phases   ] GC(45)   Pre Evacuate Collection Set: 1.13ms
[2025-01-16T15:48:42.668-0600][gc,phases   ] GC(45)   Merge Heap Roots: 0.23ms
[2025-01-16T15:48:42.668-0600][gc,phases   ] GC(45)   Evacuate Collection Set: 4.90ms
[2025-01-16T15:48:42.668-0600][gc,phases   ] GC(45)   Post Evacuate Collection Set: 0.68ms
[2025-01-16T15:48:42.668-0600][gc,phases   ] GC(45)   Other: 0.51ms
[2025-01-16T15:48:42.668-0600][gc,heap     ] GC(45) Eden regions: 148->0(159)
[2025-01-16T15:48:42.668-0600][gc,heap     ] GC(45) Survivor regions: 6->4(20)
[2025-01-16T15:48:42.668-0600][gc,heap     ] GC(45) Old regions: 68->68
[2025-01-16T15:48:42.668-0600][gc,heap     ] GC(45) Humongous regions: 129->129
[2025-01-16T15:48:42.668-0600][gc,metaspace] GC(45) Metaspace: 44230K(44864K)->44230K(44864K) NonClass: 38954K(39296K)->38954K(39296K) Class: 5275K(5568K)->5275K(5568K)
[2025-01-16T15:48:42.668-0600][gc          ] GC(45) Pause Young (Normal) (G1 Evacuation Pause) 349M->199M(1024M) 9.132ms
[2025-01-16T15:48:42.668-0600][gc,cpu      ] GC(45) User=0.01s Sys=0.01s Real=0.01s
[2025-01-16T15:58:44.197-0600][gc,start    ] GC(46) Pause Young (Normal) (G1 Evacuation Pause)
[2025-01-16T15:58:44.198-0600][gc,task     ] GC(46) Using 9 workers of 9 for evacuation
[2025-01-16T15:58:44.206-0600][gc,phases   ] GC(46)   Pre Evacuate Collection Set: 1.29ms
[2025-01-16T15:58:44.206-0600][gc,phases   ] GC(46)   Merge Heap Roots: 0.23ms
[2025-01-16T15:58:44.206-0600][gc,phases   ] GC(46)   Evacuate Collection Set: 5.03ms
[2025-01-16T15:58:44.206-0600][gc,phases   ] GC(46)   Post Evacuate Collection Set: 0.91ms
[2025-01-16T15:58:44.206-0600][gc,phases   ] GC(46)   Other: 0.49ms
[2025-01-16T15:58:44.206-0600][gc,heap     ] GC(46) Eden regions: 160->0(161)
[2025-01-16T15:58:44.207-0600][gc,heap     ] GC(46) Survivor regions: 4->3(21)
[2025-01-16T15:58:44.207-0600][gc,heap     ] GC(46) Old regions: 68->68
[2025-01-16T15:58:44.207-0600][gc,heap     ] GC(46) Humongous regions: 129->129
[2025-01-16T15:58:44.207-0600][gc,metaspace] GC(46) Metaspace: 44233K(44864K)->44233K(44864K) NonClass: 38957K(39296K)->38957K(39296K) Class: 5275K(5568K)->5275K(5568K)
[2025-01-16T15:58:44.207-0600][gc          ] GC(46) Pause Young (Normal) (G1 Evacuation Pause) 359M->198M(1024M) 9.773ms
[2025-01-16T15:58:44.207-0600][gc,cpu      ] GC(46) User=0.02s Sys=0.02s Real=0.01s
[2025-01-16T16:08:54.156-0600][gc,start    ] GC(47) Pause Young (Normal) (G1 Evacuation Pause)
[2025-01-16T16:08:54.157-0600][gc,task     ] GC(47) Using 9 workers of 9 for evacuation
[2025-01-16T16:08:54.169-0600][gc,phases   ] GC(47)   Pre Evacuate Collection Set: 1.26ms
[2025-01-16T16:08:54.169-0600][gc,phases   ] GC(47)   Merge Heap Roots: 0.23ms
[2025-01-16T16:08:54.169-0600][gc,phases   ] GC(47)   Evacuate Collection Set: 9.01ms
[2025-01-16T16:08:54.169-0600][gc,phases   ] GC(47)   Post Evacuate Collection Set: 0.93ms
[2025-01-16T16:08:54.169-0600][gc,phases   ] GC(47)   Other: 0.42ms
[2025-01-16T16:08:54.169-0600][gc,heap     ] GC(47) Eden regions: 162->0(160)
[2025-01-16T16:08:54.169-0600][gc,heap     ] GC(47) Survivor regions: 3->6(21)
[2025-01-16T16:08:54.169-0600][gc,heap     ] GC(47) Old regions: 68->68
[2025-01-16T16:08:54.169-0600][gc,heap     ] GC(47) Humongous regions: 129->129
[2025-01-16T16:08:54.169-0600][gc,metaspace] GC(47) Metaspace: 44240K(44864K)->44240K(44864K) NonClass: 38964K(39296K)->38964K(39296K) Class: 5275K(5568K)->5275K(5568K)
[2025-01-16T16:08:54.169-0600][gc          ] GC(47) Pause Young (Normal) (G1 Evacuation Pause) 360M->201M(1024M) 13.289ms
[2025-01-16T16:08:54.169-0600][gc,cpu      ] GC(47) User=0.03s Sys=0.02s Real=0.01s
[2025-01-16T16:19:01.691-0600][gc,start    ] GC(48) Pause Young (Normal) (G1 Evacuation Pause)
[2025-01-16T16:19:01.692-0600][gc,task     ] GC(48) Using 9 workers of 9 for evacuation
[2025-01-16T16:19:01.712-0600][gc,phases   ] GC(48)   Pre Evacuate Collection Set: 0.96ms
[2025-01-16T16:19:01.712-0600][gc,phases   ] GC(48)   Merge Heap Roots: 0.22ms
[2025-01-16T16:19:01.712-0600][gc,phases   ] GC(48)   Evacuate Collection Set: 10.75ms
[2025-01-16T16:19:01.712-0600][gc,phases   ] GC(48)   Post Evacuate Collection Set: 7.08ms
[2025-01-16T16:19:01.712-0600][gc,phases   ] GC(48)   Other: 1.02ms
[2025-01-16T16:19:01.712-0600][gc,heap     ] GC(48) Eden regions: 161->0(148)
[2025-01-16T16:19:01.712-0600][gc,heap     ] GC(48) Survivor regions: 6->5(21)
[2025-01-16T16:19:01.712-0600][gc,heap     ] GC(48) Old regions: 68->68
[2025-01-16T16:19:01.712-0600][gc,heap     ] GC(48) Humongous regions: 129->129
[2025-01-16T16:19:01.712-0600][gc,metaspace] GC(48) Metaspace: 44240K(44864K)->44240K(44864K) NonClass: 38964K(39296K)->38964K(39296K) Class: 5275K(5568K)->5275K(5568K)
[2025-01-16T16:19:01.712-0600][gc          ] GC(48) Pause Young (Normal) (G1 Evacuation Pause) 362M->201M(1024M) 21.296ms
[2025-01-16T16:19:01.712-0600][gc,cpu      ] GC(48) User=0.02s Sys=0.04s Real=0.02s
[2025-01-16T16:28:11.701-0600][gc,start    ] GC(49) Pause Young (Normal) (G1 Evacuation Pause)
[2025-01-16T16:28:11.702-0600][gc,task     ] GC(49) Using 9 workers of 9 for evacuation
[2025-01-16T16:28:11.715-0600][gc,phases   ] GC(49)   Pre Evacuate Collection Set: 1.25ms
[2025-01-16T16:28:11.715-0600][gc,phases   ] GC(49)   Merge Heap Roots: 0.34ms
[2025-01-16T16:28:11.715-0600][gc,phases   ] GC(49)   Evacuate Collection Set: 6.99ms
[2025-01-16T16:28:11.715-0600][gc,phases   ] GC(49)   Post Evacuate Collection Set: 1.28ms
[2025-01-16T16:28:11.715-0600][gc,phases   ] GC(49)   Other: 0.58ms
[2025-01-16T16:28:11.715-0600][gc,heap     ] GC(49) Eden regions: 150->0(160)
[2025-01-16T16:28:11.715-0600][gc,heap     ] GC(49) Survivor regions: 5->3(20)
[2025-01-16T16:28:11.715-0600][gc,heap     ] GC(49) Old regions: 68->68
[2025-01-16T16:28:11.715-0600][gc,heap     ] GC(49) Humongous regions: 129->129
[2025-01-16T16:28:11.716-0600][gc,metaspace] GC(49) Metaspace: 44244K(44928K)->44244K(44928K) NonClass: 38968K(39360K)->38968K(39360K) Class: 5275K(5568K)->5275K(5568K)
[2025-01-16T16:28:11.716-0600][gc          ] GC(49) Pause Young (Normal) (G1 Evacuation Pause) 351M->199M(1024M) 15.284ms
[2025-01-16T16:28:11.716-0600][gc,cpu      ] GC(49) User=0.02s Sys=0.02s Real=0.01s
[2025-01-16T16:38:18.098-0600][gc,start    ] GC(50) Pause Young (Normal) (G1 Evacuation Pause)
[2025-01-16T16:38:18.099-0600][gc,task     ] GC(50) Using 9 workers of 9 for evacuation
[2025-01-16T16:38:18.109-0600][gc,phases   ] GC(50)   Pre Evacuate Collection Set: 0.90ms
[2025-01-16T16:38:18.110-0600][gc,phases   ] GC(50)   Merge Heap Roots: 0.24ms
[2025-01-16T16:38:18.110-0600][gc,phases   ] GC(50)   Evacuate Collection Set: 8.39ms
[2025-01-16T16:38:18.110-0600][gc,phases   ] GC(50)   Post Evacuate Collection Set: 0.84ms
[2025-01-16T16:38:18.110-0600][gc,phases   ] GC(50)   Other: 0.25ms
[2025-01-16T16:38:18.110-0600][gc,heap     ] GC(50) Eden regions: 160->0(160)
[2025-01-16T16:38:18.110-0600][gc,heap     ] GC(50) Survivor regions: 3->6(21)
[2025-01-16T16:38:18.110-0600][gc,heap     ] GC(50) Old regions: 68->68
[2025-01-16T16:38:18.110-0600][gc,heap     ] GC(50) Humongous regions: 129->129
[2025-01-16T16:38:18.110-0600][gc,metaspace] GC(50) Metaspace: 44256K(44928K)->44256K(44928K) NonClass: 38981K(39360K)->38981K(39360K) Class: 5275K(5568K)->5275K(5568K)
[2025-01-16T16:38:18.110-0600][gc          ] GC(50) Pause Young (Normal) (G1 Evacuation Pause) 359M->201M(1024M) 11.973ms
[2025-01-16T16:38:18.110-0600][gc,cpu      ] GC(50) User=0.02s Sys=0.03s Real=0.02s
[2025-01-16T16:48:27.068-0600][gc,start    ] GC(51) Pause Young (Normal) (G1 Evacuation Pause)
[2025-01-16T16:48:27.069-0600][gc,task     ] GC(51) Using 9 workers of 9 for evacuation
[2025-01-16T16:48:27.076-0600][gc,phases   ] GC(51)   Pre Evacuate Collection Set: 0.92ms
[2025-01-16T16:48:27.076-0600][gc,phases   ] GC(51)   Merge Heap Roots: 0.20ms
[2025-01-16T16:48:27.076-0600][gc,phases   ] GC(51)   Evacuate Collection Set: 5.20ms
[2025-01-16T16:48:27.076-0600][gc,phases   ] GC(51)   Post Evacuate Collection Set: 0.66ms
[2025-01-16T16:48:27.076-0600][gc,phases   ] GC(51)   Other: 0.20ms
[2025-01-16T16:48:27.076-0600][gc,heap     ] GC(51) Eden regions: 161->0(177)
[2025-01-16T16:48:27.076-0600][gc,heap     ] GC(51) Survivor regions: 6->5(21)
[2025-01-16T16:48:27.076-0600][gc,heap     ] GC(51) Old regions: 68->68
[2025-01-16T16:48:27.076-0600][gc,heap     ] GC(51) Humongous regions: 129->129
[2025-01-16T16:48:27.076-0600][gc,metaspace] GC(51) Metaspace: 44261K(44928K)->44261K(44928K) NonClass: 38985K(39360K)->38985K(39360K) Class: 5275K(5568K)->5275K(5568K)
[2025-01-16T16:48:27.076-0600][gc          ] GC(51) Pause Young (Normal) (G1 Evacuation Pause) 362M->201M(1024M) 7.925ms
[2025-01-16T16:48:27.076-0600][gc,cpu      ] GC(51) User=0.02s Sys=0.03s Real=0.01s
[2025-01-16T16:59:35.517-0600][gc,start    ] GC(52) Pause Young (Normal) (G1 Evacuation Pause)
[2025-01-16T16:59:35.518-0600][gc,task     ] GC(52) Using 9 workers of 9 for evacuation
[2025-01-16T16:59:35.529-0600][gc,phases   ] GC(52)   Pre Evacuate Collection Set: 1.36ms
[2025-01-16T16:59:35.530-0600][gc,phases   ] GC(52)   Merge Heap Roots: 0.38ms
[2025-01-16T16:59:35.530-0600][gc,phases   ] GC(52)   Evacuate Collection Set: 8.09ms
[2025-01-16T16:59:35.530-0600][gc,phases   ] GC(52)   Post Evacuate Collection Set: 1.00ms
[2025-01-16T16:59:35.530-0600][gc,phases   ] GC(52)   Other: 0.80ms
[2025-01-16T16:59:35.530-0600][gc,heap     ] GC(52) Eden regions: 178->0(167)
[2025-01-16T16:59:35.530-0600][gc,heap     ] GC(52) Survivor regions: 5->3(23)
[2025-01-16T16:59:35.530-0600][gc,heap     ] GC(52) Old regions: 68->68
[2025-01-16T16:59:35.530-0600][gc,heap     ] GC(52) Humongous regions: 129->129
[2025-01-16T16:59:35.530-0600][gc,metaspace] GC(52) Metaspace: 44272K(44992K)->44272K(44992K) NonClass: 38996K(39424K)->38996K(39424K) Class: 5275K(5568K)->5275K(5568K)
[2025-01-16T16:59:35.530-0600][gc          ] GC(52) Pause Young (Normal) (G1 Evacuation Pause) 379M->199M(1024M) 12.882ms
[2025-01-16T16:59:35.530-0600][gc,cpu      ] GC(52) User=0.02s Sys=0.03s Real=0.02s
[2025-01-16T17:10:07.224-0600][gc,start    ] GC(53) Pause Young (Normal) (G1 Evacuation Pause)
[2025-01-16T17:10:07.224-0600][gc,task     ] GC(53) Using 9 workers of 9 for evacuation
[2025-01-16T17:10:07.232-0600][gc,phases   ] GC(53)   Pre Evacuate Collection Set: 0.91ms
[2025-01-16T17:10:07.232-0600][gc,phases   ] GC(53)   Merge Heap Roots: 0.20ms
[2025-01-16T17:10:07.232-0600][gc,phases   ] GC(53)   Evacuate Collection Set: 5.49ms
[2025-01-16T17:10:07.232-0600][gc,phases   ] GC(53)   Post Evacuate Collection Set: 0.57ms
[2025-01-16T17:10:07.232-0600][gc,phases   ] GC(53)   Other: 0.32ms
[2025-01-16T17:10:07.232-0600][gc,heap     ] GC(53) Eden regions: 167->0(174)
[2025-01-16T17:10:07.232-0600][gc,heap     ] GC(53) Survivor regions: 3->3(22)
[2025-01-16T17:10:07.232-0600][gc,heap     ] GC(53) Old regions: 68->68
[2025-01-16T17:10:07.232-0600][gc,heap     ] GC(53) Humongous regions: 129->129
[2025-01-16T17:10:07.232-0600][gc,metaspace] GC(53) Metaspace: 44289K(44992K)->44289K(44992K) NonClass: 39013K(39424K)->39013K(39424K) Class: 5275K(5568K)->5275K(5568K)
[2025-01-16T17:10:07.232-0600][gc          ] GC(53) Pause Young (Normal) (G1 Evacuation Pause) 366M->199M(1024M) 8.451ms
[2025-01-16T17:10:07.232-0600][gc,cpu      ] GC(53) User=0.02s Sys=0.01s Real=0.01s
[2025-01-16T17:20:48.895-0600][gc,start    ] GC(54) Pause Young (Normal) (G1 Evacuation Pause)
[2025-01-16T17:20:48.896-0600][gc,task     ] GC(54) Using 9 workers of 9 for evacuation
[2025-01-16T17:20:48.907-0600][gc,phases   ] GC(54)   Pre Evacuate Collection Set: 0.95ms
[2025-01-16T17:20:48.907-0600][gc,phases   ] GC(54)   Merge Heap Roots: 0.34ms
[2025-01-16T17:20:48.907-0600][gc,phases   ] GC(54)   Evacuate Collection Set: 8.88ms
[2025-01-16T17:20:48.907-0600][gc,phases   ] GC(54)   Post Evacuate Collection Set: 0.78ms
[2025-01-16T17:20:48.907-0600][gc,phases   ] GC(54)   Other: 0.39ms
[2025-01-16T17:20:48.907-0600][gc,heap     ] GC(54) Eden regions: 174->0(171)
[2025-01-16T17:20:48.907-0600][gc,heap     ] GC(54) Survivor regions: 3->3(23)
[2025-01-16T17:20:48.907-0600][gc,heap     ] GC(54) Old regions: 68->68
[2025-01-16T17:20:48.908-0600][gc,heap     ] GC(54) Humongous regions: 129->129
[2025-01-16T17:20:48.908-0600][gc,metaspace] GC(54) Metaspace: 44316K(44992K)->44316K(44992K) NonClass: 39040K(39424K)->39040K(39424K) Class: 5275K(5568K)->5275K(5568K)
[2025-01-16T17:20:48.908-0600][gc          ] GC(54) Pause Young (Normal) (G1 Evacuation Pause) 373M->199M(1024M) 12.316ms
[2025-01-16T17:20:48.908-0600][gc,cpu      ] GC(54) User=0.03s Sys=0.03s Real=0.01s
[2025-01-16T17:31:37.850-0600][gc,start    ] GC(55) Pause Young (Normal) (G1 Evacuation Pause)
[2025-01-16T17:31:37.851-0600][gc,task     ] GC(55) Using 9 workers of 9 for evacuation
[2025-01-16T17:31:37.861-0600][gc,phases   ] GC(55)   Pre Evacuate Collection Set: 1.62ms
[2025-01-16T17:31:37.862-0600][gc,phases   ] GC(55)   Merge Heap Roots: 0.15ms
[2025-01-16T17:31:37.862-0600][gc,phases   ] GC(55)   Evacuate Collection Set: 7.81ms
[2025-01-16T17:31:37.862-0600][gc,phases   ] GC(55)   Post Evacuate Collection Set: 0.83ms
[2025-01-16T17:31:37.862-0600][gc,phases   ] GC(55)   Other: 0.58ms
[2025-01-16T17:31:37.862-0600][gc,heap     ] GC(55) Eden regions: 172->0(176)
[2025-01-16T17:31:37.862-0600][gc,heap     ] GC(55) Survivor regions: 3->4(22)
[2025-01-16T17:31:37.862-0600][gc,heap     ] GC(55) Old regions: 68->68
[2025-01-16T17:31:37.862-0600][gc,heap     ] GC(55) Humongous regions: 129->129
[2025-01-16T17:31:37.862-0600][gc,metaspace] GC(55) Metaspace: 44319K(44992K)->44319K(44992K) NonClass: 39043K(39424K)->39043K(39424K) Class: 5275K(5568K)->5275K(5568K)
[2025-01-16T17:31:37.862-0600][gc          ] GC(55) Pause Young (Normal) (G1 Evacuation Pause) 371M->199M(1024M) 12.180ms
[2025-01-16T17:31:37.862-0600][gc,cpu      ] GC(55) User=0.02s Sys=0.02s Real=0.01s
[2025-01-16T17:42:44.765-0600][gc,start    ] GC(56) Pause Young (Normal) (G1 Evacuation Pause)
[2025-01-16T17:42:44.765-0600][gc,task     ] GC(56) Using 9 workers of 9 for evacuation
[2025-01-16T17:42:44.781-0600][gc,phases   ] GC(56)   Pre Evacuate Collection Set: 0.86ms
[2025-01-16T17:42:44.781-0600][gc,phases   ] GC(56)   Merge Heap Roots: 0.40ms
[2025-01-16T17:42:44.781-0600][gc,phases   ] GC(56)   Evacuate Collection Set: 12.83ms
[2025-01-16T17:42:44.781-0600][gc,phases   ] GC(56)   Post Evacuate Collection Set: 1.09ms
[2025-01-16T17:42:44.781-0600][gc,phases   ] GC(56)   Other: 0.31ms
[2025-01-16T17:42:44.781-0600][gc,heap     ] GC(56) Eden regions: 176->0(174)
[2025-01-16T17:42:44.781-0600][gc,heap     ] GC(56) Survivor regions: 4->5(23)
[2025-01-16T17:42:44.781-0600][gc,heap     ] GC(56) Old regions: 68->68
[2025-01-16T17:42:44.781-0600][gc,heap     ] GC(56) Humongous regions: 129->129
[2025-01-16T17:42:44.781-0600][gc,metaspace] GC(56) Metaspace: 44320K(44992K)->44320K(44992K) NonClass: 39044K(39424K)->39044K(39424K) Class: 5275K(5568K)->5275K(5568K)
[2025-01-16T17:42:44.781-0600][gc          ] GC(56) Pause Young (Normal) (G1 Evacuation Pause) 375M->200M(1024M) 16.392ms
[2025-01-16T17:42:44.781-0600][gc,cpu      ] GC(56) User=0.03s Sys=0.04s Real=0.02s
[2025-01-16T17:53:43.824-0600][gc,start    ] GC(57) Pause Young (Normal) (G1 Evacuation Pause)
[2025-01-16T17:53:43.824-0600][gc,task     ] GC(57) Using 9 workers of 9 for evacuation
[2025-01-16T17:53:43.840-0600][gc,phases   ] GC(57)   Pre Evacuate Collection Set: 1.97ms
[2025-01-16T17:53:43.840-0600][gc,phases   ] GC(57)   Merge Heap Roots: 0.31ms
[2025-01-16T17:53:43.840-0600][gc,phases   ] GC(57)   Evacuate Collection Set: 11.31ms
[2025-01-16T17:53:43.840-0600][gc,phases   ] GC(57)   Post Evacuate Collection Set: 0.79ms
[2025-01-16T17:53:43.840-0600][gc,phases   ] GC(57)   Other: 0.94ms
[2025-01-16T17:53:43.840-0600][gc,heap     ] GC(57) Eden regions: 174->0(175)
[2025-01-16T17:53:43.840-0600][gc,heap     ] GC(57) Survivor regions: 5->6(23)
[2025-01-16T17:53:43.840-0600][gc,heap     ] GC(57) Old regions: 68->68
[2025-01-16T17:53:43.840-0600][gc,heap     ] GC(57) Humongous regions: 129->129
[2025-01-16T17:53:43.840-0600][gc,metaspace] GC(57) Metaspace: 44320K(44992K)->44320K(44992K) NonClass: 39044K(39424K)->39044K(39424K) Class: 5275K(5568K)->5275K(5568K)
[2025-01-16T17:53:43.840-0600][gc          ] GC(57) Pause Young (Normal) (G1 Evacuation Pause) 374M->201M(1024M) 16.370ms
[2025-01-16T17:53:43.840-0600][gc,cpu      ] GC(57) User=0.04s Sys=0.03s Real=0.02s
[2025-01-16T18:04:49.573-0600][gc,start    ] GC(58) Pause Young (Normal) (G1 Evacuation Pause)
[2025-01-16T18:04:49.574-0600][gc,task     ] GC(58) Using 9 workers of 9 for evacuation
[2025-01-16T18:04:49.584-0600][gc,phases   ] GC(58)   Pre Evacuate Collection Set: 0.82ms
[2025-01-16T18:04:49.584-0600][gc,phases   ] GC(58)   Merge Heap Roots: 0.16ms
[2025-01-16T18:04:49.584-0600][gc,phases   ] GC(58)   Evacuate Collection Set: 8.07ms
[2025-01-16T18:04:49.584-0600][gc,phases   ] GC(58)   Post Evacuate Collection Set: 0.91ms
[2025-01-16T18:04:49.584-0600][gc,phases   ] GC(58)   Other: 0.31ms
[2025-01-16T18:04:49.584-0600][gc,heap     ] GC(58) Eden regions: 176->0(194)
[2025-01-16T18:04:49.584-0600][gc,heap     ] GC(58) Survivor regions: 6->3(23)
[2025-01-16T18:04:49.584-0600][gc,heap     ] GC(58) Old regions: 68->68
[2025-01-16T18:04:49.584-0600][gc,heap     ] GC(58) Humongous regions: 129->129
[2025-01-16T18:04:49.584-0600][gc,metaspace] GC(58) Metaspace: 44323K(44992K)->44323K(44992K) NonClass: 39047K(39424K)->39047K(39424K) Class: 5275K(5568K)->5275K(5568K)
[2025-01-16T18:04:49.585-0600][gc          ] GC(58) Pause Young (Normal) (G1 Evacuation Pause) 377M->199M(1024M) 11.485ms
[2025-01-16T18:04:49.585-0600][gc,cpu      ] GC(58) User=0.02s Sys=0.02s Real=0.01s
[2025-01-16T18:17:03.137-0600][gc,start    ] GC(59) Pause Young (Normal) (G1 Evacuation Pause)
[2025-01-16T18:17:03.138-0600][gc,task     ] GC(59) Using 9 workers of 9 for evacuation
[2025-01-16T18:17:03.150-0600][gc,phases   ] GC(59)   Pre Evacuate Collection Set: 2.09ms
[2025-01-16T18:17:03.151-0600][gc,phases   ] GC(59)   Merge Heap Roots: 0.21ms
[2025-01-16T18:17:03.151-0600][gc,phases   ] GC(59)   Evacuate Collection Set: 8.95ms
[2025-01-16T18:17:03.151-0600][gc,phases   ] GC(59)   Post Evacuate Collection Set: 0.61ms
[2025-01-16T18:17:03.151-0600][gc,phases   ] GC(59)   Other: 0.95ms
[2025-01-16T18:17:03.151-0600][gc,heap     ] GC(59) Eden regions: 194->0(179)
[2025-01-16T18:17:03.151-0600][gc,heap     ] GC(59) Survivor regions: 3->6(25)
[2025-01-16T18:17:03.151-0600][gc,heap     ] GC(59) Old regions: 68->68
[2025-01-16T18:17:03.151-0600][gc,heap     ] GC(59) Humongous regions: 129->129
[2025-01-16T18:17:03.151-0600][gc,metaspace] GC(59) Metaspace: 44324K(44992K)->44324K(44992K) NonClass: 39048K(39424K)->39048K(39424K) Class: 5275K(5568K)->5275K(5568K)
[2025-01-16T18:17:03.151-0600][gc          ] GC(59) Pause Young (Normal) (G1 Evacuation Pause) 393M->201M(1024M) 13.972ms
[2025-01-16T18:17:03.151-0600][gc,cpu      ] GC(59) User=0.02s Sys=0.03s Real=0.02s
[2025-01-16T18:28:05.197-0600][gc,start    ] GC(60) Pause Young (Normal) (G1 Evacuation Pause)
[2025-01-16T18:28:05.197-0600][gc,task     ] GC(60) Using 9 workers of 9 for evacuation
[2025-01-16T18:28:05.209-0600][gc,phases   ] GC(60)   Pre Evacuate Collection Set: 1.70ms
[2025-01-16T18:28:05.209-0600][gc,phases   ] GC(60)   Merge Heap Roots: 0.39ms
[2025-01-16T18:28:05.209-0600][gc,phases   ] GC(60)   Evacuate Collection Set: 7.68ms
[2025-01-16T18:28:05.209-0600][gc,phases   ] GC(60)   Post Evacuate Collection Set: 1.32ms
[2025-01-16T18:28:05.209-0600][gc,phases   ] GC(60)   Other: 0.59ms
[2025-01-16T18:28:05.209-0600][gc,heap     ] GC(60) Eden regions: 179->0(184)
[2025-01-16T18:28:05.209-0600][gc,heap     ] GC(60) Survivor regions: 6->4(24)
[2025-01-16T18:28:05.209-0600][gc,heap     ] GC(60) Old regions: 68->68
[2025-01-16T18:28:05.209-0600][gc,heap     ] GC(60) Humongous regions: 129->129
[2025-01-16T18:28:05.209-0600][gc,metaspace] GC(60) Metaspace: 44324K(44992K)->44324K(44992K) NonClass: 39048K(39424K)->39048K(39424K) Class: 5275K(5568K)->5275K(5568K)
[2025-01-16T18:28:05.209-0600][gc          ] GC(60) Pause Young (Normal) (G1 Evacuation Pause) 380M->199M(1024M) 12.691ms
[2025-01-16T18:28:05.209-0600][gc,cpu      ] GC(60) User=0.02s Sys=0.03s Real=0.01s
[2025-01-16T18:39:41.358-0600][gc,start    ] GC(61) Pause Young (Normal) (G1 Evacuation Pause)
[2025-01-16T18:39:41.358-0600][gc,task     ] GC(61) Using 9 workers of 9 for evacuation
[2025-01-16T18:39:41.376-0600][gc,phases   ] GC(61)   Pre Evacuate Collection Set: 2.10ms
[2025-01-16T18:39:41.377-0600][gc,phases   ] GC(61)   Merge Heap Roots: 0.47ms
[2025-01-16T18:39:41.377-0600][gc,phases   ] GC(61)   Evacuate Collection Set: 14.30ms
[2025-01-16T18:39:41.377-0600][gc,phases   ] GC(61)   Post Evacuate Collection Set: 0.97ms
[2025-01-16T18:39:41.377-0600][gc,phases   ] GC(61)   Other: 0.50ms
[2025-01-16T18:39:41.377-0600][gc,heap     ] GC(61) Eden regions: 185->0(179)
[2025-01-16T18:39:41.377-0600][gc,heap     ] GC(61) Survivor regions: 4->5(24)
[2025-01-16T18:39:41.377-0600][gc,heap     ] GC(61) Old regions: 68->68
[2025-01-16T18:39:41.377-0600][gc,heap     ] GC(61) Humongous regions: 129->129
[2025-01-16T18:39:41.377-0600][gc,metaspace] GC(61) Metaspace: 44325K(44992K)->44325K(44992K) NonClass: 39049K(39424K)->39049K(39424K) Class: 5275K(5568K)->5275K(5568K)
[2025-01-16T18:39:41.377-0600][gc          ] GC(61) Pause Young (Normal) (G1 Evacuation Pause) 384M->201M(1024M) 19.119ms
[2025-01-16T18:39:41.377-0600][gc,cpu      ] GC(61) User=0.03s Sys=0.03s Real=0.02s
[2025-01-16T18:50:59.674-0600][gc,start    ] GC(62) Pause Young (Normal) (G1 Evacuation Pause)
[2025-01-16T18:50:59.678-0600][gc,task     ] GC(62) Using 9 workers of 9 for evacuation
[2025-01-16T18:50:59.688-0600][gc,phases   ] GC(62)   Pre Evacuate Collection Set: 0.93ms
[2025-01-16T18:50:59.688-0600][gc,phases   ] GC(62)   Merge Heap Roots: 0.22ms
[2025-01-16T18:50:59.688-0600][gc,phases   ] GC(62)   Evacuate Collection Set: 6.62ms
[2025-01-16T18:50:59.688-0600][gc,phases   ] GC(62)   Post Evacuate Collection Set: 1.29ms
[2025-01-16T18:50:59.688-0600][gc,phases   ] GC(62)   Other: 0.92ms
[2025-01-16T18:50:59.688-0600][gc,heap     ] GC(62) Eden regions: 180->0(189)
[2025-01-16T18:50:59.688-0600][gc,heap     ] GC(62) Survivor regions: 5->3(24)
[2025-01-16T18:50:59.688-0600][gc,heap     ] GC(62) Old regions: 68->68
[2025-01-16T18:50:59.688-0600][gc,heap     ] GC(62) Humongous regions: 129->129
[2025-01-16T18:50:59.688-0600][gc,metaspace] GC(62) Metaspace: 44337K(44992K)->44337K(44992K) NonClass: 39061K(39424K)->39061K(39424K) Class: 5275K(5568K)->5275K(5568K)
[2025-01-16T18:50:59.688-0600][gc          ] GC(62) Pause Young (Normal) (G1 Evacuation Pause) 381M->199M(1024M) 14.236ms
[2025-01-16T18:50:59.688-0600][gc,cpu      ] GC(62) User=0.01s Sys=0.02s Real=0.01s
[2025-01-16T19:02:56.213-0600][gc,start    ] GC(63) Pause Young (Normal) (G1 Evacuation Pause)
[2025-01-16T19:02:56.215-0600][gc,task     ] GC(63) Using 9 workers of 9 for evacuation
[2025-01-16T19:02:56.225-0600][gc,phases   ] GC(63)   Pre Evacuate Collection Set: 1.67ms
[2025-01-16T19:02:56.225-0600][gc,phases   ] GC(63)   Merge Heap Roots: 0.19ms
[2025-01-16T19:02:56.225-0600][gc,phases   ] GC(63)   Evacuate Collection Set: 7.66ms
[2025-01-16T19:02:56.226-0600][gc,phases   ] GC(63)   Post Evacuate Collection Set: 0.80ms
[2025-01-16T19:02:56.226-0600][gc,phases   ] GC(63)   Other: 0.38ms
[2025-01-16T19:02:56.226-0600][gc,heap     ] GC(63) Eden regions: 190->0(190)
[2025-01-16T19:02:56.226-0600][gc,heap     ] GC(63) Survivor regions: 3->5(25)
[2025-01-16T19:02:56.226-0600][gc,heap     ] GC(63) Old regions: 68->68
[2025-01-16T19:02:56.226-0600][gc,heap     ] GC(63) Humongous regions: 129->129
[2025-01-16T19:02:56.226-0600][gc,metaspace] GC(63) Metaspace: 44339K(44992K)->44339K(44992K) NonClass: 39063K(39424K)->39063K(39424K) Class: 5275K(5568K)->5275K(5568K)
[2025-01-16T19:02:56.226-0600][gc          ] GC(63) Pause Young (Normal) (G1 Evacuation Pause) 389M->201M(1024M) 12.177ms
[2025-01-16T19:02:56.226-0600][gc,cpu      ] GC(63) User=0.02s Sys=0.03s Real=0.01s
[2025-01-16T19:14:53.360-0600][gc,start    ] GC(64) Pause Young (Normal) (G1 Evacuation Pause)
[2025-01-16T19:14:53.361-0600][gc,task     ] GC(64) Using 9 workers of 9 for evacuation
[2025-01-16T19:14:53.375-0600][gc,phases   ] GC(64)   Pre Evacuate Collection Set: 0.87ms
[2025-01-16T19:14:53.376-0600][gc,phases   ] GC(64)   Merge Heap Roots: 0.17ms
[2025-01-16T19:14:53.376-0600][gc,phases   ] GC(64)   Evacuate Collection Set: 12.25ms
[2025-01-16T19:14:53.376-0600][gc,phases   ] GC(64)   Post Evacuate Collection Set: 1.17ms
[2025-01-16T19:14:53.376-0600][gc,phases   ] GC(64)   Other: 0.33ms
[2025-01-16T19:14:53.376-0600][gc,heap     ] GC(64) Eden regions: 190->0(193)
[2025-01-16T19:14:53.376-0600][gc,heap     ] GC(64) Survivor regions: 5->4(25)
[2025-01-16T19:14:53.376-0600][gc,heap     ] GC(64) Old regions: 68->68
[2025-01-16T19:14:53.376-0600][gc,heap     ] GC(64) Humongous regions: 129->129
[2025-01-16T19:14:53.376-0600][gc,metaspace] GC(64) Metaspace: 44341K(44992K)->44341K(44992K) NonClass: 39065K(39424K)->39065K(39424K) Class: 5275K(5568K)->5275K(5568K)
[2025-01-16T19:14:53.376-0600][gc          ] GC(64) Pause Young (Normal) (G1 Evacuation Pause) 391M->200M(1024M) 16.311ms
[2025-01-16T19:14:53.376-0600][gc,cpu      ] GC(64) User=0.03s Sys=0.04s Real=0.01s
[2025-01-16T19:26:47.414-0600][gc,start    ] GC(65) Pause Young (Normal) (G1 Evacuation Pause)
[2025-01-16T19:26:47.415-0600][gc,task     ] GC(65) Using 9 workers of 9 for evacuation
[2025-01-16T19:26:47.422-0600][gc,phases   ] GC(65)   Pre Evacuate Collection Set: 0.86ms
[2025-01-16T19:26:47.423-0600][gc,phases   ] GC(65)   Merge Heap Roots: 0.16ms
[2025-01-16T19:26:47.423-0600][gc,phases   ] GC(65)   Evacuate Collection Set: 5.22ms
[2025-01-16T19:26:47.423-0600][gc,phases   ] GC(65)   Post Evacuate Collection Set: 0.76ms
[2025-01-16T19:26:47.423-0600][gc,phases   ] GC(65)   Other: 0.64ms
[2025-01-16T19:26:47.423-0600][gc,heap     ] GC(65) Eden regions: 193->0(212)
[2025-01-16T19:26:47.423-0600][gc,heap     ] GC(65) Survivor regions: 4->3(25)
[2025-01-16T19:26:47.423-0600][gc,heap     ] GC(65) Old regions: 68->68
[2025-01-16T19:26:47.423-0600][gc,heap     ] GC(65) Humongous regions: 129->129
[2025-01-16T19:26:47.423-0600][gc,metaspace] GC(65) Metaspace: 44344K(44992K)->44344K(44992K) NonClass: 39068K(39424K)->39068K(39424K) Class: 5275K(5568K)->5275K(5568K)
[2025-01-16T19:26:47.423-0600][gc          ] GC(65) Pause Young (Normal) (G1 Evacuation Pause) 393M->199M(1024M) 8.641ms
[2025-01-16T19:26:47.423-0600][gc,cpu      ] GC(65) User=0.02s Sys=0.02s Real=0.01s
[2025-01-16T19:40:13.718-0600][gc,start    ] GC(66) Pause Young (Normal) (G1 Evacuation Pause)
[2025-01-16T19:40:13.718-0600][gc,task     ] GC(66) Using 9 workers of 9 for evacuation
[2025-01-16T19:40:13.730-0600][gc,phases   ] GC(66)   Pre Evacuate Collection Set: 0.88ms
[2025-01-16T19:40:13.730-0600][gc,phases   ] GC(66)   Merge Heap Roots: 0.21ms
[2025-01-16T19:40:13.730-0600][gc,phases   ] GC(66)   Evacuate Collection Set: 9.00ms
[2025-01-16T19:40:13.730-0600][gc,phases   ] GC(66)   Post Evacuate Collection Set: 1.06ms
[2025-01-16T19:40:13.730-0600][gc,phases   ] GC(66)   Other: 0.60ms
[2025-01-16T19:40:13.730-0600][gc,heap     ] GC(66) Eden regions: 213->0(196)
[2025-01-16T19:40:13.730-0600][gc,heap     ] GC(66) Survivor regions: 3->5(27)
[2025-01-16T19:40:13.730-0600][gc,heap     ] GC(66) Old regions: 68->68
[2025-01-16T19:40:13.730-0600][gc,heap     ] GC(66) Humongous regions: 129->129
[2025-01-16T19:40:13.730-0600][gc,metaspace] GC(66) Metaspace: 44346K(44992K)->44346K(44992K) NonClass: 39070K(39424K)->39070K(39424K) Class: 5275K(5568K)->5275K(5568K)
[2025-01-16T19:40:13.731-0600][gc          ] GC(66) Pause Young (Normal) (G1 Evacuation Pause) 412M->200M(1024M) 12.970ms
[2025-01-16T19:40:13.731-0600][gc,cpu      ] GC(66) User=0.02s Sys=0.03s Real=0.02s
[2025-01-16T22:04:49.184-0600][gc,start    ] GC(67) Pause Young (Normal) (G1 Evacuation Pause)
[2025-01-16T22:04:49.185-0600][gc,task     ] GC(67) Using 9 workers of 9 for evacuation
[2025-01-16T22:04:49.195-0600][gc,phases   ] GC(67)   Pre Evacuate Collection Set: 0.99ms
[2025-01-16T22:04:49.195-0600][gc,phases   ] GC(67)   Merge Heap Roots: 0.13ms
[2025-01-16T22:04:49.196-0600][gc,phases   ] GC(67)   Evacuate Collection Set: 7.15ms
[2025-01-16T22:04:49.196-0600][gc,phases   ] GC(67)   Post Evacuate Collection Set: 0.84ms
[2025-01-16T22:04:49.196-0600][gc,phases   ] GC(67)   Other: 1.11ms
[2025-01-16T22:04:49.196-0600][gc,heap     ] GC(67) Eden regions: 196->0(203)
[2025-01-16T22:04:49.196-0600][gc,heap     ] GC(67) Survivor regions: 5->4(26)
[2025-01-16T22:04:49.196-0600][gc,heap     ] GC(67) Old regions: 68->68
[2025-01-16T22:04:49.196-0600][gc,heap     ] GC(67) Humongous regions: 129->129
[2025-01-16T22:04:49.196-0600][gc,metaspace] GC(67) Metaspace: 44366K(45056K)->44366K(45056K) NonClass: 39090K(39488K)->39090K(39488K) Class: 5275K(5568K)->5275K(5568K)
[2025-01-16T22:04:49.196-0600][gc          ] GC(67) Pause Young (Normal) (G1 Evacuation Pause) 396M->200M(1024M) 11.920ms
[2025-01-16T22:04:49.196-0600][gc,cpu      ] GC(67) User=0.02s Sys=0.03s Real=0.01s
[2025-01-16T23:18:55.422-0600][gc,start    ] GC(68) Pause Young (Normal) (G1 Evacuation Pause)
[2025-01-16T23:18:55.423-0600][gc,task     ] GC(68) Using 9 workers of 9 for evacuation
[2025-01-16T23:18:55.434-0600][gc,phases   ] GC(68)   Pre Evacuate Collection Set: 1.70ms
[2025-01-16T23:18:55.434-0600][gc,phases   ] GC(68)   Merge Heap Roots: 0.32ms
[2025-01-16T23:18:55.434-0600][gc,phases   ] GC(68)   Evacuate Collection Set: 7.49ms
[2025-01-16T23:18:55.434-0600][gc,phases   ] GC(68)   Post Evacuate Collection Set: 1.05ms
[2025-01-16T23:18:55.434-0600][gc,phases   ] GC(68)   Other: 0.76ms
[2025-01-16T23:18:55.434-0600][gc,heap     ] GC(68) Eden regions: 203->0(208)
[2025-01-16T23:18:55.435-0600][gc,heap     ] GC(68) Survivor regions: 4->4(26)
[2025-01-16T23:18:55.435-0600][gc,heap     ] GC(68) Old regions: 68->68
[2025-01-16T23:18:55.435-0600][gc,heap     ] GC(68) Humongous regions: 129->129
[2025-01-16T23:18:55.435-0600][gc,metaspace] GC(68) Metaspace: 44368K(45056K)->44368K(45056K) NonClass: 39092K(39488K)->39092K(39488K) Class: 5275K(5568K)->5275K(5568K)
[2025-01-16T23:18:55.435-0600][gc          ] GC(68) Pause Young (Normal) (G1 Evacuation Pause) 403M->200M(1024M) 12.984ms
[2025-01-16T23:18:55.435-0600][gc,cpu      ] GC(68) User=0.02s Sys=0.02s Real=0.01s
[2025-01-16T23:32:07.758-0600][gc,start    ] GC(69) Pause Young (Normal) (G1 Evacuation Pause)
[2025-01-16T23:32:07.760-0600][gc,task     ] GC(69) Using 9 workers of 9 for evacuation
[2025-01-16T23:32:07.772-0600][gc,phases   ] GC(69)   Pre Evacuate Collection Set: 0.77ms
[2025-01-16T23:32:07.772-0600][gc,phases   ] GC(69)   Merge Heap Roots: 0.27ms
[2025-01-16T23:32:07.772-0600][gc,phases   ] GC(69)   Evacuate Collection Set: 9.53ms
[2025-01-16T23:32:07.772-0600][gc,phases   ] GC(69)   Post Evacuate Collection Set: 1.17ms
[2025-01-16T23:32:07.772-0600][gc,phases   ] GC(69)   Other: 0.64ms
[2025-01-16T23:32:07.772-0600][gc,heap     ] GC(69) Eden regions: 208->0(212)
[2025-01-16T23:32:07.772-0600][gc,heap     ] GC(69) Survivor regions: 4->5(27)
[2025-01-16T23:32:07.773-0600][gc,heap     ] GC(69) Old regions: 68->68
[2025-01-16T23:32:07.773-0600][gc,heap     ] GC(69) Humongous regions: 129->129
[2025-01-16T23:32:07.773-0600][gc,metaspace] GC(69) Metaspace: 44368K(45056K)->44368K(45056K) NonClass: 39092K(39488K)->39092K(39488K) Class: 5275K(5568K)->5275K(5568K)
[2025-01-16T23:32:07.773-0600][gc          ] GC(69) Pause Young (Normal) (G1 Evacuation Pause) 408M->201M(1024M) 14.763ms
[2025-01-16T23:32:07.773-0600][gc,cpu      ] GC(69) User=0.03s Sys=0.02s Real=0.02s
[2025-01-16T23:45:19.607-0600][gc,start    ] GC(70) Pause Young (Normal) (G1 Evacuation Pause)
[2025-01-16T23:45:19.608-0600][gc,task     ] GC(70) Using 9 workers of 9 for evacuation
[2025-01-16T23:45:19.622-0600][gc,phases   ] GC(70)   Pre Evacuate Collection Set: 1.50ms
[2025-01-16T23:45:19.622-0600][gc,phases   ] GC(70)   Merge Heap Roots: 0.26ms
[2025-01-16T23:45:19.622-0600][gc,phases   ] GC(70)   Evacuate Collection Set: 9.58ms
[2025-01-16T23:45:19.622-0600][gc,phases   ] GC(70)   Post Evacuate Collection Set: 1.06ms
[2025-01-16T23:45:19.622-0600][gc,phases   ] GC(70)   Other: 1.79ms
[2025-01-16T23:45:19.622-0600][gc,heap     ] GC(70) Eden regions: 212->0(213)
[2025-01-16T23:45:19.622-0600][gc,heap     ] GC(70) Survivor regions: 5->6(28)
[2025-01-16T23:45:19.622-0600][gc,heap     ] GC(70) Old regions: 68->68
[2025-01-16T23:45:19.622-0600][gc,heap     ] GC(70) Humongous regions: 129->129
[2025-01-16T23:45:19.622-0600][gc,metaspace] GC(70) Metaspace: 44368K(45056K)->44368K(45056K) NonClass: 39092K(39488K)->39092K(39488K) Class: 5275K(5568K)->5275K(5568K)
[2025-01-16T23:45:19.622-0600][gc          ] GC(70) Pause Young (Normal) (G1 Evacuation Pause) 413M->202M(1024M) 15.589ms
[2025-01-16T23:45:19.622-0600][gc,cpu      ] GC(70) User=0.03s Sys=0.02s Real=0.02s
[2025-01-16T23:58:49.705-0600][gc,start    ] GC(71) Pause Young (Normal) (G1 Evacuation Pause)
[2025-01-16T23:58:49.706-0600][gc,task     ] GC(71) Using 9 workers of 9 for evacuation
[2025-01-16T23:58:49.720-0600][gc,phases   ] GC(71)   Pre Evacuate Collection Set: 0.99ms
[2025-01-16T23:58:49.720-0600][gc,phases   ] GC(71)   Merge Heap Roots: 0.26ms
[2025-01-16T23:58:49.720-0600][gc,phases   ] GC(71)   Evacuate Collection Set: 10.44ms
[2025-01-16T23:58:49.720-0600][gc,phases   ] GC(71)   Post Evacuate Collection Set: 2.37ms
[2025-01-16T23:58:49.721-0600][gc,phases   ] GC(71)   Other: 0.38ms
[2025-01-16T23:58:49.721-0600][gc,heap     ] GC(71) Eden regions: 213->0(229)
[2025-01-16T23:58:49.721-0600][gc,heap     ] GC(71) Survivor regions: 6->4(28)
[2025-01-16T23:58:49.721-0600][gc,heap     ] GC(71) Old regions: 68->68
[2025-01-16T23:58:49.721-0600][gc,heap     ] GC(71) Humongous regions: 129->129
[2025-01-16T23:58:49.721-0600][gc,metaspace] GC(71) Metaspace: 44371K(45056K)->44371K(45056K) NonClass: 39095K(39488K)->39095K(39488K) Class: 5275K(5568K)->5275K(5568K)
[2025-01-16T23:58:49.721-0600][gc          ] GC(71) Pause Young (Normal) (G1 Evacuation Pause) 415M->200M(1024M) 15.290ms
[2025-01-16T23:58:49.721-0600][gc,cpu      ] GC(71) User=0.02s Sys=0.01s Real=0.02s
[2025-01-17T01:15:04.333-0600][gc,start    ] GC(72) Pause Young (Normal) (G1 Evacuation Pause)
[2025-01-17T01:15:04.403-0600][gc,task     ] GC(72) Using 9 workers of 9 for evacuation
[2025-01-17T01:15:04.412-0600][gc,phases   ] GC(72)   Pre Evacuate Collection Set: 1.20ms
[2025-01-17T01:15:04.412-0600][gc,phases   ] GC(72)   Merge Heap Roots: 0.16ms
[2025-01-17T01:15:04.412-0600][gc,phases   ] GC(72)   Evacuate Collection Set: 6.43ms
[2025-01-17T01:15:04.412-0600][gc,phases   ] GC(72)   Post Evacuate Collection Set: 0.73ms
[2025-01-17T01:15:04.412-0600][gc,phases   ] GC(72)   Other: 0.50ms
[2025-01-17T01:15:04.412-0600][gc,heap     ] GC(72) Eden regions: 229->0(221)
[2025-01-17T01:15:04.412-0600][gc,heap     ] GC(72) Survivor regions: 4->4(30)
[2025-01-17T01:15:04.412-0600][gc,heap     ] GC(72) Old regions: 68->68
[2025-01-17T01:15:04.412-0600][gc,heap     ] GC(72) Humongous regions: 129->129
[2025-01-17T01:15:04.412-0600][gc,metaspace] GC(72) Metaspace: 44379K(45056K)->44379K(45056K) NonClass: 39103K(39488K)->39103K(39488K) Class: 5275K(5568K)->5275K(5568K)
[2025-01-17T01:15:04.412-0600][gc          ] GC(72) Pause Young (Normal) (G1 Evacuation Pause) 429M->200M(1024M) 78.900ms
[2025-01-17T01:15:04.412-0600][gc,cpu      ] GC(72) User=0.01s Sys=0.01s Real=0.08s
[2025-01-17T04:56:39.052-0600][gc,start    ] GC(73) Pause Young (Normal) (G1 Evacuation Pause)
[2025-01-17T04:56:39.054-0600][gc,task     ] GC(73) Using 9 workers of 9 for evacuation
[2025-01-17T04:56:39.071-0600][gc,phases   ] GC(73)   Pre Evacuate Collection Set: 1.75ms
[2025-01-17T04:56:39.071-0600][gc,phases   ] GC(73)   Merge Heap Roots: 0.31ms
[2025-01-17T04:56:39.071-0600][gc,phases   ] GC(73)   Evacuate Collection Set: 13.17ms
[2025-01-17T04:56:39.071-0600][gc,phases   ] GC(73)   Post Evacuate Collection Set: 1.29ms
[2025-01-17T04:56:39.071-0600][gc,phases   ] GC(73)   Other: 0.55ms
[2025-01-17T04:56:39.071-0600][gc,heap     ] GC(73) Eden regions: 221->0(216)
[2025-01-17T04:56:39.071-0600][gc,heap     ] GC(73) Survivor regions: 4->5(29)
[2025-01-17T04:56:39.071-0600][gc,heap     ] GC(73) Old regions: 68->68
[2025-01-17T04:56:39.071-0600][gc,heap     ] GC(73) Humongous regions: 129->129
[2025-01-17T04:56:39.071-0600][gc,metaspace] GC(73) Metaspace: 44389K(45056K)->44389K(45056K) NonClass: 39113K(39488K)->39113K(39488K) Class: 5275K(5568K)->5275K(5568K)
[2025-01-17T04:56:39.071-0600][gc          ] GC(73) Pause Young (Normal) (G1 Evacuation Pause) 421M->201M(1024M) 18.530ms
[2025-01-17T04:56:39.071-0600][gc,cpu      ] GC(73) User=0.02s Sys=0.05s Real=0.02s
[2025-01-17T07:40:34.306-0600][gc,start    ] GC(74) Pause Young (Normal) (G1 Evacuation Pause)
[2025-01-17T07:40:34.307-0600][gc,task     ] GC(74) Using 9 workers of 9 for evacuation
[2025-01-17T07:40:34.316-0600][gc,phases   ] GC(74)   Pre Evacuate Collection Set: 1.23ms
[2025-01-17T07:40:34.316-0600][gc,phases   ] GC(74)   Merge Heap Roots: 0.28ms
[2025-01-17T07:40:34.316-0600][gc,phases   ] GC(74)   Evacuate Collection Set: 5.75ms
[2025-01-17T07:40:34.317-0600][gc,phases   ] GC(74)   Post Evacuate Collection Set: 1.21ms
[2025-01-17T07:40:34.317-0600][gc,phases   ] GC(74)   Other: 0.89ms
[2025-01-17T07:40:34.317-0600][gc,heap     ] GC(74) Eden regions: 216->0(225)
[2025-01-17T07:40:34.317-0600][gc,heap     ] GC(74) Survivor regions: 5->3(28)
[2025-01-17T07:40:34.317-0600][gc,heap     ] GC(74) Old regions: 68->68
[2025-01-17T07:40:34.317-0600][gc,heap     ] GC(74) Humongous regions: 129->129
[2025-01-17T07:40:34.317-0600][gc,metaspace] GC(74) Metaspace: 44390K(45056K)->44390K(45056K) NonClass: 39114K(39488K)->39114K(39488K) Class: 5275K(5568K)->5275K(5568K)
[2025-01-17T07:40:34.317-0600][gc          ] GC(74) Pause Young (Normal) (G1 Evacuation Pause) 417M->199M(1024M) 10.297ms
[2025-01-17T07:40:34.317-0600][gc,cpu      ] GC(74) User=0.02s Sys=0.02s Real=0.01s
[2025-01-17T08:39:51.830-0600][gc,start    ] GC(75) Pause Young (Normal) (G1 Evacuation Pause)
[2025-01-17T08:39:51.833-0600][gc,task     ] GC(75) Using 9 workers of 9 for evacuation
[2025-01-17T08:39:51.844-0600][gc,phases   ] GC(75)   Pre Evacuate Collection Set: 0.79ms
[2025-01-17T08:39:51.844-0600][gc,phases   ] GC(75)   Merge Heap Roots: 0.39ms
[2025-01-17T08:39:51.844-0600][gc,phases   ] GC(75)   Evacuate Collection Set: 8.49ms
[2025-01-17T08:39:51.844-0600][gc,phases   ] GC(75)   Post Evacuate Collection Set: 1.04ms
[2025-01-17T08:39:51.845-0600][gc,phases   ] GC(75)   Other: 1.32ms
[2025-01-17T08:39:51.845-0600][gc,heap     ] GC(75) Eden regions: 225->0(225)
[2025-01-17T08:39:51.845-0600][gc,heap     ] GC(75) Survivor regions: 3->5(29)
[2025-01-17T08:39:51.845-0600][gc,heap     ] GC(75) Old regions: 68->68
[2025-01-17T08:39:51.845-0600][gc,heap     ] GC(75) Humongous regions: 129->129
[2025-01-17T08:39:51.845-0600][gc,metaspace] GC(75) Metaspace: 44390K(45056K)->44390K(45056K) NonClass: 39114K(39488K)->39114K(39488K) Class: 5275K(5568K)->5275K(5568K)
[2025-01-17T08:39:51.845-0600][gc          ] GC(75) Pause Young (Normal) (G1 Evacuation Pause) 424M->201M(1024M) 15.301ms
[2025-01-17T08:39:51.845-0600][gc,cpu      ] GC(75) User=0.01s Sys=0.03s Real=0.01s
[2025-01-17T08:54:06.599-0600][gc,start    ] GC(76) Pause Young (Normal) (G1 Evacuation Pause)
[2025-01-17T08:54:06.600-0600][gc,task     ] GC(76) Using 9 workers of 9 for evacuation
[2025-01-17T08:54:06.611-0600][gc,phases   ] GC(76)   Pre Evacuate Collection Set: 0.86ms
[2025-01-17T08:54:06.611-0600][gc,phases   ] GC(76)   Merge Heap Roots: 0.32ms
[2025-01-17T08:54:06.611-0600][gc,phases   ] GC(76)   Evacuate Collection Set: 7.79ms
[2025-01-17T08:54:06.611-0600][gc,phases   ] GC(76)   Post Evacuate Collection Set: 1.48ms
[2025-01-17T08:54:06.611-0600][gc,phases   ] GC(76)   Other: 1.06ms
[2025-01-17T08:54:06.611-0600][gc,heap     ] GC(76) Eden regions: 225->0(235)
[2025-01-17T08:54:06.611-0600][gc,heap     ] GC(76) Survivor regions: 5->5(29)
[2025-01-17T08:54:06.611-0600][gc,heap     ] GC(76) Old regions: 68->68
[2025-01-17T08:54:06.611-0600][gc,heap     ] GC(76) Humongous regions: 129->129
[2025-01-17T08:54:06.612-0600][gc,metaspace] GC(76) Metaspace: 44397K(45056K)->44397K(45056K) NonClass: 39121K(39488K)->39121K(39488K) Class: 5275K(5568K)->5275K(5568K)
[2025-01-17T08:54:06.612-0600][gc          ] GC(76) Pause Young (Normal) (G1 Evacuation Pause) 426M->201M(1024M) 12.610ms
[2025-01-17T08:54:06.612-0600][gc,cpu      ] GC(76) User=0.03s Sys=0.03s Real=0.02s
[2025-01-17T09:09:01.004-0600][gc,start    ] GC(77) Pause Young (Normal) (G1 Evacuation Pause)
[2025-01-17T09:09:01.005-0600][gc,task     ] GC(77) Using 9 workers of 9 for evacuation
[2025-01-17T09:09:01.022-0600][gc,phases   ] GC(77)   Pre Evacuate Collection Set: 1.76ms
[2025-01-17T09:09:01.022-0600][gc,phases   ] GC(77)   Merge Heap Roots: 0.40ms
[2025-01-17T09:09:01.022-0600][gc,phases   ] GC(77)   Evacuate Collection Set: 9.43ms
[2025-01-17T09:09:01.023-0600][gc,phases   ] GC(77)   Post Evacuate Collection Set: 5.22ms
[2025-01-17T09:09:01.023-0600][gc,phases   ] GC(77)   Other: 0.66ms
[2025-01-17T09:09:01.023-0600][gc,heap     ] GC(77) Eden regions: 235->0(229)
[2025-01-17T09:09:01.023-0600][gc,heap     ] GC(77) Survivor regions: 5->5(30)
[2025-01-17T09:09:01.023-0600][gc,heap     ] GC(77) Old regions: 68->68
[2025-01-17T09:09:01.023-0600][gc,heap     ] GC(77) Humongous regions: 129->129
[2025-01-17T09:09:01.023-0600][gc,metaspace] GC(77) Metaspace: 44397K(45056K)->44397K(45056K) NonClass: 39121K(39488K)->39121K(39488K) Class: 5275K(5568K)->5275K(5568K)
[2025-01-17T09:09:01.023-0600][gc          ] GC(77) Pause Young (Normal) (G1 Evacuation Pause) 436M->201M(1024M) 18.728ms
[2025-01-17T09:09:01.023-0600][gc,cpu      ] GC(77) User=0.03s Sys=0.04s Real=0.02s
[2025-01-17T09:23:20.445-0600][gc,start    ] GC(78) Pause Young (Normal) (G1 Evacuation Pause)
[2025-01-17T09:23:20.447-0600][gc,task     ] GC(78) Using 9 workers of 9 for evacuation
[2025-01-17T09:23:20.455-0600][gc,phases   ] GC(78)   Pre Evacuate Collection Set: 0.81ms
[2025-01-17T09:23:20.456-0600][gc,phases   ] GC(78)   Merge Heap Roots: 0.20ms
[2025-01-17T09:23:20.456-0600][gc,phases   ] GC(78)   Evacuate Collection Set: 6.15ms
[2025-01-17T09:23:20.456-0600][gc,phases   ] GC(78)   Post Evacuate Collection Set: 0.84ms
[2025-01-17T09:23:20.456-0600][gc,phases   ] GC(78)   Other: 0.51ms
[2025-01-17T09:23:20.456-0600][gc,heap     ] GC(78) Eden regions: 229->0(235)
[2025-01-17T09:23:20.456-0600][gc,heap     ] GC(78) Survivor regions: 5->5(30)
[2025-01-17T09:23:20.456-0600][gc,heap     ] GC(78) Old regions: 68->68
[2025-01-17T09:23:20.456-0600][gc,heap     ] GC(78) Humongous regions: 129->129
[2025-01-17T09:23:20.456-0600][gc,metaspace] GC(78) Metaspace: 44398K(45056K)->44398K(45056K) NonClass: 39122K(39488K)->39122K(39488K) Class: 5276K(5568K)->5276K(5568K)
[2025-01-17T09:23:20.456-0600][gc          ] GC(78) Pause Young (Normal) (G1 Evacuation Pause) 430M->200M(1024M) 10.683ms
[2025-01-17T09:23:20.456-0600][gc,cpu      ] GC(78) User=0.03s Sys=0.02s Real=0.01s
[2025-01-17T09:38:09.270-0600][gc,start    ] GC(79) Pause Young (Normal) (G1 Evacuation Pause)
[2025-01-17T09:38:09.271-0600][gc,task     ] GC(79) Using 9 workers of 9 for evacuation
[2025-01-17T09:38:09.286-0600][gc,phases   ] GC(79)   Pre Evacuate Collection Set: 2.04ms
[2025-01-17T09:38:09.286-0600][gc,phases   ] GC(79)   Merge Heap Roots: 0.41ms
[2025-01-17T09:38:09.286-0600][gc,phases   ] GC(79)   Evacuate Collection Set: 10.31ms
[2025-01-17T09:38:09.286-0600][gc,phases   ] GC(79)   Post Evacuate Collection Set: 0.91ms
[2025-01-17T09:38:09.286-0600][gc,phases   ] GC(79)   Other: 0.93ms
[2025-01-17T09:38:09.286-0600][gc,heap     ] GC(79) Eden regions: 235->0(238)
[2025-01-17T09:38:09.286-0600][gc,heap     ] GC(79) Survivor regions: 5->4(30)
[2025-01-17T09:38:09.286-0600][gc,heap     ] GC(79) Old regions: 68->68
[2025-01-17T09:38:09.286-0600][gc,heap     ] GC(79) Humongous regions: 129->129
[2025-01-17T09:38:09.286-0600][gc,metaspace] GC(79) Metaspace: 44401K(45056K)->44401K(45056K) NonClass: 39124K(39488K)->39124K(39488K) Class: 5276K(5568K)->5276K(5568K)
[2025-01-17T09:38:09.286-0600][gc          ] GC(79) Pause Young (Normal) (G1 Evacuation Pause) 435M->200M(1024M) 16.507ms
[2025-01-17T09:38:09.286-0600][gc,cpu      ] GC(79) User=0.03s Sys=0.03s Real=0.01s
[2025-01-17T09:53:18.042-0600][gc,start    ] GC(80) Pause Young (Normal) (G1 Evacuation Pause)
[2025-01-17T09:53:18.042-0600][gc,task     ] GC(80) Using 9 workers of 9 for evacuation
[2025-01-17T09:53:18.057-0600][gc,phases   ] GC(80)   Pre Evacuate Collection Set: 2.04ms
[2025-01-17T09:53:18.058-0600][gc,phases   ] GC(80)   Merge Heap Roots: 0.39ms
[2025-01-17T09:53:18.058-0600][gc,phases   ] GC(80)   Evacuate Collection Set: 11.60ms
[2025-01-17T09:53:18.058-0600][gc,phases   ] GC(80)   Post Evacuate Collection Set: 0.77ms
[2025-01-17T09:53:18.058-0600][gc,phases   ] GC(80)   Other: 0.39ms
[2025-01-17T09:53:18.058-0600][gc,heap     ] GC(80) Eden regions: 239->0(235)
[2025-01-17T09:53:18.058-0600][gc,heap     ] GC(80) Survivor regions: 4->5(31)
[2025-01-17T09:53:18.058-0600][gc,heap     ] GC(80) Old regions: 68->68
[2025-01-17T09:53:18.058-0600][gc,heap     ] GC(80) Humongous regions: 129->129
[2025-01-17T09:53:18.058-0600][gc,metaspace] GC(80) Metaspace: 44401K(45056K)->44401K(45056K) NonClass: 39125K(39488K)->39125K(39488K) Class: 5276K(5568K)->5276K(5568K)
[2025-01-17T09:53:18.058-0600][gc          ] GC(80) Pause Young (Normal) (G1 Evacuation Pause) 439M->201M(1024M) 16.239ms
[2025-01-17T09:53:18.058-0600][gc,cpu      ] GC(80) User=0.03s Sys=0.04s Real=0.01s
[2025-01-17T10:08:08.729-0600][gc,start    ] GC(81) Pause Young (Normal) (G1 Evacuation Pause)
[2025-01-17T10:08:08.730-0600][gc,task     ] GC(81) Using 9 workers of 9 for evacuation
[2025-01-17T10:08:08.745-0600][gc,phases   ] GC(81)   Pre Evacuate Collection Set: 1.52ms
[2025-01-17T10:08:08.745-0600][gc,phases   ] GC(81)   Merge Heap Roots: 0.30ms
[2025-01-17T10:08:08.745-0600][gc,phases   ] GC(81)   Evacuate Collection Set: 11.07ms
[2025-01-17T10:08:08.745-0600][gc,phases   ] GC(81)   Post Evacuate Collection Set: 1.35ms
[2025-01-17T10:08:08.745-0600][gc,phases   ] GC(81)   Other: 0.58ms
[2025-01-17T10:08:08.745-0600][gc,heap     ] GC(81) Eden regions: 235->0(236)
[2025-01-17T10:08:08.746-0600][gc,heap     ] GC(81) Survivor regions: 5->5(30)
[2025-01-17T10:08:08.746-0600][gc,heap     ] GC(81) Old regions: 68->68
[2025-01-17T10:08:08.746-0600][gc,heap     ] GC(81) Humongous regions: 129->129
[2025-01-17T10:08:08.746-0600][gc,metaspace] GC(81) Metaspace: 44409K(45056K)->44409K(45056K) NonClass: 39133K(39488K)->39133K(39488K) Class: 5276K(5568K)->5276K(5568K)
[2025-01-17T10:08:08.746-0600][gc          ] GC(81) Pause Young (Normal) (G1 Evacuation Pause) 436M->201M(1024M) 16.682ms
[2025-01-17T10:08:08.746-0600][gc,cpu      ] GC(81) User=0.02s Sys=0.04s Real=0.02s
[2025-01-17T10:22:53.714-0600][gc,start    ] GC(82) Pause Young (Normal) (G1 Evacuation Pause)
[2025-01-17T10:22:53.715-0600][gc,task     ] GC(82) Using 9 workers of 9 for evacuation
[2025-01-17T10:22:53.762-0600][gc,mmu      ] GC(82) MMU target violated: 21.0ms (20.0ms/21.0ms)
[2025-01-17T10:22:53.763-0600][gc,phases   ] GC(82)   Pre Evacuate Collection Set: 0.96ms
[2025-01-17T10:22:53.763-0600][gc,phases   ] GC(82)   Merge Heap Roots: 0.21ms
[2025-01-17T10:22:53.763-0600][gc,phases   ] GC(82)   Evacuate Collection Set: 44.55ms
[2025-01-17T10:22:53.763-0600][gc,phases   ] GC(82)   Post Evacuate Collection Set: 1.29ms
[2025-01-17T10:22:53.763-0600][gc,phases   ] GC(82)   Other: 0.83ms
[2025-01-17T10:22:53.763-0600][gc,heap     ] GC(82) Eden regions: 236->0(45)
[2025-01-17T10:22:53.763-0600][gc,heap     ] GC(82) Survivor regions: 5->6(31)
[2025-01-17T10:22:53.763-0600][gc,heap     ] GC(82) Old regions: 68->68
[2025-01-17T10:22:53.763-0600][gc,heap     ] GC(82) Humongous regions: 129->129
[2025-01-17T10:22:53.763-0600][gc,metaspace] GC(82) Metaspace: 44420K(45056K)->44420K(45056K) NonClass: 39144K(39488K)->39144K(39488K) Class: 5276K(5568K)->5276K(5568K)
[2025-01-17T10:22:53.763-0600][gc          ] GC(82) Pause Young (Normal) (G1 Evacuation Pause) 437M->201M(1024M) 48.831ms
[2025-01-17T10:22:53.763-0600][gc,cpu      ] GC(82) User=0.02s Sys=0.03s Real=0.05s
[2025-01-17T10:25:35.775-0600][gc,start    ] GC(83) Pause Young (Normal) (G1 Evacuation Pause)
[2025-01-17T10:25:35.776-0600][gc,task     ] GC(83) Using 9 workers of 9 for evacuation
[2025-01-17T10:25:35.782-0600][gc,phases   ] GC(83)   Pre Evacuate Collection Set: 0.65ms
[2025-01-17T10:25:35.782-0600][gc,phases   ] GC(83)   Merge Heap Roots: 0.15ms
[2025-01-17T10:25:35.782-0600][gc,phases   ] GC(83)   Evacuate Collection Set: 4.24ms
[2025-01-17T10:25:35.782-0600][gc,phases   ] GC(83)   Post Evacuate Collection Set: 0.56ms
[2025-01-17T10:25:35.782-0600][gc,phases   ] GC(83)   Other: 0.30ms
[2025-01-17T10:25:35.782-0600][gc,heap     ] GC(83) Eden regions: 45->0(48)
[2025-01-17T10:25:35.782-0600][gc,heap     ] GC(83) Survivor regions: 6->3(7)
[2025-01-17T10:25:35.782-0600][gc,heap     ] GC(83) Old regions: 68->69
[2025-01-17T10:25:35.782-0600][gc,heap     ] GC(83) Humongous regions: 129->129
[2025-01-17T10:25:35.782-0600][gc,metaspace] GC(83) Metaspace: 44421K(45056K)->44421K(45056K) NonClass: 39144K(39488K)->39144K(39488K) Class: 5276K(5568K)->5276K(5568K)
[2025-01-17T10:25:35.782-0600][gc          ] GC(83) Pause Young (Normal) (G1 Evacuation Pause) 246M->199M(1024M) 7.196ms
[2025-01-17T10:25:35.782-0600][gc,cpu      ] GC(83) User=0.02s Sys=0.02s Real=0.01s
[2025-01-17T10:28:35.238-0600][gc,start    ] GC(84) Pause Young (Normal) (G1 Evacuation Pause)
[2025-01-17T10:28:35.239-0600][gc,task     ] GC(84) Using 9 workers of 9 for evacuation
[2025-01-17T10:28:35.247-0600][gc,phases   ] GC(84)   Pre Evacuate Collection Set: 0.97ms
[2025-01-17T10:28:35.247-0600][gc,phases   ] GC(84)   Merge Heap Roots: 0.16ms
[2025-01-17T10:28:35.247-0600][gc,phases   ] GC(84)   Evacuate Collection Set: 5.64ms
[2025-01-17T10:28:35.247-0600][gc,phases   ] GC(84)   Post Evacuate Collection Set: 0.76ms
[2025-01-17T10:28:35.247-0600][gc,phases   ] GC(84)   Other: 0.34ms
[2025-01-17T10:28:35.247-0600][gc,heap     ] GC(84) Eden regions: 48->0(45)
[2025-01-17T10:28:35.247-0600][gc,heap     ] GC(84) Survivor regions: 3->6(7)
[2025-01-17T10:28:35.247-0600][gc,heap     ] GC(84) Old regions: 69->69
[2025-01-17T10:28:35.247-0600][gc,heap     ] GC(84) Humongous regions: 129->129
[2025-01-17T10:28:35.247-0600][gc,metaspace] GC(84) Metaspace: 44421K(45056K)->44421K(45056K) NonClass: 39144K(39488K)->39144K(39488K) Class: 5276K(5568K)->5276K(5568K)
[2025-01-17T10:28:35.247-0600][gc          ] GC(84) Pause Young (Normal) (G1 Evacuation Pause) 247M->202M(1024M) 9.159ms
[2025-01-17T10:28:35.248-0600][gc,cpu      ] GC(84) User=0.02s Sys=0.02s Real=0.01s
[2025-01-17T10:31:21.842-0600][gc,start    ] GC(85) Pause Young (Normal) (G1 Evacuation Pause)
[2025-01-17T10:31:21.844-0600][gc,task     ] GC(85) Using 9 workers of 9 for evacuation
[2025-01-17T10:31:21.855-0600][gc,phases   ] GC(85)   Pre Evacuate Collection Set: 0.88ms
[2025-01-17T10:31:21.855-0600][gc,phases   ] GC(85)   Merge Heap Roots: 0.22ms
[2025-01-17T10:31:21.855-0600][gc,phases   ] GC(85)   Evacuate Collection Set: 8.78ms
[2025-01-17T10:31:21.855-0600][gc,phases   ] GC(85)   Post Evacuate Collection Set: 0.99ms
[2025-01-17T10:31:21.855-0600][gc,phases   ] GC(85)   Other: 0.43ms
[2025-01-17T10:31:21.855-0600][gc,heap     ] GC(85) Eden regions: 45->0(46)
[2025-01-17T10:31:21.856-0600][gc,heap     ] GC(85) Survivor regions: 6->5(7)
[2025-01-17T10:31:21.856-0600][gc,heap     ] GC(85) Old regions: 69->73
[2025-01-17T10:31:21.856-0600][gc,heap     ] GC(85) Humongous regions: 129->129
[2025-01-17T10:31:21.856-0600][gc,metaspace] GC(85) Metaspace: 44423K(45056K)->44423K(45056K) NonClass: 39147K(39488K)->39147K(39488K) Class: 5276K(5568K)->5276K(5568K)
[2025-01-17T10:31:21.856-0600][gc          ] GC(85) Pause Young (Normal) (G1 Evacuation Pause) 247M->205M(1024M) 13.504ms
[2025-01-17T10:31:21.856-0600][gc,cpu      ] GC(85) User=0.04s Sys=0.02s Real=0.01s
[2025-01-17T10:34:11.677-0600][gc,start    ] GC(86) Pause Young (Normal) (G1 Evacuation Pause)
[2025-01-17T10:34:11.678-0600][gc,task     ] GC(86) Using 9 workers of 9 for evacuation
[2025-01-17T10:34:11.691-0600][gc,phases   ] GC(86)   Pre Evacuate Collection Set: 1.96ms
[2025-01-17T10:34:11.691-0600][gc,phases   ] GC(86)   Merge Heap Roots: 0.42ms
[2025-01-17T10:34:11.691-0600][gc,phases   ] GC(86)   Evacuate Collection Set: 9.09ms
[2025-01-17T10:34:11.691-0600][gc,phases   ] GC(86)   Post Evacuate Collection Set: 0.97ms
[2025-01-17T10:34:11.691-0600][gc,phases   ] GC(86)   Other: 0.50ms
[2025-01-17T10:34:11.691-0600][gc,heap     ] GC(86) Eden regions: 46->0(48)
[2025-01-17T10:34:11.691-0600][gc,heap     ] GC(86) Survivor regions: 5->3(7)
[2025-01-17T10:34:11.691-0600][gc,heap     ] GC(86) Old regions: 73->75
[2025-01-17T10:34:11.691-0600][gc,heap     ] GC(86) Humongous regions: 129->129
[2025-01-17T10:34:11.691-0600][gc,metaspace] GC(86) Metaspace: 44425K(45056K)->44425K(45056K) NonClass: 39149K(39488K)->39149K(39488K) Class: 5276K(5568K)->5276K(5568K)
[2025-01-17T10:34:11.691-0600][gc          ] GC(86) Pause Young (Normal) (G1 Evacuation Pause) 251M->206M(1024M) 14.113ms
[2025-01-17T10:34:11.691-0600][gc,cpu      ] GC(86) User=0.04s Sys=0.02s Real=0.02s
[2025-01-17T10:37:10.231-0600][gc,start    ] GC(87) Pause Young (Normal) (G1 Evacuation Pause)
[2025-01-17T10:37:10.232-0600][gc,task     ] GC(87) Using 9 workers of 9 for evacuation
[2025-01-17T10:37:10.249-0600][gc,phases   ] GC(87)   Pre Evacuate Collection Set: 1.13ms
[2025-01-17T10:37:10.249-0600][gc,phases   ] GC(87)   Merge Heap Roots: 0.19ms
[2025-01-17T10:37:10.249-0600][gc,phases   ] GC(87)   Evacuate Collection Set: 13.94ms
[2025-01-17T10:37:10.249-0600][gc,phases   ] GC(87)   Post Evacuate Collection Set: 0.61ms
[2025-01-17T10:37:10.249-0600][gc,phases   ] GC(87)   Other: 1.78ms
[2025-01-17T10:37:10.250-0600][gc,heap     ] GC(87) Eden regions: 48->0(44)
[2025-01-17T10:37:10.250-0600][gc,heap     ] GC(87) Survivor regions: 3->7(7)
[2025-01-17T10:37:10.250-0600][gc,heap     ] GC(87) Old regions: 75->75
[2025-01-17T10:37:10.250-0600][gc,heap     ] GC(87) Humongous regions: 129->129
[2025-01-17T10:37:10.250-0600][gc,metaspace] GC(87) Metaspace: 44425K(45056K)->44425K(45056K) NonClass: 39149K(39488K)->39149K(39488K) Class: 5276K(5568K)->5276K(5568K)
[2025-01-17T10:37:10.250-0600][gc          ] GC(87) Pause Young (Normal) (G1 Evacuation Pause) 254M->210M(1024M) 18.578ms
[2025-01-17T10:37:10.250-0600][gc,cpu      ] GC(87) User=0.04s Sys=0.03s Real=0.02s
[2025-01-17T10:39:52.693-0600][gc,start    ] GC(88) Pause Young (Normal) (G1 Evacuation Pause)
[2025-01-17T10:39:52.695-0600][gc,task     ] GC(88) Using 9 workers of 9 for evacuation
[2025-01-17T10:39:52.713-0600][gc,phases   ] GC(88)   Pre Evacuate Collection Set: 2.03ms
[2025-01-17T10:39:52.713-0600][gc,phases   ] GC(88)   Merge Heap Roots: 0.43ms
[2025-01-17T10:39:52.713-0600][gc,phases   ] GC(88)   Evacuate Collection Set: 14.52ms
[2025-01-17T10:39:52.713-0600][gc,phases   ] GC(88)   Post Evacuate Collection Set: 0.78ms
[2025-01-17T10:39:52.713-0600][gc,phases   ] GC(88)   Other: 0.45ms
[2025-01-17T10:39:52.713-0600][gc,heap     ] GC(88) Eden regions: 44->0(45)
[2025-01-17T10:39:52.713-0600][gc,heap     ] GC(88) Survivor regions: 7->6(7)
[2025-01-17T10:39:52.713-0600][gc,heap     ] GC(88) Old regions: 75->79
[2025-01-17T10:39:52.713-0600][gc,heap     ] GC(88) Humongous regions: 129->129
[2025-01-17T10:39:52.713-0600][gc,metaspace] GC(88) Metaspace: 44428K(45056K)->44428K(45056K) NonClass: 39151K(39488K)->39151K(39488K) Class: 5276K(5568K)->5276K(5568K)
[2025-01-17T10:39:52.713-0600][gc          ] GC(88) Pause Young (Normal) (G1 Evacuation Pause) 254M->213M(1024M) 19.901ms
[2025-01-17T10:39:52.713-0600][gc,cpu      ] GC(88) User=0.04s Sys=0.04s Real=0.02s
[2025-01-17T10:42:39.256-0600][gc,start    ] GC(89) Pause Young (Normal) (G1 Evacuation Pause)
[2025-01-17T10:42:39.259-0600][gc,task     ] GC(89) Using 9 workers of 9 for evacuation
[2025-01-17T10:42:39.269-0600][gc,phases   ] GC(89)   Pre Evacuate Collection Set: 1.22ms
[2025-01-17T10:42:39.269-0600][gc,phases   ] GC(89)   Merge Heap Roots: 0.14ms
[2025-01-17T10:42:39.269-0600][gc,phases   ] GC(89)   Evacuate Collection Set: 6.74ms
[2025-01-17T10:42:39.269-0600][gc,phases   ] GC(89)   Post Evacuate Collection Set: 0.99ms
[2025-01-17T10:42:39.269-0600][gc,phases   ] GC(89)   Other: 0.39ms
[2025-01-17T10:42:39.269-0600][gc,heap     ] GC(89) Eden regions: 45->0(57)
[2025-01-17T10:42:39.269-0600][gc,heap     ] GC(89) Survivor regions: 6->4(7)
[2025-01-17T10:42:39.269-0600][gc,heap     ] GC(89) Old regions: 79->82
[2025-01-17T10:42:39.269-0600][gc,heap     ] GC(89) Humongous regions: 129->129
[2025-01-17T10:42:39.269-0600][gc,metaspace] GC(89) Metaspace: 44428K(45056K)->44428K(45056K) NonClass: 39151K(39488K)->39151K(39488K) Class: 5276K(5568K)->5276K(5568K)
[2025-01-17T10:42:39.269-0600][gc          ] GC(89) Pause Young (Normal) (G1 Evacuation Pause) 258M->213M(1024M) 12.970ms
[2025-01-17T10:42:39.269-0600][gc,cpu      ] GC(89) User=0.02s Sys=0.02s Real=0.01s
[2025-01-17T10:45:33.035-0600][gc,start    ] GC(90) Pause Young (Normal) (G1 Evacuation Pause)
[2025-01-17T10:45:33.037-0600][gc,task     ] GC(90) Using 9 workers of 9 for evacuation
[2025-01-17T10:45:33.053-0600][gc,phases   ] GC(90)   Pre Evacuate Collection Set: 1.77ms
[2025-01-17T10:45:33.054-0600][gc,phases   ] GC(90)   Merge Heap Roots: 0.48ms
[2025-01-17T10:45:33.054-0600][gc,phases   ] GC(90)   Evacuate Collection Set: 12.70ms
[2025-01-17T10:45:33.054-0600][gc,phases   ] GC(90)   Post Evacuate Collection Set: 1.53ms
[2025-01-17T10:45:33.056-0600][gc,phases   ] GC(90)   Other: 0.41ms
[2025-01-17T10:45:33.056-0600][gc,heap     ] GC(90) Eden regions: 47->0(44)
[2025-01-17T10:45:33.056-0600][gc,heap     ] GC(90) Survivor regions: 4->7(7)
[2025-01-17T10:45:33.056-0600][gc,heap     ] GC(90) Old regions: 82->82
[2025-01-17T10:45:33.056-0600][gc,heap     ] GC(90) Humongous regions: 129->129
[2025-01-17T10:45:33.056-0600][gc,metaspace] GC(90) Metaspace: 44480K(45184K)->44480K(45184K) NonClass: 39201K(39616K)->39201K(39616K) Class: 5279K(5568K)->5279K(5568K)
[2025-01-17T10:45:33.057-0600][gc          ] GC(90) Pause Young (Normal) (G1 Evacuation Pause) 260M->216M(1024M) 21.130ms
[2025-01-17T10:45:33.057-0600][gc,cpu      ] GC(90) User=0.04s Sys=0.03s Real=0.02s
[2025-01-17T10:48:15.020-0600][gc,start    ] GC(91) Pause Young (Normal) (G1 Evacuation Pause)
[2025-01-17T10:48:15.022-0600][gc,task     ] GC(91) Using 9 workers of 9 for evacuation
[2025-01-17T10:48:15.037-0600][gc,phases   ] GC(91)   Pre Evacuate Collection Set: 1.23ms
[2025-01-17T10:48:15.037-0600][gc,phases   ] GC(91)   Merge Heap Roots: 0.19ms
[2025-01-17T10:48:15.037-0600][gc,phases   ] GC(91)   Evacuate Collection Set: 12.24ms
[2025-01-17T10:48:15.037-0600][gc,phases   ] GC(91)   Post Evacuate Collection Set: 0.82ms
[2025-01-17T10:48:15.037-0600][gc,phases   ] GC(91)   Other: 0.59ms
[2025-01-17T10:48:15.037-0600][gc,heap     ] GC(91) Eden regions: 44->0(45)
[2025-01-17T10:48:15.037-0600][gc,heap     ] GC(91) Survivor regions: 7->6(7)
[2025-01-17T10:48:15.037-0600][gc,heap     ] GC(91) Old regions: 82->86
[2025-01-17T10:48:15.037-0600][gc,heap     ] GC(91) Humongous regions: 129->129
[2025-01-17T10:48:15.037-0600][gc,metaspace] GC(91) Metaspace: 44496K(45184K)->44496K(45184K) NonClass: 39217K(39616K)->39217K(39616K) Class: 5279K(5568K)->5279K(5568K)
[2025-01-17T10:48:15.037-0600][gc          ] GC(91) Pause Young (Normal) (G1 Evacuation Pause) 260M->219M(1024M) 16.918ms
[2025-01-17T10:48:15.037-0600][gc,cpu      ] GC(91) User=0.04s Sys=0.03s Real=0.01s
[2025-01-17T10:51:01.825-0600][gc,start    ] GC(92) Pause Young (Normal) (G1 Evacuation Pause)
[2025-01-17T10:51:01.825-0600][gc,task     ] GC(92) Using 9 workers of 9 for evacuation
[2025-01-17T10:51:01.836-0600][gc,phases   ] GC(92)   Pre Evacuate Collection Set: 1.25ms
[2025-01-17T10:51:01.836-0600][gc,phases   ] GC(92)   Merge Heap Roots: 0.28ms
[2025-01-17T10:51:01.836-0600][gc,phases   ] GC(92)   Evacuate Collection Set: 7.76ms
[2025-01-17T10:51:01.836-0600][gc,phases   ] GC(92)   Post Evacuate Collection Set: 0.96ms
[2025-01-17T10:51:01.836-0600][gc,phases   ] GC(92)   Other: 0.45ms
[2025-01-17T10:51:01.836-0600][gc,heap     ] GC(92) Eden regions: 45->0(93)
[2025-01-17T10:51:01.836-0600][gc,heap     ] GC(92) Survivor regions: 6->4(7)
[2025-01-17T10:51:01.836-0600][gc,heap     ] GC(92) Old regions: 86->88
[2025-01-17T10:51:01.836-0600][gc,heap     ] GC(92) Humongous regions: 129->129
[2025-01-17T10:51:01.836-0600][gc,metaspace] GC(92) Metaspace: 44496K(45184K)->44496K(45184K) NonClass: 39217K(39616K)->39217K(39616K) Class: 5279K(5568K)->5279K(5568K)
[2025-01-17T10:51:01.836-0600][gc          ] GC(92) Pause Young (Normal) (G1 Evacuation Pause) 264M->220M(1024M) 11.707ms
[2025-01-17T10:51:01.836-0600][gc,cpu      ] GC(92) User=0.02s Sys=0.02s Real=0.01s
[2025-01-17T10:55:59.821-0600][gc,start    ] GC(93) Pause Young (Normal) (G1 Evacuation Pause)
[2025-01-17T10:55:59.822-0600][gc,task     ] GC(93) Using 9 workers of 9 for evacuation
[2025-01-17T10:55:59.837-0600][gc,phases   ] GC(93)   Pre Evacuate Collection Set: 0.90ms
[2025-01-17T10:55:59.837-0600][gc,phases   ] GC(93)   Merge Heap Roots: 0.33ms
[2025-01-17T10:55:59.837-0600][gc,phases   ] GC(93)   Evacuate Collection Set: 12.16ms
[2025-01-17T10:55:59.837-0600][gc,phases   ] GC(93)   Post Evacuate Collection Set: 0.99ms
[2025-01-17T10:55:59.837-0600][gc,phases   ] GC(93)   Other: 0.82ms
[2025-01-17T10:55:59.837-0600][gc,heap     ] GC(93) Eden regions: 80->0(43)
[2025-01-17T10:55:59.837-0600][gc,heap     ] GC(93) Survivor regions: 4->8(11)
[2025-01-17T10:55:59.837-0600][gc,heap     ] GC(93) Old regions: 88->88
[2025-01-17T10:55:59.837-0600][gc,heap     ] GC(93) Humongous regions: 129->129
[2025-01-17T10:55:59.837-0600][gc,metaspace] GC(93) Metaspace: 44498K(45184K)->44498K(45184K) NonClass: 39218K(39616K)->39218K(39616K) Class: 5279K(5568K)->5279K(5568K)
[2025-01-17T10:55:59.837-0600][gc          ] GC(93) Pause Young (Normal) (G1 Evacuation Pause) 300M->224M(1024M) 16.564ms
[2025-01-17T10:55:59.838-0600][gc,cpu      ] GC(93) User=0.05s Sys=0.03s Real=0.01s
[2025-01-17T10:58:51.831-0600][gc,start    ] GC(94) Pause Young (Normal) (G1 Evacuation Pause)
[2025-01-17T10:58:51.832-0600][gc,task     ] GC(94) Using 9 workers of 9 for evacuation
[2025-01-17T10:58:51.851-0600][gc,phases   ] GC(94)   Pre Evacuate Collection Set: 2.14ms
[2025-01-17T10:58:51.851-0600][gc,phases   ] GC(94)   Merge Heap Roots: 0.45ms
[2025-01-17T10:58:51.851-0600][gc,phases   ] GC(94)   Evacuate Collection Set: 15.11ms
[2025-01-17T10:58:51.851-0600][gc,phases   ] GC(94)   Post Evacuate Collection Set: 0.50ms
[2025-01-17T10:58:51.851-0600][gc,phases   ] GC(94)   Other: 0.46ms
[2025-01-17T10:58:51.851-0600][gc,heap     ] GC(94) Eden regions: 46->0(61)
[2025-01-17T10:58:51.851-0600][gc,heap     ] GC(94) Survivor regions: 8->6(7)
[2025-01-17T10:58:51.851-0600][gc,heap     ] GC(94) Old regions: 88->94
[2025-01-17T10:58:51.851-0600][gc,heap     ] GC(94) Humongous regions: 129->129
[2025-01-17T10:58:51.851-0600][gc,metaspace] GC(94) Metaspace: 44498K(45184K)->44498K(45184K) NonClass: 39218K(39616K)->39218K(39616K) Class: 5279K(5568K)->5279K(5568K)
[2025-01-17T10:58:51.851-0600][gc          ] GC(94) Pause Young (Normal) (G1 Evacuation Pause) 270M->228M(1024M) 19.705ms
[2025-01-17T10:58:51.851-0600][gc,cpu      ] GC(94) User=0.06s Sys=0.04s Real=0.02s
[2025-01-17T11:03:26.277-0600][gc,start    ] GC(95) Pause Young (Normal) (G1 Evacuation Pause)
[2025-01-17T11:03:26.278-0600][gc,task     ] GC(95) Using 9 workers of 9 for evacuation
[2025-01-17T11:03:26.291-0600][gc,phases   ] GC(95)   Pre Evacuate Collection Set: 1.17ms
[2025-01-17T11:03:26.291-0600][gc,phases   ] GC(95)   Merge Heap Roots: 0.13ms
[2025-01-17T11:03:26.291-0600][gc,phases   ] GC(95)   Evacuate Collection Set: 10.66ms
[2025-01-17T11:03:26.291-0600][gc,phases   ] GC(95)   Post Evacuate Collection Set: 1.00ms
[2025-01-17T11:03:26.291-0600][gc,phases   ] GC(95)   Other: 0.45ms
[2025-01-17T11:03:26.291-0600][gc,heap     ] GC(95) Eden regions: 74->0(69)
[2025-01-17T11:03:26.291-0600][gc,heap     ] GC(95) Survivor regions: 6->7(10)
[2025-01-17T11:03:26.291-0600][gc,heap     ] GC(95) Old regions: 94->94
[2025-01-17T11:03:26.291-0600][gc,heap     ] GC(95) Humongous regions: 129->129
[2025-01-17T11:03:26.291-0600][gc,metaspace] GC(95) Metaspace: 44506K(45184K)->44506K(45184K) NonClass: 39226K(39616K)->39226K(39616K) Class: 5279K(5568K)->5279K(5568K)
[2025-01-17T11:03:26.292-0600][gc          ] GC(95) Pause Young (Normal) (G1 Evacuation Pause) 302M->229M(1024M) 14.199ms
[2025-01-17T11:03:26.292-0600][gc,cpu      ] GC(95) User=0.03s Sys=0.03s Real=0.02s
[2025-01-17T11:08:07.301-0600][gc,start    ] GC(96) Pause Young (Normal) (G1 Evacuation Pause)
[2025-01-17T11:08:07.301-0600][gc,task     ] GC(96) Using 9 workers of 9 for evacuation
[2025-01-17T11:08:07.320-0600][gc,phases   ] GC(96)   Pre Evacuate Collection Set: 1.04ms
[2025-01-17T11:08:07.320-0600][gc,phases   ] GC(96)   Merge Heap Roots: 0.15ms
[2025-01-17T11:08:07.320-0600][gc,phases   ] GC(96)   Evacuate Collection Set: 15.64ms
[2025-01-17T11:08:07.320-0600][gc,phases   ] GC(96)   Post Evacuate Collection Set: 0.78ms
[2025-01-17T11:08:07.320-0600][gc,phases   ] GC(96)   Other: 0.89ms
[2025-01-17T11:08:07.320-0600][gc,heap     ] GC(96) Eden regions: 75->0(42)
[2025-01-17T11:08:07.320-0600][gc,heap     ] GC(96) Survivor regions: 7->9(11)
[2025-01-17T11:08:07.320-0600][gc,heap     ] GC(96) Old regions: 94->96
[2025-01-17T11:08:07.320-0600][gc,heap     ] GC(96) Humongous regions: 129->129
[2025-01-17T11:08:07.320-0600][gc,metaspace] GC(96) Metaspace: 44508K(45184K)->44508K(45184K) NonClass: 39228K(39616K)->39228K(39616K) Class: 5279K(5568K)->5279K(5568K)
[2025-01-17T11:08:07.320-0600][gc          ] GC(96) Pause Young (Normal) (G1 Evacuation Pause) 304M->233M(1024M) 19.131ms
[2025-01-17T11:08:07.320-0600][gc,cpu      ] GC(96) User=0.04s Sys=0.03s Real=0.02s
[2025-01-17T11:10:42.007-0600][gc,start    ] GC(97) Pause Young (Normal) (G1 Evacuation Pause)
[2025-01-17T11:10:42.007-0600][gc,task     ] GC(97) Using 9 workers of 9 for evacuation
[2025-01-17T11:10:42.027-0600][gc,phases   ] GC(97)   Pre Evacuate Collection Set: 1.41ms
[2025-01-17T11:10:42.027-0600][gc,phases   ] GC(97)   Merge Heap Roots: 0.51ms
[2025-01-17T11:10:42.027-0600][gc,phases   ] GC(97)   Evacuate Collection Set: 15.63ms
[2025-01-17T11:10:42.027-0600][gc,phases   ] GC(97)   Post Evacuate Collection Set: 1.12ms
[2025-01-17T11:10:42.027-0600][gc,phases   ] GC(97)   Other: 0.85ms
[2025-01-17T11:10:42.027-0600][gc,heap     ] GC(97) Eden regions: 42->0(87)
[2025-01-17T11:10:42.027-0600][gc,heap     ] GC(97) Survivor regions: 9->5(7)
[2025-01-17T11:10:42.027-0600][gc,heap     ] GC(97) Old regions: 96->103
[2025-01-17T11:10:42.027-0600][gc,heap     ] GC(97) Humongous regions: 129->129
[2025-01-17T11:10:42.027-0600][gc,metaspace] GC(97) Metaspace: 44509K(45184K)->44509K(45184K) NonClass: 39229K(39616K)->39229K(39616K) Class: 5279K(5568K)->5279K(5568K)
[2025-01-17T11:10:42.027-0600][gc          ] GC(97) Pause Young (Normal) (G1 Evacuation Pause) 275M->236M(1024M) 20.619ms
[2025-01-17T11:10:42.027-0600][gc,cpu      ] GC(97) User=0.05s Sys=0.04s Real=0.02s
[2025-01-17T11:16:39.235-0600][gc,start    ] GC(98) Pause Young (Normal) (G1 Evacuation Pause)
[2025-01-17T11:16:39.235-0600][gc,task     ] GC(98) Using 9 workers of 9 for evacuation
[2025-01-17T11:16:39.248-0600][gc,phases   ] GC(98)   Pre Evacuate Collection Set: 0.92ms
[2025-01-17T11:16:39.248-0600][gc,phases   ] GC(98)   Merge Heap Roots: 0.28ms
[2025-01-17T11:16:39.248-0600][gc,phases   ] GC(98)   Evacuate Collection Set: 9.33ms
[2025-01-17T11:16:39.248-0600][gc,phases   ] GC(98)   Post Evacuate Collection Set: 0.95ms
[2025-01-17T11:16:39.248-0600][gc,phases   ] GC(98)   Other: 0.75ms
[2025-01-17T11:16:39.248-0600][gc,heap     ] GC(98) Eden regions: 96->0(71)
[2025-01-17T11:16:39.248-0600][gc,heap     ] GC(98) Survivor regions: 5->8(13)
[2025-01-17T11:16:39.248-0600][gc,heap     ] GC(98) Old regions: 103->103
[2025-01-17T11:16:39.248-0600][gc,heap     ] GC(98) Humongous regions: 129->129
[2025-01-17T11:16:39.248-0600][gc,metaspace] GC(98) Metaspace: 44509K(45184K)->44509K(45184K) NonClass: 39229K(39616K)->39229K(39616K) Class: 5279K(5568K)->5279K(5568K)
[2025-01-17T11:16:39.248-0600][gc          ] GC(98) Pause Young (Normal) (G1 Evacuation Pause) 332M->240M(1024M) 13.161ms
[2025-01-17T11:16:39.248-0600][gc,cpu      ] GC(98) User=0.03s Sys=0.02s Real=0.01s
[2025-01-17T11:21:06.496-0600][gc,start    ] GC(99) Pause Young (Normal) (G1 Evacuation Pause)
[2025-01-17T11:21:06.496-0600][gc,task     ] GC(99) Using 9 workers of 9 for evacuation
[2025-01-17T11:21:06.516-0600][gc,phases   ] GC(99)   Pre Evacuate Collection Set: 1.09ms
[2025-01-17T11:21:06.516-0600][gc,phases   ] GC(99)   Merge Heap Roots: 0.21ms
[2025-01-17T11:21:06.516-0600][gc,phases   ] GC(99)   Evacuate Collection Set: 16.50ms
[2025-01-17T11:21:06.516-0600][gc,phases   ] GC(99)   Post Evacuate Collection Set: 0.91ms
[2025-01-17T11:21:06.516-0600][gc,phases   ] GC(99)   Other: 0.36ms
[2025-01-17T11:21:06.516-0600][gc,heap     ] GC(99) Eden regions: 74->0(41)
[2025-01-17T11:21:06.516-0600][gc,heap     ] GC(99) Survivor regions: 8->10(11)
[2025-01-17T11:21:06.516-0600][gc,heap     ] GC(99) Old regions: 103->106
[2025-01-17T11:21:06.516-0600][gc,heap     ] GC(99) Humongous regions: 129->129
[2025-01-17T11:21:06.516-0600][gc,metaspace] GC(99) Metaspace: 44509K(45184K)->44509K(45184K) NonClass: 39229K(39616K)->39229K(39616K) Class: 5279K(5568K)->5279K(5568K)
[2025-01-17T11:21:06.516-0600][gc          ] GC(99) Pause Young (Normal) (G1 Evacuation Pause) 314M->244M(1024M) 19.725ms
[2025-01-17T11:21:06.516-0600][gc,cpu      ] GC(99) User=0.05s Sys=0.03s Real=0.02s
[2025-01-17T11:23:37.874-0600][gc,start    ] GC(100) Pause Young (Normal) (G1 Evacuation Pause)
[2025-01-17T11:23:37.875-0600][gc,task     ] GC(100) Using 9 workers of 9 for evacuation
[2025-01-17T11:23:37.892-0600][gc,phases   ] GC(100)   Pre Evacuate Collection Set: 0.96ms
[2025-01-17T11:23:37.892-0600][gc,phases   ] GC(100)   Merge Heap Roots: 0.32ms
[2025-01-17T11:23:37.892-0600][gc,phases   ] GC(100)   Evacuate Collection Set: 14.58ms
[2025-01-17T11:23:37.892-0600][gc,phases   ] GC(100)   Post Evacuate Collection Set: 0.70ms
[2025-01-17T11:23:37.892-0600][gc,phases   ] GC(100)   Other: 0.39ms
[2025-01-17T11:23:37.892-0600][gc,heap     ] GC(100) Eden regions: 41->0(125)
[2025-01-17T11:23:37.892-0600][gc,heap     ] GC(100) Survivor regions: 10->5(7)
[2025-01-17T11:23:37.892-0600][gc,heap     ] GC(100) Old regions: 106->113
[2025-01-17T11:23:37.892-0600][gc,heap     ] GC(100) Humongous regions: 129->129
[2025-01-17T11:23:37.892-0600][gc,metaspace] GC(100) Metaspace: 44509K(45184K)->44509K(45184K) NonClass: 39229K(39616K)->39229K(39616K) Class: 5279K(5568K)->5279K(5568K)
[2025-01-17T11:23:37.892-0600][gc          ] GC(100) Pause Young (Normal) (G1 Evacuation Pause) 285M->245M(1024M) 17.999ms
[2025-01-17T11:23:37.892-0600][gc,cpu      ] GC(100) User=0.04s Sys=0.04s Real=0.02s
[2025-01-17T11:32:50.244-0600][gc,start    ] GC(101) Pause Young (Normal) (G1 Evacuation Pause)
[2025-01-17T11:32:50.245-0600][gc,task     ] GC(101) Using 9 workers of 9 for evacuation
[2025-01-17T11:32:50.262-0600][gc,phases   ] GC(101)   Pre Evacuate Collection Set: 0.88ms
[2025-01-17T11:32:50.262-0600][gc,phases   ] GC(101)   Merge Heap Roots: 0.19ms
[2025-01-17T11:32:50.263-0600][gc,phases   ] GC(101)   Evacuate Collection Set: 15.29ms
[2025-01-17T11:32:50.263-0600][gc,phases   ] GC(101)   Post Evacuate Collection Set: 0.84ms
[2025-01-17T11:32:50.263-0600][gc,phases   ] GC(101)   Other: 0.37ms
[2025-01-17T11:32:50.263-0600][gc,heap     ] GC(101) Eden regions: 149->0(48)
[2025-01-17T11:32:50.263-0600][gc,heap     ] GC(101) Survivor regions: 5->10(20)
[2025-01-17T11:32:50.263-0600][gc,heap     ] GC(101) Old regions: 113->113
[2025-01-17T11:32:50.263-0600][gc,heap     ] GC(101) Humongous regions: 129->129
[2025-01-17T11:32:50.263-0600][gc,metaspace] GC(101) Metaspace: 44509K(45184K)->44509K(45184K) NonClass: 39230K(39616K)->39230K(39616K) Class: 5279K(5568K)->5279K(5568K)
[2025-01-17T11:32:50.263-0600][gc          ] GC(101) Pause Young (Normal) (G1 Evacuation Pause) 394M->250M(1024M) 18.605ms
[2025-01-17T11:32:50.263-0600][gc,cpu      ] GC(101) User=0.06s Sys=0.03s Real=0.02s
[2025-01-17T11:36:42.151-0600][gc,start    ] GC(102) Pause Young (Normal) (G1 Evacuation Pause)
[2025-01-17T11:36:42.152-0600][gc,task     ] GC(102) Using 9 workers of 9 for evacuation
[2025-01-17T11:36:42.173-0600][gc,mmu      ] GC(102) MMU target violated: 20.8ms (20.0ms/21.0ms)
[2025-01-17T11:36:42.173-0600][gc,phases   ] GC(102)   Pre Evacuate Collection Set: 0.98ms
[2025-01-17T11:36:42.173-0600][gc,phases   ] GC(102)   Merge Heap Roots: 0.43ms
[2025-01-17T11:36:42.173-0600][gc,phases   ] GC(102)   Evacuate Collection Set: 18.06ms
[2025-01-17T11:36:42.173-0600][gc,phases   ] GC(102)   Post Evacuate Collection Set: 1.13ms
[2025-01-17T11:36:42.173-0600][gc,phases   ] GC(102)   Other: 0.73ms
[2025-01-17T11:36:42.173-0600][gc,heap     ] GC(102) Eden regions: 62->0(67)
[2025-01-17T11:36:42.174-0600][gc,heap     ] GC(102) Survivor regions: 10->7(9)
[2025-01-17T11:36:42.174-0600][gc,heap     ] GC(102) Old regions: 113->122
[2025-01-17T11:36:42.174-0600][gc,heap     ] GC(102) Humongous regions: 129->129
[2025-01-17T11:36:42.174-0600][gc,metaspace] GC(102) Metaspace: 44511K(45184K)->44511K(45184K) NonClass: 39232K(39616K)->39232K(39616K) Class: 5279K(5568K)->5279K(5568K)
[2025-01-17T11:36:42.174-0600][gc          ] GC(102) Pause Young (Normal) (G1 Evacuation Pause) 312M->256M(1024M) 22.148ms
[2025-01-17T11:36:42.174-0600][gc,cpu      ] GC(102) User=0.06s Sys=0.04s Real=0.02s
[2025-01-17T11:41:09.860-0600][gc,start    ] GC(103) Pause Young (Normal) (G1 Evacuation Pause)
[2025-01-17T11:41:09.860-0600][gc,task     ] GC(103) Using 9 workers of 9 for evacuation
[2025-01-17T11:41:09.872-0600][gc,phases   ] GC(103)   Pre Evacuate Collection Set: 1.77ms
[2025-01-17T11:41:09.872-0600][gc,phases   ] GC(103)   Merge Heap Roots: 0.22ms
[2025-01-17T11:41:09.872-0600][gc,phases   ] GC(103)   Evacuate Collection Set: 8.99ms
[2025-01-17T11:41:09.872-0600][gc,phases   ] GC(103)   Post Evacuate Collection Set: 0.86ms
[2025-01-17T11:41:09.872-0600][gc,phases   ] GC(103)   Other: 0.31ms
[2025-01-17T11:41:09.872-0600][gc,heap     ] GC(103) Eden regions: 72->0(123)
[2025-01-17T11:41:09.872-0600][gc,heap     ] GC(103) Survivor regions: 7->4(10)
[2025-01-17T11:41:09.872-0600][gc,heap     ] GC(103) Old regions: 122->125
[2025-01-17T11:41:09.872-0600][gc,heap     ] GC(103) Humongous regions: 129->129
[2025-01-17T11:41:09.872-0600][gc,metaspace] GC(103) Metaspace: 44513K(45184K)->44513K(45184K) NonClass: 39234K(39616K)->39234K(39616K) Class: 5279K(5568K)->5279K(5568K)
[2025-01-17T11:41:09.872-0600][gc          ] GC(103) Pause Young (Normal) (G1 Evacuation Pause) 328M->257M(1024M) 12.793ms
[2025-01-17T11:41:09.873-0600][gc,cpu      ] GC(103) User=0.03s Sys=0.03s Real=0.01s
[2025-01-17T11:48:40.499-0600][gc,start    ] GC(104) Pause Young (Normal) (G1 Evacuation Pause)
[2025-01-17T11:48:40.500-0600][gc,task     ] GC(104) Using 9 workers of 9 for evacuation
[2025-01-17T11:48:40.522-0600][gc,mmu      ] GC(104) MMU target violated: 21.0ms (20.0ms/21.0ms)
[2025-01-17T11:48:40.522-0600][gc,phases   ] GC(104)   Pre Evacuate Collection Set: 0.96ms
[2025-01-17T11:48:40.522-0600][gc,phases   ] GC(104)   Merge Heap Roots: 0.37ms
[2025-01-17T11:48:40.522-0600][gc,phases   ] GC(104)   Evacuate Collection Set: 19.18ms
[2025-01-17T11:48:40.522-0600][gc,phases   ] GC(104)   Post Evacuate Collection Set: 0.86ms
[2025-01-17T11:48:40.522-0600][gc,phases   ] GC(104)   Other: 0.88ms
[2025-01-17T11:48:40.522-0600][gc,heap     ] GC(104) Eden regions: 120->0(39)
[2025-01-17T11:48:40.522-0600][gc,heap     ] GC(104) Survivor regions: 4->12(16)
[2025-01-17T11:48:40.522-0600][gc,heap     ] GC(104) Old regions: 125->125
[2025-01-17T11:48:40.522-0600][gc,heap     ] GC(104) Humongous regions: 129->129
[2025-01-17T11:48:40.522-0600][gc,metaspace] GC(104) Metaspace: 44516K(45184K)->44516K(45184K) NonClass: 39236K(39616K)->39236K(39616K) Class: 5279K(5568K)->5279K(5568K)
[2025-01-17T11:48:40.522-0600][gc          ] GC(104) Pause Young (Normal) (G1 Evacuation Pause) 377M->264M(1024M) 23.038ms
[2025-01-17T11:48:40.522-0600][gc,cpu      ] GC(104) User=0.06s Sys=0.04s Real=0.03s
[2025-01-17T11:51:03.935-0600][gc,start    ] GC(105) Pause Young (Normal) (G1 Evacuation Pause)
[2025-01-17T11:51:03.935-0600][gc,task     ] GC(105) Using 9 workers of 9 for evacuation
[2025-01-17T11:51:03.953-0600][gc,phases   ] GC(105)   Pre Evacuate Collection Set: 1.56ms
[2025-01-17T11:51:03.953-0600][gc,phases   ] GC(105)   Merge Heap Roots: 0.14ms
[2025-01-17T11:51:03.953-0600][gc,phases   ] GC(105)   Evacuate Collection Set: 14.33ms
[2025-01-17T11:51:03.953-0600][gc,phases   ] GC(105)   Post Evacuate Collection Set: 0.83ms
[2025-01-17T11:51:03.953-0600][gc,phases   ] GC(105)   Other: 0.37ms
[2025-01-17T11:51:03.953-0600][gc,heap     ] GC(105) Eden regions: 39->0(74)
[2025-01-17T11:51:03.953-0600][gc,heap     ] GC(105) Survivor regions: 12->6(7)
[2025-01-17T11:51:03.953-0600][gc,heap     ] GC(105) Old regions: 125->134
[2025-01-17T11:51:03.953-0600][gc,heap     ] GC(105) Humongous regions: 129->129
[2025-01-17T11:51:03.953-0600][gc,metaspace] GC(105) Metaspace: 44516K(45184K)->44516K(45184K) NonClass: 39237K(39616K)->39237K(39616K) Class: 5279K(5568K)->5279K(5568K)
[2025-01-17T11:51:03.953-0600][gc          ] GC(105) Pause Young (Normal) (G1 Evacuation Pause) 303M->267M(1024M) 18.030ms
[2025-01-17T11:51:03.953-0600][gc,cpu      ] GC(105) User=0.05s Sys=0.03s Real=0.02s
[2025-01-17T11:55:56.979-0600][gc,start    ] GC(106) Pause Young (Normal) (G1 Evacuation Pause)
[2025-01-17T11:55:56.980-0600][gc,task     ] GC(106) Using 9 workers of 9 for evacuation
[2025-01-17T11:55:56.991-0600][gc,phases   ] GC(106)   Pre Evacuate Collection Set: 1.18ms
[2025-01-17T11:55:56.991-0600][gc,phases   ] GC(106)   Merge Heap Roots: 0.16ms
[2025-01-17T11:55:56.991-0600][gc,phases   ] GC(106)   Evacuate Collection Set: 8.25ms
[2025-01-17T11:55:56.991-0600][gc,phases   ] GC(106)   Post Evacuate Collection Set: 0.88ms
[2025-01-17T11:55:56.991-0600][gc,phases   ] GC(106)   Other: 0.74ms
[2025-01-17T11:55:56.991-0600][gc,heap     ] GC(106) Eden regions: 79->0(84)
[2025-01-17T11:55:56.991-0600][gc,heap     ] GC(106) Survivor regions: 6->7(11)
[2025-01-17T11:55:56.991-0600][gc,heap     ] GC(106) Old regions: 134->134
[2025-01-17T11:55:56.991-0600][gc,heap     ] GC(106) Humongous regions: 129->129
[2025-01-17T11:55:56.991-0600][gc,metaspace] GC(106) Metaspace: 44520K(45184K)->44520K(45184K) NonClass: 39240K(39616K)->39240K(39616K) Class: 5279K(5568K)->5279K(5568K)
[2025-01-17T11:55:56.991-0600][gc          ] GC(106) Pause Young (Normal) (G1 Evacuation Pause) 346M->269M(1024M) 12.287ms
[2025-01-17T11:55:56.991-0600][gc,cpu      ] GC(106) User=0.03s Sys=0.01s Real=0.02s
[2025-01-17T12:01:17.737-0600][gc,start    ] GC(107) Pause Young (Normal) (G1 Evacuation Pause)
[2025-01-17T12:01:17.737-0600][gc,task     ] GC(107) Using 9 workers of 9 for evacuation
[2025-01-17T12:01:17.756-0600][gc,phases   ] GC(107)   Pre Evacuate Collection Set: 2.14ms
[2025-01-17T12:01:17.757-0600][gc,phases   ] GC(107)   Merge Heap Roots: 0.22ms
[2025-01-17T12:01:17.757-0600][gc,phases   ] GC(107)   Evacuate Collection Set: 15.29ms
[2025-01-17T12:01:17.757-0600][gc,phases   ] GC(107)   Post Evacuate Collection Set: 1.04ms
[2025-01-17T12:01:17.757-0600][gc,phases   ] GC(107)   Other: 0.50ms
[2025-01-17T12:01:17.757-0600][gc,heap     ] GC(107) Eden regions: 86->0(39)
[2025-01-17T12:01:17.757-0600][gc,heap     ] GC(107) Survivor regions: 7->12(12)
[2025-01-17T12:01:17.757-0600][gc,heap     ] GC(107) Old regions: 134->134
[2025-01-17T12:01:17.757-0600][gc,heap     ] GC(107) Humongous regions: 129->129
[2025-01-17T12:01:17.757-0600][gc,metaspace] GC(107) Metaspace: 44520K(45184K)->44520K(45184K) NonClass: 39240K(39616K)->39240K(39616K) Class: 5279K(5568K)->5279K(5568K)
[2025-01-17T12:01:17.757-0600][gc          ] GC(107) Pause Young (Normal) (G1 Evacuation Pause) 355M->274M(1024M) 20.031ms
[2025-01-17T12:01:17.757-0600][gc,cpu      ] GC(107) User=0.05s Sys=0.04s Real=0.02s
[2025-01-17T12:03:42.029-0600][gc,start    ] GC(108) Pause Young (Normal) (G1 Evacuation Pause)
[2025-01-17T12:03:42.030-0600][gc,task     ] GC(108) Using 9 workers of 9 for evacuation
[2025-01-17T12:03:42.047-0600][gc,phases   ] GC(108)   Pre Evacuate Collection Set: 1.12ms
[2025-01-17T12:03:42.047-0600][gc,phases   ] GC(108)   Merge Heap Roots: 0.18ms
[2025-01-17T12:03:42.047-0600][gc,phases   ] GC(108)   Evacuate Collection Set: 14.25ms
[2025-01-17T12:03:42.047-0600][gc,phases   ] GC(108)   Post Evacuate Collection Set: 0.78ms
[2025-01-17T12:03:42.047-0600][gc,phases   ] GC(108)   Other: 0.76ms
[2025-01-17T12:03:42.047-0600][gc,heap     ] GC(108) Eden regions: 39->0(98)
[2025-01-17T12:03:42.047-0600][gc,heap     ] GC(108) Survivor regions: 12->6(7)
[2025-01-17T12:03:42.047-0600][gc,heap     ] GC(108) Old regions: 134->144
[2025-01-17T12:03:42.047-0600][gc,heap     ] GC(108) Humongous regions: 129->129
[2025-01-17T12:03:42.047-0600][gc,metaspace] GC(108) Metaspace: 44520K(45184K)->44520K(45184K) NonClass: 39240K(39616K)->39240K(39616K) Class: 5279K(5568K)->5279K(5568K)
[2025-01-17T12:03:42.047-0600][gc          ] GC(108) Pause Young (Normal) (G1 Evacuation Pause) 313M->277M(1024M) 18.215ms
[2025-01-17T12:03:42.047-0600][gc,cpu      ] GC(108) User=0.04s Sys=0.03s Real=0.02s
[2025-01-17T12:09:53.830-0600][gc,start    ] GC(109) Pause Young (Normal) (G1 Evacuation Pause)
[2025-01-17T12:09:53.830-0600][gc,task     ] GC(109) Using 9 workers of 9 for evacuation
[2025-01-17T12:09:53.845-0600][gc,phases   ] GC(109)   Pre Evacuate Collection Set: 1.09ms
[2025-01-17T12:09:53.846-0600][gc,phases   ] GC(109)   Merge Heap Roots: 0.18ms
[2025-01-17T12:09:53.846-0600][gc,phases   ] GC(109)   Evacuate Collection Set: 12.63ms
[2025-01-17T12:09:53.846-0600][gc,phases   ] GC(109)   Post Evacuate Collection Set: 0.72ms
[2025-01-17T12:09:53.846-0600][gc,phases   ] GC(109)   Other: 0.63ms
[2025-01-17T12:09:53.846-0600][gc,heap     ] GC(109) Eden regions: 100->0(59)
[2025-01-17T12:09:53.846-0600][gc,heap     ] GC(109) Survivor regions: 6->10(14)
[2025-01-17T12:09:53.846-0600][gc,heap     ] GC(109) Old regions: 144->144
[2025-01-17T12:09:53.846-0600][gc,heap     ] GC(109) Humongous regions: 129->129
[2025-01-17T12:09:53.846-0600][gc,metaspace] GC(109) Metaspace: 44525K(45184K)->44525K(45184K) NonClass: 39246K(39616K)->39246K(39616K) Class: 5279K(5568K)->5279K(5568K)
[2025-01-17T12:09:53.846-0600][gc          ] GC(109) Pause Young (Normal) (G1 Evacuation Pause) 377M->281M(1024M) 16.149ms
[2025-01-17T12:09:53.846-0600][gc,cpu      ] GC(109) User=0.04s Sys=0.02s Real=0.01s
[2025-01-17T12:13:42.171-0600][gc,start    ] GC(110) Pause Young (Normal) (G1 Evacuation Pause)
[2025-01-17T12:13:42.171-0600][gc,task     ] GC(110) Using 9 workers of 9 for evacuation
[2025-01-17T12:13:42.188-0600][gc,phases   ] GC(110)   Pre Evacuate Collection Set: 0.87ms
[2025-01-17T12:13:42.188-0600][gc,phases   ] GC(110)   Merge Heap Roots: 0.16ms
[2025-01-17T12:13:42.188-0600][gc,phases   ] GC(110)   Evacuate Collection Set: 14.97ms
[2025-01-17T12:13:42.188-0600][gc,phases   ] GC(110)   Post Evacuate Collection Set: 0.98ms
[2025-01-17T12:13:42.188-0600][gc,phases   ] GC(110)   Other: 0.29ms
[2025-01-17T12:13:42.188-0600][gc,heap     ] GC(110) Eden regions: 61->0(113)
[2025-01-17T12:13:42.188-0600][gc,heap     ] GC(110) Survivor regions: 10->5(9)
[2025-01-17T12:13:42.188-0600][gc,heap     ] GC(110) Old regions: 144->150
[2025-01-17T12:13:42.188-0600][gc,heap     ] GC(110) Humongous regions: 129->129
[2025-01-17T12:13:42.188-0600][gc,metaspace] GC(110) Metaspace: 44525K(45184K)->44525K(45184K) NonClass: 39246K(39616K)->39246K(39616K) Class: 5279K(5568K)->5279K(5568K)
[2025-01-17T12:13:42.189-0600][gc          ] GC(110) Pause Young (Normal) (G1 Evacuation Pause) 342M->283M(1024M) 17.930ms
[2025-01-17T12:13:42.189-0600][gc,cpu      ] GC(110) User=0.05s Sys=0.03s Real=0.01s
[2025-01-17T12:20:29.726-0600][gc,start    ] GC(111) Pause Young (Normal) (G1 Evacuation Pause)
[2025-01-17T12:20:29.727-0600][gc,task     ] GC(111) Using 9 workers of 9 for evacuation
[2025-01-17T12:20:29.757-0600][gc,mmu      ] GC(111) MMU target violated: 21.0ms (20.0ms/21.0ms)
[2025-01-17T12:20:29.757-0600][gc,phases   ] GC(111)   Pre Evacuate Collection Set: 1.44ms
[2025-01-17T12:20:29.757-0600][gc,phases   ] GC(111)   Merge Heap Roots: 0.43ms
[2025-01-17T12:20:29.757-0600][gc,phases   ] GC(111)   Evacuate Collection Set: 25.29ms
[2025-01-17T12:20:29.757-0600][gc,phases   ] GC(111)   Post Evacuate Collection Set: 1.75ms
[2025-01-17T12:20:29.757-0600][gc,phases   ] GC(111)   Other: 0.60ms
[2025-01-17T12:20:29.757-0600][gc,heap     ] GC(111) Eden regions: 112->0(39)
[2025-01-17T12:20:29.757-0600][gc,heap     ] GC(111) Survivor regions: 5->12(15)
[2025-01-17T12:20:29.757-0600][gc,heap     ] GC(111) Old regions: 150->150
[2025-01-17T12:20:29.757-0600][gc,heap     ] GC(111) Humongous regions: 129->129
[2025-01-17T12:20:29.757-0600][gc,metaspace] GC(111) Metaspace: 44529K(45184K)->44529K(45184K) NonClass: 39249K(39616K)->39249K(39616K) Class: 5279K(5568K)->5279K(5568K)
[2025-01-17T12:20:29.757-0600][gc          ] GC(111) Pause Young (Normal) (G1 Evacuation Pause) 395M->290M(1024M) 31.019ms
[2025-01-17T12:20:29.757-0600][gc,cpu      ] GC(111) User=0.05s Sys=0.08s Real=0.03s
[2025-01-17T12:22:54.511-0600][gc,start    ] GC(112) Pause Young (Normal) (G1 Evacuation Pause)
[2025-01-17T12:22:54.512-0600][gc,task     ] GC(112) Using 9 workers of 9 for evacuation
[2025-01-17T12:22:54.529-0600][gc,phases   ] GC(112)   Pre Evacuate Collection Set: 1.26ms
[2025-01-17T12:22:54.530-0600][gc,phases   ] GC(112)   Merge Heap Roots: 0.23ms
[2025-01-17T12:22:54.530-0600][gc,phases   ] GC(112)   Evacuate Collection Set: 14.28ms
[2025-01-17T12:22:54.530-0600][gc,phases   ] GC(112)   Post Evacuate Collection Set: 1.05ms
[2025-01-17T12:22:54.530-0600][gc,phases   ] GC(112)   Other: 0.54ms
[2025-01-17T12:22:54.530-0600][gc,heap     ] GC(112) Eden regions: 39->0(76)
[2025-01-17T12:22:54.530-0600][gc,heap     ] GC(112) Survivor regions: 12->5(7)
[2025-01-17T12:22:54.530-0600][gc,heap     ] GC(112) Old regions: 150->158
[2025-01-17T12:22:54.530-0600][gc,heap     ] GC(112) Humongous regions: 129->129
[2025-01-17T12:22:54.530-0600][gc,metaspace] GC(112) Metaspace: 44529K(45184K)->44529K(45184K) NonClass: 39249K(39616K)->39249K(39616K) Class: 5279K(5568K)->5279K(5568K)
[2025-01-17T12:22:54.530-0600][gc          ] GC(112) Pause Young (Normal) (G1 Evacuation Pause) 329M->291M(1024M) 18.619ms
[2025-01-17T12:22:54.530-0600][gc,cpu      ] GC(112) User=0.04s Sys=0.04s Real=0.02s
[2025-01-17T12:28:04.216-0600][gc,start    ] GC(113) Pause Young (Normal) (G1 Evacuation Pause)
[2025-01-17T12:28:04.216-0600][gc,task     ] GC(113) Using 9 workers of 9 for evacuation
[2025-01-17T12:28:04.230-0600][gc,phases   ] GC(113)   Pre Evacuate Collection Set: 1.52ms
[2025-01-17T12:28:04.230-0600][gc,phases   ] GC(113)   Merge Heap Roots: 0.22ms
[2025-01-17T12:28:04.230-0600][gc,phases   ] GC(113)   Evacuate Collection Set: 10.52ms
[2025-01-17T12:28:04.230-0600][gc,phases   ] GC(113)   Post Evacuate Collection Set: 1.22ms
[2025-01-17T12:28:04.230-0600][gc,phases   ] GC(113)   Other: 0.40ms
[2025-01-17T12:28:04.230-0600][gc,heap     ] GC(113) Eden regions: 84->0(66)
[2025-01-17T12:28:04.230-0600][gc,heap     ] GC(113) Survivor regions: 5->7(12)
[2025-01-17T12:28:04.230-0600][gc,heap     ] GC(113) Old regions: 158->158
[2025-01-17T12:28:04.230-0600][gc,heap     ] GC(113) Humongous regions: 129->129
[2025-01-17T12:28:04.230-0600][gc,metaspace] GC(113) Metaspace: 44532K(45184K)->44532K(45184K) NonClass: 39252K(39616K)->39252K(39616K) Class: 5279K(5568K)->5279K(5568K)
[2025-01-17T12:28:04.230-0600][gc          ] GC(113) Pause Young (Normal) (G1 Evacuation Pause) 375M->293M(1024M) 14.769ms
[2025-01-17T12:28:04.230-0600][gc,cpu      ] GC(113) User=0.03s Sys=0.02s Real=0.02s
[2025-01-17T12:32:21.706-0600][gc,start    ] GC(114) Pause Young (Normal) (G1 Evacuation Pause)
[2025-01-17T12:32:21.707-0600][gc,task     ] GC(114) Using 9 workers of 9 for evacuation
[2025-01-17T12:32:21.724-0600][gc,phases   ] GC(114)   Pre Evacuate Collection Set: 1.41ms
[2025-01-17T12:32:21.724-0600][gc,phases   ] GC(114)   Merge Heap Roots: 0.16ms
[2025-01-17T12:32:21.724-0600][gc,phases   ] GC(114)   Evacuate Collection Set: 13.29ms
[2025-01-17T12:32:21.724-0600][gc,phases   ] GC(114)   Post Evacuate Collection Set: 0.87ms
[2025-01-17T12:32:21.724-0600][gc,phases   ] GC(114)   Other: 1.35ms
[2025-01-17T12:32:21.724-0600][gc,heap     ] GC(114) Eden regions: 69->0(91)
[2025-01-17T12:32:21.724-0600][gc,heap     ] GC(114) Survivor regions: 7->5(10)
[2025-01-17T12:32:21.724-0600][gc,heap     ] GC(114) Old regions: 158->163
[2025-01-17T12:32:21.724-0600][gc,heap     ] GC(114) Humongous regions: 129->129
[2025-01-17T12:32:21.724-0600][gc,metaspace] GC(114) Metaspace: 44532K(45184K)->44532K(45184K) NonClass: 39252K(39616K)->39252K(39616K) Class: 5279K(5568K)->5279K(5568K)
[2025-01-17T12:32:21.724-0600][gc          ] GC(114) Pause Young (Normal) (G1 Evacuation Pause) 362M->296M(1024M) 17.960ms
[2025-01-17T12:32:21.724-0600][gc,cpu      ] GC(114) User=0.05s Sys=0.02s Real=0.02s
[2025-01-17T12:37:52.568-0600][gc,start    ] GC(115) Pause Young (Normal) (G1 Evacuation Pause)
[2025-01-17T12:37:52.569-0600][gc,task     ] GC(115) Using 9 workers of 9 for evacuation
[2025-01-17T12:37:52.580-0600][gc,phases   ] GC(115)   Pre Evacuate Collection Set: 0.71ms
[2025-01-17T12:37:52.580-0600][gc,phases   ] GC(115)   Merge Heap Roots: 0.17ms
[2025-01-17T12:37:52.581-0600][gc,phases   ] GC(115)   Evacuate Collection Set: 9.59ms
[2025-01-17T12:37:52.581-0600][gc,phases   ] GC(115)   Post Evacuate Collection Set: 0.99ms
[2025-01-17T12:37:52.581-0600][gc,phases   ] GC(115)   Other: 0.33ms
[2025-01-17T12:37:52.581-0600][gc,heap     ] GC(115) Eden regions: 89->0(66)
[2025-01-17T12:37:52.581-0600][gc,heap     ] GC(115) Survivor regions: 5->9(12)
[2025-01-17T12:37:52.581-0600][gc,heap     ] GC(115) Old regions: 163->163
[2025-01-17T12:37:52.581-0600][gc,heap     ] GC(115) Humongous regions: 129->129
[2025-01-17T12:37:52.581-0600][gc,metaspace] GC(115) Metaspace: 44532K(45184K)->44532K(45184K) NonClass: 39252K(39616K)->39252K(39616K) Class: 5279K(5568K)->5279K(5568K)
[2025-01-17T12:37:52.581-0600][gc          ] GC(115) Pause Young (Normal) (G1 Evacuation Pause) 385M->300M(1024M) 12.758ms
[2025-01-17T12:37:52.581-0600][gc,cpu      ] GC(115) User=0.04s Sys=0.02s Real=0.02s
[2025-01-17T12:41:54.507-0600][gc,start    ] GC(116) Pause Young (Normal) (G1 Evacuation Pause)
[2025-01-17T12:41:54.508-0600][gc,task     ] GC(116) Using 9 workers of 9 for evacuation
[2025-01-17T12:41:54.534-0600][gc,mmu      ] GC(116) MMU target violated: 21.0ms (20.0ms/21.0ms)
[2025-01-17T12:41:54.534-0600][gc,phases   ] GC(116)   Pre Evacuate Collection Set: 1.24ms
[2025-01-17T12:41:54.534-0600][gc,phases   ] GC(116)   Merge Heap Roots: 0.28ms
[2025-01-17T12:41:54.534-0600][gc,phases   ] GC(116)   Evacuate Collection Set: 23.22ms
[2025-01-17T12:41:54.534-0600][gc,phases   ] GC(116)   Post Evacuate Collection Set: 0.95ms
[2025-01-17T12:41:54.534-0600][gc,phases   ] GC(116)   Other: 0.58ms
[2025-01-17T12:41:54.534-0600][gc,heap     ] GC(116) Eden regions: 65->0(41)
[2025-01-17T12:41:54.534-0600][gc,heap     ] GC(116) Survivor regions: 9->10(10)
[2025-01-17T12:41:54.535-0600][gc,heap     ] GC(116) Old regions: 163->167
[2025-01-17T12:41:54.535-0600][gc,heap     ] GC(116) Humongous regions: 129->129
[2025-01-17T12:41:54.535-0600][gc,metaspace] GC(116) Metaspace: 44534K(45184K)->44534K(45184K) NonClass: 39254K(39616K)->39254K(39616K) Class: 5279K(5568K)->5279K(5568K)
[2025-01-17T12:41:54.535-0600][gc          ] GC(116) Pause Young (Normal) (G1 Evacuation Pause) 365M->305M(1024M) 27.321ms
[2025-01-17T12:41:54.535-0600][gc,cpu      ] GC(116) User=0.06s Sys=0.04s Real=0.03s
[2025-01-17T12:44:24.777-0600][gc,start    ] GC(117) Pause Young (Normal) (G1 Evacuation Pause)
[2025-01-17T12:44:24.777-0600][gc,task     ] GC(117) Using 9 workers of 9 for evacuation
[2025-01-17T12:44:24.789-0600][gc,phases   ] GC(117)   Pre Evacuate Collection Set: 0.66ms
[2025-01-17T12:44:24.789-0600][gc,phases   ] GC(117)   Merge Heap Roots: 0.41ms
[2025-01-17T12:44:24.789-0600][gc,phases   ] GC(117)   Evacuate Collection Set: 9.77ms
[2025-01-17T12:44:24.789-0600][gc,phases   ] GC(117)   Post Evacuate Collection Set: 0.75ms
[2025-01-17T12:44:24.789-0600][gc,phases   ] GC(117)   Other: 0.61ms
[2025-01-17T12:44:24.789-0600][gc,heap     ] GC(117) Eden regions: 41->0(126)
[2025-01-17T12:44:24.789-0600][gc,heap     ] GC(117) Survivor regions: 10->4(7)
[2025-01-17T12:44:24.789-0600][gc,heap     ] GC(117) Old regions: 167->175
[2025-01-17T12:44:24.789-0600][gc,heap     ] GC(117) Humongous regions: 129->129
[2025-01-17T12:44:24.789-0600][gc,metaspace] GC(117) Metaspace: 44534K(45184K)->44534K(45184K) NonClass: 39254K(39616K)->39254K(39616K) Class: 5279K(5568K)->5279K(5568K)
[2025-01-17T12:44:24.790-0600][gc          ] GC(117) Pause Young (Normal) (G1 Evacuation Pause) 346M->306M(1024M) 13.014ms
[2025-01-17T12:44:24.790-0600][gc,cpu      ] GC(117) User=0.03s Sys=0.02s Real=0.02s
[2025-01-17T12:52:31.075-0600][gc,start    ] GC(118) Pause Young (Normal) (G1 Evacuation Pause)
[2025-01-17T12:52:31.075-0600][gc,task     ] GC(118) Using 9 workers of 9 for evacuation
[2025-01-17T12:52:31.091-0600][gc,phases   ] GC(118)   Pre Evacuate Collection Set: 1.48ms
[2025-01-17T12:52:31.091-0600][gc,phases   ] GC(118)   Merge Heap Roots: 0.29ms
[2025-01-17T12:52:31.092-0600][gc,phases   ] GC(118)   Evacuate Collection Set: 12.18ms
[2025-01-17T12:52:31.092-0600][gc,phases   ] GC(118)   Post Evacuate Collection Set: 1.29ms
[2025-01-17T12:52:31.092-0600][gc,phases   ] GC(118)   Other: 0.66ms
[2025-01-17T12:52:31.092-0600][gc,heap     ] GC(118) Eden regions: 130->0(66)
[2025-01-17T12:52:31.092-0600][gc,heap     ] GC(118) Survivor regions: 4->9(17)
[2025-01-17T12:52:31.092-0600][gc,heap     ] GC(118) Old regions: 175->175
[2025-01-17T12:52:31.092-0600][gc,heap     ] GC(118) Humongous regions: 129->129
[2025-01-17T12:52:31.092-0600][gc,metaspace] GC(118) Metaspace: 44536K(45184K)->44536K(45184K) NonClass: 39256K(39616K)->39256K(39616K) Class: 5279K(5568K)->5279K(5568K)
[2025-01-17T12:52:31.092-0600][gc          ] GC(118) Pause Young (Normal) (G1 Evacuation Pause) 436M->311M(1024M) 17.296ms
[2025-01-17T12:52:31.092-0600][gc,cpu      ] GC(118) User=0.05s Sys=0.03s Real=0.02s
[2025-01-17T12:56:41.588-0600][gc,start    ] GC(119) Pause Young (Normal) (G1 Evacuation Pause)
[2025-01-17T12:56:41.589-0600][gc,task     ] GC(119) Using 9 workers of 9 for evacuation
[2025-01-17T12:56:41.603-0600][gc,phases   ] GC(119)   Pre Evacuate Collection Set: 0.97ms
[2025-01-17T12:56:41.603-0600][gc,phases   ] GC(119)   Merge Heap Roots: 0.15ms
[2025-01-17T12:56:41.603-0600][gc,phases   ] GC(119)   Evacuate Collection Set: 11.74ms
[2025-01-17T12:56:41.603-0600][gc,phases   ] GC(119)   Post Evacuate Collection Set: 0.98ms
[2025-01-17T12:56:41.603-0600][gc,phases   ] GC(119)   Other: 0.35ms
[2025-01-17T12:56:41.603-0600][gc,heap     ] GC(119) Eden regions: 67->0(149)
[2025-01-17T12:56:41.603-0600][gc,heap     ] GC(119) Survivor regions: 9->4(10)
[2025-01-17T12:56:41.603-0600][gc,heap     ] GC(119) Old regions: 175->183
[2025-01-17T12:56:41.603-0600][gc,heap     ] GC(119) Humongous regions: 129->129
[2025-01-17T12:56:41.603-0600][gc,metaspace] GC(119) Metaspace: 44539K(45184K)->44539K(45184K) NonClass: 39260K(39616K)->39260K(39616K) Class: 5279K(5568K)->5279K(5568K)
[2025-01-17T12:56:41.603-0600][gc          ] GC(119) Pause Young (Normal) (G1 Evacuation Pause) 378M->315M(1024M) 14.951ms
[2025-01-17T12:56:41.603-0600][gc,cpu      ] GC(119) User=0.04s Sys=0.03s Real=0.02s
[2025-01-17T13:06:08.863-0600][gc,start    ] GC(120) Pause Young (Normal) (G1 Evacuation Pause)
[2025-01-17T13:06:08.864-0600][gc,task     ] GC(120) Using 9 workers of 9 for evacuation
[2025-01-17T13:06:08.889-0600][gc,mmu      ] GC(120) MMU target violated: 21.0ms (20.0ms/21.0ms)
[2025-01-17T13:06:08.890-0600][gc,phases   ] GC(120)   Pre Evacuate Collection Set: 1.80ms
[2025-01-17T13:06:08.890-0600][gc,phases   ] GC(120)   Merge Heap Roots: 0.26ms
[2025-01-17T13:06:08.890-0600][gc,phases   ] GC(120)   Evacuate Collection Set: 20.76ms
[2025-01-17T13:06:08.890-0600][gc,phases   ] GC(120)   Post Evacuate Collection Set: 1.50ms
[2025-01-17T13:06:08.890-0600][gc,phases   ] GC(120)   Other: 1.15ms
[2025-01-17T13:06:08.890-0600][gc,heap     ] GC(120) Eden regions: 151->0(38)
[2025-01-17T13:06:08.890-0600][gc,heap     ] GC(120) Survivor regions: 4->13(20)
[2025-01-17T13:06:08.890-0600][gc,heap     ] GC(120) Old regions: 183->183
[2025-01-17T13:06:08.890-0600][gc,heap     ] GC(120) Humongous regions: 129->129
[2025-01-17T13:06:08.890-0600][gc,metaspace] GC(120) Metaspace: 44540K(45184K)->44540K(45184K) NonClass: 39261K(39616K)->39261K(39616K) Class: 5279K(5568K)->5279K(5568K)
[2025-01-17T13:06:08.890-0600][gc          ] GC(120) Pause Young (Normal) (G1 Evacuation Pause) 466M->323M(1024M) 26.667ms
[2025-01-17T13:06:08.890-0600][gc,cpu      ] GC(120) User=0.07s Sys=0.04s Real=0.03s
[2025-01-17T13:08:30.729-0600][gc,start    ] GC(121) Pause Young (Normal) (G1 Evacuation Pause)
[2025-01-17T13:08:30.730-0600][gc,task     ] GC(121) Using 9 workers of 9 for evacuation
[2025-01-17T13:08:30.739-0600][gc,phases   ] GC(121)   Pre Evacuate Collection Set: 0.25ms
[2025-01-17T13:08:30.739-0600][gc,phases   ] GC(121)   Merge Heap Roots: 0.07ms
[2025-01-17T13:08:30.739-0600][gc,phases   ] GC(121)   Evacuate Collection Set: 8.24ms
[2025-01-17T13:08:30.739-0600][gc,phases   ] GC(121)   Post Evacuate Collection Set: 0.30ms
[2025-01-17T13:08:30.739-0600][gc,phases   ] GC(121)   Other: 0.17ms
[2025-01-17T13:08:30.739-0600][gc,heap     ] GC(121) Eden regions: 38->0(150)
[2025-01-17T13:08:30.739-0600][gc,heap     ] GC(121) Survivor regions: 13->5(7)
[2025-01-17T13:08:30.739-0600][gc,heap     ] GC(121) Old regions: 183->193
[2025-01-17T13:08:30.739-0600][gc,heap     ] GC(121) Humongous regions: 129->129
[2025-01-17T13:08:30.739-0600][gc,metaspace] GC(121) Metaspace: 44540K(45184K)->44540K(45184K) NonClass: 39261K(39616K)->39261K(39616K) Class: 5279K(5568K)->5279K(5568K)
[2025-01-17T13:08:30.739-0600][gc          ] GC(121) Pause Young (Normal) (G1 Evacuation Pause) 361M->326M(1024M) 10.223ms
[2025-01-17T13:08:30.739-0600][gc,cpu      ] GC(121) User=0.03s Sys=0.01s Real=0.01s
[2025-01-17T13:17:57.008-0600][gc,start    ] GC(122) Pause Young (Normal) (G1 Evacuation Pause)
[2025-01-17T13:17:57.009-0600][gc,task     ] GC(122) Using 9 workers of 9 for evacuation
[2025-01-17T13:17:57.028-0600][gc,phases   ] GC(122)   Pre Evacuate Collection Set: 1.46ms
[2025-01-17T13:17:57.028-0600][gc,phases   ] GC(122)   Merge Heap Roots: 0.44ms
[2025-01-17T13:17:57.028-0600][gc,phases   ] GC(122)   Evacuate Collection Set: 14.57ms
[2025-01-17T13:17:57.028-0600][gc,phases   ] GC(122)   Post Evacuate Collection Set: 1.75ms
[2025-01-17T13:17:57.028-0600][gc,phases   ] GC(122)   Other: 0.50ms
[2025-01-17T13:17:57.028-0600][gc,heap     ] GC(122) Eden regions: 152->0(49)
[2025-01-17T13:17:57.028-0600][gc,heap     ] GC(122) Survivor regions: 5->10(20)
[2025-01-17T13:17:57.028-0600][gc,heap     ] GC(122) Old regions: 193->193
[2025-01-17T13:17:57.028-0600][gc,heap     ] GC(122) Humongous regions: 129->129
[2025-01-17T13:17:57.028-0600][gc,metaspace] GC(122) Metaspace: 44540K(45184K)->44540K(45184K) NonClass: 39261K(39616K)->39261K(39616K) Class: 5279K(5568K)->5279K(5568K)
[2025-01-17T13:17:57.029-0600][gc          ] GC(122) Pause Young (Normal) (G1 Evacuation Pause) 478M->331M(1024M) 20.192ms
[2025-01-17T13:17:57.029-0600][gc,cpu      ] GC(122) User=0.05s Sys=0.03s Real=0.02s
[2025-01-17T13:20:44.494-0600][gc,start    ] GC(123) Pause Young (Normal) (G1 Evacuation Pause)
[2025-01-17T13:20:44.494-0600][gc,task     ] GC(123) Using 9 workers of 9 for evacuation
[2025-01-17T13:20:44.503-0600][gc,phases   ] GC(123)   Pre Evacuate Collection Set: 0.46ms
[2025-01-17T13:20:44.503-0600][gc,phases   ] GC(123)   Merge Heap Roots: 0.09ms
[2025-01-17T13:20:44.504-0600][gc,phases   ] GC(123)   Evacuate Collection Set: 7.70ms
[2025-01-17T13:20:44.504-0600][gc,phases   ] GC(123)   Post Evacuate Collection Set: 0.49ms
[2025-01-17T13:20:44.504-0600][gc,phases   ] GC(123)   Other: 0.38ms
[2025-01-17T13:20:44.504-0600][gc,heap     ] GC(123) Eden regions: 48->0(113)
[2025-01-17T13:20:44.504-0600][gc,heap     ] GC(123) Survivor regions: 10->6(8)
[2025-01-17T13:20:44.504-0600][gc,heap     ] GC(123) Old regions: 193->202
[2025-01-17T13:20:44.504-0600][gc,heap     ] GC(123) Humongous regions: 129->129
[2025-01-17T13:20:44.504-0600][gc,metaspace] GC(123) Metaspace: 44540K(45184K)->44540K(45184K) NonClass: 39261K(39616K)->39261K(39616K) Class: 5279K(5568K)->5279K(5568K)
[2025-01-17T13:20:44.504-0600][gc          ] GC(123) Pause Young (Normal) (G1 Evacuation Pause) 379M->335M(1024M) 10.284ms
[2025-01-17T13:20:44.504-0600][gc,cpu      ] GC(123) User=0.03s Sys=0.01s Real=0.01s
[2025-01-17T13:27:24.071-0600][gc,start    ] GC(124) Pause Young (Normal) (G1 Evacuation Pause)
[2025-01-17T13:27:24.074-0600][gc,task     ] GC(124) Using 9 workers of 9 for evacuation
[2025-01-17T13:27:24.085-0600][gc,phases   ] GC(124)   Pre Evacuate Collection Set: 0.96ms
[2025-01-17T13:27:24.085-0600][gc,phases   ] GC(124)   Merge Heap Roots: 0.39ms
[2025-01-17T13:27:24.085-0600][gc,phases   ] GC(124)   Evacuate Collection Set: 7.88ms
[2025-01-17T13:27:24.085-0600][gc,phases   ] GC(124)   Post Evacuate Collection Set: 1.06ms
[2025-01-17T13:27:24.085-0600][gc,phases   ] GC(124)   Other: 0.62ms
[2025-01-17T13:27:24.085-0600][gc,heap     ] GC(124) Eden regions: 108->0(132)
[2025-01-17T13:27:24.085-0600][gc,heap     ] GC(124) Survivor regions: 6->6(15)
[2025-01-17T13:27:24.085-0600][gc,heap     ] GC(124) Old regions: 202->202
[2025-01-17T13:27:24.085-0600][gc,heap     ] GC(124) Humongous regions: 129->129
[2025-01-17T13:27:24.085-0600][gc,metaspace] GC(124) Metaspace: 44541K(45184K)->44541K(45184K) NonClass: 39262K(39616K)->39262K(39616K) Class: 5279K(5568K)->5279K(5568K)
[2025-01-17T13:27:24.085-0600][gc          ] GC(124) Pause Young (Normal) (G1 Evacuation Pause) 443M->336M(1024M) 13.935ms
[2025-01-17T13:27:24.085-0600][gc,cpu      ] GC(124) User=0.02s Sys=0.02s Real=0.01s
[2025-01-17T13:35:28.315-0600][gc,start    ] GC(125) Pause Young (Normal) (G1 Evacuation Pause)
[2025-01-17T13:35:28.316-0600][gc,task     ] GC(125) Using 9 workers of 9 for evacuation
[2025-01-17T13:35:28.327-0600][gc,phases   ] GC(125)   Pre Evacuate Collection Set: 0.82ms
[2025-01-17T13:35:28.328-0600][gc,phases   ] GC(125)   Merge Heap Roots: 0.30ms
[2025-01-17T13:35:28.328-0600][gc,phases   ] GC(125)   Evacuate Collection Set: 9.43ms
[2025-01-17T13:35:28.328-0600][gc,phases   ] GC(125)   Post Evacuate Collection Set: 0.68ms
[2025-01-17T13:35:28.328-0600][gc,phases   ] GC(125)   Other: 0.48ms
[2025-01-17T13:35:28.328-0600][gc,heap     ] GC(125) Eden regions: 129->0(154)
[2025-01-17T13:35:28.328-0600][gc,heap     ] GC(125) Survivor regions: 6->6(17)
[2025-01-17T13:35:28.328-0600][gc,heap     ] GC(125) Old regions: 202->202
[2025-01-17T13:35:28.328-0600][gc,heap     ] GC(125) Humongous regions: 129->129
[2025-01-17T13:35:28.328-0600][gc,metaspace] GC(125) Metaspace: 44544K(45184K)->44544K(45184K) NonClass: 39264K(39616K)->39264K(39616K) Class: 5279K(5568K)->5279K(5568K)
[2025-01-17T13:35:28.328-0600][gc          ] GC(125) Pause Young (Normal) (G1 Evacuation Pause) 465M->336M(1024M) 12.768ms
[2025-01-17T13:35:28.328-0600][gc,cpu      ] GC(125) User=0.02s Sys=0.03s Real=0.01s
[2025-01-17T13:44:51.828-0600][gc,start    ] GC(126) Pause Young (Normal) (G1 Evacuation Pause)
[2025-01-17T13:44:51.829-0600][gc,task     ] GC(126) Using 9 workers of 9 for evacuation
[2025-01-17T13:44:51.840-0600][gc,phases   ] GC(126)   Pre Evacuate Collection Set: 0.99ms
[2025-01-17T13:44:51.840-0600][gc,phases   ] GC(126)   Merge Heap Roots: 0.26ms
[2025-01-17T13:44:51.840-0600][gc,phases   ] GC(126)   Evacuate Collection Set: 8.52ms
[2025-01-17T13:44:51.840-0600][gc,phases   ] GC(126)   Post Evacuate Collection Set: 0.84ms
[2025-01-17T13:44:51.840-0600][gc,phases   ] GC(126)   Other: 0.43ms
[2025-01-17T13:44:51.840-0600][gc,heap     ] GC(126) Eden regions: 149->0(181)
[2025-01-17T13:44:51.840-0600][gc,heap     ] GC(126) Survivor regions: 6->7(20)
[2025-01-17T13:44:51.840-0600][gc,heap     ] GC(126) Old regions: 202->202
[2025-01-17T13:44:51.840-0600][gc,heap     ] GC(126) Humongous regions: 129->129
[2025-01-17T13:44:51.840-0600][gc,metaspace] GC(126) Metaspace: 44544K(45184K)->44544K(45184K) NonClass: 39264K(39616K)->39264K(39616K) Class: 5279K(5568K)->5279K(5568K)
[2025-01-17T13:44:51.841-0600][gc          ] GC(126) Pause Young (Normal) (G1 Evacuation Pause) 485M->337M(1024M) 12.806ms
[2025-01-17T13:44:51.841-0600][gc,cpu      ] GC(126) User=0.02s Sys=0.04s Real=0.02s
[2025-01-17T13:56:05.896-0600][gc,start    ] GC(127) Pause Young (Normal) (G1 Evacuation Pause)
[2025-01-17T13:56:05.897-0600][gc,task     ] GC(127) Using 9 workers of 9 for evacuation
[2025-01-17T13:56:05.911-0600][gc,phases   ] GC(127)   Pre Evacuate Collection Set: 2.19ms
[2025-01-17T13:56:05.911-0600][gc,phases   ] GC(127)   Merge Heap Roots: 0.64ms
[2025-01-17T13:56:05.911-0600][gc,phases   ] GC(127)   Evacuate Collection Set: 9.37ms
[2025-01-17T13:56:05.911-0600][gc,phases   ] GC(127)   Post Evacuate Collection Set: 0.81ms
[2025-01-17T13:56:05.911-0600][gc,phases   ] GC(127)   Other: 0.59ms
[2025-01-17T13:56:05.911-0600][gc,heap     ] GC(127) Eden regions: 178->0(248)
[2025-01-17T13:56:05.911-0600][gc,heap     ] GC(127) Survivor regions: 7->5(24)
[2025-01-17T13:56:05.911-0600][gc,heap     ] GC(127) Old regions: 202->202
[2025-01-17T13:56:05.911-0600][gc,heap     ] GC(127) Humongous regions: 129->129
[2025-01-17T13:56:05.911-0600][gc,metaspace] GC(127) Metaspace: 44544K(45184K)->44544K(45184K) NonClass: 39264K(39616K)->39264K(39616K) Class: 5279K(5568K)->5279K(5568K)
[2025-01-17T13:56:05.911-0600][gc          ] GC(127) Pause Young (Normal) (G1 Evacuation Pause) 515M->335M(1024M) 15.497ms
[2025-01-17T13:56:05.911-0600][gc,cpu      ] GC(127) User=0.03s Sys=0.04s Real=0.02s
[2025-01-17T14:11:38.165-0600][gc,start    ] GC(128) Pause Young (Normal) (G1 Evacuation Pause)
[2025-01-17T14:11:38.166-0600][gc,task     ] GC(128) Using 9 workers of 9 for evacuation
[2025-01-17T14:11:38.183-0600][gc,phases   ] GC(128)   Pre Evacuate Collection Set: 0.84ms
[2025-01-17T14:11:38.183-0600][gc,phases   ] GC(128)   Merge Heap Roots: 0.25ms
[2025-01-17T14:11:38.183-0600][gc,phases   ] GC(128)   Evacuate Collection Set: 14.22ms
[2025-01-17T14:11:38.183-0600][gc,phases   ] GC(128)   Post Evacuate Collection Set: 1.56ms
[2025-01-17T14:11:38.183-0600][gc,phases   ] GC(128)   Other: 0.41ms
[2025-01-17T14:11:38.183-0600][gc,heap     ] GC(128) Eden regions: 246->0(156)
[2025-01-17T14:11:38.183-0600][gc,heap     ] GC(128) Survivor regions: 5->7(32)
[2025-01-17T14:11:38.183-0600][gc,heap     ] GC(128) Old regions: 202->202
[2025-01-17T14:11:38.183-0600][gc,heap     ] GC(128) Humongous regions: 129->129
[2025-01-17T14:11:38.184-0600][gc,metaspace] GC(128) Metaspace: 44546K(45184K)->44546K(45184K) NonClass: 39266K(39616K)->39266K(39616K) Class: 5279K(5568K)->5279K(5568K)
[2025-01-17T14:11:38.184-0600][gc          ] GC(128) Pause Young (Normal) (G1 Evacuation Pause) 581M->337M(1024M) 18.305ms
[2025-01-17T14:11:38.184-0600][gc,cpu      ] GC(128) User=0.03s Sys=0.03s Real=0.02s
[2025-01-17T14:21:19.940-0600][gc,start    ] GC(129) Pause Young (Normal) (G1 Evacuation Pause)
[2025-01-17T14:21:19.942-0600][gc,task     ] GC(129) Using 9 workers of 9 for evacuation
[2025-01-17T14:21:19.956-0600][gc,phases   ] GC(129)   Pre Evacuate Collection Set: 2.05ms
[2025-01-17T14:21:19.956-0600][gc,phases   ] GC(129)   Merge Heap Roots: 0.77ms
[2025-01-17T14:21:19.956-0600][gc,phases   ] GC(129)   Evacuate Collection Set: 9.95ms
[2025-01-17T14:21:19.956-0600][gc,phases   ] GC(129)   Post Evacuate Collection Set: 0.87ms
[2025-01-17T14:21:19.956-0600][gc,phases   ] GC(129)   Other: 0.71ms
[2025-01-17T14:21:19.956-0600][gc,heap     ] GC(129) Eden regions: 157->0(239)
[2025-01-17T14:21:19.956-0600][gc,heap     ] GC(129) Survivor regions: 7->5(21)
[2025-01-17T14:21:19.957-0600][gc,heap     ] GC(129) Old regions: 202->202
[2025-01-17T14:21:19.957-0600][gc,heap     ] GC(129) Humongous regions: 129->129
[2025-01-17T14:21:19.957-0600][gc,metaspace] GC(129) Metaspace: 44546K(45184K)->44546K(45184K) NonClass: 39266K(39616K)->39266K(39616K) Class: 5279K(5568K)->5279K(5568K)
[2025-01-17T14:21:19.957-0600][gc          ] GC(129) Pause Young (Normal) (G1 Evacuation Pause) 494M->335M(1024M) 16.455ms
[2025-01-17T14:21:19.957-0600][gc,cpu      ] GC(129) User=0.03s Sys=0.03s Real=0.01s
[2025-01-17T14:36:21.040-0600][gc,start    ] GC(130) Pause Young (Normal) (G1 Evacuation Pause)
[2025-01-17T14:36:21.042-0600][gc,task     ] GC(130) Using 9 workers of 9 for evacuation
[2025-01-17T14:36:21.055-0600][gc,phases   ] GC(130)   Pre Evacuate Collection Set: 0.99ms
[2025-01-17T14:36:21.055-0600][gc,phases   ] GC(130)   Merge Heap Roots: 0.20ms
[2025-01-17T14:36:21.055-0600][gc,phases   ] GC(130)   Evacuate Collection Set: 10.77ms
[2025-01-17T14:36:21.055-0600][gc,phases   ] GC(130)   Post Evacuate Collection Set: 0.96ms
[2025-01-17T14:36:21.055-0600][gc,phases   ] GC(130)   Other: 0.68ms
[2025-01-17T14:36:21.055-0600][gc,heap     ] GC(130) Eden regions: 239->0(240)
[2025-01-17T14:36:21.055-0600][gc,heap     ] GC(130) Survivor regions: 5->6(31)
[2025-01-17T14:36:21.055-0600][gc,heap     ] GC(130) Old regions: 202->202
[2025-01-17T14:36:21.055-0600][gc,heap     ] GC(130) Humongous regions: 129->129
[2025-01-17T14:36:21.056-0600][gc,metaspace] GC(130) Metaspace: 44546K(45184K)->44546K(45184K) NonClass: 39266K(39616K)->39266K(39616K) Class: 5279K(5568K)->5279K(5568K)
[2025-01-17T14:36:21.056-0600][gc          ] GC(130) Pause Young (Normal) (G1 Evacuation Pause) 574M->336M(1024M) 15.611ms
[2025-01-17T14:36:21.056-0600][gc,cpu      ] GC(130) User=0.04s Sys=0.03s Real=0.01s
[2025-01-17T14:51:34.268-0600][gc,start    ] GC(131) Pause Young (Normal) (G1 Evacuation Pause)
[2025-01-17T14:51:34.269-0600][gc,task     ] GC(131) Using 9 workers of 9 for evacuation
[2025-01-17T14:51:34.285-0600][gc,phases   ] GC(131)   Pre Evacuate Collection Set: 0.81ms
[2025-01-17T14:51:34.285-0600][gc,phases   ] GC(131)   Merge Heap Roots: 0.34ms
[2025-01-17T14:51:34.285-0600][gc,phases   ] GC(131)   Evacuate Collection Set: 12.01ms
[2025-01-17T14:51:34.285-0600][gc,phases   ] GC(131)   Post Evacuate Collection Set: 2.08ms
[2025-01-17T14:51:34.285-0600][gc,phases   ] GC(131)   Other: 0.44ms
[2025-01-17T14:51:34.285-0600][gc,heap     ] GC(131) Eden regions: 240->0(239)
[2025-01-17T14:51:34.285-0600][gc,heap     ] GC(131) Survivor regions: 6->7(31)
[2025-01-17T14:51:34.285-0600][gc,heap     ] GC(131) Old regions: 202->202
[2025-01-17T14:51:34.285-0600][gc,heap     ] GC(131) Humongous regions: 129->129
[2025-01-17T14:51:34.285-0600][gc,metaspace] GC(131) Metaspace: 44546K(45184K)->44546K(45184K) NonClass: 39266K(39616K)->39266K(39616K) Class: 5279K(5568K)->5279K(5568K)
[2025-01-17T14:51:34.285-0600][gc          ] GC(131) Pause Young (Normal) (G1 Evacuation Pause) 576M->336M(1024M) 17.564ms
[2025-01-17T14:51:34.285-0600][gc,cpu      ] GC(131) User=0.03s Sys=0.02s Real=0.02s
[2025-01-17T16:21:47.769-0600][gc,start    ] GC(132) Pause Young (Normal) (G1 Evacuation Pause)
[2025-01-17T16:21:47.770-0600][gc,task     ] GC(132) Using 9 workers of 9 for evacuation
[2025-01-17T16:21:47.783-0600][gc,phases   ] GC(132)   Pre Evacuate Collection Set: 1.61ms
[2025-01-17T16:21:47.783-0600][gc,phases   ] GC(132)   Merge Heap Roots: 0.33ms
[2025-01-17T16:21:47.783-0600][gc,phases   ] GC(132)   Evacuate Collection Set: 8.81ms
[2025-01-17T16:21:47.783-0600][gc,phases   ] GC(132)   Post Evacuate Collection Set: 1.11ms
[2025-01-17T16:21:47.783-0600][gc,phases   ] GC(132)   Other: 1.11ms
[2025-01-17T16:21:47.783-0600][gc,heap     ] GC(132) Eden regions: 239->0(243)
[2025-01-17T16:21:47.783-0600][gc,heap     ] GC(132) Survivor regions: 7->7(31)
[2025-01-17T16:21:47.783-0600][gc,heap     ] GC(132) Old regions: 202->202
[2025-01-17T16:21:47.783-0600][gc,heap     ] GC(132) Humongous regions: 129->129
[2025-01-17T16:21:47.783-0600][gc,metaspace] GC(132) Metaspace: 44583K(45248K)->44583K(45248K) NonClass: 39303K(39680K)->39303K(39680K) Class: 5279K(5568K)->5279K(5568K)
[2025-01-17T16:21:47.783-0600][gc          ] GC(132) Pause Young (Normal) (G1 Evacuation Pause) 575M->337M(1024M) 14.659ms
[2025-01-17T16:21:47.783-0600][gc,cpu      ] GC(132) User=0.03s Sys=0.03s Real=0.02s
[2025-01-17T16:36:37.689-0600][gc,start    ] GC(133) Pause Young (Normal) (G1 Evacuation Pause)
[2025-01-17T16:36:37.691-0600][gc,task     ] GC(133) Using 9 workers of 9 for evacuation
[2025-01-17T16:36:37.704-0600][gc,phases   ] GC(133)   Pre Evacuate Collection Set: 1.67ms
[2025-01-17T16:36:37.704-0600][gc,phases   ] GC(133)   Merge Heap Roots: 0.28ms
[2025-01-17T16:36:37.704-0600][gc,phases   ] GC(133)   Evacuate Collection Set: 9.59ms
[2025-01-17T16:36:37.704-0600][gc,phases   ] GC(133)   Post Evacuate Collection Set: 0.91ms
[2025-01-17T16:36:37.704-0600][gc,phases   ] GC(133)   Other: 0.58ms
[2025-01-17T16:36:37.704-0600][gc,heap     ] GC(133) Eden regions: 243->0(251)
[2025-01-17T16:36:37.704-0600][gc,heap     ] GC(133) Survivor regions: 7->7(32)
[2025-01-17T16:36:37.704-0600][gc,heap     ] GC(133) Old regions: 202->202
[2025-01-17T16:36:37.704-0600][gc,heap     ] GC(133) Humongous regions: 129->129
[2025-01-17T16:36:37.704-0600][gc,metaspace] GC(133) Metaspace: 44764K(45376K)->44764K(45376K) NonClass: 39484K(39808K)->39484K(39808K) Class: 5279K(5568K)->5279K(5568K)
[2025-01-17T16:36:37.704-0600][gc          ] GC(133) Pause Young (Normal) (G1 Evacuation Pause) 580M->337M(1024M) 14.998ms
[2025-01-17T16:36:37.704-0600][gc,cpu      ] GC(133) User=0.03s Sys=0.03s Real=0.02s
[2025-01-17T16:52:15.980-0600][gc,start    ] GC(134) Pause Young (Normal) (G1 Evacuation Pause)
[2025-01-17T16:52:15.981-0600][gc,task     ] GC(134) Using 9 workers of 9 for evacuation
[2025-01-17T16:52:15.995-0600][gc,phases   ] GC(134)   Pre Evacuate Collection Set: 0.68ms
[2025-01-17T16:52:15.995-0600][gc,phases   ] GC(134)   Merge Heap Roots: 0.25ms
[2025-01-17T16:52:15.995-0600][gc,phases   ] GC(134)   Evacuate Collection Set: 11.06ms
[2025-01-17T16:52:15.995-0600][gc,phases   ] GC(134)   Post Evacuate Collection Set: 1.03ms
[2025-01-17T16:52:15.995-0600][gc,phases   ] GC(134)   Other: 0.39ms
[2025-01-17T16:52:15.995-0600][gc,heap     ] GC(134) Eden regions: 251->0(249)
[2025-01-17T16:52:15.995-0600][gc,heap     ] GC(134) Survivor regions: 7->6(33)
[2025-01-17T16:52:15.995-0600][gc,heap     ] GC(134) Old regions: 202->202
[2025-01-17T16:52:15.995-0600][gc,heap     ] GC(134) Humongous regions: 129->129
[2025-01-17T16:52:15.995-0600][gc,metaspace] GC(134) Metaspace: 44879K(45568K)->44879K(45568K) NonClass: 39599K(40000K)->39599K(40000K) Class: 5279K(5568K)->5279K(5568K)
[2025-01-17T16:52:15.995-0600][gc          ] GC(134) Pause Young (Normal) (G1 Evacuation Pause) 588M->336M(1024M) 15.423ms
[2025-01-17T16:52:15.995-0600][gc,cpu      ] GC(134) User=0.03s Sys=0.03s Real=0.01s
[2025-01-17T17:07:42.595-0600][gc,start    ] GC(135) Pause Young (Normal) (G1 Evacuation Pause)
[2025-01-17T17:07:42.596-0600][gc,task     ] GC(135) Using 9 workers of 9 for evacuation
[2025-01-17T17:07:42.613-0600][gc,phases   ] GC(135)   Pre Evacuate Collection Set: 1.12ms
[2025-01-17T17:07:42.613-0600][gc,phases   ] GC(135)   Merge Heap Roots: 0.28ms
[2025-01-17T17:07:42.613-0600][gc,phases   ] GC(135)   Evacuate Collection Set: 14.15ms
[2025-01-17T17:07:42.613-0600][gc,phases   ] GC(135)   Post Evacuate Collection Set: 1.15ms
[2025-01-17T17:07:42.613-0600][gc,phases   ] GC(135)   Other: 0.44ms
[2025-01-17T17:07:42.613-0600][gc,heap     ] GC(135) Eden regions: 249->0(248)
[2025-01-17T17:07:42.613-0600][gc,heap     ] GC(135) Survivor regions: 6->7(32)
[2025-01-17T17:07:42.613-0600][gc,heap     ] GC(135) Old regions: 202->202
[2025-01-17T17:07:42.614-0600][gc,heap     ] GC(135) Humongous regions: 129->129
[2025-01-17T17:07:42.614-0600][gc,metaspace] GC(135) Metaspace: 44922K(45568K)->44922K(45568K) NonClass: 39642K(40000K)->39642K(40000K) Class: 5279K(5568K)->5279K(5568K)
[2025-01-17T17:07:42.614-0600][gc          ] GC(135) Pause Young (Normal) (G1 Evacuation Pause) 585M->337M(1024M) 18.314ms
[2025-01-17T17:07:42.614-0600][gc,cpu      ] GC(135) User=0.03s Sys=0.04s Real=0.02s
[2025-01-17T17:23:09.368-0600][gc,start    ] GC(136) Pause Young (Normal) (G1 Evacuation Pause)
[2025-01-17T17:23:09.368-0600][gc,task     ] GC(136) Using 9 workers of 9 for evacuation
[2025-01-17T17:23:09.386-0600][gc,phases   ] GC(136)   Pre Evacuate Collection Set: 1.48ms
[2025-01-17T17:23:09.386-0600][gc,phases   ] GC(136)   Merge Heap Roots: 0.23ms
[2025-01-17T17:23:09.388-0600][gc,phases   ] GC(136)   Evacuate Collection Set: 13.95ms
[2025-01-17T17:23:09.388-0600][gc,phases   ] GC(136)   Post Evacuate Collection Set: 1.39ms
[2025-01-17T17:23:09.388-0600][gc,phases   ] GC(136)   Other: 0.40ms
[2025-01-17T17:23:09.388-0600][gc,heap     ] GC(136) Eden regions: 248->0(247)
[2025-01-17T17:23:09.388-0600][gc,heap     ] GC(136) Survivor regions: 7->5(32)
[2025-01-17T17:23:09.388-0600][gc,heap     ] GC(136) Old regions: 202->202
[2025-01-17T17:23:09.388-0600][gc,heap     ] GC(136) Humongous regions: 129->129
[2025-01-17T17:23:09.388-0600][gc,metaspace] GC(136) Metaspace: 44934K(45632K)->44934K(45632K) NonClass: 39655K(40064K)->39655K(40064K) Class: 5279K(5568K)->5279K(5568K)
[2025-01-17T17:23:09.388-0600][gc          ] GC(136) Pause Young (Normal) (G1 Evacuation Pause) 585M->335M(1024M) 20.034ms
[2025-01-17T17:23:09.388-0600][gc,cpu      ] GC(136) User=0.03s Sys=0.03s Real=0.02s
[2025-01-17T17:38:34.616-0600][gc,start    ] GC(137) Pause Young (Normal) (G1 Evacuation Pause)
[2025-01-17T17:38:34.619-0600][gc,task     ] GC(137) Using 9 workers of 9 for evacuation
[2025-01-17T17:38:34.633-0600][gc,phases   ] GC(137)   Pre Evacuate Collection Set: 0.85ms
[2025-01-17T17:38:34.633-0600][gc,phases   ] GC(137)   Merge Heap Roots: 0.29ms
[2025-01-17T17:38:34.633-0600][gc,phases   ] GC(137)   Evacuate Collection Set: 10.05ms
[2025-01-17T17:38:34.633-0600][gc,phases   ] GC(137)   Post Evacuate Collection Set: 1.26ms
[2025-01-17T17:38:34.634-0600][gc,phases   ] GC(137)   Other: 1.83ms
[2025-01-17T17:38:34.634-0600][gc,heap     ] GC(137) Eden regions: 248->0(248)
[2025-01-17T17:38:34.634-0600][gc,heap     ] GC(137) Survivor regions: 5->6(32)
[2025-01-17T17:38:34.634-0600][gc,heap     ] GC(137) Old regions: 202->202
[2025-01-17T17:38:34.634-0600][gc,heap     ] GC(137) Humongous regions: 129->129
[2025-01-17T17:38:34.634-0600][gc,metaspace] GC(137) Metaspace: 44951K(45632K)->44951K(45632K) NonClass: 39671K(40064K)->39671K(40064K) Class: 5279K(5568K)->5279K(5568K)
[2025-01-17T17:38:34.634-0600][gc          ] GC(137) Pause Young (Normal) (G1 Evacuation Pause) 583M->336M(1024M) 19.236ms
[2025-01-17T17:38:34.634-0600][gc,cpu      ] GC(137) User=0.03s Sys=0.03s Real=0.02s
[2025-01-17T17:53:58.226-0600][gc,start    ] GC(138) Pause Young (Normal) (G1 Evacuation Pause)
[2025-01-17T17:53:58.227-0600][gc,task     ] GC(138) Using 9 workers of 9 for evacuation
[2025-01-17T17:53:58.244-0600][gc,phases   ] GC(138)   Pre Evacuate Collection Set: 1.21ms
[2025-01-17T17:53:58.244-0600][gc,phases   ] GC(138)   Merge Heap Roots: 0.50ms
[2025-01-17T17:53:58.244-0600][gc,phases   ] GC(138)   Evacuate Collection Set: 14.05ms
[2025-01-17T17:53:58.244-0600][gc,phases   ] GC(138)   Post Evacuate Collection Set: 1.33ms
[2025-01-17T17:53:58.244-0600][gc,phases   ] GC(138)   Other: 0.41ms
[2025-01-17T17:53:58.244-0600][gc,heap     ] GC(138) Eden regions: 248->0(247)
[2025-01-17T17:53:58.244-0600][gc,heap     ] GC(138) Survivor regions: 6->6(32)
[2025-01-17T17:53:58.244-0600][gc,heap     ] GC(138) Old regions: 202->203
[2025-01-17T17:53:58.244-0600][gc,heap     ] GC(138) Humongous regions: 129->129
[2025-01-17T17:53:58.244-0600][gc,metaspace] GC(138) Metaspace: 44973K(45632K)->44973K(45632K) NonClass: 39693K(40064K)->39693K(40064K) Class: 5279K(5568K)->5279K(5568K)
[2025-01-17T17:53:58.244-0600][gc          ] GC(138) Pause Young (Normal) (G1 Evacuation Pause) 584M->337M(1024M) 18.589ms
[2025-01-17T17:53:58.244-0600][gc,cpu      ] GC(138) User=0.03s Sys=0.04s Real=0.02s
[2025-01-17T18:09:42.684-0600][gc,start    ] GC(139) Pause Young (Normal) (G1 Evacuation Pause)
[2025-01-17T18:09:42.684-0600][gc,task     ] GC(139) Using 9 workers of 9 for evacuation
[2025-01-17T18:09:42.696-0600][gc,phases   ] GC(139)   Pre Evacuate Collection Set: 0.65ms
[2025-01-17T18:09:42.696-0600][gc,phases   ] GC(139)   Merge Heap Roots: 0.16ms
[2025-01-17T18:09:42.696-0600][gc,phases   ] GC(139)   Evacuate Collection Set: 7.98ms
[2025-01-17T18:09:42.696-0600][gc,phases   ] GC(139)   Post Evacuate Collection Set: 2.72ms
[2025-01-17T18:09:42.696-0600][gc,phases   ] GC(139)   Other: 0.26ms
[2025-01-17T18:09:42.696-0600][gc,heap     ] GC(139) Eden regions: 253->0(253)
[2025-01-17T18:09:42.696-0600][gc,heap     ] GC(139) Survivor regions: 6->5(33)
[2025-01-17T18:09:42.696-0600][gc,heap     ] GC(139) Old regions: 203->204
[2025-01-17T18:09:42.696-0600][gc,heap     ] GC(139) Humongous regions: 129->129
[2025-01-17T18:09:42.696-0600][gc,metaspace] GC(139) Metaspace: 44974K(45632K)->44974K(45632K) NonClass: 39695K(40064K)->39695K(40064K) Class: 5279K(5568K)->5279K(5568K)
[2025-01-17T18:09:42.696-0600][gc          ] GC(139) Pause Young (Normal) (G1 Evacuation Pause) 590M->336M(1024M) 12.549ms
[2025-01-17T18:09:42.696-0600][gc,cpu      ] GC(139) User=0.02s Sys=0.03s Real=0.01s
[2025-01-17T18:25:37.452-0600][gc,start    ] GC(140) Pause Young (Normal) (G1 Evacuation Pause)
[2025-01-17T18:25:37.453-0600][gc,task     ] GC(140) Using 9 workers of 9 for evacuation
[2025-01-17T18:25:37.467-0600][gc,phases   ] GC(140)   Pre Evacuate Collection Set: 1.34ms
[2025-01-17T18:25:37.468-0600][gc,phases   ] GC(140)   Merge Heap Roots: 0.17ms
[2025-01-17T18:25:37.468-0600][gc,phases   ] GC(140)   Evacuate Collection Set: 11.69ms
[2025-01-17T18:25:37.468-0600][gc,phases   ] GC(140)   Post Evacuate Collection Set: 1.47ms
[2025-01-17T18:25:37.468-0600][gc,phases   ] GC(140)   Other: 0.31ms
[2025-01-17T18:25:37.468-0600][gc,heap     ] GC(140) Eden regions: 255->0(252)
[2025-01-17T18:25:37.468-0600][gc,heap     ] GC(140) Survivor regions: 5->6(33)
[2025-01-17T18:25:37.468-0600][gc,heap     ] GC(140) Old regions: 204->204
[2025-01-17T18:25:37.468-0600][gc,heap     ] GC(140) Humongous regions: 129->129
[2025-01-17T18:25:37.468-0600][gc,metaspace] GC(140) Metaspace: 44980K(45632K)->44980K(45632K) NonClass: 39701K(40064K)->39701K(40064K) Class: 5279K(5568K)->5279K(5568K)
[2025-01-17T18:25:37.468-0600][gc          ] GC(140) Pause Young (Normal) (G1 Evacuation Pause) 591M->338M(1024M) 15.828ms
[2025-01-17T18:25:37.468-0600][gc,cpu      ] GC(140) User=0.02s Sys=0.05s Real=0.01s
[2025-01-17T18:41:15.554-0600][gc,start    ] GC(141) Pause Young (Normal) (G1 Evacuation Pause)
[2025-01-17T18:41:15.556-0600][gc,task     ] GC(141) Using 9 workers of 9 for evacuation
[2025-01-17T18:41:15.570-0600][gc,phases   ] GC(141)   Pre Evacuate Collection Set: 1.16ms
[2025-01-17T18:41:15.571-0600][gc,phases   ] GC(141)   Merge Heap Roots: 0.21ms
[2025-01-17T18:41:15.571-0600][gc,phases   ] GC(141)   Evacuate Collection Set: 10.27ms
[2025-01-17T18:41:15.571-0600][gc,phases   ] GC(141)   Post Evacuate Collection Set: 1.60ms
[2025-01-17T18:41:15.571-0600][gc,phases   ] GC(141)   Other: 0.52ms
[2025-01-17T18:41:15.571-0600][gc,heap     ] GC(141) Eden regions: 254->0(254)
[2025-01-17T18:41:15.571-0600][gc,heap     ] GC(141) Survivor regions: 6->5(33)
[2025-01-17T18:41:15.571-0600][gc,heap     ] GC(141) Old regions: 204->204
[2025-01-17T18:41:15.571-0600][gc,heap     ] GC(141) Humongous regions: 129->129
[2025-01-17T18:41:15.571-0600][gc,metaspace] GC(141) Metaspace: 44981K(45632K)->44981K(45632K) NonClass: 39701K(40064K)->39701K(40064K) Class: 5279K(5568K)->5279K(5568K)
[2025-01-17T18:41:15.571-0600][gc          ] GC(141) Pause Young (Normal) (G1 Evacuation Pause) 592M->336M(1024M) 17.605ms
[2025-01-17T18:41:15.571-0600][gc,cpu      ] GC(141) User=0.02s Sys=0.04s Real=0.02s
[2025-01-17T18:57:19.018-0600][gc,start    ] GC(142) Pause Young (Normal) (G1 Evacuation Pause)
[2025-01-17T18:57:19.018-0600][gc,task     ] GC(142) Using 9 workers of 9 for evacuation
[2025-01-17T18:57:19.026-0600][gc,phases   ] GC(142)   Pre Evacuate Collection Set: 1.84ms
[2025-01-17T18:57:19.026-0600][gc,phases   ] GC(142)   Merge Heap Roots: 0.27ms
[2025-01-17T18:57:19.026-0600][gc,phases   ] GC(142)   Evacuate Collection Set: 4.95ms
[2025-01-17T18:57:19.026-0600][gc,phases   ] GC(142)   Post Evacuate Collection Set: 0.66ms
[2025-01-17T18:57:19.026-0600][gc,phases   ] GC(142)   Other: 0.39ms
[2025-01-17T18:57:19.026-0600][gc,heap     ] GC(142) Eden regions: 256->0(259)
[2025-01-17T18:57:19.026-0600][gc,heap     ] GC(142) Survivor regions: 5->4(33)
[2025-01-17T18:57:19.026-0600][gc,heap     ] GC(142) Old regions: 204->204
[2025-01-17T18:57:19.026-0600][gc,heap     ] GC(142) Humongous regions: 129->129
[2025-01-17T18:57:19.026-0600][gc,metaspace] GC(142) Metaspace: 44984K(45632K)->44984K(45632K) NonClass: 39704K(40064K)->39704K(40064K) Class: 5279K(5568K)->5279K(5568K)
[2025-01-17T18:57:19.026-0600][gc          ] GC(142) Pause Young (Normal) (G1 Evacuation Pause) 592M->335M(1024M) 8.627ms
[2025-01-17T18:57:19.026-0600][gc,cpu      ] GC(142) User=0.02s Sys=0.03s Real=0.01s
[2025-01-17T21:38:27.806-0600][gc,start    ] GC(143) Pause Young (Normal) (G1 Evacuation Pause)
[2025-01-17T21:38:27.807-0600][gc,task     ] GC(143) Using 9 workers of 9 for evacuation
[2025-01-17T21:38:27.823-0600][gc,phases   ] GC(143)   Pre Evacuate Collection Set: 0.77ms
[2025-01-17T21:38:27.823-0600][gc,phases   ] GC(143)   Merge Heap Roots: 0.20ms
[2025-01-17T21:38:27.823-0600][gc,phases   ] GC(143)   Evacuate Collection Set: 13.08ms
[2025-01-17T21:38:27.823-0600][gc,phases   ] GC(143)   Post Evacuate Collection Set: 0.97ms
[2025-01-17T21:38:27.823-0600][gc,phases   ] GC(143)   Other: 1.20ms
[2025-01-17T21:38:27.823-0600][gc,heap     ] GC(143) Eden regions: 260->0(256)
[2025-01-17T21:38:27.823-0600][gc,heap     ] GC(143) Survivor regions: 4->6(33)
[2025-01-17T21:38:27.823-0600][gc,heap     ] GC(143) Old regions: 204->204
[2025-01-17T21:38:27.823-0600][gc,heap     ] GC(143) Humongous regions: 129->129
[2025-01-17T21:38:27.823-0600][gc,metaspace] GC(143) Metaspace: 45003K(45696K)->45003K(45696K) NonClass: 39723K(40128K)->39723K(40128K) Class: 5279K(5568K)->5279K(5568K)
[2025-01-17T21:38:27.823-0600][gc          ] GC(143) Pause Young (Normal) (G1 Evacuation Pause) 595M->338M(1024M) 17.101ms
[2025-01-17T21:38:27.823-0600][gc,cpu      ] GC(143) User=0.02s Sys=0.05s Real=0.02s
[2025-01-17T21:54:39.488-0600][gc,start    ] GC(144) Pause Young (Normal) (G1 Evacuation Pause)
[2025-01-17T21:54:39.488-0600][gc,task     ] GC(144) Using 9 workers of 9 for evacuation
[2025-01-17T21:54:39.525-0600][gc,mmu      ] GC(144) MMU target violated: 21.0ms (20.0ms/21.0ms)
[2025-01-17T21:54:39.525-0600][gc,phases   ] GC(144)   Pre Evacuate Collection Set: 1.54ms
[2025-01-17T21:54:39.525-0600][gc,phases   ] GC(144)   Merge Heap Roots: 0.17ms
[2025-01-17T21:54:39.525-0600][gc,phases   ] GC(144)   Evacuate Collection Set: 11.54ms
[2025-01-17T21:54:39.525-0600][gc,phases   ] GC(144)   Post Evacuate Collection Set: 22.99ms
[2025-01-17T21:54:39.525-0600][gc,phases   ] GC(144)   Other: 0.55ms
[2025-01-17T21:54:39.525-0600][gc,heap     ] GC(144) Eden regions: 257->0(46)
[2025-01-17T21:54:39.525-0600][gc,heap     ] GC(144) Survivor regions: 6->5(33)
[2025-01-17T21:54:39.525-0600][gc,heap     ] GC(144) Old regions: 204->204
[2025-01-17T21:54:39.525-0600][gc,heap     ] GC(144) Humongous regions: 129->129
[2025-01-17T21:54:39.525-0600][gc,metaspace] GC(144) Metaspace: 45006K(45696K)->45006K(45696K) NonClass: 39727K(40128K)->39727K(40128K) Class: 5279K(5568K)->5279K(5568K)
[2025-01-17T21:54:39.525-0600][gc          ] GC(144) Pause Young (Normal) (G1 Evacuation Pause) 595M->337M(1024M) 37.459ms
[2025-01-17T21:54:39.525-0600][gc,cpu      ] GC(144) User=0.02s Sys=0.05s Real=0.04s
[2025-01-17T21:57:30.099-0600][gc,start    ] GC(145) Pause Young (Normal) (G1 Evacuation Pause)
[2025-01-17T21:57:30.100-0600][gc,task     ] GC(145) Using 9 workers of 9 for evacuation
[2025-01-17T21:57:30.122-0600][gc,mmu      ] GC(145) MMU target violated: 21.0ms (20.0ms/21.0ms)
[2025-01-17T21:57:30.122-0600][gc,phases   ] GC(145)   Pre Evacuate Collection Set: 11.61ms
[2025-01-17T21:57:30.122-0600][gc,phases   ] GC(145)   Merge Heap Roots: 0.24ms
[2025-01-17T21:57:30.122-0600][gc,phases   ] GC(145)   Evacuate Collection Set: 8.01ms
[2025-01-17T21:57:30.122-0600][gc,phases   ] GC(145)   Post Evacuate Collection Set: 0.98ms
[2025-01-17T21:57:30.122-0600][gc,phases   ] GC(145)   Other: 1.07ms
[2025-01-17T21:57:30.122-0600][gc,heap     ] GC(145) Eden regions: 46->0(46)
[2025-01-17T21:57:30.122-0600][gc,heap     ] GC(145) Survivor regions: 5->5(7)
[2025-01-17T21:57:30.122-0600][gc,heap     ] GC(145) Old regions: 204->205
[2025-01-17T21:57:30.122-0600][gc,heap     ] GC(145) Humongous regions: 129->129
[2025-01-17T21:57:30.122-0600][gc,metaspace] GC(145) Metaspace: 45007K(45696K)->45007K(45696K) NonClass: 39727K(40128K)->39727K(40128K) Class: 5279K(5568K)->5279K(5568K)
[2025-01-17T21:57:30.122-0600][gc          ] GC(145) Pause Young (Normal) (G1 Evacuation Pause) 383M->338M(1024M) 23.668ms
[2025-01-17T21:57:30.122-0600][gc,cpu      ] GC(145) User=0.02s Sys=0.03s Real=0.03s
[2025-01-17T22:00:10.268-0600][gc,start    ] GC(146) Pause Young (Normal) (G1 Evacuation Pause)
[2025-01-17T22:00:10.269-0600][gc,task     ] GC(146) Using 9 workers of 9 for evacuation
[2025-01-17T22:00:10.278-0600][gc,phases   ] GC(146)   Pre Evacuate Collection Set: 1.41ms
[2025-01-17T22:00:10.278-0600][gc,phases   ] GC(146)   Merge Heap Roots: 0.21ms
[2025-01-17T22:00:10.279-0600][gc,phases   ] GC(146)   Evacuate Collection Set: 6.81ms
[2025-01-17T22:00:10.279-0600][gc,phases   ] GC(146)   Post Evacuate Collection Set: 0.85ms
[2025-01-17T22:00:10.279-0600][gc,phases   ] GC(146)   Other: 0.47ms
[2025-01-17T22:00:10.279-0600][gc,heap     ] GC(146) Eden regions: 46->0(48)
[2025-01-17T22:00:10.279-0600][gc,heap     ] GC(146) Survivor regions: 5->3(7)
[2025-01-17T22:00:10.279-0600][gc,heap     ] GC(146) Old regions: 205->206
[2025-01-17T22:00:10.279-0600][gc,heap     ] GC(146) Humongous regions: 129->129
[2025-01-17T22:00:10.279-0600][gc,metaspace] GC(146) Metaspace: 45007K(45696K)->45007K(45696K) NonClass: 39727K(40128K)->39727K(40128K) Class: 5279K(5568K)->5279K(5568K)
[2025-01-17T22:00:10.279-0600][gc          ] GC(146) Pause Young (Normal) (G1 Evacuation Pause) 384M->337M(1024M) 10.693ms
[2025-01-17T22:00:10.279-0600][gc,cpu      ] GC(146) User=0.01s Sys=0.03s Real=0.01s
[2025-01-17T22:03:09.237-0600][gc,start    ] GC(147) Pause Young (Normal) (G1 Evacuation Pause)
[2025-01-17T22:03:09.238-0600][gc,task     ] GC(147) Using 9 workers of 9 for evacuation
[2025-01-17T22:03:09.259-0600][gc,mmu      ] GC(147) MMU target violated: 21.0ms (20.0ms/21.0ms)
[2025-01-17T22:03:09.260-0600][gc,phases   ] GC(147)   Pre Evacuate Collection Set: 1.23ms
[2025-01-17T22:03:09.260-0600][gc,phases   ] GC(147)   Merge Heap Roots: 0.17ms
[2025-01-17T22:03:09.260-0600][gc,phases   ] GC(147)   Evacuate Collection Set: 7.59ms
[2025-01-17T22:03:09.260-0600][gc,phases   ] GC(147)   Post Evacuate Collection Set: 12.21ms
[2025-01-17T22:03:09.260-0600][gc,phases   ] GC(147)   Other: 0.99ms
[2025-01-17T22:03:09.260-0600][gc,heap     ] GC(147) Eden regions: 48->0(47)
[2025-01-17T22:03:09.260-0600][gc,heap     ] GC(147) Survivor regions: 3->4(7)
[2025-01-17T22:03:09.260-0600][gc,heap     ] GC(147) Old regions: 206->206
[2025-01-17T22:03:09.260-0600][gc,heap     ] GC(147) Humongous regions: 129->129
[2025-01-17T22:03:09.260-0600][gc,metaspace] GC(147) Metaspace: 45011K(45696K)->45011K(45696K) NonClass: 39732K(40128K)->39732K(40128K) Class: 5279K(5568K)->5279K(5568K)
[2025-01-17T22:03:09.260-0600][gc          ] GC(147) Pause Young (Normal) (G1 Evacuation Pause) 385M->338M(1024M) 22.780ms
[2025-01-17T22:03:09.260-0600][gc,cpu      ] GC(147) User=0.02s Sys=0.03s Real=0.03s
[2025-01-17T22:05:59.581-0600][gc,start    ] GC(148) Pause Young (Normal) (G1 Evacuation Pause)
[2025-01-17T22:05:59.581-0600][gc,task     ] GC(148) Using 9 workers of 9 for evacuation
[2025-01-17T22:05:59.600-0600][gc,phases   ] GC(148)   Pre Evacuate Collection Set: 0.99ms
[2025-01-17T22:05:59.600-0600][gc,phases   ] GC(148)   Merge Heap Roots: 0.32ms
[2025-01-17T22:05:59.600-0600][gc,phases   ] GC(148)   Evacuate Collection Set: 14.44ms
[2025-01-17T22:05:59.600-0600][gc,phases   ] GC(148)   Post Evacuate Collection Set: 1.65ms
[2025-01-17T22:05:59.600-0600][gc,phases   ] GC(148)   Other: 1.26ms
[2025-01-17T22:05:59.600-0600][gc,heap     ] GC(148) Eden regions: 47->0(46)
[2025-01-17T22:05:59.600-0600][gc,heap     ] GC(148) Survivor regions: 4->5(7)
[2025-01-17T22:05:59.600-0600][gc,heap     ] GC(148) Old regions: 206->206
[2025-01-17T22:05:59.600-0600][gc,heap     ] GC(148) Humongous regions: 129->129
[2025-01-17T22:05:59.600-0600][gc,metaspace] GC(148) Metaspace: 45012K(45696K)->45012K(45696K) NonClass: 39732K(40128K)->39732K(40128K) Class: 5279K(5568K)->5279K(5568K)
[2025-01-17T22:05:59.600-0600][gc          ] GC(148) Pause Young (Normal) (G1 Evacuation Pause) 385M->339M(1024M) 19.355ms
[2025-01-17T22:05:59.600-0600][gc,cpu      ] GC(148) User=0.02s Sys=0.05s Real=0.02s
[2025-01-17T22:08:48.905-0600][gc,start    ] GC(149) Pause Young (Normal) (G1 Evacuation Pause)
[2025-01-17T22:08:48.906-0600][gc,task     ] GC(149) Using 9 workers of 9 for evacuation
[2025-01-17T22:08:48.914-0600][gc,phases   ] GC(149)   Pre Evacuate Collection Set: 0.55ms
[2025-01-17T22:08:48.914-0600][gc,phases   ] GC(149)   Merge Heap Roots: 0.10ms
[2025-01-17T22:08:48.914-0600][gc,phases   ] GC(149)   Evacuate Collection Set: 6.36ms
[2025-01-17T22:08:48.914-0600][gc,phases   ] GC(149)   Post Evacuate Collection Set: 0.61ms
[2025-01-17T22:08:48.914-0600][gc,phases   ] GC(149)   Other: 0.36ms
[2025-01-17T22:08:48.914-0600][gc,heap     ] GC(149) Eden regions: 46->0(61)
[2025-01-17T22:08:48.914-0600][gc,heap     ] GC(149) Survivor regions: 5->4(7)
[2025-01-17T22:08:48.914-0600][gc,heap     ] GC(149) Old regions: 206->208
[2025-01-17T22:08:48.914-0600][gc,heap     ] GC(149) Humongous regions: 129->129
[2025-01-17T22:08:48.914-0600][gc,metaspace] GC(149) Metaspace: 45013K(45696K)->45013K(45696K) NonClass: 39732K(40128K)->39732K(40128K) Class: 5280K(5568K)->5280K(5568K)
[2025-01-17T22:08:48.914-0600][gc          ] GC(149) Pause Young (Normal) (G1 Evacuation Pause) 385M->339M(1024M) 8.674ms
[2025-01-17T22:08:48.914-0600][gc,cpu      ] GC(149) User=0.03s Sys=0.01s Real=0.01s
[2025-01-17T22:11:44.097-0600][gc,start    ] GC(150) Pause Young (Normal) (G1 Evacuation Pause)
[2025-01-17T22:11:44.097-0600][gc,task     ] GC(150) Using 9 workers of 9 for evacuation
[2025-01-17T22:11:44.113-0600][gc,phases   ] GC(150)   Pre Evacuate Collection Set: 1.48ms
[2025-01-17T22:11:44.113-0600][gc,phases   ] GC(150)   Merge Heap Roots: 0.30ms
[2025-01-17T22:11:44.114-0600][gc,phases   ] GC(150)   Evacuate Collection Set: 12.71ms
[2025-01-17T22:11:44.114-0600][gc,phases   ] GC(150)   Post Evacuate Collection Set: 1.41ms
[2025-01-17T22:11:44.114-0600][gc,phases   ] GC(150)   Other: 0.40ms
[2025-01-17T22:11:44.114-0600][gc,heap     ] GC(150) Eden regions: 47->0(44)
[2025-01-17T22:11:44.114-0600][gc,heap     ] GC(150) Survivor regions: 4->7(7)
[2025-01-17T22:11:44.114-0600][gc,heap     ] GC(150) Old regions: 208->208
[2025-01-17T22:11:44.114-0600][gc,heap     ] GC(150) Humongous regions: 129->129
[2025-01-17T22:11:44.114-0600][gc,metaspace] GC(150) Metaspace: 45013K(45696K)->45013K(45696K) NonClass: 39732K(40128K)->39732K(40128K) Class: 5280K(5568K)->5280K(5568K)
[2025-01-17T22:11:44.114-0600][gc          ] GC(150) Pause Young (Normal) (G1 Evacuation Pause) 386M->343M(1024M) 17.355ms
[2025-01-17T22:11:44.114-0600][gc,cpu      ] GC(150) User=0.03s Sys=0.04s Real=0.02s
[2025-01-17T22:14:26.877-0600][gc,start    ] GC(151) Pause Young (Normal) (G1 Evacuation Pause)
[2025-01-17T22:14:26.878-0600][gc,task     ] GC(151) Using 9 workers of 9 for evacuation
[2025-01-17T22:14:26.895-0600][gc,phases   ] GC(151)   Pre Evacuate Collection Set: 1.84ms
[2025-01-17T22:14:26.895-0600][gc,phases   ] GC(151)   Merge Heap Roots: 0.17ms
[2025-01-17T22:14:26.895-0600][gc,phases   ] GC(151)   Evacuate Collection Set: 13.32ms
[2025-01-17T22:14:26.895-0600][gc,phases   ] GC(151)   Post Evacuate Collection Set: 1.47ms
[2025-01-17T22:14:26.895-0600][gc,phases   ] GC(151)   Other: 0.91ms
[2025-01-17T22:14:26.896-0600][gc,heap     ] GC(151) Eden regions: 44->0(45)
[2025-01-17T22:14:26.896-0600][gc,heap     ] GC(151) Survivor regions: 7->6(7)
[2025-01-17T22:14:26.896-0600][gc,heap     ] GC(151) Old regions: 208->212
[2025-01-17T22:14:26.896-0600][gc,heap     ] GC(151) Humongous regions: 129->129
[2025-01-17T22:14:26.896-0600][gc,metaspace] GC(151) Metaspace: 45013K(45696K)->45013K(45696K) NonClass: 39732K(40128K)->39732K(40128K) Class: 5280K(5568K)->5280K(5568K)
[2025-01-17T22:14:26.896-0600][gc          ] GC(151) Pause Young (Normal) (G1 Evacuation Pause) 387M->346M(1024M) 19.043ms
[2025-01-17T22:14:26.896-0600][gc,cpu      ] GC(151) User=0.03s Sys=0.04s Real=0.02s
[2025-01-17T22:17:13.339-0600][gc,start    ] GC(152) Pause Young (Normal) (G1 Evacuation Pause)
[2025-01-17T22:17:13.340-0600][gc,task     ] GC(152) Using 9 workers of 9 for evacuation
[2025-01-17T22:17:13.350-0600][gc,phases   ] GC(152)   Pre Evacuate Collection Set: 0.94ms
[2025-01-17T22:17:13.350-0600][gc,phases   ] GC(152)   Merge Heap Roots: 0.20ms
[2025-01-17T22:17:13.350-0600][gc,phases   ] GC(152)   Evacuate Collection Set: 7.53ms
[2025-01-17T22:17:13.350-0600][gc,phases   ] GC(152)   Post Evacuate Collection Set: 0.85ms
[2025-01-17T22:17:13.350-0600][gc,phases   ] GC(152)   Other: 0.74ms
[2025-01-17T22:17:13.350-0600][gc,heap     ] GC(152) Eden regions: 45->0(103)
[2025-01-17T22:17:13.350-0600][gc,heap     ] GC(152) Survivor regions: 6->4(7)
[2025-01-17T22:17:13.350-0600][gc,heap     ] GC(152) Old regions: 212->215
[2025-01-17T22:17:13.350-0600][gc,heap     ] GC(152) Humongous regions: 129->129
[2025-01-17T22:17:13.350-0600][gc,metaspace] GC(152) Metaspace: 45016K(45696K)->45016K(45696K) NonClass: 39736K(40128K)->39736K(40128K) Class: 5280K(5568K)->5280K(5568K)
[2025-01-17T22:17:13.350-0600][gc          ] GC(152) Pause Young (Normal) (G1 Evacuation Pause) 391M->346M(1024M) 11.400ms
[2025-01-17T22:17:13.350-0600][gc,cpu      ] GC(152) User=0.02s Sys=0.02s Real=0.02s
[2025-01-17T22:22:14.365-0600][gc,start    ] GC(153) Pause Young (Normal) (G1 Evacuation Pause)
[2025-01-17T22:22:14.365-0600][gc,task     ] GC(153) Using 9 workers of 9 for evacuation
[2025-01-17T22:22:14.397-0600][gc,mmu      ] GC(153) MMU target violated: 21.0ms (20.0ms/21.0ms)
[2025-01-17T22:22:14.398-0600][gc,phases   ] GC(153)   Pre Evacuate Collection Set: 1.54ms
[2025-01-17T22:22:14.398-0600][gc,phases   ] GC(153)   Merge Heap Roots: 0.28ms
[2025-01-17T22:22:14.398-0600][gc,phases   ] GC(153)   Evacuate Collection Set: 28.37ms
[2025-01-17T22:22:14.398-0600][gc,phases   ] GC(153)   Post Evacuate Collection Set: 1.20ms
[2025-01-17T22:22:14.398-0600][gc,phases   ] GC(153)   Other: 0.83ms
[2025-01-17T22:22:14.398-0600][gc,heap     ] GC(153) Eden regions: 81->0(42)
[2025-01-17T22:22:14.398-0600][gc,heap     ] GC(153) Survivor regions: 4->9(11)
[2025-01-17T22:22:14.398-0600][gc,heap     ] GC(153) Old regions: 215->215
[2025-01-17T22:22:14.398-0600][gc,heap     ] GC(153) Humongous regions: 129->129
[2025-01-17T22:22:14.398-0600][gc,metaspace] GC(153) Metaspace: 45016K(45696K)->45016K(45696K) NonClass: 39736K(40128K)->39736K(40128K) Class: 5280K(5568K)->5280K(5568K)
[2025-01-17T22:22:14.398-0600][gc          ] GC(153) Pause Young (Normal) (G1 Evacuation Pause) 427M->351M(1024M) 32.900ms
[2025-01-17T22:22:14.398-0600][gc,cpu      ] GC(153) User=0.04s Sys=0.06s Real=0.03s
[2025-01-17T22:24:50.175-0600][gc,start    ] GC(154) Pause Young (Normal) (G1 Evacuation Pause)
[2025-01-17T22:24:50.177-0600][gc,task     ] GC(154) Using 9 workers of 9 for evacuation
[2025-01-17T22:24:50.227-0600][gc,mmu      ] GC(154) MMU target violated: 21.0ms (20.0ms/21.0ms)
[2025-01-17T22:24:50.227-0600][gc,phases   ] GC(154)   Pre Evacuate Collection Set: 9.77ms
[2025-01-17T22:24:50.227-0600][gc,phases   ] GC(154)   Merge Heap Roots: 1.21ms
[2025-01-17T22:24:50.227-0600][gc,phases   ] GC(154)   Evacuate Collection Set: 37.48ms
[2025-01-17T22:24:50.227-0600][gc,phases   ] GC(154)   Post Evacuate Collection Set: 0.81ms
[2025-01-17T22:24:50.227-0600][gc,phases   ] GC(154)   Other: 2.24ms
[2025-01-17T22:24:50.228-0600][gc,heap     ] GC(154) Eden regions: 42->0(45)
[2025-01-17T22:24:50.228-0600][gc,heap     ] GC(154) Survivor regions: 9->6(7)
[2025-01-17T22:24:50.228-0600][gc,heap     ] GC(154) Old regions: 215->221
[2025-01-17T22:24:50.228-0600][gc,heap     ] GC(154) Humongous regions: 129->129
[2025-01-17T22:24:50.228-0600][gc,metaspace] GC(154) Metaspace: 45016K(45696K)->45016K(45696K) NonClass: 39736K(40128K)->39736K(40128K) Class: 5280K(5568K)->5280K(5568K)
[2025-01-17T22:24:50.228-0600][gc          ] GC(154) Pause Young (Normal) (G1 Evacuation Pause) 393M->354M(1024M) 52.541ms
[2025-01-17T22:24:50.228-0600][gc,cpu      ] GC(154) User=0.04s Sys=0.10s Real=0.05s
[2025-01-17T22:27:37.228-0600][gc,start    ] GC(155) Pause Young (Normal) (G1 Evacuation Pause)
[2025-01-17T22:27:37.228-0600][gc,task     ] GC(155) Using 9 workers of 9 for evacuation
[2025-01-17T22:27:37.236-0600][gc,phases   ] GC(155)   Pre Evacuate Collection Set: 0.98ms
[2025-01-17T22:27:37.236-0600][gc,phases   ] GC(155)   Merge Heap Roots: 0.19ms
[2025-01-17T22:27:37.236-0600][gc,phases   ] GC(155)   Evacuate Collection Set: 5.43ms
[2025-01-17T22:27:37.236-0600][gc,phases   ] GC(155)   Post Evacuate Collection Set: 0.54ms
[2025-01-17T22:27:37.236-0600][gc,phases   ] GC(155)   Other: 0.93ms
[2025-01-17T22:27:37.236-0600][gc,heap     ] GC(155) Eden regions: 45->0(47)
[2025-01-17T22:27:37.236-0600][gc,heap     ] GC(155) Survivor regions: 6->4(7)
[2025-01-17T22:27:37.236-0600][gc,heap     ] GC(155) Old regions: 221->223
[2025-01-17T22:27:37.236-0600][gc,heap     ] GC(155) Humongous regions: 129->129
[2025-01-17T22:27:37.236-0600][gc,metaspace] GC(155) Metaspace: 45026K(45696K)->45026K(45696K) NonClass: 39746K(40128K)->39746K(40128K) Class: 5280K(5568K)->5280K(5568K)
[2025-01-17T22:27:37.236-0600][gc          ] GC(155) Pause Young (Normal) (G1 Evacuation Pause) 399M->354M(1024M) 8.859ms
[2025-01-17T22:27:37.237-0600][gc,cpu      ] GC(155) User=0.02s Sys=0.02s Real=0.01s
[2025-01-17T22:30:30.402-0600][gc,start    ] GC(156) Pause Young (Normal) (G1 Evacuation Pause)
[2025-01-17T22:30:30.402-0600][gc,task     ] GC(156) Using 9 workers of 9 for evacuation
[2025-01-17T22:30:30.415-0600][gc,phases   ] GC(156)   Pre Evacuate Collection Set: 2.02ms
[2025-01-17T22:30:30.416-0600][gc,phases   ] GC(156)   Merge Heap Roots: 0.34ms
[2025-01-17T22:30:30.416-0600][gc,phases   ] GC(156)   Evacuate Collection Set: 9.13ms
[2025-01-17T22:30:30.416-0600][gc,phases   ] GC(156)   Post Evacuate Collection Set: 1.29ms
[2025-01-17T22:30:30.416-0600][gc,phases   ] GC(156)   Other: 0.55ms
[2025-01-17T22:30:30.416-0600][gc,heap     ] GC(156) Eden regions: 47->0(44)
[2025-01-17T22:30:30.416-0600][gc,heap     ] GC(156) Survivor regions: 4->7(7)
[2025-01-17T22:30:30.416-0600][gc,heap     ] GC(156) Old regions: 223->223
[2025-01-17T22:30:30.416-0600][gc,heap     ] GC(156) Humongous regions: 129->129
[2025-01-17T22:30:30.416-0600][gc,metaspace] GC(156) Metaspace: 45039K(45696K)->45039K(45696K) NonClass: 39759K(40128K)->39759K(40128K) Class: 5280K(5568K)->5280K(5568K)
[2025-01-17T22:30:30.416-0600][gc          ] GC(156) Pause Young (Normal) (G1 Evacuation Pause) 401M->358M(1024M) 14.212ms
[2025-01-17T22:30:30.416-0600][gc,cpu      ] GC(156) User=0.03s Sys=0.03s Real=0.01s
[2025-01-17T22:33:13.241-0600][gc,start    ] GC(157) Pause Young (Normal) (G1 Evacuation Pause)
[2025-01-17T22:33:13.241-0600][gc,task     ] GC(157) Using 9 workers of 9 for evacuation
[2025-01-17T22:33:13.260-0600][gc,phases   ] GC(157)   Pre Evacuate Collection Set: 1.08ms
[2025-01-17T22:33:13.260-0600][gc,phases   ] GC(157)   Merge Heap Roots: 0.17ms
[2025-01-17T22:33:13.260-0600][gc,phases   ] GC(157)   Evacuate Collection Set: 13.48ms
[2025-01-17T22:33:13.260-0600][gc,phases   ] GC(157)   Post Evacuate Collection Set: 3.36ms
[2025-01-17T22:33:13.260-0600][gc,phases   ] GC(157)   Other: 0.63ms
[2025-01-17T22:33:13.261-0600][gc,heap     ] GC(157) Eden regions: 44->0(45)
[2025-01-17T22:33:13.261-0600][gc,heap     ] GC(157) Survivor regions: 7->6(7)
[2025-01-17T22:33:13.261-0600][gc,heap     ] GC(157) Old regions: 223->227
[2025-01-17T22:33:13.261-0600][gc,heap     ] GC(157) Humongous regions: 129->129
[2025-01-17T22:33:13.261-0600][gc,metaspace] GC(157) Metaspace: 45044K(45696K)->45044K(45696K) NonClass: 39764K(40128K)->39764K(40128K) Class: 5280K(5568K)->5280K(5568K)
[2025-01-17T22:33:13.261-0600][gc          ] GC(157) Pause Young (Normal) (G1 Evacuation Pause) 402M->360M(1024M) 20.150ms
[2025-01-17T22:33:13.261-0600][gc,cpu      ] GC(157) User=0.03s Sys=0.05s Real=0.02s
[2025-01-17T23:06:44.655-0600][gc,start    ] GC(158) Pause Young (Normal) (G1 Evacuation Pause)
[2025-01-17T23:06:44.656-0600][gc,task     ] GC(158) Using 9 workers of 9 for evacuation
[2025-01-17T23:06:44.666-0600][gc,phases   ] GC(158)   Pre Evacuate Collection Set: 1.17ms
[2025-01-17T23:06:44.666-0600][gc,phases   ] GC(158)   Merge Heap Roots: 0.26ms
[2025-01-17T23:06:44.666-0600][gc,phases   ] GC(158)   Evacuate Collection Set: 7.21ms
[2025-01-17T23:06:44.667-0600][gc,phases   ] GC(158)   Post Evacuate Collection Set: 1.10ms
[2025-01-17T23:06:44.667-0600][gc,phases   ] GC(158)   Other: 0.51ms
[2025-01-17T23:06:44.667-0600][gc,heap     ] GC(158) Eden regions: 45->0(112)
[2025-01-17T23:06:44.667-0600][gc,heap     ] GC(158) Survivor regions: 6->3(7)
[2025-01-17T23:06:44.667-0600][gc,heap     ] GC(158) Old regions: 227->229
[2025-01-17T23:06:44.667-0600][gc,heap     ] GC(158) Humongous regions: 129->129
[2025-01-17T23:06:44.667-0600][gc,metaspace] GC(158) Metaspace: 45048K(45696K)->45048K(45696K) NonClass: 39768K(40128K)->39768K(40128K) Class: 5280K(5568K)->5280K(5568K)
[2025-01-17T23:06:44.667-0600][gc          ] GC(158) Pause Young (Normal) (G1 Evacuation Pause) 405M->360M(1024M) 11.622ms
[2025-01-17T23:06:44.667-0600][gc,cpu      ] GC(158) User=0.02s Sys=0.02s Real=0.01s
[2025-01-18T01:22:33.010-0600][gc,start    ] GC(159) Pause Young (Normal) (G1 Evacuation Pause)
[2025-01-18T01:22:33.010-0600][gc,task     ] GC(159) Using 9 workers of 9 for evacuation
[2025-01-18T01:22:33.028-0600][gc,phases   ] GC(159)   Pre Evacuate Collection Set: 0.75ms
[2025-01-18T01:22:33.028-0600][gc,phases   ] GC(159)   Merge Heap Roots: 0.30ms
[2025-01-18T01:22:33.028-0600][gc,phases   ] GC(159)   Evacuate Collection Set: 14.80ms
[2025-01-18T01:22:33.028-0600][gc,phases   ] GC(159)   Post Evacuate Collection Set: 1.22ms
[2025-01-18T01:22:33.028-0600][gc,phases   ] GC(159)   Other: 0.35ms
[2025-01-18T01:22:33.028-0600][gc,heap     ] GC(159) Eden regions: 103->0(43)
[2025-01-18T01:22:33.028-0600][gc,heap     ] GC(159) Survivor regions: 3->8(14)
[2025-01-18T01:22:33.028-0600][gc,heap     ] GC(159) Old regions: 229->229
[2025-01-18T01:22:33.028-0600][gc,heap     ] GC(159) Humongous regions: 129->129
[2025-01-18T01:22:33.028-0600][gc,metaspace] GC(159) Metaspace: 45050K(45696K)->45050K(45696K) NonClass: 39770K(40128K)->39770K(40128K) Class: 5280K(5568K)->5280K(5568K)
[2025-01-18T01:22:33.028-0600][gc          ] GC(159) Pause Young (Normal) (G1 Evacuation Pause) 463M->365M(1024M) 18.156ms
[2025-01-18T01:22:33.028-0600][gc,cpu      ] GC(159) User=0.03s Sys=0.03s Real=0.01s
[2025-01-18T02:14:47.379-0600][gc,start    ] GC(160) Pause Young (Normal) (G1 Evacuation Pause)
[2025-01-18T02:14:47.379-0600][gc,task     ] GC(160) Using 9 workers of 9 for evacuation
[2025-01-18T02:14:47.390-0600][gc,phases   ] GC(160)   Pre Evacuate Collection Set: 0.59ms
[2025-01-18T02:14:47.390-0600][gc,phases   ] GC(160)   Merge Heap Roots: 0.22ms
[2025-01-18T02:14:47.390-0600][gc,phases   ] GC(160)   Evacuate Collection Set: 9.48ms
[2025-01-18T02:14:47.390-0600][gc,phases   ] GC(160)   Post Evacuate Collection Set: 0.50ms
[2025-01-18T02:14:47.390-0600][gc,phases   ] GC(160)   Other: 0.22ms
[2025-01-18T02:14:47.390-0600][gc,heap     ] GC(160) Eden regions: 43->0(111)
[2025-01-18T02:14:47.390-0600][gc,heap     ] GC(160) Survivor regions: 8->4(7)
[2025-01-18T02:14:47.390-0600][gc,heap     ] GC(160) Old regions: 229->236
[2025-01-18T02:14:47.390-0600][gc,heap     ] GC(160) Humongous regions: 129->129
[2025-01-18T02:14:47.390-0600][gc,metaspace] GC(160) Metaspace: 45050K(45696K)->45050K(45696K) NonClass: 39770K(40128K)->39770K(40128K) Class: 5280K(5568K)->5280K(5568K)
[2025-01-18T02:14:47.390-0600][gc          ] GC(160) Pause Young (Normal) (G1 Evacuation Pause) 408M->368M(1024M) 11.488ms
[2025-01-18T02:14:47.390-0600][gc,cpu      ] GC(160) User=0.03s Sys=0.02s Real=0.02s
[2025-01-18T04:32:09.481-0600][gc,start    ] GC(161) Pause Young (Concurrent Start) (G1 Evacuation Pause)
[2025-01-18T04:32:09.482-0600][gc,task     ] GC(161) Using 9 workers of 9 for evacuation
[2025-01-18T04:32:09.521-0600][gc,mmu      ] GC(161) MMU target violated: 21.0ms (20.0ms/21.0ms)
[2025-01-18T04:32:09.521-0600][gc,phases   ] GC(161)   Pre Evacuate Collection Set: 2.08ms
[2025-01-18T04:32:09.521-0600][gc,phases   ] GC(161)   Merge Heap Roots: 0.21ms
[2025-01-18T04:32:09.521-0600][gc,phases   ] GC(161)   Evacuate Collection Set: 35.79ms
[2025-01-18T04:32:09.521-0600][gc,phases   ] GC(161)   Post Evacuate Collection Set: 1.02ms
[2025-01-18T04:32:09.521-0600][gc,phases   ] GC(161)   Other: 0.63ms
[2025-01-18T04:32:09.522-0600][gc,heap     ] GC(161) Eden regions: 117->0(40)
[2025-01-18T04:32:09.522-0600][gc,heap     ] GC(161) Survivor regions: 4->11(16)
[2025-01-18T04:32:09.522-0600][gc,heap     ] GC(161) Old regions: 236->236
[2025-01-18T04:32:09.522-0600][gc,heap     ] GC(161) Humongous regions: 129->129
[2025-01-18T04:32:09.522-0600][gc,metaspace] GC(161) Metaspace: 45052K(45696K)->45052K(45696K) NonClass: 39772K(40128K)->39772K(40128K) Class: 5280K(5568K)->5280K(5568K)
[2025-01-18T04:32:09.522-0600][gc          ] GC(161) Pause Young (Concurrent Start) (G1 Evacuation Pause) 485M->375M(1024M) 40.367ms
[2025-01-18T04:32:09.522-0600][gc,cpu      ] GC(161) User=0.04s Sys=0.11s Real=0.04s
[2025-01-18T04:32:09.522-0600][gc          ] GC(162) Concurrent Mark Cycle
[2025-01-18T04:32:09.522-0600][gc,marking  ] GC(162) Concurrent Scan Root Regions
[2025-01-18T04:32:09.531-0600][gc,marking  ] GC(162) Concurrent Scan Root Regions 9.159ms
[2025-01-18T04:32:09.531-0600][gc,marking  ] GC(162) Concurrent Mark
[2025-01-18T04:32:09.531-0600][gc,marking  ] GC(162) Concurrent Mark From Roots
[2025-01-18T04:32:09.531-0600][gc,task     ] GC(162) Using 2 workers of 2 for marking
[2025-01-18T04:32:09.564-0600][gc,marking  ] GC(162) Concurrent Mark From Roots 32.269ms
[2025-01-18T04:32:09.564-0600][gc,marking  ] GC(162) Concurrent Preclean
[2025-01-18T04:32:09.564-0600][gc,marking  ] GC(162) Concurrent Preclean 0.368ms
[2025-01-18T04:32:09.564-0600][gc,start    ] GC(162) Pause Remark
[2025-01-18T04:32:09.640-0600][gc,mmu      ] GC(162) MMU target violated: 21.0ms (20.0ms/21.0ms)
[2025-01-18T04:32:09.640-0600][gc          ] GC(162) Pause Remark 376M->275M(1024M) 75.952ms
[2025-01-18T04:32:09.640-0600][gc,cpu      ] GC(162) User=0.03s Sys=0.11s Real=0.08s
[2025-01-18T04:32:09.640-0600][gc,marking  ] GC(162) Concurrent Mark 108.976ms
[2025-01-18T04:32:09.640-0600][gc,marking  ] GC(162) Concurrent Rebuild Remembered Sets and Scrub Regions
[2025-01-18T04:32:09.653-0600][gc,marking  ] GC(162) Concurrent Rebuild Remembered Sets and Scrub Regions 12.896ms
[2025-01-18T04:32:09.653-0600][gc,start    ] GC(162) Pause Cleanup
[2025-01-18T04:32:09.653-0600][gc          ] GC(162) Pause Cleanup 275M->275M(1024M) 0.060ms
[2025-01-18T04:32:09.653-0600][gc,cpu      ] GC(162) User=0.00s Sys=0.00s Real=0.00s
[2025-01-18T04:32:09.653-0600][gc,marking  ] GC(162) Concurrent Clear Claimed Marks
[2025-01-18T04:32:09.654-0600][gc,marking  ] GC(162) Concurrent Clear Claimed Marks 0.065ms
[2025-01-18T04:32:09.654-0600][gc,marking  ] GC(162) Concurrent Cleanup for Next Mark
[2025-01-18T04:32:09.655-0600][gc,marking  ] GC(162) Concurrent Cleanup for Next Mark 1.550ms
[2025-01-18T04:32:09.655-0600][gc          ] GC(162) Concurrent Mark Cycle 133.096ms
[2025-01-18T05:22:38.676-0600][gc,start    ] GC(163) Pause Young (Prepare Mixed) (G1 Evacuation Pause)
[2025-01-18T05:22:38.677-0600][gc,task     ] GC(163) Using 9 workers of 9 for evacuation
[2025-01-18T05:22:38.717-0600][gc,mmu      ] GC(163) MMU target violated: 21.0ms (20.0ms/21.0ms)
[2025-01-18T05:22:38.717-0600][gc,phases   ] GC(163)   Pre Evacuate Collection Set: 0.99ms
[2025-01-18T05:22:38.717-0600][gc,phases   ] GC(163)   Merge Heap Roots: 0.22ms
[2025-01-18T05:22:38.717-0600][gc,phases   ] GC(163)   Evacuate Collection Set: 37.37ms
[2025-01-18T05:22:38.717-0600][gc,phases   ] GC(163)   Post Evacuate Collection Set: 0.75ms
[2025-01-18T05:22:38.717-0600][gc,phases   ] GC(163)   Other: 0.44ms
[2025-01-18T05:22:38.717-0600][gc,heap     ] GC(163) Eden regions: 40->0(45)
[2025-01-18T05:22:38.717-0600][gc,heap     ] GC(163) Survivor regions: 11->6(7)
[2025-01-18T05:22:38.717-0600][gc,heap     ] GC(163) Old regions: 135->143
[2025-01-18T05:22:38.717-0600][gc,heap     ] GC(163) Humongous regions: 129->129
[2025-01-18T05:22:38.717-0600][gc,metaspace] GC(163) Metaspace: 44995K(45696K)->44995K(45696K) NonClass: 39731K(40128K)->39731K(40128K) Class: 5263K(5568K)->5263K(5568K)
[2025-01-18T05:22:38.717-0600][gc          ] GC(163) Pause Young (Prepare Mixed) (G1 Evacuation Pause) 314M->277M(1024M) 40.543ms
[2025-01-18T05:22:38.717-0600][gc,cpu      ] GC(163) User=0.03s Sys=0.04s Real=0.04s
[2025-01-18T06:09:08.364-0600][gc,start    ] GC(164) Pause Young (Mixed) (G1 Evacuation Pause)
[2025-01-18T06:09:08.365-0600][gc,task     ] GC(164) Using 9 workers of 9 for evacuation
[2025-01-18T06:09:08.374-0600][gc,phases   ] GC(164)   Pre Evacuate Collection Set: 1.14ms
[2025-01-18T06:09:08.374-0600][gc,phases   ] GC(164)   Merge Heap Roots: 0.17ms
[2025-01-18T06:09:08.374-0600][gc,phases   ] GC(164)   Evacuate Collection Set: 7.41ms
[2025-01-18T06:09:08.374-0600][gc,phases   ] GC(164)   Post Evacuate Collection Set: 0.53ms
[2025-01-18T06:09:08.374-0600][gc,phases   ] GC(164)   Other: 0.25ms
[2025-01-18T06:09:08.374-0600][gc,heap     ] GC(164) Eden regions: 45->0(223)
[2025-01-18T06:09:08.375-0600][gc,heap     ] GC(164) Survivor regions: 6->4(7)
[2025-01-18T06:09:08.375-0600][gc,heap     ] GC(164) Old regions: 143->137
[2025-01-18T06:09:08.375-0600][gc,heap     ] GC(164) Humongous regions: 129->129
[2025-01-18T06:09:08.375-0600][gc,metaspace] GC(164) Metaspace: 44995K(45696K)->44995K(45696K) NonClass: 39731K(40128K)->39731K(40128K) Class: 5263K(5568K)->5263K(5568K)
[2025-01-18T06:09:08.375-0600][gc          ] GC(164) Pause Young (Mixed) (G1 Evacuation Pause) 322M->269M(1024M) 10.161ms
[2025-01-18T06:09:08.375-0600][gc,cpu      ] GC(164) User=0.02s Sys=0.03s Real=0.01s
[2025-01-18T07:31:27.725-0600][gc,start    ] GC(165) Pause Young (Mixed) (G1 Evacuation Pause)
[2025-01-18T07:31:27.726-0600][gc,task     ] GC(165) Using 9 workers of 9 for evacuation
[2025-01-18T07:31:27.747-0600][gc,mmu      ] GC(165) MMU target violated: 21.0ms (20.0ms/21.0ms)
[2025-01-18T07:31:27.748-0600][gc,phases   ] GC(165)   Pre Evacuate Collection Set: 1.23ms
[2025-01-18T07:31:27.749-0600][gc,phases   ] GC(165)   Merge Heap Roots: 0.32ms
[2025-01-18T07:31:27.749-0600][gc,phases   ] GC(165)   Evacuate Collection Set: 18.35ms
[2025-01-18T07:31:27.749-0600][gc,phases   ] GC(165)   Post Evacuate Collection Set: 1.32ms
[2025-01-18T07:31:27.749-0600][gc,phases   ] GC(165)   Other: 0.67ms
[2025-01-18T07:31:27.749-0600][gc,heap     ] GC(165) Eden regions: 134->0(59)
[2025-01-18T07:31:27.749-0600][gc,heap     ] GC(165) Survivor regions: 4->9(18)
[2025-01-18T07:31:27.749-0600][gc,heap     ] GC(165) Old regions: 137->130
[2025-01-18T07:31:27.749-0600][gc,heap     ] GC(165) Humongous regions: 129->129
[2025-01-18T07:31:27.749-0600][gc,metaspace] GC(165) Metaspace: 45001K(45696K)->45001K(45696K) NonClass: 39736K(40128K)->39736K(40128K) Class: 5265K(5568K)->5265K(5568K)
[2025-01-18T07:31:27.749-0600][gc          ] GC(165) Pause Young (Mixed) (G1 Evacuation Pause) 403M->267M(1024M) 25.791ms
[2025-01-18T07:31:27.750-0600][gc,cpu      ] GC(165) User=0.03s Sys=0.08s Real=0.03s
[2025-01-18T12:03:51.513-0600][gc,start    ] GC(166) Pause Young (Mixed) (G1 Evacuation Pause)
[2025-01-18T12:03:51.517-0600][gc,task     ] GC(166) Using 9 workers of 9 for evacuation
[2025-01-18T12:03:51.585-0600][gc,mmu      ] GC(166) MMU target violated: 21.0ms (20.0ms/21.0ms)
[2025-01-18T12:03:51.586-0600][gc,phases   ] GC(166)   Pre Evacuate Collection Set: 4.23ms
[2025-01-18T12:03:51.586-0600][gc,phases   ] GC(166)   Merge Heap Roots: 0.65ms
[2025-01-18T12:03:51.586-0600][gc,phases   ] GC(166)   Evacuate Collection Set: 40.94ms
[2025-01-18T12:03:51.586-0600][gc,phases   ] GC(166)   Post Evacuate Collection Set: 21.88ms
[2025-01-18T12:03:51.586-0600][gc,phases   ] GC(166)   Other: 2.38ms
[2025-01-18T12:03:51.586-0600][gc,heap     ] GC(166) Eden regions: 58->0(49)
[2025-01-18T12:03:51.586-0600][gc,heap     ] GC(166) Survivor regions: 9->2(9)
[2025-01-18T12:03:51.586-0600][gc,heap     ] GC(166) Old regions: 130->130
[2025-01-18T12:03:51.586-0600][gc,heap     ] GC(166) Humongous regions: 129->129
[2025-01-18T12:03:51.586-0600][gc,metaspace] GC(166) Metaspace: 45018K(45696K)->45018K(45696K) NonClass: 39746K(40128K)->39746K(40128K) Class: 5272K(5568K)->5272K(5568K)
[2025-01-18T12:03:51.586-0600][gc          ] GC(166) Pause Young (Mixed) (G1 Evacuation Pause) 325M->260M(1024M) 73.873ms
[2025-01-18T12:03:51.586-0600][gc,cpu      ] GC(166) User=0.02s Sys=0.09s Real=0.07s
[2025-01-18T19:52:58.008-0600][gc,start    ] GC(167) Pause Young (Mixed) (G1 Evacuation Pause)
[2025-01-18T19:52:58.009-0600][gc,task     ] GC(167) Using 9 workers of 9 for evacuation
[2025-01-18T19:52:58.017-0600][gc,phases   ] GC(167)   Pre Evacuate Collection Set: 1.86ms
[2025-01-18T19:52:58.017-0600][gc,phases   ] GC(167)   Merge Heap Roots: 0.29ms
[2025-01-18T19:52:58.017-0600][gc,phases   ] GC(167)   Evacuate Collection Set: 4.27ms
[2025-01-18T19:52:58.017-0600][gc,phases   ] GC(167)   Post Evacuate Collection Set: 0.91ms
[2025-01-18T19:52:58.017-0600][gc,phases   ] GC(167)   Other: 0.45ms
[2025-01-18T19:52:58.017-0600][gc,heap     ] GC(167) Eden regions: 49->0(50)
[2025-01-18T19:52:58.017-0600][gc,heap     ] GC(167) Survivor regions: 2->1(7)
[2025-01-18T19:52:58.017-0600][gc,heap     ] GC(167) Old regions: 130->123
[2025-01-18T19:52:58.017-0600][gc,heap     ] GC(167) Humongous regions: 129->129
[2025-01-18T19:52:58.018-0600][gc,metaspace] GC(167) Metaspace: 45019K(45696K)->45019K(45696K) NonClass: 39746K(40128K)->39746K(40128K) Class: 5272K(5568K)->5272K(5568K)
[2025-01-18T19:52:58.018-0600][gc          ] GC(167) Pause Young (Mixed) (G1 Evacuation Pause) 309M->252M(1024M) 11.485ms
[2025-01-18T19:52:58.018-0600][gc,cpu      ] GC(167) User=0.01s Sys=0.02s Real=0.01s
[2025-01-19T10:49:46.602-0600][gc,start    ] GC(168) Pause Young (Mixed) (G1 Evacuation Pause)
[2025-01-19T10:49:46.603-0600][gc,task     ] GC(168) Using 9 workers of 9 for evacuation
[2025-01-19T10:49:46.618-0600][gc,phases   ] GC(168)   Pre Evacuate Collection Set: 1.38ms
[2025-01-19T10:49:46.618-0600][gc,phases   ] GC(168)   Merge Heap Roots: 0.31ms
[2025-01-19T10:49:46.618-0600][gc,phases   ] GC(168)   Evacuate Collection Set: 10.56ms
[2025-01-19T10:49:46.618-0600][gc,phases   ] GC(168)   Post Evacuate Collection Set: 0.71ms
[2025-01-19T10:49:46.619-0600][gc,phases   ] GC(168)   Other: 0.97ms
[2025-01-19T10:49:46.619-0600][gc,heap     ] GC(168) Eden regions: 50->0(50)
[2025-01-19T10:49:46.619-0600][gc,heap     ] GC(168) Survivor regions: 1->1(7)
[2025-01-19T10:49:46.619-0600][gc,heap     ] GC(168) Old regions: 123->115
[2025-01-19T10:49:46.619-0600][gc,heap     ] GC(168) Humongous regions: 129->129
[2025-01-19T10:49:46.619-0600][gc,metaspace] GC(168) Metaspace: 45033K(45696K)->45033K(45696K) NonClass: 39761K(40128K)->39761K(40128K) Class: 5272K(5568K)->5272K(5568K)
[2025-01-19T10:49:46.619-0600][gc          ] GC(168) Pause Young (Mixed) (G1 Evacuation Pause) 302M->244M(1024M) 18.626ms
[2025-01-19T10:49:46.619-0600][gc,cpu      ] GC(168) User=0.01s Sys=0.01s Real=0.01s
[2025-01-19T21:09:36.477-0600][gc,start    ] GC(169) Pause Young (Mixed) (G1 Evacuation Pause)
[2025-01-19T21:09:36.478-0600][gc,task     ] GC(169) Using 9 workers of 9 for evacuation
[2025-01-19T21:09:36.484-0600][gc,phases   ] GC(169)   Pre Evacuate Collection Set: 1.46ms
[2025-01-19T21:09:36.484-0600][gc,phases   ] GC(169)   Merge Heap Roots: 0.18ms
[2025-01-19T21:09:36.484-0600][gc,phases   ] GC(169)   Evacuate Collection Set: 3.84ms
[2025-01-19T21:09:36.484-0600][gc,phases   ] GC(169)   Post Evacuate Collection Set: 0.68ms
[2025-01-19T21:09:36.484-0600][gc,phases   ] GC(169)   Other: 0.44ms
[2025-01-19T21:09:36.484-0600][gc,heap     ] GC(169) Eden regions: 50->0(50)
[2025-01-19T21:09:36.485-0600][gc,heap     ] GC(169) Survivor regions: 1->1(7)
[2025-01-19T21:09:36.485-0600][gc,heap     ] GC(169) Old regions: 115->108
[2025-01-19T21:09:36.485-0600][gc,heap     ] GC(169) Humongous regions: 129->129
[2025-01-19T21:09:36.485-0600][gc,metaspace] GC(169) Metaspace: 45033K(45696K)->45033K(45696K) NonClass: 39761K(40128K)->39761K(40128K) Class: 5272K(5568K)->5272K(5568K)
[2025-01-19T21:09:36.485-0600][gc          ] GC(169) Pause Young (Mixed) (G1 Evacuation Pause) 294M->236M(1024M) 7.675ms
[2025-01-19T21:09:36.485-0600][gc,cpu      ] GC(169) User=0.01s Sys=0.02s Real=0.01s
[2025-01-20T07:15:46.400-0600][gc,start    ] GC(170) Pause Young (Mixed) (G1 Evacuation Pause)
[2025-01-20T07:15:46.401-0600][gc,task     ] GC(170) Using 9 workers of 9 for evacuation
[2025-01-20T07:15:46.408-0600][gc,phases   ] GC(170)   Pre Evacuate Collection Set: 1.80ms
[2025-01-20T07:15:46.408-0600][gc,phases   ] GC(170)   Merge Heap Roots: 0.16ms
[2025-01-20T07:15:46.408-0600][gc,phases   ] GC(170)   Evacuate Collection Set: 3.75ms
[2025-01-20T07:15:46.408-0600][gc,phases   ] GC(170)   Post Evacuate Collection Set: 0.86ms
[2025-01-20T07:15:46.408-0600][gc,phases   ] GC(170)   Other: 0.84ms
[2025-01-20T07:15:46.408-0600][gc,heap     ] GC(170) Eden regions: 50->0(50)
[2025-01-20T07:15:46.408-0600][gc,heap     ] GC(170) Survivor regions: 1->1(7)
[2025-01-20T07:15:46.408-0600][gc,heap     ] GC(170) Old regions: 108->100
[2025-01-20T07:15:46.408-0600][gc,heap     ] GC(170) Humongous regions: 129->129
[2025-01-20T07:15:46.408-0600][gc,metaspace] GC(170) Metaspace: 45038K(45696K)->45038K(45696K) NonClass: 39765K(40128K)->39765K(40128K) Class: 5272K(5568K)->5272K(5568K)
[2025-01-20T07:15:46.408-0600][gc          ] GC(170) Pause Young (Mixed) (G1 Evacuation Pause) 286M->228M(1024M) 8.723ms
[2025-01-20T07:15:46.408-0600][gc,cpu      ] GC(170) User=0.00s Sys=0.02s Real=0.00s
[2025-01-20T09:37:14.131-0600][gc,start    ] GC(171) Pause Young (Mixed) (G1 Evacuation Pause)
[2025-01-20T09:37:14.132-0600][gc,task     ] GC(171) Using 9 workers of 9 for evacuation
[2025-01-20T09:37:14.142-0600][gc,phases   ] GC(171)   Pre Evacuate Collection Set: 2.10ms
[2025-01-20T09:37:14.142-0600][gc,phases   ] GC(171)   Merge Heap Roots: 0.27ms
[2025-01-20T09:37:14.142-0600][gc,phases   ] GC(171)   Evacuate Collection Set: 4.06ms
[2025-01-20T09:37:14.142-0600][gc,phases   ] GC(171)   Post Evacuate Collection Set: 1.20ms
[2025-01-20T09:37:14.142-0600][gc,phases   ] GC(171)   Other: 2.00ms
[2025-01-20T09:37:14.142-0600][gc,heap     ] GC(171) Eden regions: 50->0(62)
[2025-01-20T09:37:14.142-0600][gc,heap     ] GC(171) Survivor regions: 1->1(7)
[2025-01-20T09:37:14.142-0600][gc,heap     ] GC(171) Old regions: 100->94
[2025-01-20T09:37:14.142-0600][gc,heap     ] GC(171) Humongous regions: 129->129
[2025-01-20T09:37:14.142-0600][gc,metaspace] GC(171) Metaspace: 45038K(45696K)->45038K(45696K) NonClass: 39765K(40128K)->39765K(40128K) Class: 5272K(5568K)->5272K(5568K)
[2025-01-20T09:37:14.143-0600][gc          ] GC(171) Pause Young (Mixed) (G1 Evacuation Pause) 278M->222M(1024M) 13.459ms
[2025-01-20T09:37:14.143-0600][gc,cpu      ] GC(171) User=0.00s Sys=0.02s Real=0.02s
[2025-01-20T10:59:59.465-0600][gc,start    ] GC(172) Pause Young (Normal) (G1 Evacuation Pause)
[2025-01-20T10:59:59.465-0600][gc,task     ] GC(172) Using 9 workers of 9 for evacuation
[2025-01-20T10:59:59.472-0600][gc,phases   ] GC(172)   Pre Evacuate Collection Set: 1.78ms
[2025-01-20T10:59:59.472-0600][gc,phases   ] GC(172)   Merge Heap Roots: 0.37ms
[2025-01-20T10:59:59.472-0600][gc,phases   ] GC(172)   Evacuate Collection Set: 2.96ms
[2025-01-20T10:59:59.472-0600][gc,phases   ] GC(172)   Post Evacuate Collection Set: 1.34ms
[2025-01-20T10:59:59.472-0600][gc,phases   ] GC(172)   Other: 0.42ms
[2025-01-20T10:59:59.472-0600][gc,heap     ] GC(172) Eden regions: 142->0(92)
[2025-01-20T10:59:59.472-0600][gc,heap     ] GC(172) Survivor regions: 1->1(18)
[2025-01-20T10:59:59.472-0600][gc,heap     ] GC(172) Old regions: 94->94
[2025-01-20T10:59:59.472-0600][gc,heap     ] GC(172) Humongous regions: 129->129
[2025-01-20T10:59:59.472-0600][gc,metaspace] GC(172) Metaspace: 45040K(45696K)->45040K(45696K) NonClass: 39767K(40128K)->39767K(40128K) Class: 5272K(5568K)->5272K(5568K)
[2025-01-20T10:59:59.472-0600][gc          ] GC(172) Pause Young (Normal) (G1 Evacuation Pause) 364M->222M(1024M) 7.851ms
[2025-01-20T10:59:59.472-0600][gc,cpu      ] GC(172) User=0.01s Sys=0.02s Real=0.01s
[2025-01-20T12:33:09.465-0600][gc,start    ] GC(173) Pause Young (Normal) (G1 Evacuation Pause)
[2025-01-20T12:33:09.466-0600][gc,task     ] GC(173) Using 9 workers of 9 for evacuation
[2025-01-20T12:33:09.473-0600][gc,phases   ] GC(173)   Pre Evacuate Collection Set: 1.43ms
[2025-01-20T12:33:09.473-0600][gc,phases   ] GC(173)   Merge Heap Roots: 0.23ms
[2025-01-20T12:33:09.473-0600][gc,phases   ] GC(173)   Evacuate Collection Set: 4.70ms
[2025-01-20T12:33:09.473-0600][gc,phases   ] GC(173)   Post Evacuate Collection Set: 0.49ms
[2025-01-20T12:33:09.473-0600][gc,phases   ] GC(173)   Other: 0.35ms
[2025-01-20T12:33:09.473-0600][gc,heap     ] GC(173) Eden regions: 157->0(50)
[2025-01-20T12:33:09.473-0600][gc,heap     ] GC(173) Survivor regions: 1->1(20)
[2025-01-20T12:33:09.473-0600][gc,heap     ] GC(173) Old regions: 94->94
[2025-01-20T12:33:09.473-0600][gc,heap     ] GC(173) Humongous regions: 129->129
[2025-01-20T12:33:09.473-0600][gc,metaspace] GC(173) Metaspace: 45040K(45696K)->45040K(45696K) NonClass: 39767K(40128K)->39767K(40128K) Class: 5272K(5568K)->5272K(5568K)
[2025-01-20T12:33:09.473-0600][gc          ] GC(173) Pause Young (Normal) (G1 Evacuation Pause) 379M->222M(1024M) 8.481ms
[2025-01-20T12:33:09.473-0600][gc,cpu      ] GC(173) User=0.01s Sys=0.02s Real=0.01s
[2025-01-20T13:07:04.354-0600][gc,start    ] GC(174) Pause Young (Normal) (G1 Evacuation Pause)
[2025-01-20T13:07:04.355-0600][gc,task     ] GC(174) Using 9 workers of 9 for evacuation
[2025-01-20T13:07:04.361-0600][gc,phases   ] GC(174)   Pre Evacuate Collection Set: 0.83ms
[2025-01-20T13:07:04.361-0600][gc,phases   ] GC(174)   Merge Heap Roots: 0.34ms
[2025-01-20T13:07:04.361-0600][gc,phases   ] GC(174)   Evacuate Collection Set: 2.96ms
[2025-01-20T13:07:04.361-0600][gc,phases   ] GC(174)   Post Evacuate Collection Set: 0.72ms
[2025-01-20T13:07:04.361-0600][gc,phases   ] GC(174)   Other: 1.37ms
[2025-01-20T13:07:04.361-0600][gc,heap     ] GC(174) Eden regions: 58->0(59)
[2025-01-20T13:07:04.361-0600][gc,heap     ] GC(174) Survivor regions: 1->1(8)
[2025-01-20T13:07:04.361-0600][gc,heap     ] GC(174) Old regions: 94->94
[2025-01-20T13:07:04.361-0600][gc,heap     ] GC(174) Humongous regions: 129->129
[2025-01-20T13:07:04.362-0600][gc,metaspace] GC(174) Metaspace: 45040K(45696K)->45040K(45696K) NonClass: 39767K(40128K)->39767K(40128K) Class: 5272K(5568K)->5272K(5568K)
[2025-01-20T13:07:04.362-0600][gc          ] GC(174) Pause Young (Normal) (G1 Evacuation Pause) 280M->222M(1024M) 7.287ms
[2025-01-20T13:07:04.362-0600][gc,cpu      ] GC(174) User=0.01s Sys=0.01s Real=0.01s
[2025-01-20T13:52:23.714-0600][gc,start    ] GC(175) Pause Young (Normal) (G1 Evacuation Pause)
[2025-01-20T13:52:23.715-0600][gc,task     ] GC(175) Using 9 workers of 9 for evacuation
[2025-01-20T13:52:23.723-0600][gc,phases   ] GC(175)   Pre Evacuate Collection Set: 0.93ms
[2025-01-20T13:52:23.723-0600][gc,phases   ] GC(175)   Merge Heap Roots: 0.24ms
[2025-01-20T13:52:23.723-0600][gc,phases   ] GC(175)   Evacuate Collection Set: 5.04ms
[2025-01-20T13:52:23.724-0600][gc,phases   ] GC(175)   Post Evacuate Collection Set: 1.41ms
[2025-01-20T13:52:23.724-0600][gc,phases   ] GC(175)   Other: 0.99ms
[2025-01-20T13:52:23.724-0600][gc,heap     ] GC(175) Eden regions: 78->0(84)
[2025-01-20T13:52:23.724-0600][gc,heap     ] GC(175) Survivor regions: 1->1(10)
[2025-01-20T13:52:23.724-0600][gc,heap     ] GC(175) Old regions: 94->94
[2025-01-20T13:52:23.724-0600][gc,heap     ] GC(175) Humongous regions: 129->129
[2025-01-20T13:52:23.724-0600][gc,metaspace] GC(175) Metaspace: 45040K(45696K)->45040K(45696K) NonClass: 39767K(40128K)->39767K(40128K) Class: 5272K(5568K)->5272K(5568K)
[2025-01-20T13:52:23.724-0600][gc          ] GC(175) Pause Young (Normal) (G1 Evacuation Pause) 300M->222M(1024M) 9.526ms
[2025-01-20T13:52:23.724-0600][gc,cpu      ] GC(175) User=0.01s Sys=0.02s Real=0.01s
[2025-01-20T13:55:29.180-0600][gc,heap,exit] Heap
[2025-01-20T13:55:29.181-0600][gc,heap,exit]  garbage-first heap   total reserved 1048576K, committed 1048576K, used 246548K [0x00000007c0000000, 0x0000000800000000)
[2025-01-20T13:55:29.181-0600][gc,heap,exit]   region size 1024K, 20 young (20480K), 1 survivors (1024K)
[2025-01-20T13:55:29.181-0600][gc,heap,exit]  Metaspace       used 45917K, committed 46592K, reserved 1114112K
[2025-01-20T13:55:29.181-0600][gc,heap,exit]   class space    used 5451K, committed 5760K, reserved 1048576K
