[2025-01-06T17:03:50.982-0600][gc,init] CardTable entry size: 512
[2025-01-06T17:03:50.982-0600][gc     ] Using G1
[2025-01-06T17:03:50.983-0600][gc,init] Version: 23+37-2369 (release)
[2025-01-06T17:03:50.983-0600][gc,init] CPUs: 11 total, 11 available
[2025-01-06T17:03:50.983-0600][gc,init] Memory: 18432M
[2025-01-06T17:03:50.983-0600][gc,init] Large Page Support: Disabled
[2025-01-06T17:03:50.983-0600][gc,init] NUMA Support: Disabled
[2025-01-06T17:03:50.983-0600][gc,init] Compressed Oops: Enabled (Zero based)
[2025-01-06T17:03:50.983-0600][gc,init] Heap Region Size: 1M
[2025-01-06T17:03:50.983-0600][gc,init] Heap Min Capacity: 1G
[2025-01-06T17:03:50.983-0600][gc,init] Heap Initial Capacity: 1G
[2025-01-06T17:03:50.983-0600][gc,init] Heap Max Capacity: 1G
[2025-01-06T17:03:50.983-0600][gc,init] Pre-touch: Disabled
[2025-01-06T17:03:50.983-0600][gc,init] Parallel Workers: 9
[2025-01-06T17:03:50.983-0600][gc,init] Concurrent Workers: 2
[2025-01-06T17:03:50.983-0600][gc,init] Concurrent Refinement Workers: 9
[2025-01-06T17:03:50.983-0600][gc,init] Periodic GC: Disabled
[2025-01-06T17:03:50.986-0600][gc,metaspace] CDS archive(s) mapped at: [0x0000000f00000000-0x0000000f00d94000-0x0000000f00d94000), size 14237696, SharedBaseAddress: 0x0000000f00000000, ArchiveRelocationMode: 1.
[2025-01-06T17:03:50.986-0600][gc,metaspace] Compressed class space mapped at: 0x0000000f01000000-0x0000000f41000000, reserved size: 1073741824
[2025-01-06T17:03:50.986-0600][gc,metaspace] Narrow klass base: 0x0000000f00000000, Narrow klass shift: 0, Narrow klass range: 0x100000000
[2025-01-06T17:03:51.519-0600][gc,start    ] GC(0) Pause Young (Normal) (G1 Evacuation Pause)
[2025-01-06T17:03:51.519-0600][gc,task     ] GC(0) Using 9 workers of 9 for evacuation
[2025-01-06T17:03:51.521-0600][gc,phases   ] GC(0)   Pre Evacuate Collection Set: 0.10ms
[2025-01-06T17:03:51.521-0600][gc,phases   ] GC(0)   Merge Heap Roots: 0.05ms
[2025-01-06T17:03:51.521-0600][gc,phases   ] GC(0)   Evacuate Collection Set: 1.65ms
[2025-01-06T17:03:51.521-0600][gc,phases   ] GC(0)   Post Evacuate Collection Set: 0.16ms
[2025-01-06T17:03:51.521-0600][gc,phases   ] GC(0)   Other: 0.23ms
[2025-01-06T17:03:51.521-0600][gc,heap     ] GC(0) Eden regions: 51->0(44)
[2025-01-06T17:03:51.521-0600][gc,heap     ] GC(0) Survivor regions: 0->7(7)
[2025-01-06T17:03:51.521-0600][gc,heap     ] GC(0) Old regions: 2->3
[2025-01-06T17:03:51.521-0600][gc,heap     ] GC(0) Humongous regions: 0->0
[2025-01-06T17:03:51.521-0600][gc,metaspace] GC(0) Metaspace: 16689K(16960K)->16689K(16960K) NonClass: 14658K(14784K)->14658K(14784K) Class: 2031K(2176K)->2031K(2176K)
[2025-01-06T17:03:51.521-0600][gc          ] GC(0) Pause Young (Normal) (G1 Evacuation Pause) 52M->8M(1024M) 2.403ms
[2025-01-06T17:03:51.521-0600][gc,cpu      ] GC(0) User=0.01s Sys=0.01s Real=0.01s
[2025-01-06T17:03:51.638-0600][gc,start    ] GC(1) Pause Young (Concurrent Start) (Metadata GC Threshold)
[2025-01-06T17:03:51.638-0600][gc,task     ] GC(1) Using 9 workers of 9 for evacuation
[2025-01-06T17:03:51.640-0600][gc,phases   ] GC(1)   Pre Evacuate Collection Set: 0.13ms
[2025-01-06T17:03:51.640-0600][gc,phases   ] GC(1)   Merge Heap Roots: 0.04ms
[2025-01-06T17:03:51.640-0600][gc,phases   ] GC(1)   Evacuate Collection Set: 1.35ms
[2025-01-06T17:03:51.640-0600][gc,phases   ] GC(1)   Post Evacuate Collection Set: 0.12ms
[2025-01-06T17:03:51.640-0600][gc,phases   ] GC(1)   Other: 0.05ms
[2025-01-06T17:03:51.640-0600][gc,heap     ] GC(1) Eden regions: 20->0(49)
[2025-01-06T17:03:51.640-0600][gc,heap     ] GC(1) Survivor regions: 7->2(7)
[2025-01-06T17:03:51.640-0600][gc,heap     ] GC(1) Old regions: 3->11
[2025-01-06T17:03:51.640-0600][gc,heap     ] GC(1) Humongous regions: 0->0
[2025-01-06T17:03:51.640-0600][gc,metaspace] GC(1) Metaspace: 21323K(21504K)->21323K(21504K) NonClass: 18720K(18816K)->18720K(18816K) Class: 2602K(2688K)->2602K(2688K)
[2025-01-06T17:03:51.640-0600][gc          ] GC(1) Pause Young (Concurrent Start) (Metadata GC Threshold) 28M->10M(1024M) 1.845ms
[2025-01-06T17:03:51.640-0600][gc          ] GC(2) Concurrent Mark Cycle
[2025-01-06T17:03:51.640-0600][gc,cpu      ] GC(1) User=0.01s Sys=0.00s Real=0.01s
[2025-01-06T17:03:51.640-0600][gc,marking  ] GC(2) Concurrent Scan Root Regions
[2025-01-06T17:03:51.641-0600][gc,marking  ] GC(2) Concurrent Scan Root Regions 0.930ms
[2025-01-06T17:03:51.641-0600][gc,marking  ] GC(2) Concurrent Mark
[2025-01-06T17:03:51.641-0600][gc,marking  ] GC(2) Concurrent Mark From Roots
[2025-01-06T17:03:51.641-0600][gc,task     ] GC(2) Using 2 workers of 2 for marking
[2025-01-06T17:03:51.641-0600][gc,marking  ] GC(2) Concurrent Mark From Roots 0.570ms
[2025-01-06T17:03:51.641-0600][gc,marking  ] GC(2) Concurrent Preclean
[2025-01-06T17:03:51.641-0600][gc,marking  ] GC(2) Concurrent Preclean 0.026ms
[2025-01-06T17:03:51.642-0600][gc,start    ] GC(2) Pause Remark
[2025-01-06T17:03:51.643-0600][gc          ] GC(2) Pause Remark 11M->11M(1024M) 0.832ms
[2025-01-06T17:03:51.643-0600][gc,cpu      ] GC(2) User=0.01s Sys=0.00s Real=0.00s
[2025-01-06T17:03:51.643-0600][gc,marking  ] GC(2) Concurrent Mark 1.865ms
[2025-01-06T17:03:51.643-0600][gc,marking  ] GC(2) Concurrent Rebuild Remembered Sets and Scrub Regions
[2025-01-06T17:03:51.644-0600][gc,marking  ] GC(2) Concurrent Rebuild Remembered Sets and Scrub Regions 0.963ms
[2025-01-06T17:03:51.644-0600][gc,start    ] GC(2) Pause Cleanup
[2025-01-06T17:03:51.644-0600][gc          ] GC(2) Pause Cleanup 11M->11M(1024M) 0.018ms
[2025-01-06T17:03:51.644-0600][gc,cpu      ] GC(2) User=0.00s Sys=0.00s Real=0.00s
[2025-01-06T17:03:51.644-0600][gc,marking  ] GC(2) Concurrent Clear Claimed Marks
[2025-01-06T17:03:51.644-0600][gc,marking  ] GC(2) Concurrent Clear Claimed Marks 0.011ms
[2025-01-06T17:03:51.644-0600][gc,marking  ] GC(2) Concurrent Cleanup for Next Mark
[2025-01-06T17:03:51.645-0600][gc,marking  ] GC(2) Concurrent Cleanup for Next Mark 0.804ms
[2025-01-06T17:03:51.645-0600][gc          ] GC(2) Concurrent Mark Cycle 4.743ms
[2025-01-06T17:03:51.900-0600][gc,start    ] GC(3) Pause Young (Prepare Mixed) (G1 Evacuation Pause)
[2025-01-06T17:03:51.900-0600][gc,task     ] GC(3) Using 9 workers of 9 for evacuation
[2025-01-06T17:03:51.902-0600][gc,phases   ] GC(3)   Pre Evacuate Collection Set: 0.08ms
[2025-01-06T17:03:51.902-0600][gc,phases   ] GC(3)   Merge Heap Roots: 0.04ms
[2025-01-06T17:03:51.902-0600][gc,phases   ] GC(3)   Evacuate Collection Set: 1.82ms
[2025-01-06T17:03:51.902-0600][gc,phases   ] GC(3)   Post Evacuate Collection Set: 0.15ms
[2025-01-06T17:03:51.902-0600][gc,phases   ] GC(3)   Other: 0.05ms
[2025-01-06T17:03:51.902-0600][gc,heap     ] GC(3) Eden regions: 49->0(44)
[2025-01-06T17:03:51.902-0600][gc,heap     ] GC(3) Survivor regions: 2->7(7)
[2025-01-06T17:03:51.902-0600][gc,heap     ] GC(3) Old regions: 11->11
[2025-01-06T17:03:51.902-0600][gc,heap     ] GC(3) Humongous regions: 129->129
[2025-01-06T17:03:51.902-0600][gc,metaspace] GC(3) Metaspace: 32675K(32960K)->32675K(32960K) NonClass: 29018K(29184K)->29018K(29184K) Class: 3657K(3776K)->3657K(3776K)
[2025-01-06T17:03:51.902-0600][gc          ] GC(3) Pause Young (Prepare Mixed) (G1 Evacuation Pause) 188M->144M(1024M) 2.310ms
[2025-01-06T17:03:51.902-0600][gc,cpu      ] GC(3) User=0.01s Sys=0.01s Real=0.00s
[2025-01-06T17:03:52.045-0600][gc,start    ] GC(4) Pause Young (Mixed) (Metadata GC Threshold)
[2025-01-06T17:03:52.046-0600][gc,task     ] GC(4) Using 9 workers of 9 for evacuation
[2025-01-06T17:03:52.048-0600][gc,phases   ] GC(4)   Pre Evacuate Collection Set: 0.16ms
[2025-01-06T17:03:52.048-0600][gc,phases   ] GC(4)   Merge Heap Roots: 0.04ms
[2025-01-06T17:03:52.048-0600][gc,phases   ] GC(4)   Evacuate Collection Set: 1.62ms
[2025-01-06T17:03:52.048-0600][gc,phases   ] GC(4)   Post Evacuate Collection Set: 0.26ms
[2025-01-06T17:03:52.048-0600][gc,phases   ] GC(4)   Other: 0.05ms
[2025-01-06T17:03:52.048-0600][gc,heap     ] GC(4) Eden regions: 14->0(49)
[2025-01-06T17:03:52.048-0600][gc,heap     ] GC(4) Survivor regions: 7->2(7)
[2025-01-06T17:03:52.048-0600][gc,heap     ] GC(4) Old regions: 11->16
[2025-01-06T17:03:52.048-0600][gc,heap     ] GC(4) Humongous regions: 129->129
[2025-01-06T17:03:52.048-0600][gc,metaspace] GC(4) Metaspace: 35693K(35968K)->35693K(35968K) NonClass: 31625K(31744K)->31625K(31744K) Class: 4068K(4224K)->4068K(4224K)
[2025-01-06T17:03:52.048-0600][gc          ] GC(4) Pause Young (Mixed) (Metadata GC Threshold) 157M->145M(1024M) 2.354ms
[2025-01-06T17:03:52.048-0600][gc,cpu      ] GC(4) User=0.01s Sys=0.00s Real=0.00s
[2025-01-06T17:03:52.055-0600][gc,start    ] GC(5) Pause Young (Concurrent Start) (Metadata GC Threshold)
[2025-01-06T17:03:52.055-0600][gc,task     ] GC(5) Using 9 workers of 9 for evacuation
[2025-01-06T17:03:52.055-0600][gc,phases   ] GC(5)   Pre Evacuate Collection Set: 0.12ms
[2025-01-06T17:03:52.055-0600][gc,phases   ] GC(5)   Merge Heap Roots: 0.04ms
[2025-01-06T17:03:52.056-0600][gc,phases   ] GC(5)   Evacuate Collection Set: 0.41ms
[2025-01-06T17:03:52.056-0600][gc,phases   ] GC(5)   Post Evacuate Collection Set: 0.14ms
[2025-01-06T17:03:52.056-0600][gc,phases   ] GC(5)   Other: 0.05ms
[2025-01-06T17:03:52.056-0600][gc,heap     ] GC(5) Eden regions: 2->0(50)
[2025-01-06T17:03:52.056-0600][gc,heap     ] GC(5) Survivor regions: 2->1(7)
[2025-01-06T17:03:52.056-0600][gc,heap     ] GC(5) Old regions: 16->16
[2025-01-06T17:03:52.056-0600][gc,heap     ] GC(5) Humongous regions: 129->129
[2025-01-06T17:03:52.056-0600][gc,metaspace] GC(5) Metaspace: 35974K(36288K)->35974K(36288K) NonClass: 31864K(32000K)->31864K(32000K) Class: 4109K(4288K)->4109K(4288K)
[2025-01-06T17:03:52.056-0600][gc          ] GC(5) Pause Young (Concurrent Start) (Metadata GC Threshold) 146M->145M(1024M) 0.910ms
[2025-01-06T17:03:52.056-0600][gc,cpu      ] GC(5) User=0.00s Sys=0.00s Real=0.00s
[2025-01-06T17:03:52.056-0600][gc          ] GC(6) Concurrent Mark Cycle
[2025-01-06T17:03:52.056-0600][gc,marking  ] GC(6) Concurrent Scan Root Regions
[2025-01-06T17:03:52.056-0600][gc,marking  ] GC(6) Concurrent Scan Root Regions 0.592ms
[2025-01-06T17:03:52.056-0600][gc,marking  ] GC(6) Concurrent Mark
[2025-01-06T17:03:52.056-0600][gc,marking  ] GC(6) Concurrent Mark From Roots
[2025-01-06T17:03:52.056-0600][gc,task     ] GC(6) Using 2 workers of 2 for marking
[2025-01-06T17:03:52.061-0600][gc,marking  ] GC(6) Concurrent Mark From Roots 4.655ms
[2025-01-06T17:03:52.061-0600][gc,marking  ] GC(6) Concurrent Preclean
[2025-01-06T17:03:52.061-0600][gc,marking  ] GC(6) Concurrent Preclean 0.027ms
[2025-01-06T17:03:52.061-0600][gc,start    ] GC(6) Pause Remark
[2025-01-06T17:03:52.062-0600][gc          ] GC(6) Pause Remark 145M->145M(1024M) 1.066ms
[2025-01-06T17:03:52.062-0600][gc,cpu      ] GC(6) User=0.01s Sys=0.00s Real=0.00s
[2025-01-06T17:03:52.062-0600][gc,marking  ] GC(6) Concurrent Mark 5.915ms
[2025-01-06T17:03:52.062-0600][gc,marking  ] GC(6) Concurrent Rebuild Remembered Sets and Scrub Regions
[2025-01-06T17:03:52.064-0600][gc,marking  ] GC(6) Concurrent Rebuild Remembered Sets and Scrub Regions 2.166ms
[2025-01-06T17:03:52.064-0600][gc,start    ] GC(6) Pause Cleanup
[2025-01-06T17:03:52.064-0600][gc          ] GC(6) Pause Cleanup 146M->146M(1024M) 0.031ms
[2025-01-06T17:03:52.064-0600][gc,cpu      ] GC(6) User=0.00s Sys=0.00s Real=0.00s
[2025-01-06T17:03:52.064-0600][gc,marking  ] GC(6) Concurrent Clear Claimed Marks
[2025-01-06T17:03:52.065-0600][gc,marking  ] GC(6) Concurrent Clear Claimed Marks 0.025ms
[2025-01-06T17:03:52.065-0600][gc,marking  ] GC(6) Concurrent Cleanup for Next Mark
[2025-01-06T17:03:52.066-0600][gc,marking  ] GC(6) Concurrent Cleanup for Next Mark 1.515ms
[2025-01-06T17:03:52.066-0600][gc          ] GC(6) Concurrent Mark Cycle 10.552ms
[2025-01-06T17:05:34.140-0600][gc,start    ] GC(7) Pause Young (Prepare Mixed) (G1 Evacuation Pause)
[2025-01-06T17:05:34.141-0600][gc,task     ] GC(7) Using 9 workers of 9 for evacuation
[2025-01-06T17:05:34.150-0600][gc,phases   ] GC(7)   Pre Evacuate Collection Set: 1.03ms
[2025-01-06T17:05:34.150-0600][gc,phases   ] GC(7)   Merge Heap Roots: 0.20ms
[2025-01-06T17:05:34.150-0600][gc,phases   ] GC(7)   Evacuate Collection Set: 6.15ms
[2025-01-06T17:05:34.150-0600][gc,phases   ] GC(7)   Post Evacuate Collection Set: 1.15ms
[2025-01-06T17:05:34.150-0600][gc,phases   ] GC(7)   Other: 0.19ms
[2025-01-06T17:05:34.150-0600][gc,heap     ] GC(7) Eden regions: 50->0(46)
[2025-01-06T17:05:34.150-0600][gc,heap     ] GC(7) Survivor regions: 1->5(7)
[2025-01-06T17:05:34.150-0600][gc,heap     ] GC(7) Old regions: 16->16
[2025-01-06T17:05:34.150-0600][gc,heap     ] GC(7) Humongous regions: 129->129
[2025-01-06T17:05:34.150-0600][gc,metaspace] GC(7) Metaspace: 42079K(42688K)->42079K(42688K) NonClass: 36946K(37312K)->36946K(37312K) Class: 5133K(5376K)->5133K(5376K)
[2025-01-06T17:05:34.150-0600][gc          ] GC(7) Pause Young (Prepare Mixed) (G1 Evacuation Pause) 195M->149M(1024M) 9.770ms
[2025-01-06T17:05:34.150-0600][gc,cpu      ] GC(7) User=0.02s Sys=0.01s Real=0.01s
[2025-01-06T17:07:58.113-0600][gc,start    ] GC(8) Pause Young (Mixed) (G1 Evacuation Pause)
[2025-01-06T17:07:58.113-0600][gc,task     ] GC(8) Using 9 workers of 9 for evacuation
[2025-01-06T17:07:58.128-0600][gc,phases   ] GC(8)   Pre Evacuate Collection Set: 0.56ms
[2025-01-06T17:07:58.129-0600][gc,phases   ] GC(8)   Merge Heap Roots: 0.21ms
[2025-01-06T17:07:58.129-0600][gc,phases   ] GC(8)   Evacuate Collection Set: 13.53ms
[2025-01-06T17:07:58.129-0600][gc,phases   ] GC(8)   Post Evacuate Collection Set: 0.75ms
[2025-01-06T17:07:58.129-0600][gc,phases   ] GC(8)   Other: 0.20ms
[2025-01-06T17:07:58.129-0600][gc,heap     ] GC(8) Eden regions: 46->0(46)
[2025-01-06T17:07:58.129-0600][gc,heap     ] GC(8) Survivor regions: 5->5(7)
[2025-01-06T17:07:58.129-0600][gc,heap     ] GC(8) Old regions: 16->20
[2025-01-06T17:07:58.129-0600][gc,heap     ] GC(8) Humongous regions: 129->129
[2025-01-06T17:07:58.129-0600][gc,metaspace] GC(8) Metaspace: 43073K(43648K)->43073K(43648K) NonClass: 37908K(38272K)->37908K(38272K) Class: 5164K(5376K)->5164K(5376K)
[2025-01-06T17:07:58.129-0600][gc          ] GC(8) Pause Young (Mixed) (G1 Evacuation Pause) 195M->153M(1024M) 16.271ms
[2025-01-06T17:07:58.129-0600][gc,cpu      ] GC(8) User=0.04s Sys=0.03s Real=0.01s
[2025-01-06T17:10:37.842-0600][gc,start    ] GC(9) Pause Young (Normal) (G1 Evacuation Pause)
[2025-01-06T17:10:37.842-0600][gc,task     ] GC(9) Using 9 workers of 9 for evacuation
[2025-01-06T17:10:37.856-0600][gc,phases   ] GC(9)   Pre Evacuate Collection Set: 0.57ms
[2025-01-06T17:10:37.856-0600][gc,phases   ] GC(9)   Merge Heap Roots: 0.15ms
[2025-01-06T17:10:37.856-0600][gc,phases   ] GC(9)   Evacuate Collection Set: 11.87ms
[2025-01-06T17:10:37.856-0600][gc,phases   ] GC(9)   Post Evacuate Collection Set: 0.60ms
[2025-01-06T17:10:37.856-0600][gc,phases   ] GC(9)   Other: 0.20ms
[2025-01-06T17:10:37.856-0600][gc,heap     ] GC(9) Eden regions: 46->0(46)
[2025-01-06T17:10:37.856-0600][gc,heap     ] GC(9) Survivor regions: 5->5(7)
[2025-01-06T17:10:37.856-0600][gc,heap     ] GC(9) Old regions: 20->22
[2025-01-06T17:10:37.856-0600][gc,heap     ] GC(9) Humongous regions: 129->129
[2025-01-06T17:10:37.856-0600][gc,metaspace] GC(9) Metaspace: 43626K(44288K)->43626K(44288K) NonClass: 38366K(38720K)->38366K(38720K) Class: 5260K(5568K)->5260K(5568K)
[2025-01-06T17:10:37.856-0600][gc          ] GC(9) Pause Young (Normal) (G1 Evacuation Pause) 199M->154M(1024M) 14.443ms
[2025-01-06T17:10:37.856-0600][gc,cpu      ] GC(9) User=0.04s Sys=0.03s Real=0.01s
[2025-01-06T17:13:15.224-0600][gc,start    ] GC(10) Pause Young (Normal) (G1 Evacuation Pause)
[2025-01-06T17:13:15.225-0600][gc,task     ] GC(10) Using 9 workers of 9 for evacuation
[2025-01-06T17:13:15.235-0600][gc,phases   ] GC(10)   Pre Evacuate Collection Set: 1.18ms
[2025-01-06T17:13:15.235-0600][gc,phases   ] GC(10)   Merge Heap Roots: 0.20ms
[2025-01-06T17:13:15.235-0600][gc,phases   ] GC(10)   Evacuate Collection Set: 7.09ms
[2025-01-06T17:13:15.235-0600][gc,phases   ] GC(10)   Post Evacuate Collection Set: 0.55ms
[2025-01-06T17:13:15.235-0600][gc,phases   ] GC(10)   Other: 0.32ms
[2025-01-06T17:13:15.235-0600][gc,heap     ] GC(10) Eden regions: 46->0(48)
[2025-01-06T17:13:15.235-0600][gc,heap     ] GC(10) Survivor regions: 5->3(7)
[2025-01-06T17:13:15.235-0600][gc,heap     ] GC(10) Old regions: 22->24
[2025-01-06T17:13:15.235-0600][gc,heap     ] GC(10) Humongous regions: 129->129
[2025-01-06T17:13:15.235-0600][gc,metaspace] GC(10) Metaspace: 43657K(44352K)->43657K(44352K) NonClass: 38397K(38784K)->38397K(38784K) Class: 5260K(5568K)->5260K(5568K)
[2025-01-06T17:13:15.235-0600][gc          ] GC(10) Pause Young (Normal) (G1 Evacuation Pause) 200M->155M(1024M) 11.323ms
[2025-01-06T17:13:15.235-0600][gc,cpu      ] GC(10) User=0.03s Sys=0.02s Real=0.01s
[2025-01-06T17:16:02.512-0600][gc,start    ] GC(11) Pause Young (Normal) (G1 Evacuation Pause)
[2025-01-06T17:16:02.513-0600][gc,task     ] GC(11) Using 9 workers of 9 for evacuation
[2025-01-06T17:16:02.525-0600][gc,phases   ] GC(11)   Pre Evacuate Collection Set: 0.60ms
[2025-01-06T17:16:02.525-0600][gc,phases   ] GC(11)   Merge Heap Roots: 0.25ms
[2025-01-06T17:16:02.525-0600][gc,phases   ] GC(11)   Evacuate Collection Set: 10.14ms
[2025-01-06T17:16:02.525-0600][gc,phases   ] GC(11)   Post Evacuate Collection Set: 0.61ms
[2025-01-06T17:16:02.525-0600][gc,phases   ] GC(11)   Other: 0.29ms
[2025-01-06T17:16:02.525-0600][gc,heap     ] GC(11) Eden regions: 48->0(44)
[2025-01-06T17:16:02.526-0600][gc,heap     ] GC(11) Survivor regions: 3->7(7)
[2025-01-06T17:16:02.526-0600][gc,heap     ] GC(11) Old regions: 24->24
[2025-01-06T17:16:02.526-0600][gc,heap     ] GC(11) Humongous regions: 129->129
[2025-01-06T17:16:02.526-0600][gc,metaspace] GC(11) Metaspace: 43778K(44416K)->43778K(44416K) NonClass: 38497K(38848K)->38497K(38848K) Class: 5280K(5568K)->5280K(5568K)
[2025-01-06T17:16:02.526-0600][gc          ] GC(11) Pause Young (Normal) (G1 Evacuation Pause) 203M->158M(1024M) 13.253ms
[2025-01-06T17:16:02.526-0600][gc,cpu      ] GC(11) User=0.03s Sys=0.02s Real=0.01s
[2025-01-06T17:18:42.534-0600][gc,start    ] GC(12) Pause Young (Normal) (G1 Evacuation Pause)
[2025-01-06T17:18:42.535-0600][gc,task     ] GC(12) Using 9 workers of 9 for evacuation
[2025-01-06T17:18:42.550-0600][gc,phases   ] GC(12)   Pre Evacuate Collection Set: 1.06ms
[2025-01-06T17:18:42.551-0600][gc,phases   ] GC(12)   Merge Heap Roots: 0.21ms
[2025-01-06T17:18:42.551-0600][gc,phases   ] GC(12)   Evacuate Collection Set: 13.37ms
[2025-01-06T17:18:42.551-0600][gc,phases   ] GC(12)   Post Evacuate Collection Set: 0.72ms
[2025-01-06T17:18:42.551-0600][gc,phases   ] GC(12)   Other: 0.33ms
[2025-01-06T17:18:42.551-0600][gc,heap     ] GC(12) Eden regions: 44->0(46)
[2025-01-06T17:18:42.551-0600][gc,heap     ] GC(12) Survivor regions: 7->5(7)
[2025-01-06T17:18:42.551-0600][gc,heap     ] GC(12) Old regions: 24->28
[2025-01-06T17:18:42.551-0600][gc,heap     ] GC(12) Humongous regions: 129->129
[2025-01-06T17:18:42.551-0600][gc,metaspace] GC(12) Metaspace: 43792K(44480K)->43792K(44480K) NonClass: 38512K(38912K)->38512K(38912K) Class: 5280K(5568K)->5280K(5568K)
[2025-01-06T17:18:42.551-0600][gc          ] GC(12) Pause Young (Normal) (G1 Evacuation Pause) 202M->161M(1024M) 16.838ms
[2025-01-06T17:18:42.551-0600][gc,cpu      ] GC(12) User=0.04s Sys=0.03s Real=0.02s
[2025-01-06T17:21:30.840-0600][gc,start    ] GC(13) Pause Young (Normal) (G1 Evacuation Pause)
[2025-01-06T17:21:30.841-0600][gc,task     ] GC(13) Using 9 workers of 9 for evacuation
[2025-01-06T17:21:30.852-0600][gc,phases   ] GC(13)   Pre Evacuate Collection Set: 1.76ms
[2025-01-06T17:21:30.852-0600][gc,phases   ] GC(13)   Merge Heap Roots: 0.29ms
[2025-01-06T17:21:30.852-0600][gc,phases   ] GC(13)   Evacuate Collection Set: 8.55ms
[2025-01-06T17:21:30.852-0600][gc,phases   ] GC(13)   Post Evacuate Collection Set: 0.46ms
[2025-01-06T17:21:30.852-0600][gc,phases   ] GC(13)   Other: 0.59ms
[2025-01-06T17:21:30.852-0600][gc,heap     ] GC(13) Eden regions: 46->0(48)
[2025-01-06T17:21:30.852-0600][gc,heap     ] GC(13) Survivor regions: 5->3(7)
[2025-01-06T17:21:30.852-0600][gc,heap     ] GC(13) Old regions: 28->31
[2025-01-06T17:21:30.852-0600][gc,heap     ] GC(13) Humongous regions: 129->129
[2025-01-06T17:21:30.852-0600][gc,metaspace] GC(13) Metaspace: 43829K(44480K)->43829K(44480K) NonClass: 38548K(38912K)->38548K(38912K) Class: 5280K(5568K)->5280K(5568K)
[2025-01-06T17:21:30.852-0600][gc          ] GC(13) Pause Young (Normal) (G1 Evacuation Pause) 207M->161M(1024M) 12.631ms
[2025-01-06T17:21:30.852-0600][gc,cpu      ] GC(13) User=0.03s Sys=0.02s Real=0.01s
[2025-01-06T17:24:29.380-0600][gc,start    ] GC(14) Pause Young (Normal) (G1 Evacuation Pause)
[2025-01-06T17:24:29.382-0600][gc,task     ] GC(14) Using 9 workers of 9 for evacuation
[2025-01-06T17:24:29.395-0600][gc,phases   ] GC(14)   Pre Evacuate Collection Set: 1.09ms
[2025-01-06T17:24:29.395-0600][gc,phases   ] GC(14)   Merge Heap Roots: 0.20ms
[2025-01-06T17:24:29.395-0600][gc,phases   ] GC(14)   Evacuate Collection Set: 11.23ms
[2025-01-06T17:24:29.395-0600][gc,phases   ] GC(14)   Post Evacuate Collection Set: 0.66ms
[2025-01-06T17:24:29.396-0600][gc,phases   ] GC(14)   Other: 0.38ms
[2025-01-06T17:24:29.396-0600][gc,heap     ] GC(14) Eden regions: 48->0(44)
[2025-01-06T17:24:29.396-0600][gc,heap     ] GC(14) Survivor regions: 3->7(7)
[2025-01-06T17:24:29.396-0600][gc,heap     ] GC(14) Old regions: 31->31
[2025-01-06T17:24:29.396-0600][gc,heap     ] GC(14) Humongous regions: 129->129
[2025-01-06T17:24:29.396-0600][gc,metaspace] GC(14) Metaspace: 43862K(44480K)->43862K(44480K) NonClass: 38581K(38912K)->38581K(38912K) Class: 5280K(5568K)->5280K(5568K)
[2025-01-06T17:24:29.396-0600][gc          ] GC(14) Pause Young (Normal) (G1 Evacuation Pause) 209M->165M(1024M) 15.624ms
[2025-01-06T17:24:29.396-0600][gc,cpu      ] GC(14) User=0.04s Sys=0.02s Real=0.01s
[2025-01-06T17:27:14.264-0600][gc,start    ] GC(15) Pause Young (Normal) (G1 Evacuation Pause)
[2025-01-06T17:27:14.265-0600][gc,task     ] GC(15) Using 9 workers of 9 for evacuation
[2025-01-06T17:27:14.280-0600][gc,phases   ] GC(15)   Pre Evacuate Collection Set: 0.89ms
[2025-01-06T17:27:14.280-0600][gc,phases   ] GC(15)   Merge Heap Roots: 0.31ms
[2025-01-06T17:27:14.280-0600][gc,phases   ] GC(15)   Evacuate Collection Set: 12.77ms
[2025-01-06T17:27:14.280-0600][gc,phases   ] GC(15)   Post Evacuate Collection Set: 0.66ms
[2025-01-06T17:27:14.280-0600][gc,phases   ] GC(15)   Other: 0.38ms
[2025-01-06T17:27:14.281-0600][gc,heap     ] GC(15) Eden regions: 44->0(45)
[2025-01-06T17:27:14.281-0600][gc,heap     ] GC(15) Survivor regions: 7->6(7)
[2025-01-06T17:27:14.281-0600][gc,heap     ] GC(15) Old regions: 31->35
[2025-01-06T17:27:14.281-0600][gc,heap     ] GC(15) Humongous regions: 129->129
[2025-01-06T17:27:14.281-0600][gc,metaspace] GC(15) Metaspace: 43864K(44480K)->43864K(44480K) NonClass: 38584K(38912K)->38584K(38912K) Class: 5280K(5568K)->5280K(5568K)
[2025-01-06T17:27:14.281-0600][gc          ] GC(15) Pause Young (Normal) (G1 Evacuation Pause) 209M->168M(1024M) 17.124ms
[2025-01-06T17:27:14.281-0600][gc,cpu      ] GC(15) User=0.04s Sys=0.02s Real=0.02s
[2025-01-06T17:29:02.065-0600][gc,heap,exit] Heap
[2025-01-06T17:29:02.065-0600][gc,heap,exit]  garbage-first heap   total reserved 1048576K, committed 1048576K, used 213202K [0x00000007c0000000, 0x0000000800000000)
[2025-01-06T17:29:02.065-0600][gc,heap,exit]   region size 1024K, 46 young (47104K), 6 survivors (6144K)
[2025-01-06T17:29:02.065-0600][gc,heap,exit]  Metaspace       used 44826K, committed 45504K, reserved 1114112K
[2025-01-06T17:29:02.065-0600][gc,heap,exit]   class space    used 5473K, committed 5760K, reserved 1048576K
