[2025-01-03T10:39:28.859-0600][gc,init] CardTable entry size: 512
[2025-01-03T10:39:28.859-0600][gc     ] Using G1
[2025-01-03T10:39:28.860-0600][gc,init] Version: 23+37-2369 (release)
[2025-01-03T10:39:28.860-0600][gc,init] CPUs: 11 total, 11 available
[2025-01-03T10:39:28.860-0600][gc,init] Memory: 18432M
[2025-01-03T10:39:28.860-0600][gc,init] Large Page Support: Disabled
[2025-01-03T10:39:28.860-0600][gc,init] NUMA Support: Disabled
[2025-01-03T10:39:28.860-0600][gc,init] Compressed Oops: Enabled (Zero based)
[2025-01-03T10:39:28.860-0600][gc,init] Heap Region Size: 1M
[2025-01-03T10:39:28.860-0600][gc,init] Heap Min Capacity: 1G
[2025-01-03T10:39:28.860-0600][gc,init] Heap Initial Capacity: 1G
[2025-01-03T10:39:28.860-0600][gc,init] Heap Max Capacity: 1G
[2025-01-03T10:39:28.860-0600][gc,init] Pre-touch: Disabled
[2025-01-03T10:39:28.860-0600][gc,init] Parallel Workers: 9
[2025-01-03T10:39:28.860-0600][gc,init] Concurrent Workers: 2
[2025-01-03T10:39:28.860-0600][gc,init] Concurrent Refinement Workers: 9
[2025-01-03T10:39:28.860-0600][gc,init] Periodic GC: Disabled
[2025-01-03T10:39:28.864-0600][gc,metaspace] CDS archive(s) mapped at: [0x0000078000000000-0x0000078000d94000-0x0000078000d94000), size 14237696, SharedBaseAddress: 0x0000078000000000, ArchiveRelocationMode: 1.
[2025-01-03T10:39:28.864-0600][gc,metaspace] Compressed class space mapped at: 0x0000078001000000-0x0000078041000000, reserved size: 1073741824
[2025-01-03T10:39:28.864-0600][gc,metaspace] Narrow klass base: 0x0000078000000000, Narrow klass shift: 0, Narrow klass range: 0x100000000
[2025-01-03T10:39:29.340-0600][gc,start    ] GC(0) Pause Young (Normal) (G1 Evacuation Pause)
[2025-01-03T10:39:29.341-0600][gc,task     ] GC(0) Using 9 workers of 9 for evacuation
[2025-01-03T10:39:29.343-0600][gc,phases   ] GC(0)   Pre Evacuate Collection Set: 0.13ms
[2025-01-03T10:39:29.343-0600][gc,phases   ] GC(0)   Merge Heap Roots: 0.05ms
[2025-01-03T10:39:29.343-0600][gc,phases   ] GC(0)   Evacuate Collection Set: 1.87ms
[2025-01-03T10:39:29.343-0600][gc,phases   ] GC(0)   Post Evacuate Collection Set: 0.21ms
[2025-01-03T10:39:29.343-0600][gc,phases   ] GC(0)   Other: 0.27ms
[2025-01-03T10:39:29.343-0600][gc,heap     ] GC(0) Eden regions: 51->0(44)
[2025-01-03T10:39:29.343-0600][gc,heap     ] GC(0) Survivor regions: 0->7(7)
[2025-01-03T10:39:29.343-0600][gc,heap     ] GC(0) Old regions: 2->4
[2025-01-03T10:39:29.343-0600][gc,heap     ] GC(0) Humongous regions: 0->0
[2025-01-03T10:39:29.343-0600][gc,metaspace] GC(0) Metaspace: 16745K(17024K)->16745K(17024K) NonClass: 14707K(14848K)->14707K(14848K) Class: 2037K(2176K)->2037K(2176K)
[2025-01-03T10:39:29.343-0600][gc          ] GC(0) Pause Young (Normal) (G1 Evacuation Pause) 52M->9M(1024M) 2.736ms
[2025-01-03T10:39:29.343-0600][gc,cpu      ] GC(0) User=0.01s Sys=0.00s Real=0.00s
[2025-01-03T10:39:29.445-0600][gc,start    ] GC(1) Pause Young (Concurrent Start) (Metadata GC Threshold)
[2025-01-03T10:39:29.445-0600][gc,task     ] GC(1) Using 9 workers of 9 for evacuation
[2025-01-03T10:39:29.446-0600][gc,phases   ] GC(1)   Pre Evacuate Collection Set: 0.13ms
[2025-01-03T10:39:29.446-0600][gc,phases   ] GC(1)   Merge Heap Roots: 0.03ms
[2025-01-03T10:39:29.446-0600][gc,phases   ] GC(1)   Evacuate Collection Set: 1.44ms
[2025-01-03T10:39:29.446-0600][gc,phases   ] GC(1)   Post Evacuate Collection Set: 0.14ms
[2025-01-03T10:39:29.446-0600][gc,phases   ] GC(1)   Other: 0.05ms
[2025-01-03T10:39:29.446-0600][gc,heap     ] GC(1) Eden regions: 18->0(49)
[2025-01-03T10:39:29.446-0600][gc,heap     ] GC(1) Survivor regions: 7->2(7)
[2025-01-03T10:39:29.446-0600][gc,heap     ] GC(1) Old regions: 4->11
[2025-01-03T10:39:29.447-0600][gc,heap     ] GC(1) Humongous regions: 0->0
[2025-01-03T10:39:29.447-0600][gc,metaspace] GC(1) Metaspace: 21307K(21504K)->21307K(21504K) NonClass: 18705K(18816K)->18705K(18816K) Class: 2601K(2688K)->2601K(2688K)
[2025-01-03T10:39:29.447-0600][gc          ] GC(1) Pause Young (Concurrent Start) (Metadata GC Threshold) 27M->10M(1024M) 1.940ms
[2025-01-03T10:39:29.447-0600][gc,cpu      ] GC(1) User=0.01s Sys=0.01s Real=0.00s
[2025-01-03T10:39:29.447-0600][gc          ] GC(2) Concurrent Mark Cycle
[2025-01-03T10:39:29.447-0600][gc,marking  ] GC(2) Concurrent Scan Root Regions
[2025-01-03T10:39:29.448-0600][gc,marking  ] GC(2) Concurrent Scan Root Regions 0.951ms
[2025-01-03T10:39:29.448-0600][gc,marking  ] GC(2) Concurrent Mark
[2025-01-03T10:39:29.448-0600][gc,marking  ] GC(2) Concurrent Mark From Roots
[2025-01-03T10:39:29.448-0600][gc,task     ] GC(2) Using 2 workers of 2 for marking
[2025-01-03T10:39:29.448-0600][gc,marking  ] GC(2) Concurrent Mark From Roots 0.676ms
[2025-01-03T10:39:29.448-0600][gc,marking  ] GC(2) Concurrent Preclean
[2025-01-03T10:39:29.448-0600][gc,marking  ] GC(2) Concurrent Preclean 0.011ms
[2025-01-03T10:39:29.448-0600][gc,start    ] GC(2) Pause Remark
[2025-01-03T10:39:29.449-0600][gc          ] GC(2) Pause Remark 11M->11M(1024M) 0.799ms
[2025-01-03T10:39:29.449-0600][gc,cpu      ] GC(2) User=0.01s Sys=0.00s Real=0.00s
[2025-01-03T10:39:29.449-0600][gc,marking  ] GC(2) Concurrent Mark 1.762ms
[2025-01-03T10:39:29.449-0600][gc,marking  ] GC(2) Concurrent Rebuild Remembered Sets and Scrub Regions
[2025-01-03T10:39:29.450-0600][gc,marking  ] GC(2) Concurrent Rebuild Remembered Sets and Scrub Regions 0.969ms
[2025-01-03T10:39:29.450-0600][gc,start    ] GC(2) Pause Cleanup
[2025-01-03T10:39:29.450-0600][gc          ] GC(2) Pause Cleanup 11M->11M(1024M) 0.016ms
[2025-01-03T10:39:29.450-0600][gc,cpu      ] GC(2) User=0.00s Sys=0.00s Real=0.00s
[2025-01-03T10:39:29.450-0600][gc,marking  ] GC(2) Concurrent Clear Claimed Marks
[2025-01-03T10:39:29.450-0600][gc,marking  ] GC(2) Concurrent Clear Claimed Marks 0.012ms
[2025-01-03T10:39:29.450-0600][gc,marking  ] GC(2) Concurrent Cleanup for Next Mark
[2025-01-03T10:39:29.451-0600][gc,marking  ] GC(2) Concurrent Cleanup for Next Mark 0.818ms
[2025-01-03T10:39:29.451-0600][gc          ] GC(2) Concurrent Mark Cycle 4.713ms
[2025-01-03T10:39:29.656-0600][gc,start    ] GC(3) Pause Young (Prepare Mixed) (G1 Evacuation Pause)
[2025-01-03T10:39:29.656-0600][gc,task     ] GC(3) Using 9 workers of 9 for evacuation
[2025-01-03T10:39:29.658-0600][gc,phases   ] GC(3)   Pre Evacuate Collection Set: 0.10ms
[2025-01-03T10:39:29.658-0600][gc,phases   ] GC(3)   Merge Heap Roots: 0.03ms
[2025-01-03T10:39:29.658-0600][gc,phases   ] GC(3)   Evacuate Collection Set: 1.41ms
[2025-01-03T10:39:29.658-0600][gc,phases   ] GC(3)   Post Evacuate Collection Set: 0.14ms
[2025-01-03T10:39:29.658-0600][gc,phases   ] GC(3)   Other: 0.05ms
[2025-01-03T10:39:29.658-0600][gc,heap     ] GC(3) Eden regions: 49->0(44)
[2025-01-03T10:39:29.658-0600][gc,heap     ] GC(3) Survivor regions: 2->7(7)
[2025-01-03T10:39:29.658-0600][gc,heap     ] GC(3) Old regions: 11->11
[2025-01-03T10:39:29.658-0600][gc,heap     ] GC(3) Humongous regions: 129->129
[2025-01-03T10:39:29.658-0600][gc,metaspace] GC(3) Metaspace: 32582K(32832K)->32582K(32832K) NonClass: 28937K(29120K)->28937K(29120K) Class: 3644K(3712K)->3644K(3712K)
[2025-01-03T10:39:29.658-0600][gc          ] GC(3) Pause Young (Prepare Mixed) (G1 Evacuation Pause) 188M->144M(1024M) 1.890ms
[2025-01-03T10:39:29.658-0600][gc,cpu      ] GC(3) User=0.02s Sys=0.00s Real=0.00s
[2025-01-03T10:39:29.798-0600][gc,start    ] GC(4) Pause Young (Mixed) (Metadata GC Threshold)
[2025-01-03T10:39:29.798-0600][gc,task     ] GC(4) Using 9 workers of 9 for evacuation
[2025-01-03T10:39:29.800-0600][gc,phases   ] GC(4)   Pre Evacuate Collection Set: 0.19ms
[2025-01-03T10:39:29.800-0600][gc,phases   ] GC(4)   Merge Heap Roots: 0.04ms
[2025-01-03T10:39:29.800-0600][gc,phases   ] GC(4)   Evacuate Collection Set: 1.64ms
[2025-01-03T10:39:29.800-0600][gc,phases   ] GC(4)   Post Evacuate Collection Set: 0.18ms
[2025-01-03T10:39:29.800-0600][gc,phases   ] GC(4)   Other: 0.05ms
[2025-01-03T10:39:29.800-0600][gc,heap     ] GC(4) Eden regions: 13->0(49)
[2025-01-03T10:39:29.800-0600][gc,heap     ] GC(4) Survivor regions: 7->2(7)
[2025-01-03T10:39:29.800-0600][gc,heap     ] GC(4) Old regions: 11->16
[2025-01-03T10:39:29.800-0600][gc,heap     ] GC(4) Humongous regions: 129->129
[2025-01-03T10:39:29.800-0600][gc,metaspace] GC(4) Metaspace: 35685K(35968K)->35685K(35968K) NonClass: 31622K(31744K)->31622K(31744K) Class: 4063K(4224K)->4063K(4224K)
[2025-01-03T10:39:29.800-0600][gc          ] GC(4) Pause Young (Mixed) (Metadata GC Threshold) 157M->145M(1024M) 2.300ms
[2025-01-03T10:39:29.800-0600][gc,cpu      ] GC(4) User=0.01s Sys=0.00s Real=0.01s
[2025-01-03T10:39:29.807-0600][gc,start    ] GC(5) Pause Young (Concurrent Start) (Metadata GC Threshold)
[2025-01-03T10:39:29.807-0600][gc,task     ] GC(5) Using 9 workers of 9 for evacuation
[2025-01-03T10:39:29.808-0600][gc,phases   ] GC(5)   Pre Evacuate Collection Set: 0.16ms
[2025-01-03T10:39:29.808-0600][gc,phases   ] GC(5)   Merge Heap Roots: 0.03ms
[2025-01-03T10:39:29.808-0600][gc,phases   ] GC(5)   Evacuate Collection Set: 0.39ms
[2025-01-03T10:39:29.808-0600][gc,phases   ] GC(5)   Post Evacuate Collection Set: 0.14ms
[2025-01-03T10:39:29.808-0600][gc,phases   ] GC(5)   Other: 0.05ms
[2025-01-03T10:39:29.808-0600][gc,heap     ] GC(5) Eden regions: 2->0(50)
[2025-01-03T10:39:29.808-0600][gc,heap     ] GC(5) Survivor regions: 2->1(7)
[2025-01-03T10:39:29.808-0600][gc,heap     ] GC(5) Old regions: 16->16
[2025-01-03T10:39:29.808-0600][gc,heap     ] GC(5) Humongous regions: 129->129
[2025-01-03T10:39:29.808-0600][gc,metaspace] GC(5) Metaspace: 35990K(36288K)->35990K(36288K) NonClass: 31882K(32064K)->31882K(32064K) Class: 4107K(4224K)->4107K(4224K)
[2025-01-03T10:39:29.808-0600][gc          ] GC(5) Pause Young (Concurrent Start) (Metadata GC Threshold) 147M->145M(1024M) 0.909ms
[2025-01-03T10:39:29.808-0600][gc,cpu      ] GC(5) User=0.01s Sys=0.00s Real=0.00s
[2025-01-03T10:39:29.808-0600][gc          ] GC(6) Concurrent Mark Cycle
[2025-01-03T10:39:29.808-0600][gc,marking  ] GC(6) Concurrent Scan Root Regions
[2025-01-03T10:39:29.809-0600][gc,marking  ] GC(6) Concurrent Scan Root Regions 0.591ms
[2025-01-03T10:39:29.809-0600][gc,marking  ] GC(6) Concurrent Mark
[2025-01-03T10:39:29.809-0600][gc,marking  ] GC(6) Concurrent Mark From Roots
[2025-01-03T10:39:29.809-0600][gc,task     ] GC(6) Using 2 workers of 2 for marking
[2025-01-03T10:39:29.814-0600][gc,marking  ] GC(6) Concurrent Mark From Roots 4.845ms
[2025-01-03T10:39:29.814-0600][gc,marking  ] GC(6) Concurrent Preclean
[2025-01-03T10:39:29.814-0600][gc,marking  ] GC(6) Concurrent Preclean 0.026ms
[2025-01-03T10:39:29.814-0600][gc,start    ] GC(6) Pause Remark
[2025-01-03T10:39:29.815-0600][gc          ] GC(6) Pause Remark 146M->146M(1024M) 0.877ms
[2025-01-03T10:39:29.815-0600][gc,cpu      ] GC(6) User=0.00s Sys=0.00s Real=0.00s
[2025-01-03T10:39:29.815-0600][gc,marking  ] GC(6) Concurrent Mark 5.899ms
[2025-01-03T10:39:29.815-0600][gc,marking  ] GC(6) Concurrent Rebuild Remembered Sets and Scrub Regions
[2025-01-03T10:39:29.817-0600][gc,marking  ] GC(6) Concurrent Rebuild Remembered Sets and Scrub Regions 2.223ms
[2025-01-03T10:39:29.817-0600][gc,start    ] GC(6) Pause Cleanup
[2025-01-03T10:39:29.817-0600][gc          ] GC(6) Pause Cleanup 146M->146M(1024M) 0.020ms
[2025-01-03T10:39:29.817-0600][gc,cpu      ] GC(6) User=0.00s Sys=0.00s Real=0.00s
[2025-01-03T10:39:29.817-0600][gc,marking  ] GC(6) Concurrent Clear Claimed Marks
[2025-01-03T10:39:29.817-0600][gc,marking  ] GC(6) Concurrent Clear Claimed Marks 0.024ms
[2025-01-03T10:39:29.817-0600][gc,marking  ] GC(6) Concurrent Cleanup for Next Mark
[2025-01-03T10:39:29.818-0600][gc,marking  ] GC(6) Concurrent Cleanup for Next Mark 0.728ms
[2025-01-03T10:39:29.818-0600][gc          ] GC(6) Concurrent Mark Cycle 9.656ms
[2025-01-03T10:40:11.652-0600][gc,start    ] GC(7) Pause Young (Prepare Mixed) (G1 Evacuation Pause)
[2025-01-03T10:40:11.653-0600][gc,task     ] GC(7) Using 9 workers of 9 for evacuation
[2025-01-03T10:40:11.659-0600][gc,phases   ] GC(7)   Pre Evacuate Collection Set: 0.33ms
[2025-01-03T10:40:11.659-0600][gc,phases   ] GC(7)   Merge Heap Roots: 0.10ms
[2025-01-03T10:40:11.659-0600][gc,phases   ] GC(7)   Evacuate Collection Set: 5.32ms
[2025-01-03T10:40:11.659-0600][gc,phases   ] GC(7)   Post Evacuate Collection Set: 0.65ms
[2025-01-03T10:40:11.659-0600][gc,phases   ] GC(7)   Other: 0.19ms
[2025-01-03T10:40:11.660-0600][gc,heap     ] GC(7) Eden regions: 50->0(46)
[2025-01-03T10:40:11.660-0600][gc,heap     ] GC(7) Survivor regions: 1->5(7)
[2025-01-03T10:40:11.660-0600][gc,heap     ] GC(7) Old regions: 16->16
[2025-01-03T10:40:11.660-0600][gc,heap     ] GC(7) Humongous regions: 129->129
[2025-01-03T10:40:11.660-0600][gc,metaspace] GC(7) Metaspace: 42083K(42688K)->42083K(42688K) NonClass: 36956K(37312K)->36956K(37312K) Class: 5126K(5376K)->5126K(5376K)
[2025-01-03T10:40:11.660-0600][gc          ] GC(7) Pause Young (Prepare Mixed) (G1 Evacuation Pause) 195M->149M(1024M) 7.261ms
[2025-01-03T10:40:11.660-0600][gc,cpu      ] GC(7) User=0.02s Sys=0.00s Real=0.01s
[2025-01-03T10:42:35.274-0600][gc,start    ] GC(8) Pause Young (Mixed) (G1 Evacuation Pause)
[2025-01-03T10:42:35.274-0600][gc,task     ] GC(8) Using 9 workers of 9 for evacuation
[2025-01-03T10:42:35.291-0600][gc,phases   ] GC(8)   Pre Evacuate Collection Set: 0.67ms
[2025-01-03T10:42:35.291-0600][gc,phases   ] GC(8)   Merge Heap Roots: 0.14ms
[2025-01-03T10:42:35.291-0600][gc,phases   ] GC(8)   Evacuate Collection Set: 15.00ms
[2025-01-03T10:42:35.291-0600][gc,phases   ] GC(8)   Post Evacuate Collection Set: 0.97ms
[2025-01-03T10:42:35.291-0600][gc,phases   ] GC(8)   Other: 0.44ms
[2025-01-03T10:42:35.291-0600][gc,heap     ] GC(8) Eden regions: 46->0(46)
[2025-01-03T10:42:35.292-0600][gc,heap     ] GC(8) Survivor regions: 5->5(7)
[2025-01-03T10:42:35.292-0600][gc,heap     ] GC(8) Old regions: 16->20
[2025-01-03T10:42:35.292-0600][gc,heap     ] GC(8) Humongous regions: 129->129
[2025-01-03T10:42:35.292-0600][gc,metaspace] GC(8) Metaspace: 43169K(43776K)->43169K(43776K) NonClass: 38005K(38336K)->38005K(38336K) Class: 5164K(5440K)->5164K(5440K)
[2025-01-03T10:42:35.292-0600][gc          ] GC(8) Pause Young (Mixed) (G1 Evacuation Pause) 195M->153M(1024M) 18.064ms
[2025-01-03T10:42:35.292-0600][gc,cpu      ] GC(8) User=0.04s Sys=0.02s Real=0.02s
[2025-01-03T10:45:32.413-0600][gc,start    ] GC(9) Pause Young (Normal) (G1 Evacuation Pause)
[2025-01-03T10:45:32.414-0600][gc,task     ] GC(9) Using 9 workers of 9 for evacuation
[2025-01-03T10:45:32.421-0600][gc,phases   ] GC(9)   Pre Evacuate Collection Set: 0.79ms
[2025-01-03T10:45:32.421-0600][gc,phases   ] GC(9)   Merge Heap Roots: 0.16ms
[2025-01-03T10:45:32.421-0600][gc,phases   ] GC(9)   Evacuate Collection Set: 6.02ms
[2025-01-03T10:45:32.421-0600][gc,phases   ] GC(9)   Post Evacuate Collection Set: 0.50ms
[2025-01-03T10:45:32.421-0600][gc,phases   ] GC(9)   Other: 0.20ms
[2025-01-03T10:45:32.421-0600][gc,heap     ] GC(9) Eden regions: 46->0(48)
[2025-01-03T10:45:32.422-0600][gc,heap     ] GC(9) Survivor regions: 5->3(7)
[2025-01-03T10:45:32.422-0600][gc,heap     ] GC(9) Old regions: 20->23
[2025-01-03T10:45:32.422-0600][gc,heap     ] GC(9) Humongous regions: 129->129
[2025-01-03T10:45:32.422-0600][gc,metaspace] GC(9) Metaspace: 43396K(44032K)->43396K(44032K) NonClass: 38198K(38528K)->38198K(38528K) Class: 5198K(5504K)->5198K(5504K)
[2025-01-03T10:45:32.422-0600][gc          ] GC(9) Pause Young (Normal) (G1 Evacuation Pause) 199M->154M(1024M) 8.400ms
[2025-01-03T10:45:32.422-0600][gc,cpu      ] GC(9) User=0.02s Sys=0.01s Real=0.01s
[2025-01-03T10:48:01.400-0600][gc,start    ] GC(10) Pause Young (Normal) (G1 Evacuation Pause)
[2025-01-03T10:48:01.400-0600][gc,task     ] GC(10) Using 9 workers of 9 for evacuation
[2025-01-03T10:48:01.414-0600][gc,phases   ] GC(10)   Pre Evacuate Collection Set: 1.17ms
[2025-01-03T10:48:01.414-0600][gc,phases   ] GC(10)   Merge Heap Roots: 0.25ms
[2025-01-03T10:48:01.414-0600][gc,phases   ] GC(10)   Evacuate Collection Set: 11.39ms
[2025-01-03T10:48:01.414-0600][gc,phases   ] GC(10)   Post Evacuate Collection Set: 0.61ms
[2025-01-03T10:48:01.414-0600][gc,phases   ] GC(10)   Other: 0.31ms
[2025-01-03T10:48:01.414-0600][gc,heap     ] GC(10) Eden regions: 48->0(44)
[2025-01-03T10:48:01.414-0600][gc,heap     ] GC(10) Survivor regions: 3->7(7)
[2025-01-03T10:48:01.414-0600][gc,heap     ] GC(10) Old regions: 23->23
[2025-01-03T10:48:01.414-0600][gc,heap     ] GC(10) Humongous regions: 129->129
[2025-01-03T10:48:01.414-0600][gc,metaspace] GC(10) Metaspace: 43615K(44224K)->43615K(44224K) NonClass: 38379K(38720K)->38379K(38720K) Class: 5235K(5504K)->5235K(5504K)
[2025-01-03T10:48:01.415-0600][gc          ] GC(10) Pause Young (Normal) (G1 Evacuation Pause) 202M->157M(1024M) 14.788ms
[2025-01-03T10:48:01.415-0600][gc,cpu      ] GC(10) User=0.05s Sys=0.02s Real=0.01s
[2025-01-03T10:50:22.269-0600][gc,start    ] GC(11) Pause Young (Normal) (G1 Evacuation Pause)
[2025-01-03T10:50:22.270-0600][gc,task     ] GC(11) Using 9 workers of 9 for evacuation
[2025-01-03T10:50:22.285-0600][gc,phases   ] GC(11)   Pre Evacuate Collection Set: 1.56ms
[2025-01-03T10:50:22.285-0600][gc,phases   ] GC(11)   Merge Heap Roots: 0.40ms
[2025-01-03T10:50:22.285-0600][gc,phases   ] GC(11)   Evacuate Collection Set: 12.11ms
[2025-01-03T10:50:22.285-0600][gc,phases   ] GC(11)   Post Evacuate Collection Set: 0.69ms
[2025-01-03T10:50:22.285-0600][gc,phases   ] GC(11)   Other: 0.32ms
[2025-01-03T10:50:22.285-0600][gc,heap     ] GC(11) Eden regions: 44->0(48)
[2025-01-03T10:50:22.285-0600][gc,heap     ] GC(11) Survivor regions: 7->3(7)
[2025-01-03T10:50:22.285-0600][gc,heap     ] GC(11) Old regions: 23->27
[2025-01-03T10:50:22.286-0600][gc,heap     ] GC(11) Humongous regions: 129->129
[2025-01-03T10:50:22.286-0600][gc,metaspace] GC(11) Metaspace: 43695K(44416K)->43695K(44416K) NonClass: 38443K(38848K)->38443K(38848K) Class: 5252K(5568K)->5252K(5568K)
[2025-01-03T10:50:22.286-0600][gc          ] GC(11) Pause Young (Normal) (G1 Evacuation Pause) 201M->158M(1024M) 16.334ms
[2025-01-03T10:50:22.286-0600][gc,cpu      ] GC(11) User=0.05s Sys=0.02s Real=0.02s
[2025-01-03T10:53:28.503-0600][gc,start    ] GC(12) Pause Young (Normal) (G1 Evacuation Pause)
[2025-01-03T10:53:28.504-0600][gc,task     ] GC(12) Using 9 workers of 9 for evacuation
[2025-01-03T10:53:28.517-0600][gc,phases   ] GC(12)   Pre Evacuate Collection Set: 0.86ms
[2025-01-03T10:53:28.517-0600][gc,phases   ] GC(12)   Merge Heap Roots: 0.20ms
[2025-01-03T10:53:28.517-0600][gc,phases   ] GC(12)   Evacuate Collection Set: 11.11ms
[2025-01-03T10:53:28.517-0600][gc,phases   ] GC(12)   Post Evacuate Collection Set: 0.49ms
[2025-01-03T10:53:28.517-0600][gc,phases   ] GC(12)   Other: 0.28ms
[2025-01-03T10:53:28.517-0600][gc,heap     ] GC(12) Eden regions: 48->0(44)
[2025-01-03T10:53:28.517-0600][gc,heap     ] GC(12) Survivor regions: 3->7(7)
[2025-01-03T10:53:28.517-0600][gc,heap     ] GC(12) Old regions: 27->27
[2025-01-03T10:53:28.517-0600][gc,heap     ] GC(12) Humongous regions: 129->129
[2025-01-03T10:53:28.517-0600][gc,metaspace] GC(12) Metaspace: 43807K(44480K)->43807K(44480K) NonClass: 38536K(38912K)->38536K(38912K) Class: 5270K(5568K)->5270K(5568K)
[2025-01-03T10:53:28.517-0600][gc          ] GC(12) Pause Young (Normal) (G1 Evacuation Pause) 206M->162M(1024M) 14.456ms
[2025-01-03T10:53:28.517-0600][gc,cpu      ] GC(12) User=0.04s Sys=0.03s Real=0.01s
[2025-01-03T10:53:34.679-0600][gc,heap,exit] Heap
[2025-01-03T10:53:34.680-0600][gc,heap,exit]  garbage-first heap   total reserved 1048576K, committed 1048576K, used 178604K [0x00000007c0000000, 0x0000000800000000)
[2025-01-03T10:53:34.680-0600][gc,heap,exit]   region size 1024K, 19 young (19456K), 7 survivors (7168K)
[2025-01-03T10:53:34.680-0600][gc,heap,exit]  Metaspace       used 44766K, committed 45440K, reserved 1114112K
[2025-01-03T10:53:34.680-0600][gc,heap,exit]   class space    used 5463K, committed 5760K, reserved 1048576K
