[2025-01-08T18:39:44.037-0600][gc,init] CardTable entry size: 512
[2025-01-08T18:39:44.037-0600][gc     ] Using G1
[2025-01-08T18:39:44.038-0600][gc,init] Version: 23+37-2369 (release)
[2025-01-08T18:39:44.038-0600][gc,init] CPUs: 11 total, 11 available
[2025-01-08T18:39:44.038-0600][gc,init] Memory: 18432M
[2025-01-08T18:39:44.038-0600][gc,init] Large Page Support: Disabled
[2025-01-08T18:39:44.038-0600][gc,init] NUMA Support: Disabled
[2025-01-08T18:39:44.038-0600][gc,init] Compressed Oops: Enabled (Zero based)
[2025-01-08T18:39:44.038-0600][gc,init] Heap Region Size: 1M
[2025-01-08T18:39:44.038-0600][gc,init] Heap Min Capacity: 1G
[2025-01-08T18:39:44.038-0600][gc,init] Heap Initial Capacity: 1G
[2025-01-08T18:39:44.038-0600][gc,init] Heap Max Capacity: 1G
[2025-01-08T18:39:44.038-0600][gc,init] Pre-touch: Disabled
[2025-01-08T18:39:44.038-0600][gc,init] Parallel Workers: 9
[2025-01-08T18:39:44.038-0600][gc,init] Concurrent Workers: 2
[2025-01-08T18:39:44.038-0600][gc,init] Concurrent Refinement Workers: 9
[2025-01-08T18:39:44.038-0600][gc,init] Periodic GC: Disabled
[2025-01-08T18:39:44.041-0600][gc,metaspace] CDS archive(s) mapped at: [0x00000ff800000000-0x00000ff800d94000-0x00000ff800d94000), size 14237696, SharedBaseAddress: 0x00000ff800000000, ArchiveRelocationMode: 1.
[2025-01-08T18:39:44.041-0600][gc,metaspace] Compressed class space mapped at: 0x00000ff801000000-0x00000ff841000000, reserved size: 1073741824
[2025-01-08T18:39:44.041-0600][gc,metaspace] Narrow klass base: 0x00000ff800000000, Narrow klass shift: 0, Narrow klass range: 0x100000000
[2025-01-08T18:39:44.578-0600][gc,start    ] GC(0) Pause Young (Normal) (G1 Evacuation Pause)
[2025-01-08T18:39:44.579-0600][gc,task     ] GC(0) Using 9 workers of 9 for evacuation
[2025-01-08T18:39:44.581-0600][gc,phases   ] GC(0)   Pre Evacuate Collection Set: 0.11ms
[2025-01-08T18:39:44.581-0600][gc,phases   ] GC(0)   Merge Heap Roots: 0.03ms
[2025-01-08T18:39:44.581-0600][gc,phases   ] GC(0)   Evacuate Collection Set: 1.63ms
[2025-01-08T18:39:44.581-0600][gc,phases   ] GC(0)   Post Evacuate Collection Set: 0.17ms
[2025-01-08T18:39:44.581-0600][gc,phases   ] GC(0)   Other: 0.25ms
[2025-01-08T18:39:44.581-0600][gc,heap     ] GC(0) Eden regions: 51->0(44)
[2025-01-08T18:39:44.581-0600][gc,heap     ] GC(0) Survivor regions: 0->7(7)
[2025-01-08T18:39:44.581-0600][gc,heap     ] GC(0) Old regions: 2->3
[2025-01-08T18:39:44.581-0600][gc,heap     ] GC(0) Humongous regions: 0->0
[2025-01-08T18:39:44.581-0600][gc,metaspace] GC(0) Metaspace: 16676K(16960K)->16676K(16960K) NonClass: 14647K(14784K)->14647K(14784K) Class: 2028K(2176K)->2028K(2176K)
[2025-01-08T18:39:44.581-0600][gc          ] GC(0) Pause Young (Normal) (G1 Evacuation Pause) 52M->9M(1024M) 2.385ms
[2025-01-08T18:39:44.581-0600][gc,cpu      ] GC(0) User=0.01s Sys=0.01s Real=0.01s
[2025-01-08T18:39:44.693-0600][gc,start    ] GC(1) Pause Young (Concurrent Start) (Metadata GC Threshold)
[2025-01-08T18:39:44.693-0600][gc,task     ] GC(1) Using 9 workers of 9 for evacuation
[2025-01-08T18:39:44.695-0600][gc,phases   ] GC(1)   Pre Evacuate Collection Set: 0.11ms
[2025-01-08T18:39:44.695-0600][gc,phases   ] GC(1)   Merge Heap Roots: 0.03ms
[2025-01-08T18:39:44.695-0600][gc,phases   ] GC(1)   Evacuate Collection Set: 1.59ms
[2025-01-08T18:39:44.695-0600][gc,phases   ] GC(1)   Post Evacuate Collection Set: 0.16ms
[2025-01-08T18:39:44.695-0600][gc,phases   ] GC(1)   Other: 0.05ms
[2025-01-08T18:39:44.695-0600][gc,heap     ] GC(1) Eden regions: 20->0(49)
[2025-01-08T18:39:44.695-0600][gc,heap     ] GC(1) Survivor regions: 7->2(7)
[2025-01-08T18:39:44.695-0600][gc,heap     ] GC(1) Old regions: 3->11
[2025-01-08T18:39:44.695-0600][gc,heap     ] GC(1) Humongous regions: 0->0
[2025-01-08T18:39:44.695-0600][gc,metaspace] GC(1) Metaspace: 21315K(21504K)->21315K(21504K) NonClass: 18713K(18816K)->18713K(18816K) Class: 2601K(2688K)->2601K(2688K)
[2025-01-08T18:39:44.695-0600][gc          ] GC(1) Pause Young (Concurrent Start) (Metadata GC Threshold) 28M->10M(1024M) 2.088ms
[2025-01-08T18:39:44.695-0600][gc          ] GC(2) Concurrent Mark Cycle
[2025-01-08T18:39:44.695-0600][gc,cpu      ] GC(1) User=0.01s Sys=0.01s Real=0.00s
[2025-01-08T18:39:44.695-0600][gc,marking  ] GC(2) Concurrent Scan Root Regions
[2025-01-08T18:39:44.696-0600][gc,marking  ] GC(2) Concurrent Scan Root Regions 1.006ms
[2025-01-08T18:39:44.696-0600][gc,marking  ] GC(2) Concurrent Mark
[2025-01-08T18:39:44.696-0600][gc,marking  ] GC(2) Concurrent Mark From Roots
[2025-01-08T18:39:44.696-0600][gc,task     ] GC(2) Using 2 workers of 2 for marking
[2025-01-08T18:39:44.697-0600][gc,marking  ] GC(2) Concurrent Mark From Roots 0.525ms
[2025-01-08T18:39:44.697-0600][gc,marking  ] GC(2) Concurrent Preclean
[2025-01-08T18:39:44.697-0600][gc,marking  ] GC(2) Concurrent Preclean 0.148ms
[2025-01-08T18:39:44.697-0600][gc,start    ] GC(2) Pause Remark
[2025-01-08T18:39:44.698-0600][gc          ] GC(2) Pause Remark 11M->11M(1024M) 0.850ms
[2025-01-08T18:39:44.698-0600][gc,cpu      ] GC(2) User=0.01s Sys=0.00s Real=0.00s
[2025-01-08T18:39:44.698-0600][gc,marking  ] GC(2) Concurrent Mark 1.840ms
[2025-01-08T18:39:44.698-0600][gc,marking  ] GC(2) Concurrent Rebuild Remembered Sets and Scrub Regions
[2025-01-08T18:39:44.699-0600][gc,marking  ] GC(2) Concurrent Rebuild Remembered Sets and Scrub Regions 0.973ms
[2025-01-08T18:39:44.699-0600][gc,start    ] GC(2) Pause Cleanup
[2025-01-08T18:39:44.699-0600][gc          ] GC(2) Pause Cleanup 11M->11M(1024M) 0.018ms
[2025-01-08T18:39:44.699-0600][gc,cpu      ] GC(2) User=0.00s Sys=0.00s Real=0.00s
[2025-01-08T18:39:44.699-0600][gc,marking  ] GC(2) Concurrent Clear Claimed Marks
[2025-01-08T18:39:44.699-0600][gc,marking  ] GC(2) Concurrent Clear Claimed Marks 0.009ms
[2025-01-08T18:39:44.699-0600][gc,marking  ] GC(2) Concurrent Cleanup for Next Mark
[2025-01-08T18:39:44.700-0600][gc,marking  ] GC(2) Concurrent Cleanup for Next Mark 0.799ms
[2025-01-08T18:39:44.700-0600][gc          ] GC(2) Concurrent Mark Cycle 4.804ms
[2025-01-08T18:39:44.957-0600][gc,start    ] GC(3) Pause Young (Prepare Mixed) (G1 Evacuation Pause)
[2025-01-08T18:39:44.957-0600][gc,task     ] GC(3) Using 9 workers of 9 for evacuation
[2025-01-08T18:39:44.959-0600][gc,phases   ] GC(3)   Pre Evacuate Collection Set: 0.12ms
[2025-01-08T18:39:44.959-0600][gc,phases   ] GC(3)   Merge Heap Roots: 0.03ms
[2025-01-08T18:39:44.959-0600][gc,phases   ] GC(3)   Evacuate Collection Set: 1.45ms
[2025-01-08T18:39:44.959-0600][gc,phases   ] GC(3)   Post Evacuate Collection Set: 0.15ms
[2025-01-08T18:39:44.959-0600][gc,phases   ] GC(3)   Other: 0.04ms
[2025-01-08T18:39:44.959-0600][gc,heap     ] GC(3) Eden regions: 49->0(44)
[2025-01-08T18:39:44.959-0600][gc,heap     ] GC(3) Survivor regions: 2->7(7)
[2025-01-08T18:39:44.959-0600][gc,heap     ] GC(3) Old regions: 11->11
[2025-01-08T18:39:44.959-0600][gc,heap     ] GC(3) Humongous regions: 129->129
[2025-01-08T18:39:44.959-0600][gc,metaspace] GC(3) Metaspace: 32603K(32832K)->32603K(32832K) NonClass: 28961K(29120K)->28961K(29120K) Class: 3642K(3712K)->3642K(3712K)
[2025-01-08T18:39:44.959-0600][gc          ] GC(3) Pause Young (Prepare Mixed) (G1 Evacuation Pause) 188M->144M(1024M) 1.913ms
[2025-01-08T18:39:44.959-0600][gc,cpu      ] GC(3) User=0.01s Sys=0.01s Real=0.00s
[2025-01-08T18:39:45.098-0600][gc,start    ] GC(4) Pause Young (Mixed) (Metadata GC Threshold)
[2025-01-08T18:39:45.099-0600][gc,task     ] GC(4) Using 9 workers of 9 for evacuation
[2025-01-08T18:39:45.101-0600][gc,phases   ] GC(4)   Pre Evacuate Collection Set: 0.13ms
[2025-01-08T18:39:45.101-0600][gc,phases   ] GC(4)   Merge Heap Roots: 0.02ms
[2025-01-08T18:39:45.101-0600][gc,phases   ] GC(4)   Evacuate Collection Set: 1.73ms
[2025-01-08T18:39:45.101-0600][gc,phases   ] GC(4)   Post Evacuate Collection Set: 0.14ms
[2025-01-08T18:39:45.101-0600][gc,phases   ] GC(4)   Other: 0.04ms
[2025-01-08T18:39:45.101-0600][gc,heap     ] GC(4) Eden regions: 13->0(49)
[2025-01-08T18:39:45.101-0600][gc,heap     ] GC(4) Survivor regions: 7->2(7)
[2025-01-08T18:39:45.101-0600][gc,heap     ] GC(4) Old regions: 11->17
[2025-01-08T18:39:45.101-0600][gc,heap     ] GC(4) Humongous regions: 129->129
[2025-01-08T18:39:45.101-0600][gc,metaspace] GC(4) Metaspace: 35679K(35968K)->35679K(35968K) NonClass: 31622K(31744K)->31622K(31744K) Class: 4057K(4224K)->4057K(4224K)
[2025-01-08T18:39:45.101-0600][gc          ] GC(4) Pause Young (Mixed) (Metadata GC Threshold) (Evacuation Failure: Pinned) 157M->146M(1024M) 2.247ms
[2025-01-08T18:39:45.101-0600][gc,cpu      ] GC(4) User=0.01s Sys=0.01s Real=0.01s
[2025-01-08T18:39:45.106-0600][gc,start    ] GC(5) Pause Young (Concurrent Start) (Metadata GC Threshold)
[2025-01-08T18:39:45.106-0600][gc,task     ] GC(5) Using 9 workers of 9 for evacuation
[2025-01-08T18:39:45.107-0600][gc,phases   ] GC(5)   Pre Evacuate Collection Set: 0.17ms
[2025-01-08T18:39:45.107-0600][gc,phases   ] GC(5)   Merge Heap Roots: 0.04ms
[2025-01-08T18:39:45.107-0600][gc,phases   ] GC(5)   Evacuate Collection Set: 0.39ms
[2025-01-08T18:39:45.107-0600][gc,phases   ] GC(5)   Post Evacuate Collection Set: 0.14ms
[2025-01-08T18:39:45.107-0600][gc,phases   ] GC(5)   Other: 0.05ms
[2025-01-08T18:39:45.107-0600][gc,heap     ] GC(5) Eden regions: 2->0(50)
[2025-01-08T18:39:45.107-0600][gc,heap     ] GC(5) Survivor regions: 2->1(7)
[2025-01-08T18:39:45.107-0600][gc,heap     ] GC(5) Old regions: 17->16
[2025-01-08T18:39:45.107-0600][gc,heap     ] GC(5) Humongous regions: 129->129
[2025-01-08T18:39:45.107-0600][gc,metaspace] GC(5) Metaspace: 35990K(36288K)->35990K(36288K) NonClass: 31883K(32064K)->31883K(32064K) Class: 4107K(4224K)->4107K(4224K)
[2025-01-08T18:39:45.107-0600][gc          ] GC(5) Pause Young (Concurrent Start) (Metadata GC Threshold) 147M->145M(1024M) 0.938ms
[2025-01-08T18:39:45.107-0600][gc,cpu      ] GC(5) User=0.01s Sys=0.00s Real=0.00s
[2025-01-08T18:39:45.107-0600][gc          ] GC(6) Concurrent Mark Cycle
[2025-01-08T18:39:45.107-0600][gc,marking  ] GC(6) Concurrent Scan Root Regions
[2025-01-08T18:39:45.108-0600][gc,marking  ] GC(6) Concurrent Scan Root Regions 0.605ms
[2025-01-08T18:39:45.108-0600][gc,marking  ] GC(6) Concurrent Mark
[2025-01-08T18:39:45.108-0600][gc,marking  ] GC(6) Concurrent Mark From Roots
[2025-01-08T18:39:45.108-0600][gc,task     ] GC(6) Using 2 workers of 2 for marking
[2025-01-08T18:39:45.113-0600][gc,marking  ] GC(6) Concurrent Mark From Roots 4.516ms
[2025-01-08T18:39:45.113-0600][gc,marking  ] GC(6) Concurrent Preclean
[2025-01-08T18:39:45.113-0600][gc,marking  ] GC(6) Concurrent Preclean 0.031ms
[2025-01-08T18:39:45.113-0600][gc,start    ] GC(6) Pause Remark
[2025-01-08T18:39:45.114-0600][gc          ] GC(6) Pause Remark 146M->146M(1024M) 1.082ms
[2025-01-08T18:39:45.114-0600][gc,cpu      ] GC(6) User=0.00s Sys=0.00s Real=0.00s
[2025-01-08T18:39:45.114-0600][gc,marking  ] GC(6) Concurrent Mark 5.873ms
[2025-01-08T18:39:45.114-0600][gc,marking  ] GC(6) Concurrent Rebuild Remembered Sets and Scrub Regions
[2025-01-08T18:39:45.116-0600][gc,marking  ] GC(6) Concurrent Rebuild Remembered Sets and Scrub Regions 2.103ms
[2025-01-08T18:39:45.116-0600][gc,start    ] GC(6) Pause Cleanup
[2025-01-08T18:39:45.116-0600][gc          ] GC(6) Pause Cleanup 147M->147M(1024M) 0.037ms
[2025-01-08T18:39:45.116-0600][gc,cpu      ] GC(6) User=0.00s Sys=0.00s Real=0.00s
[2025-01-08T18:39:45.116-0600][gc,marking  ] GC(6) Concurrent Clear Claimed Marks
[2025-01-08T18:39:45.116-0600][gc,marking  ] GC(6) Concurrent Clear Claimed Marks 0.016ms
[2025-01-08T18:39:45.116-0600][gc,marking  ] GC(6) Concurrent Cleanup for Next Mark
[2025-01-08T18:39:45.117-0600][gc,marking  ] GC(6) Concurrent Cleanup for Next Mark 0.819ms
[2025-01-08T18:39:45.117-0600][gc          ] GC(6) Concurrent Mark Cycle 9.634ms
[2025-01-08T18:40:12.754-0600][gc,start    ] GC(7) Pause Young (Prepare Mixed) (G1 Evacuation Pause)
[2025-01-08T18:40:12.754-0600][gc,task     ] GC(7) Using 9 workers of 9 for evacuation
[2025-01-08T18:40:12.761-0600][gc,phases   ] GC(7)   Pre Evacuate Collection Set: 0.31ms
[2025-01-08T18:40:12.761-0600][gc,phases   ] GC(7)   Merge Heap Roots: 0.10ms
[2025-01-08T18:40:12.761-0600][gc,phases   ] GC(7)   Evacuate Collection Set: 5.15ms
[2025-01-08T18:40:12.761-0600][gc,phases   ] GC(7)   Post Evacuate Collection Set: 0.82ms
[2025-01-08T18:40:12.761-0600][gc,phases   ] GC(7)   Other: 0.22ms
[2025-01-08T18:40:12.761-0600][gc,heap     ] GC(7) Eden regions: 50->0(46)
[2025-01-08T18:40:12.761-0600][gc,heap     ] GC(7) Survivor regions: 1->5(7)
[2025-01-08T18:40:12.761-0600][gc,heap     ] GC(7) Old regions: 16->16
[2025-01-08T18:40:12.761-0600][gc,heap     ] GC(7) Humongous regions: 129->129
[2025-01-08T18:40:12.761-0600][gc,metaspace] GC(7) Metaspace: 42004K(42560K)->42004K(42560K) NonClass: 36908K(37248K)->36908K(37248K) Class: 5096K(5312K)->5096K(5312K)
[2025-01-08T18:40:12.761-0600][gc          ] GC(7) Pause Young (Prepare Mixed) (G1 Evacuation Pause) 195M->149M(1024M) 7.200ms
[2025-01-08T18:40:12.761-0600][gc,cpu      ] GC(7) User=0.03s Sys=0.00s Real=0.01s
[2025-01-08T18:43:20.783-0600][gc,start    ] GC(8) Pause Young (Mixed) (G1 Evacuation Pause)
[2025-01-08T18:43:20.785-0600][gc,task     ] GC(8) Using 9 workers of 9 for evacuation
[2025-01-08T18:43:20.803-0600][gc,phases   ] GC(8)   Pre Evacuate Collection Set: 1.09ms
[2025-01-08T18:43:20.803-0600][gc,phases   ] GC(8)   Merge Heap Roots: 0.35ms
[2025-01-08T18:43:20.803-0600][gc,phases   ] GC(8)   Evacuate Collection Set: 14.96ms
[2025-01-08T18:43:20.803-0600][gc,phases   ] GC(8)   Post Evacuate Collection Set: 1.11ms
[2025-01-08T18:43:20.803-0600][gc,phases   ] GC(8)   Other: 0.39ms
[2025-01-08T18:43:20.803-0600][gc,heap     ] GC(8) Eden regions: 46->0(48)
[2025-01-08T18:43:20.803-0600][gc,heap     ] GC(8) Survivor regions: 5->3(7)
[2025-01-08T18:43:20.803-0600][gc,heap     ] GC(8) Old regions: 16->21
[2025-01-08T18:43:20.803-0600][gc,heap     ] GC(8) Humongous regions: 129->129
[2025-01-08T18:43:20.803-0600][gc,metaspace] GC(8) Metaspace: 42894K(43520K)->42894K(43520K) NonClass: 37738K(38080K)->37738K(38080K) Class: 5156K(5440K)->5156K(5440K)
[2025-01-08T18:43:20.803-0600][gc          ] GC(8) Pause Young (Mixed) (G1 Evacuation Pause) 195M->151M(1024M) 19.943ms
[2025-01-08T18:43:20.803-0600][gc,cpu      ] GC(8) User=0.03s Sys=0.02s Real=0.02s
[2025-01-08T18:47:04.277-0600][gc,start    ] GC(9) Pause Young (Normal) (G1 Evacuation Pause)
[2025-01-08T18:47:04.278-0600][gc,task     ] GC(9) Using 9 workers of 9 for evacuation
[2025-01-08T18:47:04.284-0600][gc,phases   ] GC(9)   Pre Evacuate Collection Set: 0.74ms
[2025-01-08T18:47:04.284-0600][gc,phases   ] GC(9)   Merge Heap Roots: 0.15ms
[2025-01-08T18:47:04.284-0600][gc,phases   ] GC(9)   Evacuate Collection Set: 4.83ms
[2025-01-08T18:47:04.284-0600][gc,phases   ] GC(9)   Post Evacuate Collection Set: 0.43ms
[2025-01-08T18:47:04.284-0600][gc,phases   ] GC(9)   Other: 0.18ms
[2025-01-08T18:47:04.284-0600][gc,heap     ] GC(9) Eden regions: 48->0(45)
[2025-01-08T18:47:04.284-0600][gc,heap     ] GC(9) Survivor regions: 3->6(7)
[2025-01-08T18:47:04.284-0600][gc,heap     ] GC(9) Old regions: 21->21
[2025-01-08T18:47:04.284-0600][gc,heap     ] GC(9) Humongous regions: 129->129
[2025-01-08T18:47:04.284-0600][gc,metaspace] GC(9) Metaspace: 42979K(43584K)->42979K(43584K) NonClass: 37816K(38144K)->37816K(38144K) Class: 5162K(5440K)->5162K(5440K)
[2025-01-08T18:47:04.284-0600][gc          ] GC(9) Pause Young (Normal) (G1 Evacuation Pause) 199M->154M(1024M) 7.754ms
[2025-01-08T18:47:04.284-0600][gc,cpu      ] GC(9) User=0.02s Sys=0.02s Real=0.01s
[2025-01-08T18:50:42.188-0600][gc,start    ] GC(10) Pause Young (Normal) (G1 Evacuation Pause)
[2025-01-08T18:50:42.189-0600][gc,task     ] GC(10) Using 9 workers of 9 for evacuation
[2025-01-08T18:50:42.197-0600][gc,phases   ] GC(10)   Pre Evacuate Collection Set: 0.61ms
[2025-01-08T18:50:42.197-0600][gc,phases   ] GC(10)   Merge Heap Roots: 0.15ms
[2025-01-08T18:50:42.197-0600][gc,phases   ] GC(10)   Evacuate Collection Set: 6.96ms
[2025-01-08T18:50:42.197-0600][gc,phases   ] GC(10)   Post Evacuate Collection Set: 0.30ms
[2025-01-08T18:50:42.197-0600][gc,phases   ] GC(10)   Other: 0.14ms
[2025-01-08T18:50:42.197-0600][gc,heap     ] GC(10) Eden regions: 45->0(46)
[2025-01-08T18:50:42.197-0600][gc,heap     ] GC(10) Survivor regions: 6->5(7)
[2025-01-08T18:50:42.197-0600][gc,heap     ] GC(10) Old regions: 21->24
[2025-01-08T18:50:42.197-0600][gc,heap     ] GC(10) Humongous regions: 129->129
[2025-01-08T18:50:42.197-0600][gc,metaspace] GC(10) Metaspace: 43052K(43648K)->43052K(43648K) NonClass: 37878K(38208K)->37878K(38208K) Class: 5174K(5440K)->5174K(5440K)
[2025-01-08T18:50:42.197-0600][gc          ] GC(10) Pause Young (Normal) (G1 Evacuation Pause) 199M->157M(1024M) 9.233ms
[2025-01-08T18:50:42.197-0600][gc,cpu      ] GC(10) User=0.02s Sys=0.03s Real=0.01s
[2025-01-08T18:54:33.586-0600][gc,start    ] GC(11) Pause Young (Normal) (G1 Evacuation Pause)
[2025-01-08T18:54:33.586-0600][gc,task     ] GC(11) Using 9 workers of 9 for evacuation
[2025-01-08T18:54:33.592-0600][gc,phases   ] GC(11)   Pre Evacuate Collection Set: 0.69ms
[2025-01-08T18:54:33.592-0600][gc,phases   ] GC(11)   Merge Heap Roots: 0.21ms
[2025-01-08T18:54:33.592-0600][gc,phases   ] GC(11)   Evacuate Collection Set: 4.23ms
[2025-01-08T18:54:33.592-0600][gc,phases   ] GC(11)   Post Evacuate Collection Set: 0.26ms
[2025-01-08T18:54:33.592-0600][gc,phases   ] GC(11)   Other: 0.19ms
[2025-01-08T18:54:33.592-0600][gc,heap     ] GC(11) Eden regions: 46->0(47)
[2025-01-08T18:54:33.592-0600][gc,heap     ] GC(11) Survivor regions: 5->4(7)
[2025-01-08T18:54:33.592-0600][gc,heap     ] GC(11) Old regions: 24->26
[2025-01-08T18:54:33.592-0600][gc,heap     ] GC(11) Humongous regions: 129->129
[2025-01-08T18:54:33.592-0600][gc,metaspace] GC(11) Metaspace: 43102K(43776K)->43102K(43776K) NonClass: 37927K(38336K)->37927K(38336K) Class: 5174K(5440K)->5174K(5440K)
[2025-01-08T18:54:33.592-0600][gc          ] GC(11) Pause Young (Normal) (G1 Evacuation Pause) 203M->158M(1024M) 6.295ms
[2025-01-08T18:54:33.592-0600][gc,cpu      ] GC(11) User=0.02s Sys=0.01s Real=0.01s
[2025-01-08T18:58:42.916-0600][gc,start    ] GC(12) Pause Young (Normal) (G1 Evacuation Pause)
[2025-01-08T18:58:42.916-0600][gc,task     ] GC(12) Using 9 workers of 9 for evacuation
[2025-01-08T18:58:42.928-0600][gc,phases   ] GC(12)   Pre Evacuate Collection Set: 0.87ms
[2025-01-08T18:58:42.928-0600][gc,phases   ] GC(12)   Merge Heap Roots: 0.24ms
[2025-01-08T18:58:42.928-0600][gc,phases   ] GC(12)   Evacuate Collection Set: 9.30ms
[2025-01-08T18:58:42.928-0600][gc,phases   ] GC(12)   Post Evacuate Collection Set: 0.78ms
[2025-01-08T18:58:42.928-0600][gc,phases   ] GC(12)   Other: 0.20ms
[2025-01-08T18:58:42.928-0600][gc,heap     ] GC(12) Eden regions: 47->0(44)
[2025-01-08T18:58:42.928-0600][gc,heap     ] GC(12) Survivor regions: 4->7(7)
[2025-01-08T18:58:42.928-0600][gc,heap     ] GC(12) Old regions: 26->26
[2025-01-08T18:58:42.928-0600][gc,heap     ] GC(12) Humongous regions: 129->129
[2025-01-08T18:58:42.928-0600][gc,metaspace] GC(12) Metaspace: 43128K(43776K)->43128K(43776K) NonClass: 37954K(38336K)->37954K(38336K) Class: 5174K(5440K)->5174K(5440K)
[2025-01-08T18:58:42.928-0600][gc          ] GC(12) Pause Young (Normal) (G1 Evacuation Pause) 205M->161M(1024M) 12.340ms
[2025-01-08T18:58:42.928-0600][gc,cpu      ] GC(12) User=0.03s Sys=0.02s Real=0.01s
[2025-01-08T19:02:35.208-0600][gc,start    ] GC(13) Pause Young (Normal) (G1 Evacuation Pause)
[2025-01-08T19:02:35.208-0600][gc,task     ] GC(13) Using 9 workers of 9 for evacuation
[2025-01-08T19:02:35.211-0600][gc,phases   ] GC(13)   Pre Evacuate Collection Set: 0.26ms
[2025-01-08T19:02:35.212-0600][gc,phases   ] GC(13)   Merge Heap Roots: 0.08ms
[2025-01-08T19:02:35.212-0600][gc,phases   ] GC(13)   Evacuate Collection Set: 2.62ms
[2025-01-08T19:02:35.212-0600][gc,phases   ] GC(13)   Post Evacuate Collection Set: 0.33ms
[2025-01-08T19:02:35.212-0600][gc,phases   ] GC(13)   Other: 0.09ms
[2025-01-08T19:02:35.212-0600][gc,heap     ] GC(13) Eden regions: 44->0(62)
[2025-01-08T19:02:35.212-0600][gc,heap     ] GC(13) Survivor regions: 7->3(7)
[2025-01-08T19:02:35.212-0600][gc,heap     ] GC(13) Old regions: 26->31
[2025-01-08T19:02:35.212-0600][gc,heap     ] GC(13) Humongous regions: 129->129
[2025-01-08T19:02:35.212-0600][gc,metaspace] GC(13) Metaspace: 43152K(43776K)->43152K(43776K) NonClass: 37978K(38336K)->37978K(38336K) Class: 5174K(5440K)->5174K(5440K)
[2025-01-08T19:02:35.212-0600][gc          ] GC(13) Pause Young (Normal) (G1 Evacuation Pause) 205M->162M(1024M) 3.723ms
[2025-01-08T19:02:35.212-0600][gc,cpu      ] GC(13) User=0.02s Sys=0.00s Real=0.01s
[2025-01-08T19:08:39.606-0600][gc,start    ] GC(14) Pause Young (Normal) (G1 Evacuation Pause)
[2025-01-08T19:08:39.606-0600][gc,task     ] GC(14) Using 9 workers of 9 for evacuation
[2025-01-08T19:08:39.617-0600][gc,phases   ] GC(14)   Pre Evacuate Collection Set: 1.55ms
[2025-01-08T19:08:39.617-0600][gc,phases   ] GC(14)   Merge Heap Roots: 0.19ms
[2025-01-08T19:08:39.618-0600][gc,phases   ] GC(14)   Evacuate Collection Set: 8.13ms
[2025-01-08T19:08:39.618-0600][gc,phases   ] GC(14)   Post Evacuate Collection Set: 0.63ms
[2025-01-08T19:08:39.618-0600][gc,phases   ] GC(14)   Other: 0.54ms
[2025-01-08T19:08:39.618-0600][gc,heap     ] GC(14) Eden regions: 68->0(44)
[2025-01-08T19:08:39.618-0600][gc,heap     ] GC(14) Survivor regions: 3->7(9)
[2025-01-08T19:08:39.618-0600][gc,heap     ] GC(14) Old regions: 31->31
[2025-01-08T19:08:39.618-0600][gc,heap     ] GC(14) Humongous regions: 129->129
[2025-01-08T19:08:39.618-0600][gc,metaspace] GC(14) Metaspace: 43196K(43840K)->43196K(43840K) NonClass: 38022K(38400K)->38022K(38400K) Class: 5174K(5440K)->5174K(5440K)
[2025-01-08T19:08:39.618-0600][gc          ] GC(14) Pause Young (Normal) (G1 Evacuation Pause) 230M->165M(1024M) 12.134ms
[2025-01-08T19:08:39.618-0600][gc,cpu      ] GC(14) User=0.03s Sys=0.01s Real=0.01s
[2025-01-08T19:12:33.329-0600][gc,start    ] GC(15) Pause Young (Normal) (G1 Evacuation Pause)
[2025-01-08T19:12:33.330-0600][gc,task     ] GC(15) Using 9 workers of 9 for evacuation
[2025-01-08T19:12:33.343-0600][gc,phases   ] GC(15)   Pre Evacuate Collection Set: 1.05ms
[2025-01-08T19:12:33.344-0600][gc,phases   ] GC(15)   Merge Heap Roots: 0.17ms
[2025-01-08T19:12:33.344-0600][gc,phases   ] GC(15)   Evacuate Collection Set: 11.65ms
[2025-01-08T19:12:33.344-0600][gc,phases   ] GC(15)   Post Evacuate Collection Set: 0.82ms
[2025-01-08T19:12:33.344-0600][gc,phases   ] GC(15)   Other: 0.26ms
[2025-01-08T19:12:33.344-0600][gc,heap     ] GC(15) Eden regions: 44->0(53)
[2025-01-08T19:12:33.344-0600][gc,heap     ] GC(15) Survivor regions: 7->5(7)
[2025-01-08T19:12:33.344-0600][gc,heap     ] GC(15) Old regions: 31->36
[2025-01-08T19:12:33.344-0600][gc,heap     ] GC(15) Humongous regions: 129->129
[2025-01-08T19:12:33.344-0600][gc,metaspace] GC(15) Metaspace: 43220K(43840K)->43220K(43840K) NonClass: 38046K(38400K)->38046K(38400K) Class: 5174K(5440K)->5174K(5440K)
[2025-01-08T19:12:33.344-0600][gc          ] GC(15) Pause Young (Normal) (G1 Evacuation Pause) 209M->169M(1024M) 15.230ms
[2025-01-08T19:12:33.344-0600][gc,cpu      ] GC(15) User=0.04s Sys=0.02s Real=0.02s
[2025-01-08T19:17:08.434-0600][gc,start    ] GC(16) Pause Young (Normal) (G1 Evacuation Pause)
[2025-01-08T19:17:08.434-0600][gc,task     ] GC(16) Using 9 workers of 9 for evacuation
[2025-01-08T19:17:08.439-0600][gc,phases   ] GC(16)   Pre Evacuate Collection Set: 0.47ms
[2025-01-08T19:17:08.439-0600][gc,phases   ] GC(16)   Merge Heap Roots: 0.13ms
[2025-01-08T19:17:08.439-0600][gc,phases   ] GC(16)   Evacuate Collection Set: 4.13ms
[2025-01-08T19:17:08.439-0600][gc,phases   ] GC(16)   Post Evacuate Collection Set: 0.59ms
[2025-01-08T19:17:08.439-0600][gc,phases   ] GC(16)   Other: 0.10ms
[2025-01-08T19:17:08.440-0600][gc,heap     ] GC(16) Eden regions: 54->0(61)
[2025-01-08T19:17:08.440-0600][gc,heap     ] GC(16) Survivor regions: 5->6(8)
[2025-01-08T19:17:08.440-0600][gc,heap     ] GC(16) Old regions: 36->36
[2025-01-08T19:17:08.440-0600][gc,heap     ] GC(16) Humongous regions: 129->129
[2025-01-08T19:17:08.440-0600][gc,metaspace] GC(16) Metaspace: 43256K(43840K)->43256K(43840K) NonClass: 38078K(38400K)->38078K(38400K) Class: 5177K(5440K)->5177K(5440K)
[2025-01-08T19:17:08.440-0600][gc          ] GC(16) Pause Young (Normal) (G1 Evacuation Pause) 223M->170M(1024M) 5.818ms
[2025-01-08T19:17:08.440-0600][gc,cpu      ] GC(16) User=0.02s Sys=0.01s Real=0.01s
[2025-01-08T19:19:17.786-0600][gc,heap,exit] Heap
[2025-01-08T19:19:17.786-0600][gc,heap,exit]  garbage-first heap   total reserved 1048576K, committed 1048576K, used 213763K [0x00000007c0000000, 0x0000000800000000)
[2025-01-08T19:19:17.786-0600][gc,heap,exit]   region size 1024K, 44 young (45056K), 6 survivors (6144K)
[2025-01-08T19:19:17.786-0600][gc,heap,exit]  Metaspace       used 44279K, committed 44928K, reserved 1114112K
[2025-01-08T19:19:17.786-0600][gc,heap,exit]   class space    used 5382K, committed 5696K, reserved 1048576K
