[2025-01-03T11:40:27.607-0600][gc,init] CardTable entry size: 512
[2025-01-03T11:40:27.607-0600][gc     ] Using G1
[2025-01-03T11:40:27.607-0600][gc,init] Version: 23+37-2369 (release)
[2025-01-03T11:40:27.607-0600][gc,init] CPUs: 11 total, 11 available
[2025-01-03T11:40:27.607-0600][gc,init] Memory: 18432M
[2025-01-03T11:40:27.607-0600][gc,init] Large Page Support: Disabled
[2025-01-03T11:40:27.607-0600][gc,init] NUMA Support: Disabled
[2025-01-03T11:40:27.607-0600][gc,init] Compressed Oops: Enabled (Zero based)
[2025-01-03T11:40:27.607-0600][gc,init] Heap Region Size: 1M
[2025-01-03T11:40:27.607-0600][gc,init] Heap Min Capacity: 512M
[2025-01-03T11:40:27.607-0600][gc,init] Heap Initial Capacity: 512M
[2025-01-03T11:40:27.607-0600][gc,init] Heap Max Capacity: 512M
[2025-01-03T11:40:27.607-0600][gc,init] Pre-touch: Disabled
[2025-01-03T11:40:27.607-0600][gc,init] Parallel Workers: 9
[2025-01-03T11:40:27.607-0600][gc,init] Concurrent Workers: 2
[2025-01-03T11:40:27.607-0600][gc,init] Concurrent Refinement Workers: 9
[2025-01-03T11:40:27.607-0600][gc,init] Periodic GC: Disabled
[2025-01-03T11:40:27.611-0600][gc,metaspace] CDS archive(s) mapped at: [0x000000fe00000000-0x000000fe00d94000-0x000000fe00d94000), size 14237696, SharedBaseAddress: 0x000000fe00000000, ArchiveRelocationMode: 1.
[2025-01-03T11:40:27.611-0600][gc,metaspace] Compressed class space mapped at: 0x000000fe01000000-0x000000fe41000000, reserved size: 1073741824
[2025-01-03T11:40:27.611-0600][gc,metaspace] Narrow klass base: 0x000000fe00000000, Narrow klass shift: 0, Narrow klass range: 0x100000000
[2025-01-03T11:40:27.878-0600][gc,start    ] GC(0) Pause Young (Normal) (G1 Evacuation Pause)
[2025-01-03T11:40:27.879-0600][gc,task     ] GC(0) Using 9 workers of 9 for evacuation
[2025-01-03T11:40:27.881-0600][gc,phases   ] GC(0)   Pre Evacuate Collection Set: 0.09ms
[2025-01-03T11:40:27.881-0600][gc,phases   ] GC(0)   Merge Heap Roots: 0.04ms
[2025-01-03T11:40:27.881-0600][gc,phases   ] GC(0)   Evacuate Collection Set: 1.72ms
[2025-01-03T11:40:27.881-0600][gc,phases   ] GC(0)   Post Evacuate Collection Set: 0.29ms
[2025-01-03T11:40:27.881-0600][gc,phases   ] GC(0)   Other: 0.26ms
[2025-01-03T11:40:27.881-0600][gc,heap     ] GC(0) Eden regions: 25->0(21)
[2025-01-03T11:40:27.881-0600][gc,heap     ] GC(0) Survivor regions: 0->4(4)
[2025-01-03T11:40:27.881-0600][gc,heap     ] GC(0) Old regions: 2->7
[2025-01-03T11:40:27.881-0600][gc,heap     ] GC(0) Humongous regions: 0->0
[2025-01-03T11:40:27.881-0600][gc,metaspace] GC(0) Metaspace: 7506K(7744K)->7506K(7744K) NonClass: 6660K(6784K)->6660K(6784K) Class: 846K(960K)->846K(960K)
[2025-01-03T11:40:27.881-0600][gc          ] GC(0) Pause Young (Normal) (G1 Evacuation Pause) 26M->9M(512M) 2.567ms
[2025-01-03T11:40:27.881-0600][gc,cpu      ] GC(0) User=0.01s Sys=0.00s Real=0.01s
[2025-01-03T12:51:22.981-0600][gc,heap,exit] Heap
[2025-01-03T12:51:22.982-0600][gc,heap,exit]  garbage-first heap   total reserved 524288K, committed 524288K, used 26847K [0x00000007e0000000, 0x0000000800000000)
[2025-01-03T12:51:22.982-0600][gc,heap,exit]   region size 1024K, 21 young (21504K), 4 survivors (4096K)
[2025-01-03T12:51:22.982-0600][gc,heap,exit]  Metaspace       used 9456K, committed 9664K, reserved 1114112K
[2025-01-03T12:51:22.982-0600][gc,heap,exit]   class space    used 1008K, committed 1088K, reserved 1048576K
