[2025-01-21T09:45:33.261-0600][gc,init] CardTable entry size: 512
[2025-01-21T09:45:33.261-0600][gc     ] Using G1
[2025-01-21T09:45:33.262-0600][gc,init] Version: 23+37-2369 (release)
[2025-01-21T09:45:33.262-0600][gc,init] CPUs: 11 total, 11 available
[2025-01-21T09:45:33.262-0600][gc,init] Memory: 18432M
[2025-01-21T09:45:33.262-0600][gc,init] Large Page Support: Disabled
[2025-01-21T09:45:33.262-0600][gc,init] NUMA Support: Disabled
[2025-01-21T09:45:33.262-0600][gc,init] Compressed Oops: Enabled (Zero based)
[2025-01-21T09:45:33.262-0600][gc,init] Heap Region Size: 1M
[2025-01-21T09:45:33.262-0600][gc,init] Heap Min Capacity: 512M
[2025-01-21T09:45:33.262-0600][gc,init] Heap Initial Capacity: 512M
[2025-01-21T09:45:33.262-0600][gc,init] Heap Max Capacity: 512M
[2025-01-21T09:45:33.262-0600][gc,init] Pre-touch: Disabled
[2025-01-21T09:45:33.262-0600][gc,init] Parallel Workers: 9
[2025-01-21T09:45:33.262-0600][gc,init] Concurrent Workers: 2
[2025-01-21T09:45:33.262-0600][gc,init] Concurrent Refinement Workers: 9
[2025-01-21T09:45:33.262-0600][gc,init] Periodic GC: Disabled
[2025-01-21T09:45:33.266-0600][gc,metaspace] CDS archive(s) mapped at: [0x000007fe00000000-0x000007fe00d94000-0x000007fe00d94000), size 14237696, SharedBaseAddress: 0x000007fe00000000, ArchiveRelocationMode: 1.
[2025-01-21T09:45:33.266-0600][gc,metaspace] Compressed class space mapped at: 0x000007fe01000000-0x000007fe41000000, reserved size: 1073741824
[2025-01-21T09:45:33.266-0600][gc,metaspace] Narrow klass base: 0x000007fe00000000, Narrow klass shift: 0, Narrow klass range: 0x100000000
[2025-01-21T09:45:33.752-0600][gc,start    ] GC(0) Pause Young (Normal) (G1 Evacuation Pause)
[2025-01-21T09:45:33.752-0600][gc,task     ] GC(0) Using 9 workers of 9 for evacuation
[2025-01-21T09:45:33.754-0600][gc,phases   ] GC(0)   Pre Evacuate Collection Set: 0.11ms
[2025-01-21T09:45:33.754-0600][gc,phases   ] GC(0)   Merge Heap Roots: 0.04ms
[2025-01-21T09:45:33.754-0600][gc,phases   ] GC(0)   Evacuate Collection Set: 1.35ms
[2025-01-21T09:45:33.754-0600][gc,phases   ] GC(0)   Post Evacuate Collection Set: 0.18ms
[2025-01-21T09:45:33.754-0600][gc,phases   ] GC(0)   Other: 0.24ms
[2025-01-21T09:45:33.754-0600][gc,heap     ] GC(0) Eden regions: 25->0(21)
[2025-01-21T09:45:33.754-0600][gc,heap     ] GC(0) Survivor regions: 0->4(4)
[2025-01-21T09:45:33.754-0600][gc,heap     ] GC(0) Old regions: 2->7
[2025-01-21T09:45:33.754-0600][gc,heap     ] GC(0) Humongous regions: 0->0
[2025-01-21T09:45:33.754-0600][gc,metaspace] GC(0) Metaspace: 7511K(7744K)->7511K(7744K) NonClass: 6665K(6784K)->6665K(6784K) Class: 846K(960K)->846K(960K)
[2025-01-21T09:45:33.754-0600][gc          ] GC(0) Pause Young (Normal) (G1 Evacuation Pause) 26M->9M(512M) 2.131ms
[2025-01-21T09:45:33.754-0600][gc,cpu      ] GC(0) User=0.01s Sys=0.00s Real=0.00s
[2025-01-21T12:17:34.864-0600][gc,start    ] GC(1) Pause Young (Normal) (G1 Evacuation Pause)
[2025-01-21T12:17:34.864-0600][gc,task     ] GC(1) Using 9 workers of 9 for evacuation
[2025-01-21T12:17:34.882-0600][gc,phases   ] GC(1)   Pre Evacuate Collection Set: 0.63ms
[2025-01-21T12:17:34.882-0600][gc,phases   ] GC(1)   Merge Heap Roots: 0.16ms
[2025-01-21T12:17:34.882-0600][gc,phases   ] GC(1)   Evacuate Collection Set: 15.38ms
[2025-01-21T12:17:34.882-0600][gc,phases   ] GC(1)   Post Evacuate Collection Set: 0.66ms
[2025-01-21T12:17:34.882-0600][gc,phases   ] GC(1)   Other: 0.83ms
[2025-01-21T12:17:34.882-0600][gc,heap     ] GC(1) Eden regions: 21->0(23)
[2025-01-21T12:17:34.882-0600][gc,heap     ] GC(1) Survivor regions: 4->2(4)
[2025-01-21T12:17:34.882-0600][gc,heap     ] GC(1) Old regions: 7->11
[2025-01-21T12:17:34.882-0600][gc,heap     ] GC(1) Humongous regions: 0->0
[2025-01-21T12:17:34.882-0600][gc,metaspace] GC(1) Metaspace: 9444K(9664K)->9444K(9664K) NonClass: 8437K(8576K)->8437K(8576K) Class: 1007K(1088K)->1007K(1088K)
[2025-01-21T12:17:34.882-0600][gc          ] GC(1) Pause Young (Normal) (G1 Evacuation Pause) 30M->10M(512M) 18.680ms
[2025-01-21T12:17:34.882-0600][gc,cpu      ] GC(1) User=0.01s Sys=0.03s Real=0.02s
[2025-01-21T16:07:27.896-0600][gc,heap,exit] Heap
[2025-01-21T16:07:27.896-0600][gc,heap,exit]  garbage-first heap   total reserved 524288K, committed 524288K, used 21930K [0x00000007e0000000, 0x0000000800000000)
[2025-01-21T16:07:27.897-0600][gc,heap,exit]   region size 1024K, 14 young (14336K), 2 survivors (2048K)
[2025-01-21T16:07:27.897-0600][gc,heap,exit]  Metaspace       used 9469K, committed 9664K, reserved 1114112K
[2025-01-21T16:07:27.897-0600][gc,heap,exit]   class space    used 1008K, committed 1088K, reserved 1048576K
