[2025-01-13T19:41:17.033-0600][gc,init] CardTable entry size: 512
[2025-01-13T19:41:17.033-0600][gc     ] Using G1
[2025-01-13T19:41:17.034-0600][gc,init] Version: 23+37-2369 (release)
[2025-01-13T19:41:17.034-0600][gc,init] CPUs: 11 total, 11 available
[2025-01-13T19:41:17.034-0600][gc,init] Memory: 18432M
[2025-01-13T19:41:17.034-0600][gc,init] Large Page Support: Disabled
[2025-01-13T19:41:17.034-0600][gc,init] NUMA Support: Disabled
[2025-01-13T19:41:17.034-0600][gc,init] Compressed Oops: Enabled (Zero based)
[2025-01-13T19:41:17.034-0600][gc,init] Heap Region Size: 1M
[2025-01-13T19:41:17.034-0600][gc,init] Heap Min Capacity: 512M
[2025-01-13T19:41:17.034-0600][gc,init] Heap Initial Capacity: 512M
[2025-01-13T19:41:17.034-0600][gc,init] Heap Max Capacity: 512M
[2025-01-13T19:41:17.034-0600][gc,init] Pre-touch: Disabled
[2025-01-13T19:41:17.034-0600][gc,init] Parallel Workers: 9
[2025-01-13T19:41:17.034-0600][gc,init] Concurrent Workers: 2
[2025-01-13T19:41:17.034-0600][gc,init] Concurrent Refinement Workers: 9
[2025-01-13T19:41:17.034-0600][gc,init] Periodic GC: Disabled
[2025-01-13T19:41:17.037-0600][gc,metaspace] CDS archive(s) mapped at: [0x00001f8000000000-0x00001f8000d94000-0x00001f8000d94000), size 14237696, SharedBaseAddress: 0x00001f8000000000, ArchiveRelocationMode: 1.
[2025-01-13T19:41:17.037-0600][gc,metaspace] Compressed class space mapped at: 0x00001f8001000000-0x00001f8041000000, reserved size: 1073741824
[2025-01-13T19:41:17.037-0600][gc,metaspace] Narrow klass base: 0x00001f8000000000, Narrow klass shift: 0, Narrow klass range: 0x100000000
[2025-01-13T19:41:17.369-0600][gc,start    ] GC(0) Pause Young (Normal) (G1 Evacuation Pause)
[2025-01-13T19:41:17.369-0600][gc,task     ] GC(0) Using 9 workers of 9 for evacuation
[2025-01-13T19:41:17.371-0600][gc,phases   ] GC(0)   Pre Evacuate Collection Set: 0.07ms
[2025-01-13T19:41:17.371-0600][gc,phases   ] GC(0)   Merge Heap Roots: 0.23ms
[2025-01-13T19:41:17.371-0600][gc,phases   ] GC(0)   Evacuate Collection Set: 1.47ms
[2025-01-13T19:41:17.371-0600][gc,phases   ] GC(0)   Post Evacuate Collection Set: 0.17ms
[2025-01-13T19:41:17.371-0600][gc,phases   ] GC(0)   Other: 0.22ms
[2025-01-13T19:41:17.371-0600][gc,heap     ] GC(0) Eden regions: 25->0(21)
[2025-01-13T19:41:17.371-0600][gc,heap     ] GC(0) Survivor regions: 0->4(4)
[2025-01-13T19:41:17.371-0600][gc,heap     ] GC(0) Old regions: 2->6
[2025-01-13T19:41:17.371-0600][gc,heap     ] GC(0) Humongous regions: 0->0
[2025-01-13T19:41:17.371-0600][gc,metaspace] GC(0) Metaspace: 7513K(7744K)->7513K(7744K) NonClass: 6667K(6784K)->6667K(6784K) Class: 846K(960K)->846K(960K)
[2025-01-13T19:41:17.371-0600][gc          ] GC(0) Pause Young (Normal) (G1 Evacuation Pause) 26M->9M(512M) 2.697ms
[2025-01-13T19:41:17.371-0600][gc,cpu      ] GC(0) User=0.01s Sys=0.01s Real=0.01s
[2025-01-14T10:43:43.249-0600][gc,start    ] GC(1) Pause Young (Normal) (G1 Evacuation Pause)
[2025-01-14T10:43:43.249-0600][gc,task     ] GC(1) Using 9 workers of 9 for evacuation
[2025-01-14T10:43:43.264-0600][gc,phases   ] GC(1)   Pre Evacuate Collection Set: 0.77ms
[2025-01-14T10:43:43.264-0600][gc,phases   ] GC(1)   Merge Heap Roots: 0.61ms
[2025-01-14T10:43:43.265-0600][gc,phases   ] GC(1)   Evacuate Collection Set: 11.68ms
[2025-01-14T10:43:43.265-0600][gc,phases   ] GC(1)   Post Evacuate Collection Set: 1.18ms
[2025-01-14T10:43:43.265-0600][gc,phases   ] GC(1)   Other: 0.51ms
[2025-01-14T10:43:43.265-0600][gc,heap     ] GC(1) Eden regions: 21->0(23)
[2025-01-14T10:43:43.265-0600][gc,heap     ] GC(1) Survivor regions: 4->2(4)
[2025-01-14T10:43:43.265-0600][gc,heap     ] GC(1) Old regions: 6->10
[2025-01-14T10:43:43.265-0600][gc,heap     ] GC(1) Humongous regions: 0->0
[2025-01-14T10:43:43.265-0600][gc,metaspace] GC(1) Metaspace: 9459K(9664K)->9459K(9664K) NonClass: 8452K(8576K)->8452K(8576K) Class: 1007K(1088K)->1007K(1088K)
[2025-01-14T10:43:43.265-0600][gc          ] GC(1) Pause Young (Normal) (G1 Evacuation Pause) 30M->10M(512M) 16.065ms
[2025-01-14T10:43:43.265-0600][gc,cpu      ] GC(1) User=0.02s Sys=0.04s Real=0.02s
[2025-01-14T20:07:52.562-0600][gc,start    ] GC(2) Pause Young (Normal) (G1 Evacuation Pause)
[2025-01-14T20:07:52.564-0600][gc,task     ] GC(2) Using 9 workers of 9 for evacuation
[2025-01-14T20:07:52.575-0600][gc,phases   ] GC(2)   Pre Evacuate Collection Set: 1.71ms
[2025-01-14T20:07:52.576-0600][gc,phases   ] GC(2)   Merge Heap Roots: 0.66ms
[2025-01-14T20:07:52.576-0600][gc,phases   ] GC(2)   Evacuate Collection Set: 7.70ms
[2025-01-14T20:07:52.576-0600][gc,phases   ] GC(2)   Post Evacuate Collection Set: 0.39ms
[2025-01-14T20:07:52.576-0600][gc,phases   ] GC(2)   Other: 1.49ms
[2025-01-14T20:07:52.576-0600][gc,heap     ] GC(2) Eden regions: 23->0(24)
[2025-01-14T20:07:52.576-0600][gc,heap     ] GC(2) Survivor regions: 2->1(4)
[2025-01-14T20:07:52.576-0600][gc,heap     ] GC(2) Old regions: 10->10
[2025-01-14T20:07:52.576-0600][gc,heap     ] GC(2) Humongous regions: 0->0
[2025-01-14T20:07:52.576-0600][gc,metaspace] GC(2) Metaspace: 9463K(9664K)->9463K(9664K) NonClass: 8456K(8576K)->8456K(8576K) Class: 1007K(1088K)->1007K(1088K)
[2025-01-14T20:07:52.576-0600][gc          ] GC(2) Pause Young (Normal) (G1 Evacuation Pause) 33M->10M(512M) 13.635ms
[2025-01-14T20:07:52.576-0600][gc,cpu      ] GC(2) User=0.01s Sys=0.03s Real=0.01s
[2025-01-16T08:29:33.576-0600][gc,start    ] GC(3) Pause Young (Normal) (G1 Evacuation Pause)
[2025-01-16T08:29:33.577-0600][gc,task     ] GC(3) Using 9 workers of 9 for evacuation
[2025-01-16T08:29:33.584-0600][gc,phases   ] GC(3)   Pre Evacuate Collection Set: 1.34ms
[2025-01-16T08:29:33.584-0600][gc,phases   ] GC(3)   Merge Heap Roots: 0.37ms
[2025-01-16T08:29:33.584-0600][gc,phases   ] GC(3)   Evacuate Collection Set: 3.75ms
[2025-01-16T08:29:33.584-0600][gc,phases   ] GC(3)   Post Evacuate Collection Set: 0.59ms
[2025-01-16T08:29:33.584-0600][gc,phases   ] GC(3)   Other: 0.52ms
[2025-01-16T08:29:33.584-0600][gc,heap     ] GC(3) Eden regions: 24->0(24)
[2025-01-16T08:29:33.584-0600][gc,heap     ] GC(3) Survivor regions: 1->1(4)
[2025-01-16T08:29:33.584-0600][gc,heap     ] GC(3) Old regions: 10->10
[2025-01-16T08:29:33.584-0600][gc,heap     ] GC(3) Humongous regions: 0->0
[2025-01-16T08:29:33.584-0600][gc,metaspace] GC(3) Metaspace: 9463K(9664K)->9463K(9664K) NonClass: 8456K(8576K)->8456K(8576K) Class: 1007K(1088K)->1007K(1088K)
[2025-01-16T08:29:33.584-0600][gc          ] GC(3) Pause Young (Normal) (G1 Evacuation Pause) 34M->10M(512M) 8.424ms
[2025-01-16T08:29:33.585-0600][gc,cpu      ] GC(3) User=0.01s Sys=0.02s Real=0.01s
[2025-01-16T11:06:33.314-0600][gc,heap,exit] Heap
[2025-01-16T11:06:33.314-0600][gc,heap,exit]  garbage-first heap   total reserved 524288K, committed 524288K, used 17005K [0x00000007e0000000, 0x0000000800000000)
[2025-01-16T11:06:33.314-0600][gc,heap,exit]   region size 1024K, 8 young (8192K), 1 survivors (1024K)
[2025-01-16T11:06:33.314-0600][gc,heap,exit]  Metaspace       used 9487K, committed 9664K, reserved 1114112K
[2025-01-16T11:06:33.314-0600][gc,heap,exit]   class space    used 1008K, committed 1088K, reserved 1048576K
