[2025-01-20T14:24:04.287-0600][gc,init] CardTable entry size: 512
[2025-01-20T14:24:04.287-0600][gc     ] Using G1
[2025-01-20T14:24:04.288-0600][gc,init] Version: 23+37-2369 (release)
[2025-01-20T14:24:04.288-0600][gc,init] CPUs: 11 total, 11 available
[2025-01-20T14:24:04.288-0600][gc,init] Memory: 18432M
[2025-01-20T14:24:04.288-0600][gc,init] Large Page Support: Disabled
[2025-01-20T14:24:04.288-0600][gc,init] NUMA Support: Disabled
[2025-01-20T14:24:04.288-0600][gc,init] Compressed Oops: Enabled (Zero based)
[2025-01-20T14:24:04.288-0600][gc,init] Heap Region Size: 1M
[2025-01-20T14:24:04.288-0600][gc,init] Heap Min Capacity: 512M
[2025-01-20T14:24:04.288-0600][gc,init] Heap Initial Capacity: 512M
[2025-01-20T14:24:04.288-0600][gc,init] Heap Max Capacity: 512M
[2025-01-20T14:24:04.288-0600][gc,init] Pre-touch: Disabled
[2025-01-20T14:24:04.288-0600][gc,init] Parallel Workers: 9
[2025-01-20T14:24:04.288-0600][gc,init] Concurrent Workers: 2
[2025-01-20T14:24:04.288-0600][gc,init] Concurrent Refinement Workers: 9
[2025-01-20T14:24:04.288-0600][gc,init] Periodic GC: Disabled
[2025-01-20T14:24:04.292-0600][gc,metaspace] CDS archive(s) mapped at: [0x0000000400000000-0x0000000400d94000-0x0000000400d94000), size 14237696, SharedBaseAddress: 0x0000000400000000, ArchiveRelocationMode: 1.
[2025-01-20T14:24:04.292-0600][gc,metaspace] Compressed class space mapped at: 0x0000000401000000-0x0000000441000000, reserved size: 1073741824
[2025-01-20T14:24:04.292-0600][gc,metaspace] Narrow klass base: 0x0000000400000000, Narrow klass shift: 0, Narrow klass range: 0x100000000
[2025-01-20T14:24:04.604-0600][gc,start    ] GC(0) Pause Young (Normal) (G1 Evacuation Pause)
[2025-01-20T14:24:04.604-0600][gc,task     ] GC(0) Using 9 workers of 9 for evacuation
[2025-01-20T14:24:04.606-0600][gc,phases   ] GC(0)   Pre Evacuate Collection Set: 0.09ms
[2025-01-20T14:24:04.606-0600][gc,phases   ] GC(0)   Merge Heap Roots: 0.03ms
[2025-01-20T14:24:04.606-0600][gc,phases   ] GC(0)   Evacuate Collection Set: 1.50ms
[2025-01-20T14:24:04.606-0600][gc,phases   ] GC(0)   Post Evacuate Collection Set: 0.21ms
[2025-01-20T14:24:04.606-0600][gc,phases   ] GC(0)   Other: 0.21ms
[2025-01-20T14:24:04.606-0600][gc,heap     ] GC(0) Eden regions: 25->0(21)
[2025-01-20T14:24:04.606-0600][gc,heap     ] GC(0) Survivor regions: 0->4(4)
[2025-01-20T14:24:04.606-0600][gc,heap     ] GC(0) Old regions: 2->8
[2025-01-20T14:24:04.606-0600][gc,heap     ] GC(0) Humongous regions: 0->0
[2025-01-20T14:24:04.606-0600][gc,metaspace] GC(0) Metaspace: 7508K(7744K)->7508K(7744K) NonClass: 6663K(6784K)->6663K(6784K) Class: 845K(960K)->845K(960K)
[2025-01-20T14:24:04.606-0600][gc          ] GC(0) Pause Young (Normal) (G1 Evacuation Pause) (Evacuation Failure: Pinned) 26M->10M(512M) 2.212ms
[2025-01-20T14:24:04.606-0600][gc,cpu      ] GC(0) User=0.01s Sys=0.00s Real=0.00s
[2025-01-20T17:03:56.960-0600][gc,start    ] GC(1) Pause Young (Normal) (G1 Evacuation Pause)
[2025-01-20T17:03:56.961-0600][gc,task     ] GC(1) Using 9 workers of 9 for evacuation
[2025-01-20T17:03:56.976-0600][gc,phases   ] GC(1)   Pre Evacuate Collection Set: 1.39ms
[2025-01-20T17:03:56.976-0600][gc,phases   ] GC(1)   Merge Heap Roots: 0.48ms
[2025-01-20T17:03:56.976-0600][gc,phases   ] GC(1)   Evacuate Collection Set: 11.68ms
[2025-01-20T17:03:56.976-0600][gc,phases   ] GC(1)   Post Evacuate Collection Set: 0.96ms
[2025-01-20T17:03:56.977-0600][gc,phases   ] GC(1)   Other: 0.64ms
[2025-01-20T17:03:56.977-0600][gc,heap     ] GC(1) Eden regions: 21->0(23)
[2025-01-20T17:03:56.977-0600][gc,heap     ] GC(1) Survivor regions: 4->2(4)
[2025-01-20T17:03:56.977-0600][gc,heap     ] GC(1) Old regions: 8->11
[2025-01-20T17:03:56.977-0600][gc,heap     ] GC(1) Humongous regions: 0->0
[2025-01-20T17:03:56.977-0600][gc,metaspace] GC(1) Metaspace: 9458K(9664K)->9458K(9664K) NonClass: 8451K(8576K)->8451K(8576K) Class: 1007K(1088K)->1007K(1088K)
[2025-01-20T17:03:56.977-0600][gc          ] GC(1) Pause Young (Normal) (G1 Evacuation Pause) 31M->10M(512M) 16.247ms
[2025-01-20T17:03:56.977-0600][gc,cpu      ] GC(1) User=0.01s Sys=0.03s Real=0.01s
[2025-01-21T09:17:43.806-0600][gc,heap,exit] Heap
[2025-01-21T09:17:43.808-0600][gc,heap,exit]  garbage-first heap   total reserved 524288K, committed 524288K, used 27110K [0x00000007e0000000, 0x0000000800000000)
[2025-01-21T09:17:43.810-0600][gc,heap,exit]   region size 1024K, 18 young (18432K), 2 survivors (2048K)
[2025-01-21T09:17:43.811-0600][gc,heap,exit]  Metaspace       used 9474K, committed 9664K, reserved 1114112K
[2025-01-21T09:17:43.811-0600][gc,heap,exit]   class space    used 1007K, committed 1088K, reserved 1048576K
